Overriding config with config\train_shakespeare_char.py:
# train a miniature character-level shakespeare model
# good for debugging and playing on macbooks and such

out_dir = 'out-shakespeare-char'
eval_interval = 250 # keep frequent because we'll overfit
eval_iters = 200
log_interval = 10 # don't print too too often

# we expect to overfit on this small dataset, so only save when val improves
always_save_checkpoint = False

wandb_log = False # override via command line if you like
wandb_project = 'shakespeare-char'
wandb_run_name = 'mini-gpt'

dataset = 'shakespeare_char'
gradient_accumulation_steps = 1
batch_size = 64
block_size = 256 # context of up to 256 previous characters

# baby GPT model :)
n_layer = 6
n_head = 6
n_embd = 384
dropout = 0.2

learning_rate = 1e-3 # with baby networks can afford to go a bit higher
max_iters = 5000
lr_decay_iters = 5000 # make equal to max_iters usually
min_lr = 1e-4 # learning_rate / 10 usually
beta2 = 0.99 # make a bit bigger because number of tokens per iter is small

warmup_iters = 100 # not super necessary potentially

# on macbook also add
# device = 'cpu'  # run on cpu only
# compile = False # do not torch compile the model

Overriding: device = cpu
Overriding: compile = False
Overriding: eval_iters = 20
Overriding: log_interval = 1
Overriding: block_size = 64
Overriding: batch_size = 12
Overriding: n_layer = 4
Overriding: n_head = 4
Overriding: n_embd = 112
Overriding: max_iters = 2000
Overriding: lr_decay_iters = 2000
Overriding: dropout = 0.0
Overriding: out_dir = C:\Users\amitc\OneDrive\Desktop\Research\NanoGpt\nanoGPT\experiments\depth_ablation_4
tokens per iteration will be: 768
found vocab_size = 65 (inside data\shakespeare_char\meta.pkl)
Initializing a new model from scratch
number of parameters: 0.61M
C:\Users\amitc\OneDrive\Desktop\Research\NanoGpt\nanoGPT\train.py:196: FutureWarning: `torch.cuda.amp.GradScaler(args...)` is deprecated. Please use `torch.amp.GradScaler('cuda', args...)` instead.
  scaler = torch.cuda.amp.GradScaler(enabled=(dtype == 'float16'))
C:\Users\amitc\AppData\Roaming\Python\Python314\site-packages\torch\cuda\amp\grad_scaler.py:31: UserWarning: torch.cuda.amp.GradScaler is enabled, but CUDA is not available.  Disabling.
  super().__init__(
num decayed parameter tensors: 18, with 616,560 parameters
num non-decayed parameter tensors: 9, with 1,008 parameters
using fused AdamW: False
step 0: train loss 4.1957, val loss 4.1896
iter 0: loss 4.1699, time 421.66ms, mfu -100.00%
iter 1: loss 4.1670, time 28.15ms, mfu -100.00%
iter 2: loss 4.1642, time 26.97ms, mfu -100.00%
iter 3: loss 4.1331, time 27.33ms, mfu -100.00%
iter 4: loss 4.0954, time 25.88ms, mfu -100.00%
iter 5: loss 4.0620, time 27.78ms, mfu 0.04%
iter 6: loss 4.0036, time 25.58ms, mfu 0.04%
iter 7: loss 3.9435, time 28.08ms, mfu 0.04%
iter 8: loss 3.8839, time 27.22ms, mfu 0.04%
iter 9: loss 3.8431, time 27.80ms, mfu 0.04%
iter 10: loss 3.8002, time 27.00ms, mfu 0.04%
iter 11: loss 3.8016, time 29.28ms, mfu 0.04%
iter 12: loss 3.7711, time 29.20ms, mfu 0.04%
iter 13: loss 3.7705, time 29.07ms, mfu 0.04%
iter 14: loss 3.7561, time 30.12ms, mfu 0.04%
iter 15: loss 3.7205, time 24.73ms, mfu 0.04%
iter 16: loss 3.6683, time 26.49ms, mfu 0.04%
iter 17: loss 3.7131, time 29.67ms, mfu 0.04%
iter 18: loss 3.6845, time 29.19ms, mfu 0.04%
iter 19: loss 3.6703, time 27.42ms, mfu 0.04%
iter 20: loss 3.6600, time 28.52ms, mfu 0.04%
iter 21: loss 3.6225, time 29.62ms, mfu 0.04%
iter 22: loss 3.6321, time 24.68ms, mfu 0.04%
iter 23: loss 3.6331, time 35.84ms, mfu 0.03%
iter 24: loss 3.5582, time 30.26ms, mfu 0.03%
iter 25: loss 3.4688, time 31.29ms, mfu 0.03%
iter 26: loss 3.5309, time 34.41ms, mfu 0.03%
iter 27: loss 3.4426, time 30.22ms, mfu 0.03%
iter 28: loss 3.4465, time 31.03ms, mfu 0.03%
iter 29: loss 3.4242, time 32.70ms, mfu 0.03%
iter 30: loss 3.4206, time 29.51ms, mfu 0.03%
iter 31: loss 3.3981, time 29.58ms, mfu 0.03%
iter 32: loss 3.3972, time 30.58ms, mfu 0.03%
iter 33: loss 3.2734, time 28.52ms, mfu 0.03%
iter 34: loss 3.3056, time 29.96ms, mfu 0.03%
iter 35: loss 3.2638, time 25.02ms, mfu 0.03%
iter 36: loss 3.2160, time 29.00ms, mfu 0.03%
iter 37: loss 3.2192, time 25.92ms, mfu 0.03%
iter 38: loss 3.2144, time 28.66ms, mfu 0.03%
iter 39: loss 3.1545, time 34.95ms, mfu 0.03%
iter 40: loss 3.1150, time 32.34ms, mfu 0.03%
iter 41: loss 3.1446, time 34.35ms, mfu 0.03%
iter 42: loss 3.1336, time 39.05ms, mfu 0.03%
iter 43: loss 3.1191, time 38.04ms, mfu 0.03%
iter 44: loss 3.0211, time 31.45ms, mfu 0.03%
iter 45: loss 3.1672, time 35.07ms, mfu 0.03%
iter 46: loss 3.0555, time 27.51ms, mfu 0.03%
iter 47: loss 2.9932, time 29.29ms, mfu 0.03%
iter 48: loss 2.9979, time 30.65ms, mfu 0.03%
iter 49: loss 2.9636, time 28.83ms, mfu 0.03%
iter 50: loss 3.0655, time 26.31ms, mfu 0.03%
iter 51: loss 2.9350, time 23.84ms, mfu 0.03%
iter 52: loss 2.9293, time 28.39ms, mfu 0.03%
iter 53: loss 3.0035, time 28.81ms, mfu 0.03%
iter 54: loss 2.8307, time 26.54ms, mfu 0.03%
iter 55: loss 2.9265, time 28.87ms, mfu 0.03%
iter 56: loss 2.8994, time 24.97ms, mfu 0.03%
iter 57: loss 2.9193, time 26.23ms, mfu 0.03%
iter 58: loss 2.8269, time 27.87ms, mfu 0.03%
iter 59: loss 2.8444, time 28.52ms, mfu 0.03%
iter 60: loss 2.9060, time 30.01ms, mfu 0.03%
iter 61: loss 2.8430, time 31.62ms, mfu 0.03%
iter 62: loss 2.7403, time 28.79ms, mfu 0.03%
iter 63: loss 2.7974, time 32.53ms, mfu 0.03%
iter 64: loss 2.7885, time 26.39ms, mfu 0.03%
iter 65: loss 2.7551, time 25.47ms, mfu 0.03%
iter 66: loss 2.8294, time 26.99ms, mfu 0.03%
iter 67: loss 2.7908, time 24.97ms, mfu 0.04%
iter 68: loss 2.7029, time 25.83ms, mfu 0.04%
iter 69: loss 2.8019, time 26.25ms, mfu 0.04%
iter 70: loss 2.7759, time 25.59ms, mfu 0.04%
iter 71: loss 2.7402, time 26.87ms, mfu 0.04%
iter 72: loss 2.7877, time 24.30ms, mfu 0.04%
iter 73: loss 2.7894, time 31.29ms, mfu 0.04%
iter 74: loss 2.7287, time 26.40ms, mfu 0.04%
iter 75: loss 2.7492, time 26.97ms, mfu 0.04%
iter 76: loss 2.7261, time 25.27ms, mfu 0.04%
iter 77: loss 2.7449, time 24.49ms, mfu 0.04%
iter 78: loss 2.7069, time 25.70ms, mfu 0.04%
iter 79: loss 2.6746, time 26.10ms, mfu 0.04%
iter 80: loss 2.6727, time 29.27ms, mfu 0.04%
iter 81: loss 2.6591, time 30.19ms, mfu 0.04%
iter 82: loss 2.7097, time 27.83ms, mfu 0.04%
iter 83: loss 2.6924, time 27.19ms, mfu 0.04%
iter 84: loss 2.7505, time 27.75ms, mfu 0.04%
iter 85: loss 2.6661, time 26.88ms, mfu 0.04%
iter 86: loss 2.6433, time 26.96ms, mfu 0.04%
iter 87: loss 2.6641, time 26.17ms, mfu 0.04%
iter 88: loss 2.7112, time 27.67ms, mfu 0.04%
iter 89: loss 2.6729, time 27.85ms, mfu 0.04%
iter 90: loss 2.7164, time 23.97ms, mfu 0.04%
iter 91: loss 2.6642, time 25.87ms, mfu 0.04%
iter 92: loss 2.6923, time 30.14ms, mfu 0.04%
iter 93: loss 2.6655, time 28.90ms, mfu 0.04%
iter 94: loss 2.6599, time 25.11ms, mfu 0.04%
iter 95: loss 2.5889, time 26.62ms, mfu 0.04%
iter 96: loss 2.6601, time 28.64ms, mfu 0.04%
iter 97: loss 2.6636, time 26.32ms, mfu 0.04%
iter 98: loss 2.5203, time 27.28ms, mfu 0.04%
iter 99: loss 2.6536, time 27.53ms, mfu 0.04%
iter 100: loss 2.6063, time 28.58ms, mfu 0.04%
iter 101: loss 2.6556, time 27.76ms, mfu 0.04%
iter 102: loss 2.6770, time 24.93ms, mfu 0.04%
iter 103: loss 2.5756, time 27.72ms, mfu 0.04%
iter 104: loss 2.5487, time 27.74ms, mfu 0.04%
iter 105: loss 2.5665, time 31.81ms, mfu 0.04%
iter 106: loss 2.6450, time 28.24ms, mfu 0.04%
iter 107: loss 2.6615, time 24.00ms, mfu 0.04%
iter 108: loss 2.6281, time 28.34ms, mfu 0.04%
iter 109: loss 2.5880, time 31.83ms, mfu 0.04%
iter 110: loss 2.5838, time 31.48ms, mfu 0.04%
iter 111: loss 2.5524, time 28.95ms, mfu 0.04%
iter 112: loss 2.5745, time 27.49ms, mfu 0.04%
iter 113: loss 2.6181, time 27.35ms, mfu 0.04%
iter 114: loss 2.6303, time 31.58ms, mfu 0.03%
iter 115: loss 2.6987, time 31.75ms, mfu 0.03%
iter 116: loss 2.5995, time 33.52ms, mfu 0.03%
iter 117: loss 2.5588, time 34.10ms, mfu 0.03%
iter 118: loss 2.5954, time 32.88ms, mfu 0.03%
iter 119: loss 2.5947, time 29.43ms, mfu 0.03%
iter 120: loss 2.6237, time 27.02ms, mfu 0.03%
iter 121: loss 2.5574, time 28.63ms, mfu 0.03%
iter 122: loss 2.5406, time 29.47ms, mfu 0.03%
iter 123: loss 2.6233, time 28.49ms, mfu 0.03%
iter 124: loss 2.5663, time 30.74ms, mfu 0.03%
iter 125: loss 2.5546, time 29.42ms, mfu 0.03%
iter 126: loss 2.5582, time 31.61ms, mfu 0.03%
iter 127: loss 2.5907, time 32.64ms, mfu 0.03%
iter 128: loss 2.5543, time 33.36ms, mfu 0.03%
iter 129: loss 2.6516, time 29.44ms, mfu 0.03%
iter 130: loss 2.5642, time 28.70ms, mfu 0.03%
iter 131: loss 2.5975, time 25.32ms, mfu 0.03%
iter 132: loss 2.6130, time 29.27ms, mfu 0.03%
iter 133: loss 2.5076, time 29.51ms, mfu 0.03%
iter 134: loss 2.4924, time 27.07ms, mfu 0.03%
iter 135: loss 2.5766, time 27.57ms, mfu 0.03%
iter 136: loss 2.6047, time 27.84ms, mfu 0.03%
iter 137: loss 2.5030, time 29.63ms, mfu 0.03%
iter 138: loss 2.4724, time 25.20ms, mfu 0.03%
iter 139: loss 2.5898, time 24.78ms, mfu 0.04%
iter 140: loss 2.5284, time 24.91ms, mfu 0.04%
iter 141: loss 2.5816, time 26.35ms, mfu 0.04%
iter 142: loss 2.5435, time 23.59ms, mfu 0.04%
iter 143: loss 2.5523, time 24.53ms, mfu 0.04%
iter 144: loss 2.5208, time 27.58ms, mfu 0.04%
iter 145: loss 2.5337, time 27.30ms, mfu 0.04%
iter 146: loss 2.5266, time 22.73ms, mfu 0.04%
iter 147: loss 2.5361, time 27.39ms, mfu 0.04%
iter 148: loss 2.6714, time 27.54ms, mfu 0.04%
iter 149: loss 2.4995, time 27.33ms, mfu 0.04%
iter 150: loss 2.5511, time 29.26ms, mfu 0.04%
iter 151: loss 2.5226, time 24.66ms, mfu 0.04%
iter 152: loss 2.4404, time 24.64ms, mfu 0.04%
iter 153: loss 2.5399, time 28.43ms, mfu 0.04%
iter 154: loss 2.5197, time 26.66ms, mfu 0.04%
iter 155: loss 2.5037, time 27.26ms, mfu 0.04%
iter 156: loss 2.4382, time 24.52ms, mfu 0.04%
iter 157: loss 2.5429, time 26.85ms, mfu 0.04%
iter 158: loss 2.4936, time 26.39ms, mfu 0.04%
iter 159: loss 2.4903, time 29.64ms, mfu 0.04%
iter 160: loss 2.5477, time 27.85ms, mfu 0.04%
iter 161: loss 2.5341, time 30.04ms, mfu 0.04%
iter 162: loss 2.5256, time 28.06ms, mfu 0.04%
iter 163: loss 2.4466, time 25.67ms, mfu 0.04%
iter 164: loss 2.4173, time 25.75ms, mfu 0.04%
iter 165: loss 2.5093, time 26.94ms, mfu 0.04%
iter 166: loss 2.5671, time 29.21ms, mfu 0.04%
iter 167: loss 2.4508, time 29.34ms, mfu 0.04%
iter 168: loss 2.4707, time 28.61ms, mfu 0.04%
iter 169: loss 2.5990, time 43.36ms, mfu 0.03%
iter 170: loss 2.5548, time 47.67ms, mfu 0.03%
iter 171: loss 2.5198, time 35.38ms, mfu 0.03%
iter 172: loss 2.5176, time 28.07ms, mfu 0.03%
iter 173: loss 2.4794, time 30.48ms, mfu 0.03%
iter 174: loss 2.5278, time 27.05ms, mfu 0.03%
iter 175: loss 2.4706, time 30.37ms, mfu 0.03%
iter 176: loss 2.4809, time 38.40ms, mfu 0.03%
iter 177: loss 2.4974, time 35.33ms, mfu 0.03%
iter 178: loss 2.5080, time 32.96ms, mfu 0.03%
iter 179: loss 2.5396, time 26.91ms, mfu 0.03%
iter 180: loss 2.4782, time 29.05ms, mfu 0.03%
iter 181: loss 2.4895, time 31.16ms, mfu 0.03%
iter 182: loss 2.4976, time 30.94ms, mfu 0.03%
iter 183: loss 2.4209, time 31.11ms, mfu 0.03%
iter 184: loss 2.5222, time 28.23ms, mfu 0.03%
iter 185: loss 2.5029, time 29.87ms, mfu 0.03%
iter 186: loss 2.4792, time 29.89ms, mfu 0.03%
iter 187: loss 2.4765, time 26.69ms, mfu 0.03%
iter 188: loss 2.5717, time 28.07ms, mfu 0.03%
iter 189: loss 2.5049, time 28.07ms, mfu 0.03%
iter 190: loss 2.5547, time 30.82ms, mfu 0.03%
iter 191: loss 2.4889, time 26.92ms, mfu 0.03%
iter 192: loss 2.5409, time 24.66ms, mfu 0.03%
iter 193: loss 2.4982, time 31.15ms, mfu 0.03%
iter 194: loss 2.4917, time 29.02ms, mfu 0.03%
iter 195: loss 2.4581, time 23.77ms, mfu 0.03%
iter 196: loss 2.4603, time 28.04ms, mfu 0.03%
iter 197: loss 2.4892, time 27.43ms, mfu 0.03%
iter 198: loss 2.5046, time 28.17ms, mfu 0.03%
iter 199: loss 2.3755, time 28.54ms, mfu 0.03%
iter 200: loss 2.4728, time 28.00ms, mfu 0.03%
iter 201: loss 2.4949, time 27.01ms, mfu 0.04%
iter 202: loss 2.4408, time 28.99ms, mfu 0.03%
iter 203: loss 2.5276, time 28.79ms, mfu 0.03%
iter 204: loss 2.5799, time 24.82ms, mfu 0.04%
iter 205: loss 2.4600, time 29.64ms, mfu 0.04%
iter 206: loss 2.4452, time 26.48ms, mfu 0.04%
iter 207: loss 2.4632, time 25.78ms, mfu 0.04%
iter 208: loss 2.4693, time 27.92ms, mfu 0.04%
iter 209: loss 2.5170, time 26.24ms, mfu 0.04%
iter 210: loss 2.4642, time 27.99ms, mfu 0.04%
iter 211: loss 2.3637, time 29.78ms, mfu 0.04%
iter 212: loss 2.4844, time 24.85ms, mfu 0.04%
iter 213: loss 2.4734, time 28.30ms, mfu 0.04%
iter 214: loss 2.5304, time 27.45ms, mfu 0.04%
iter 215: loss 2.4932, time 24.69ms, mfu 0.04%
iter 216: loss 2.4276, time 23.77ms, mfu 0.04%
iter 217: loss 2.5237, time 25.87ms, mfu 0.04%
iter 218: loss 2.4936, time 27.17ms, mfu 0.04%
iter 219: loss 2.4493, time 25.03ms, mfu 0.04%
iter 220: loss 2.5109, time 25.65ms, mfu 0.04%
iter 221: loss 2.5194, time 27.45ms, mfu 0.04%
iter 222: loss 2.4527, time 29.90ms, mfu 0.04%
iter 223: loss 2.3929, time 28.23ms, mfu 0.04%
iter 224: loss 2.5005, time 27.99ms, mfu 0.04%
iter 225: loss 2.4376, time 26.93ms, mfu 0.04%
iter 226: loss 2.5138, time 28.45ms, mfu 0.04%
iter 227: loss 2.5561, time 26.86ms, mfu 0.04%
iter 228: loss 2.4677, time 26.79ms, mfu 0.04%
iter 229: loss 2.3875, time 24.45ms, mfu 0.04%
iter 230: loss 2.4699, time 26.28ms, mfu 0.04%
iter 231: loss 2.4805, time 28.66ms, mfu 0.04%
iter 232: loss 2.5228, time 25.91ms, mfu 0.04%
iter 233: loss 2.3504, time 27.19ms, mfu 0.04%
iter 234: loss 2.5066, time 27.36ms, mfu 0.04%
iter 235: loss 2.4319, time 26.68ms, mfu 0.04%
iter 236: loss 2.4807, time 27.79ms, mfu 0.04%
iter 237: loss 2.4572, time 24.01ms, mfu 0.04%
iter 238: loss 2.4728, time 32.86ms, mfu 0.04%
iter 239: loss 2.4817, time 26.14ms, mfu 0.04%
iter 240: loss 2.4865, time 25.92ms, mfu 0.04%
iter 241: loss 2.4263, time 26.87ms, mfu 0.04%
iter 242: loss 2.5311, time 26.90ms, mfu 0.04%
iter 243: loss 2.4052, time 27.25ms, mfu 0.04%
iter 244: loss 2.4399, time 27.67ms, mfu 0.04%
iter 245: loss 2.4528, time 26.12ms, mfu 0.04%
iter 246: loss 2.4196, time 25.46ms, mfu 0.04%
iter 247: loss 2.4668, time 28.88ms, mfu 0.04%
iter 248: loss 2.4323, time 28.23ms, mfu 0.04%
iter 249: loss 2.4732, time 24.47ms, mfu 0.04%
step 250: train loss 2.4390, val loss 2.4630
saving checkpoint to C:\Users\amitc\OneDrive\Desktop\Research\NanoGpt\nanoGPT\experiments\depth_ablation_4
iter 250: loss 2.4193, time 368.37ms, mfu 0.03%
iter 251: loss 2.4178, time 28.79ms, mfu 0.03%
iter 252: loss 2.4184, time 23.52ms, mfu 0.03%
iter 253: loss 2.4341, time 25.28ms, mfu 0.03%
iter 254: loss 2.5279, time 27.06ms, mfu 0.03%
iter 255: loss 2.3987, time 29.27ms, mfu 0.03%
iter 256: loss 2.4368, time 28.49ms, mfu 0.03%
iter 257: loss 2.5405, time 28.89ms, mfu 0.03%
iter 258: loss 2.4028, time 26.57ms, mfu 0.03%
iter 259: loss 2.4266, time 25.53ms, mfu 0.04%
iter 260: loss 2.4198, time 25.59ms, mfu 0.04%
iter 261: loss 2.3967, time 25.77ms, mfu 0.04%
iter 262: loss 2.3831, time 27.94ms, mfu 0.04%
iter 263: loss 2.3474, time 26.36ms, mfu 0.04%
iter 264: loss 2.3877, time 25.04ms, mfu 0.04%
iter 265: loss 2.4657, time 27.70ms, mfu 0.04%
iter 266: loss 2.4735, time 27.54ms, mfu 0.04%
iter 267: loss 2.5227, time 26.47ms, mfu 0.04%
iter 268: loss 2.3987, time 26.97ms, mfu 0.04%
iter 269: loss 2.2992, time 26.27ms, mfu 0.04%
iter 270: loss 2.4109, time 26.87ms, mfu 0.04%
iter 271: loss 2.4113, time 24.78ms, mfu 0.04%
iter 272: loss 2.4330, time 26.40ms, mfu 0.04%
iter 273: loss 2.4024, time 28.57ms, mfu 0.04%
iter 274: loss 2.4434, time 35.19ms, mfu 0.04%
iter 275: loss 2.3652, time 25.09ms, mfu 0.04%
iter 276: loss 2.5125, time 24.76ms, mfu 0.04%
iter 277: loss 2.5164, time 27.40ms, mfu 0.04%
iter 278: loss 2.4945, time 25.09ms, mfu 0.04%
iter 279: loss 2.4186, time 27.34ms, mfu 0.04%
iter 280: loss 2.4647, time 23.26ms, mfu 0.04%
iter 281: loss 2.4300, time 26.70ms, mfu 0.04%
iter 282: loss 2.4965, time 26.02ms, mfu 0.04%
iter 283: loss 2.4449, time 26.10ms, mfu 0.04%
iter 284: loss 2.4585, time 27.86ms, mfu 0.04%
iter 285: loss 2.4393, time 27.06ms, mfu 0.04%
iter 286: loss 2.4484, time 25.87ms, mfu 0.04%
iter 287: loss 2.4599, time 28.23ms, mfu 0.04%
iter 288: loss 2.3371, time 30.31ms, mfu 0.04%
iter 289: loss 2.4252, time 28.42ms, mfu 0.04%
iter 290: loss 2.4297, time 28.86ms, mfu 0.04%
iter 291: loss 2.3340, time 27.04ms, mfu 0.04%
iter 292: loss 2.3621, time 27.68ms, mfu 0.04%
iter 293: loss 2.5398, time 27.50ms, mfu 0.04%
iter 294: loss 2.4588, time 29.46ms, mfu 0.04%
iter 295: loss 2.4033, time 24.04ms, mfu 0.04%
iter 296: loss 2.3776, time 26.79ms, mfu 0.04%
iter 297: loss 2.4435, time 25.32ms, mfu 0.04%
iter 298: loss 2.4408, time 27.11ms, mfu 0.04%
iter 299: loss 2.4749, time 29.01ms, mfu 0.04%
iter 300: loss 2.4581, time 27.82ms, mfu 0.04%
iter 301: loss 2.3568, time 26.70ms, mfu 0.04%
iter 302: loss 2.4021, time 26.38ms, mfu 0.04%
iter 303: loss 2.3572, time 29.51ms, mfu 0.04%
iter 304: loss 2.4598, time 24.35ms, mfu 0.04%
iter 305: loss 2.4641, time 24.59ms, mfu 0.04%
iter 306: loss 2.3873, time 28.06ms, mfu 0.04%
iter 307: loss 2.4148, time 25.67ms, mfu 0.04%
iter 308: loss 2.4207, time 25.77ms, mfu 0.04%
iter 309: loss 2.4056, time 23.26ms, mfu 0.04%
iter 310: loss 2.4082, time 27.41ms, mfu 0.04%
iter 311: loss 2.4031, time 27.79ms, mfu 0.04%
iter 312: loss 2.3961, time 24.85ms, mfu 0.04%
iter 313: loss 2.4266, time 26.22ms, mfu 0.04%
iter 314: loss 2.3200, time 26.98ms, mfu 0.04%
iter 315: loss 2.4107, time 25.28ms, mfu 0.04%
iter 316: loss 2.3775, time 26.91ms, mfu 0.04%
iter 317: loss 2.3626, time 27.06ms, mfu 0.04%
iter 318: loss 2.4036, time 27.64ms, mfu 0.04%
iter 319: loss 2.3356, time 24.30ms, mfu 0.04%
iter 320: loss 2.3664, time 27.62ms, mfu 0.04%
iter 321: loss 2.3343, time 45.82ms, mfu 0.04%
iter 322: loss 2.4083, time 36.28ms, mfu 0.03%
iter 323: loss 2.3697, time 24.75ms, mfu 0.04%
iter 324: loss 2.4429, time 27.74ms, mfu 0.04%
iter 325: loss 2.4528, time 27.04ms, mfu 0.04%
iter 326: loss 2.3461, time 25.46ms, mfu 0.04%
iter 327: loss 2.4165, time 26.79ms, mfu 0.04%
iter 328: loss 2.3524, time 26.51ms, mfu 0.04%
iter 329: loss 2.3522, time 26.10ms, mfu 0.04%
iter 330: loss 2.4100, time 22.87ms, mfu 0.04%
iter 331: loss 2.3830, time 28.68ms, mfu 0.04%
iter 332: loss 2.3306, time 27.83ms, mfu 0.04%
iter 333: loss 2.3351, time 27.88ms, mfu 0.04%
iter 334: loss 2.3739, time 27.72ms, mfu 0.04%
iter 335: loss 2.3696, time 27.06ms, mfu 0.04%
iter 336: loss 2.3711, time 26.24ms, mfu 0.04%
iter 337: loss 2.3914, time 28.67ms, mfu 0.04%
iter 338: loss 2.3918, time 26.72ms, mfu 0.04%
iter 339: loss 2.3990, time 31.66ms, mfu 0.04%
iter 340: loss 2.3560, time 32.73ms, mfu 0.04%
iter 341: loss 2.4403, time 27.71ms, mfu 0.04%
iter 342: loss 2.4555, time 31.62ms, mfu 0.03%
iter 343: loss 2.3771, time 28.42ms, mfu 0.03%
iter 344: loss 2.4256, time 27.97ms, mfu 0.03%
iter 345: loss 2.4041, time 27.61ms, mfu 0.03%
iter 346: loss 2.4074, time 28.56ms, mfu 0.03%
iter 347: loss 2.3612, time 27.16ms, mfu 0.04%
iter 348: loss 2.3682, time 28.88ms, mfu 0.03%
iter 349: loss 2.4552, time 30.28ms, mfu 0.03%
iter 350: loss 2.3760, time 26.38ms, mfu 0.04%
iter 351: loss 2.2907, time 30.29ms, mfu 0.03%
iter 352: loss 2.3946, time 30.94ms, mfu 0.03%
iter 353: loss 2.3327, time 33.37ms, mfu 0.03%
iter 354: loss 2.3853, time 30.98ms, mfu 0.03%
iter 355: loss 2.3814, time 33.81ms, mfu 0.03%
iter 356: loss 2.3320, time 33.25ms, mfu 0.03%
iter 357: loss 2.4532, time 32.42ms, mfu 0.03%
iter 358: loss 2.3419, time 30.00ms, mfu 0.03%
iter 359: loss 2.4014, time 26.47ms, mfu 0.03%
iter 360: loss 2.3997, time 26.40ms, mfu 0.03%
iter 361: loss 2.3320, time 29.03ms, mfu 0.03%
iter 362: loss 2.4078, time 25.55ms, mfu 0.03%
iter 363: loss 2.4174, time 33.81ms, mfu 0.03%
iter 364: loss 2.3179, time 34.83ms, mfu 0.03%
iter 365: loss 2.3985, time 36.97ms, mfu 0.03%
iter 366: loss 2.4755, time 29.32ms, mfu 0.03%
iter 367: loss 2.3814, time 27.42ms, mfu 0.03%
iter 368: loss 2.3482, time 33.20ms, mfu 0.03%
iter 369: loss 2.4250, time 29.61ms, mfu 0.03%
iter 370: loss 2.5037, time 32.72ms, mfu 0.03%
iter 371: loss 2.4052, time 25.37ms, mfu 0.03%
iter 372: loss 2.3921, time 26.58ms, mfu 0.03%
iter 373: loss 2.2988, time 27.47ms, mfu 0.03%
iter 374: loss 2.4126, time 28.36ms, mfu 0.03%
iter 375: loss 2.3513, time 30.79ms, mfu 0.03%
iter 376: loss 2.3730, time 27.75ms, mfu 0.03%
iter 377: loss 2.3510, time 28.77ms, mfu 0.03%
iter 378: loss 2.3282, time 28.16ms, mfu 0.03%
iter 379: loss 2.3505, time 34.37ms, mfu 0.03%
iter 380: loss 2.3637, time 30.13ms, mfu 0.03%
iter 381: loss 2.3456, time 30.84ms, mfu 0.03%
iter 382: loss 2.4804, time 28.22ms, mfu 0.03%
iter 383: loss 2.3204, time 28.42ms, mfu 0.03%
iter 384: loss 2.3200, time 26.58ms, mfu 0.03%
iter 385: loss 2.2882, time 26.34ms, mfu 0.03%
iter 386: loss 2.3353, time 29.74ms, mfu 0.03%
iter 387: loss 2.4151, time 27.60ms, mfu 0.03%
iter 388: loss 2.3594, time 29.88ms, mfu 0.03%
iter 389: loss 2.2996, time 26.66ms, mfu 0.03%
iter 390: loss 2.3700, time 25.02ms, mfu 0.03%
iter 391: loss 2.4010, time 26.70ms, mfu 0.04%
iter 392: loss 2.3727, time 28.63ms, mfu 0.04%
iter 393: loss 2.3574, time 23.70ms, mfu 0.04%
iter 394: loss 2.3538, time 29.37ms, mfu 0.04%
iter 395: loss 2.3600, time 28.68ms, mfu 0.04%
iter 396: loss 2.3710, time 26.17ms, mfu 0.04%
iter 397: loss 2.3955, time 26.98ms, mfu 0.04%
iter 398: loss 2.4503, time 31.14ms, mfu 0.04%
iter 399: loss 2.4067, time 27.36ms, mfu 0.04%
iter 400: loss 2.3700, time 23.95ms, mfu 0.04%
iter 401: loss 2.4414, time 27.63ms, mfu 0.04%
iter 402: loss 2.3889, time 26.68ms, mfu 0.04%
iter 403: loss 2.3722, time 29.18ms, mfu 0.04%
iter 404: loss 2.3093, time 26.52ms, mfu 0.04%
iter 405: loss 2.3499, time 25.89ms, mfu 0.04%
iter 406: loss 2.3232, time 29.93ms, mfu 0.04%
iter 407: loss 2.4526, time 29.41ms, mfu 0.04%
iter 408: loss 2.3161, time 28.99ms, mfu 0.04%
iter 409: loss 2.4207, time 25.35ms, mfu 0.04%
iter 410: loss 2.3866, time 26.83ms, mfu 0.04%
iter 411: loss 2.3148, time 25.38ms, mfu 0.04%
iter 412: loss 2.2884, time 25.07ms, mfu 0.04%
iter 413: loss 2.3830, time 25.88ms, mfu 0.04%
iter 414: loss 2.3241, time 28.61ms, mfu 0.04%
iter 415: loss 2.3507, time 23.21ms, mfu 0.04%
iter 416: loss 2.3006, time 28.14ms, mfu 0.04%
iter 417: loss 2.3472, time 26.18ms, mfu 0.04%
iter 418: loss 2.3015, time 26.79ms, mfu 0.04%
iter 419: loss 2.4243, time 28.15ms, mfu 0.04%
iter 420: loss 2.3250, time 28.21ms, mfu 0.04%
iter 421: loss 2.3653, time 25.35ms, mfu 0.04%
iter 422: loss 2.3429, time 30.84ms, mfu 0.04%
iter 423: loss 2.3437, time 23.18ms, mfu 0.04%
iter 424: loss 2.3363, time 24.11ms, mfu 0.04%
iter 425: loss 2.3270, time 26.99ms, mfu 0.04%
iter 426: loss 2.3161, time 27.58ms, mfu 0.04%
iter 427: loss 2.3930, time 26.33ms, mfu 0.04%
iter 428: loss 2.3526, time 28.26ms, mfu 0.04%
iter 429: loss 2.3533, time 27.75ms, mfu 0.04%
iter 430: loss 2.3113, time 28.26ms, mfu 0.04%
iter 431: loss 2.3790, time 26.60ms, mfu 0.04%
iter 432: loss 2.3472, time 27.94ms, mfu 0.04%
iter 433: loss 2.3147, time 47.84ms, mfu 0.03%
iter 434: loss 2.3413, time 30.77ms, mfu 0.03%
iter 435: loss 2.2471, time 25.11ms, mfu 0.04%
iter 436: loss 2.3621, time 28.79ms, mfu 0.04%
iter 437: loss 2.2903, time 23.83ms, mfu 0.04%
iter 438: loss 2.2977, time 27.13ms, mfu 0.04%
iter 439: loss 2.3885, time 24.51ms, mfu 0.04%
iter 440: loss 2.3758, time 45.58ms, mfu 0.03%
iter 441: loss 2.2991, time 51.35ms, mfu 0.03%
iter 442: loss 2.3601, time 31.10ms, mfu 0.03%
iter 443: loss 2.3459, time 29.60ms, mfu 0.03%
iter 444: loss 2.2881, time 28.25ms, mfu 0.03%
iter 445: loss 2.3360, time 25.82ms, mfu 0.03%
iter 446: loss 2.2975, time 28.07ms, mfu 0.03%
iter 447: loss 2.4020, time 26.73ms, mfu 0.03%
iter 448: loss 2.2743, time 26.48ms, mfu 0.03%
iter 449: loss 2.3045, time 27.55ms, mfu 0.03%
iter 450: loss 2.2454, time 23.20ms, mfu 0.04%
iter 451: loss 2.3455, time 22.91ms, mfu 0.04%
iter 452: loss 2.2995, time 28.45ms, mfu 0.04%
iter 453: loss 2.4265, time 26.17ms, mfu 0.04%
iter 454: loss 2.3718, time 24.27ms, mfu 0.04%
iter 455: loss 2.3089, time 27.08ms, mfu 0.04%
iter 456: loss 2.2401, time 29.98ms, mfu 0.04%
iter 457: loss 2.2465, time 28.48ms, mfu 0.04%
iter 458: loss 2.3503, time 28.55ms, mfu 0.04%
iter 459: loss 2.3562, time 27.14ms, mfu 0.04%
iter 460: loss 2.3447, time 24.08ms, mfu 0.04%
iter 461: loss 2.3321, time 27.47ms, mfu 0.04%
iter 462: loss 2.2805, time 27.75ms, mfu 0.04%
iter 463: loss 2.3106, time 27.74ms, mfu 0.04%
iter 464: loss 2.3024, time 29.88ms, mfu 0.04%
iter 465: loss 2.3801, time 28.43ms, mfu 0.04%
iter 466: loss 2.3303, time 30.57ms, mfu 0.04%
iter 467: loss 2.2934, time 29.47ms, mfu 0.04%
iter 468: loss 2.3637, time 28.81ms, mfu 0.04%
iter 469: loss 2.3297, time 28.22ms, mfu 0.04%
iter 470: loss 2.4047, time 26.89ms, mfu 0.04%
iter 471: loss 2.3886, time 28.49ms, mfu 0.04%
iter 472: loss 2.2816, time 28.25ms, mfu 0.04%
iter 473: loss 2.3527, time 27.03ms, mfu 0.04%
iter 474: loss 2.2831, time 24.62ms, mfu 0.04%
iter 475: loss 2.2314, time 26.88ms, mfu 0.04%
iter 476: loss 2.3207, time 28.07ms, mfu 0.04%
iter 477: loss 2.3481, time 28.16ms, mfu 0.04%
iter 478: loss 2.2967, time 23.39ms, mfu 0.04%
iter 479: loss 2.2604, time 23.87ms, mfu 0.04%
iter 480: loss 2.2508, time 26.79ms, mfu 0.04%
iter 481: loss 2.3154, time 25.20ms, mfu 0.04%
iter 482: loss 2.3303, time 27.64ms, mfu 0.04%
iter 483: loss 2.3165, time 25.73ms, mfu 0.04%
iter 484: loss 2.3703, time 24.82ms, mfu 0.04%
iter 485: loss 2.3773, time 26.96ms, mfu 0.04%
iter 486: loss 2.3290, time 22.97ms, mfu 0.04%
iter 487: loss 2.3327, time 26.53ms, mfu 0.04%
iter 488: loss 2.3311, time 28.19ms, mfu 0.04%
iter 489: loss 2.2457, time 24.12ms, mfu 0.04%
iter 490: loss 2.2978, time 27.08ms, mfu 0.04%
iter 491: loss 2.2455, time 23.87ms, mfu 0.04%
iter 492: loss 2.2884, time 26.09ms, mfu 0.04%
iter 493: loss 2.2449, time 27.11ms, mfu 0.04%
iter 494: loss 2.3006, time 26.73ms, mfu 0.04%
iter 495: loss 2.3408, time 28.30ms, mfu 0.04%
iter 496: loss 2.4221, time 25.06ms, mfu 0.04%
iter 497: loss 2.2625, time 25.57ms, mfu 0.04%
iter 498: loss 2.3807, time 27.59ms, mfu 0.04%
iter 499: loss 2.2897, time 28.34ms, mfu 0.04%
step 500: train loss 2.3087, val loss 2.3230
saving checkpoint to C:\Users\amitc\OneDrive\Desktop\Research\NanoGpt\nanoGPT\experiments\depth_ablation_4
iter 500: loss 2.3843, time 354.33ms, mfu 0.03%
iter 501: loss 2.3272, time 30.05ms, mfu 0.03%
iter 502: loss 2.2712, time 28.16ms, mfu 0.03%
iter 503: loss 2.3337, time 26.33ms, mfu 0.03%
iter 504: loss 2.2960, time 24.34ms, mfu 0.03%
iter 505: loss 2.2312, time 27.97ms, mfu 0.03%
iter 506: loss 2.2441, time 26.05ms, mfu 0.04%
iter 507: loss 2.3214, time 26.33ms, mfu 0.04%
iter 508: loss 2.2381, time 27.76ms, mfu 0.04%
iter 509: loss 2.3376, time 29.34ms, mfu 0.04%
iter 510: loss 2.2478, time 25.21ms, mfu 0.04%
iter 511: loss 2.3232, time 25.23ms, mfu 0.04%
iter 512: loss 2.2560, time 28.09ms, mfu 0.04%
iter 513: loss 2.3514, time 24.34ms, mfu 0.04%
iter 514: loss 2.3355, time 24.55ms, mfu 0.04%
iter 515: loss 2.2715, time 23.93ms, mfu 0.04%
iter 516: loss 2.2938, time 27.80ms, mfu 0.04%
iter 517: loss 2.3518, time 26.81ms, mfu 0.04%
iter 518: loss 2.2537, time 27.69ms, mfu 0.04%
iter 519: loss 2.3533, time 29.48ms, mfu 0.04%
iter 520: loss 2.2948, time 24.17ms, mfu 0.04%
iter 521: loss 2.2415, time 28.05ms, mfu 0.04%
iter 522: loss 2.2798, time 27.33ms, mfu 0.04%
iter 523: loss 2.2196, time 28.01ms, mfu 0.04%
iter 524: loss 2.3837, time 28.22ms, mfu 0.04%
iter 525: loss 2.3073, time 24.76ms, mfu 0.04%
iter 526: loss 2.3336, time 24.45ms, mfu 0.04%
iter 527: loss 2.3317, time 25.93ms, mfu 0.04%
iter 528: loss 2.2899, time 27.35ms, mfu 0.04%
iter 529: loss 2.2879, time 27.63ms, mfu 0.04%
iter 530: loss 2.3105, time 26.87ms, mfu 0.04%
iter 531: loss 2.2831, time 25.38ms, mfu 0.04%
iter 532: loss 2.3417, time 26.42ms, mfu 0.04%
iter 533: loss 2.3250, time 29.92ms, mfu 0.04%
iter 534: loss 2.3331, time 26.03ms, mfu 0.04%
iter 535: loss 2.3196, time 25.73ms, mfu 0.04%
iter 536: loss 2.3544, time 29.14ms, mfu 0.04%
iter 537: loss 2.2135, time 28.44ms, mfu 0.04%
iter 538: loss 2.2723, time 29.42ms, mfu 0.04%
iter 539: loss 2.3169, time 24.90ms, mfu 0.04%
iter 540: loss 2.2849, time 25.51ms, mfu 0.04%
iter 541: loss 2.2579, time 23.86ms, mfu 0.04%
iter 542: loss 2.3213, time 26.81ms, mfu 0.04%
iter 543: loss 2.1929, time 27.64ms, mfu 0.04%
iter 544: loss 2.2771, time 28.30ms, mfu 0.04%
iter 545: loss 2.2719, time 26.50ms, mfu 0.04%
iter 546: loss 2.2962, time 25.93ms, mfu 0.04%
iter 547: loss 2.2371, time 24.67ms, mfu 0.04%
iter 548: loss 2.2050, time 25.38ms, mfu 0.04%
iter 549: loss 2.3710, time 30.13ms, mfu 0.04%
iter 550: loss 2.3189, time 29.77ms, mfu 0.04%
iter 551: loss 2.2814, time 24.49ms, mfu 0.04%
iter 552: loss 2.3424, time 24.79ms, mfu 0.04%
iter 553: loss 2.2491, time 25.33ms, mfu 0.04%
iter 554: loss 2.2762, time 27.00ms, mfu 0.04%
iter 555: loss 2.2838, time 23.56ms, mfu 0.04%
iter 556: loss 2.2516, time 28.31ms, mfu 0.04%
iter 557: loss 2.2688, time 29.21ms, mfu 0.04%
iter 558: loss 2.2268, time 28.62ms, mfu 0.04%
iter 559: loss 2.3197, time 29.08ms, mfu 0.04%
iter 560: loss 2.2853, time 29.25ms, mfu 0.04%
iter 561: loss 2.3219, time 27.85ms, mfu 0.04%
iter 562: loss 2.2718, time 26.89ms, mfu 0.04%
iter 563: loss 2.2775, time 25.79ms, mfu 0.04%
iter 564: loss 2.2926, time 24.97ms, mfu 0.04%
iter 565: loss 2.2795, time 28.16ms, mfu 0.04%
iter 566: loss 2.3608, time 27.68ms, mfu 0.04%
iter 567: loss 2.3736, time 25.87ms, mfu 0.04%
iter 568: loss 2.3286, time 28.04ms, mfu 0.04%
iter 569: loss 2.2226, time 27.20ms, mfu 0.04%
iter 570: loss 2.2443, time 28.79ms, mfu 0.04%
iter 571: loss 2.2674, time 25.97ms, mfu 0.04%
iter 572: loss 2.3177, time 23.93ms, mfu 0.04%
iter 573: loss 2.3221, time 28.80ms, mfu 0.04%
iter 574: loss 2.2054, time 23.91ms, mfu 0.04%
iter 575: loss 2.2709, time 27.96ms, mfu 0.04%
iter 576: loss 2.3041, time 28.53ms, mfu 0.04%
iter 577: loss 2.3480, time 26.33ms, mfu 0.04%
iter 578: loss 2.2364, time 27.95ms, mfu 0.04%
iter 579: loss 2.2879, time 26.87ms, mfu 0.04%
iter 580: loss 2.3342, time 28.89ms, mfu 0.04%
iter 581: loss 2.2478, time 27.37ms, mfu 0.04%
iter 582: loss 2.1716, time 27.07ms, mfu 0.04%
iter 583: loss 2.3078, time 26.22ms, mfu 0.04%
iter 584: loss 2.2703, time 26.02ms, mfu 0.04%
iter 585: loss 2.2060, time 29.38ms, mfu 0.04%
iter 586: loss 2.2727, time 24.59ms, mfu 0.04%
iter 587: loss 2.2241, time 27.26ms, mfu 0.04%
iter 588: loss 2.3127, time 27.56ms, mfu 0.04%
iter 589: loss 2.3282, time 28.49ms, mfu 0.04%
iter 590: loss 2.4046, time 23.89ms, mfu 0.04%
iter 591: loss 2.2481, time 26.22ms, mfu 0.04%
iter 592: loss 2.2952, time 31.82ms, mfu 0.04%
iter 593: loss 2.3111, time 28.78ms, mfu 0.04%
iter 594: loss 2.2773, time 24.15ms, mfu 0.04%
iter 595: loss 2.2888, time 25.13ms, mfu 0.04%
iter 596: loss 2.2925, time 26.07ms, mfu 0.04%
iter 597: loss 2.2338, time 30.05ms, mfu 0.04%
iter 598: loss 2.2698, time 23.38ms, mfu 0.04%
iter 599: loss 2.2411, time 24.89ms, mfu 0.04%
iter 600: loss 2.2130, time 25.27ms, mfu 0.04%
iter 601: loss 2.1953, time 28.94ms, mfu 0.04%
iter 602: loss 2.2540, time 30.09ms, mfu 0.04%
iter 603: loss 2.3195, time 24.70ms, mfu 0.04%
iter 604: loss 2.2276, time 25.03ms, mfu 0.04%
iter 605: loss 2.2206, time 27.18ms, mfu 0.04%
iter 606: loss 2.1494, time 28.91ms, mfu 0.04%
iter 607: loss 2.2321, time 28.94ms, mfu 0.04%
iter 608: loss 2.2483, time 23.30ms, mfu 0.04%
iter 609: loss 2.2384, time 30.78ms, mfu 0.04%
iter 610: loss 2.2091, time 26.02ms, mfu 0.04%
iter 611: loss 2.2614, time 23.24ms, mfu 0.04%
iter 612: loss 2.1935, time 29.26ms, mfu 0.04%
iter 613: loss 2.2624, time 26.46ms, mfu 0.04%
iter 614: loss 2.3161, time 24.03ms, mfu 0.04%
iter 615: loss 2.2684, time 25.63ms, mfu 0.04%
iter 616: loss 2.3251, time 25.77ms, mfu 0.04%
iter 617: loss 2.2161, time 25.06ms, mfu 0.04%
iter 618: loss 2.2234, time 27.14ms, mfu 0.04%
iter 619: loss 2.1992, time 27.53ms, mfu 0.04%
iter 620: loss 2.2768, time 24.20ms, mfu 0.04%
iter 621: loss 2.2166, time 31.27ms, mfu 0.04%
iter 622: loss 2.3059, time 24.05ms, mfu 0.04%
iter 623: loss 2.2089, time 25.11ms, mfu 0.04%
iter 624: loss 2.2138, time 26.50ms, mfu 0.04%
iter 625: loss 2.3594, time 28.86ms, mfu 0.04%
iter 626: loss 2.2626, time 26.50ms, mfu 0.04%
iter 627: loss 2.2083, time 26.97ms, mfu 0.04%
iter 628: loss 2.2702, time 24.61ms, mfu 0.04%
iter 629: loss 2.1302, time 27.72ms, mfu 0.04%
iter 630: loss 2.2146, time 24.27ms, mfu 0.04%
iter 631: loss 2.3116, time 28.84ms, mfu 0.04%
iter 632: loss 2.3199, time 26.43ms, mfu 0.04%
iter 633: loss 2.2005, time 23.12ms, mfu 0.04%
iter 634: loss 2.1532, time 28.66ms, mfu 0.04%
iter 635: loss 2.1528, time 28.23ms, mfu 0.04%
iter 636: loss 2.3011, time 29.07ms, mfu 0.04%
iter 637: loss 2.3344, time 30.09ms, mfu 0.04%
iter 638: loss 2.1382, time 29.15ms, mfu 0.04%
iter 639: loss 2.2051, time 29.25ms, mfu 0.04%
iter 640: loss 2.2171, time 28.61ms, mfu 0.04%
iter 641: loss 2.2467, time 28.39ms, mfu 0.04%
iter 642: loss 2.3087, time 27.48ms, mfu 0.04%
iter 643: loss 2.1758, time 25.88ms, mfu 0.04%
iter 644: loss 2.2113, time 26.81ms, mfu 0.04%
iter 645: loss 2.2266, time 28.75ms, mfu 0.04%
iter 646: loss 2.1880, time 28.13ms, mfu 0.04%
iter 647: loss 2.2156, time 28.52ms, mfu 0.04%
iter 648: loss 2.2814, time 28.63ms, mfu 0.04%
iter 649: loss 2.3750, time 26.79ms, mfu 0.04%
iter 650: loss 2.2534, time 28.10ms, mfu 0.04%
iter 651: loss 2.2314, time 28.88ms, mfu 0.04%
iter 652: loss 2.1622, time 27.30ms, mfu 0.04%
iter 653: loss 2.3353, time 29.99ms, mfu 0.04%
iter 654: loss 2.2795, time 29.03ms, mfu 0.04%
iter 655: loss 2.1848, time 30.41ms, mfu 0.03%
iter 656: loss 2.2001, time 28.30ms, mfu 0.03%
iter 657: loss 2.1462, time 28.58ms, mfu 0.03%
iter 658: loss 2.2116, time 27.57ms, mfu 0.03%
iter 659: loss 2.1735, time 26.13ms, mfu 0.04%
iter 660: loss 2.1104, time 28.38ms, mfu 0.04%
iter 661: loss 2.1493, time 28.78ms, mfu 0.04%
iter 662: loss 2.2268, time 26.25ms, mfu 0.04%
iter 663: loss 2.1956, time 27.01ms, mfu 0.04%
iter 664: loss 2.2149, time 24.17ms, mfu 0.04%
iter 665: loss 2.1825, time 28.91ms, mfu 0.04%
iter 666: loss 2.3707, time 23.79ms, mfu 0.04%
iter 667: loss 2.2512, time 28.30ms, mfu 0.04%
iter 668: loss 2.2071, time 32.18ms, mfu 0.04%
iter 669: loss 2.2454, time 33.56ms, mfu 0.04%
iter 670: loss 2.2434, time 31.29ms, mfu 0.03%
iter 671: loss 2.2498, time 31.79ms, mfu 0.03%
iter 672: loss 2.1544, time 31.38ms, mfu 0.03%
iter 673: loss 2.2676, time 32.86ms, mfu 0.03%
iter 674: loss 2.2266, time 24.52ms, mfu 0.03%
iter 675: loss 2.1525, time 24.83ms, mfu 0.03%
iter 676: loss 2.1707, time 29.32ms, mfu 0.03%
iter 677: loss 2.2212, time 29.25ms, mfu 0.03%
iter 678: loss 2.1807, time 28.25ms, mfu 0.03%
iter 679: loss 2.2221, time 28.77ms, mfu 0.03%
iter 680: loss 2.2411, time 25.04ms, mfu 0.04%
iter 681: loss 2.2742, time 27.60ms, mfu 0.04%
iter 682: loss 2.2645, time 27.42ms, mfu 0.04%
iter 683: loss 2.0907, time 27.49ms, mfu 0.04%
iter 684: loss 2.2316, time 26.43ms, mfu 0.04%
iter 685: loss 2.1792, time 26.86ms, mfu 0.04%
iter 686: loss 2.1896, time 27.25ms, mfu 0.04%
iter 687: loss 2.2530, time 27.55ms, mfu 0.04%
iter 688: loss 2.2364, time 25.60ms, mfu 0.04%
iter 689: loss 2.1944, time 26.41ms, mfu 0.04%
iter 690: loss 2.2358, time 27.45ms, mfu 0.04%
iter 691: loss 2.1331, time 26.54ms, mfu 0.04%
iter 692: loss 2.1756, time 24.90ms, mfu 0.04%
iter 693: loss 2.1479, time 29.47ms, mfu 0.04%
iter 694: loss 2.1663, time 24.34ms, mfu 0.04%
iter 695: loss 2.2087, time 24.66ms, mfu 0.04%
iter 696: loss 2.2263, time 28.31ms, mfu 0.04%
iter 697: loss 2.2011, time 28.56ms, mfu 0.04%
iter 698: loss 2.2735, time 26.33ms, mfu 0.04%
iter 699: loss 2.2437, time 25.91ms, mfu 0.04%
iter 700: loss 2.1144, time 23.73ms, mfu 0.04%
iter 701: loss 2.2093, time 25.70ms, mfu 0.04%
iter 702: loss 2.2116, time 25.68ms, mfu 0.04%
iter 703: loss 2.2429, time 27.04ms, mfu 0.04%
iter 704: loss 2.0862, time 24.11ms, mfu 0.04%
iter 705: loss 2.2406, time 26.75ms, mfu 0.04%
iter 706: loss 2.1208, time 26.43ms, mfu 0.04%
iter 707: loss 2.2892, time 24.18ms, mfu 0.04%
iter 708: loss 2.2790, time 23.55ms, mfu 0.04%
iter 709: loss 2.1540, time 29.62ms, mfu 0.04%
iter 710: loss 2.1770, time 28.20ms, mfu 0.04%
iter 711: loss 2.1564, time 27.35ms, mfu 0.04%
iter 712: loss 2.2360, time 28.36ms, mfu 0.04%
iter 713: loss 2.2329, time 26.06ms, mfu 0.04%
iter 714: loss 2.2685, time 27.46ms, mfu 0.04%
iter 715: loss 2.2523, time 25.52ms, mfu 0.04%
iter 716: loss 2.1817, time 30.21ms, mfu 0.04%
iter 717: loss 2.2013, time 27.36ms, mfu 0.04%
iter 718: loss 2.2306, time 26.15ms, mfu 0.04%
iter 719: loss 2.1852, time 22.99ms, mfu 0.04%
iter 720: loss 2.1940, time 26.52ms, mfu 0.04%
iter 721: loss 2.1755, time 24.75ms, mfu 0.04%
iter 722: loss 2.1136, time 25.97ms, mfu 0.04%
iter 723: loss 2.1652, time 25.73ms, mfu 0.04%
iter 724: loss 2.1645, time 24.52ms, mfu 0.04%
iter 725: loss 2.2525, time 26.43ms, mfu 0.04%
iter 726: loss 2.1959, time 24.00ms, mfu 0.04%
iter 727: loss 2.2161, time 30.59ms, mfu 0.04%
iter 728: loss 2.0943, time 24.53ms, mfu 0.04%
iter 729: loss 2.1666, time 29.36ms, mfu 0.04%
iter 730: loss 2.1733, time 28.88ms, mfu 0.04%
iter 731: loss 2.1770, time 25.30ms, mfu 0.04%
iter 732: loss 2.1832, time 28.45ms, mfu 0.04%
iter 733: loss 2.2206, time 29.17ms, mfu 0.04%
iter 734: loss 2.2025, time 30.88ms, mfu 0.04%
iter 735: loss 2.2374, time 32.60ms, mfu 0.04%
iter 736: loss 2.2395, time 32.14ms, mfu 0.04%
iter 737: loss 2.2432, time 31.65ms, mfu 0.03%
iter 738: loss 2.1909, time 30.26ms, mfu 0.03%
iter 739: loss 2.2651, time 27.48ms, mfu 0.03%
iter 740: loss 2.2204, time 30.86ms, mfu 0.03%
iter 741: loss 2.0863, time 30.00ms, mfu 0.03%
iter 742: loss 2.1534, time 28.85ms, mfu 0.03%
iter 743: loss 2.2386, time 32.48ms, mfu 0.03%
iter 744: loss 2.1634, time 39.41ms, mfu 0.03%
iter 745: loss 2.1415, time 38.60ms, mfu 0.03%
iter 746: loss 2.1320, time 30.97ms, mfu 0.03%
iter 747: loss 2.0802, time 34.90ms, mfu 0.03%
iter 748: loss 2.1232, time 29.99ms, mfu 0.03%
iter 749: loss 2.1105, time 35.66ms, mfu 0.03%
step 750: train loss 2.1817, val loss 2.2000
saving checkpoint to C:\Users\amitc\OneDrive\Desktop\Research\NanoGpt\nanoGPT\experiments\depth_ablation_4
iter 750: loss 2.2372, time 369.15ms, mfu 0.03%
iter 751: loss 2.1759, time 24.24ms, mfu 0.03%
iter 752: loss 2.0979, time 28.67ms, mfu 0.03%
iter 753: loss 2.1042, time 24.52ms, mfu 0.03%
iter 754: loss 2.0829, time 28.65ms, mfu 0.03%
iter 755: loss 2.1936, time 28.73ms, mfu 0.03%
iter 756: loss 2.1741, time 28.59ms, mfu 0.03%
iter 757: loss 2.1754, time 28.57ms, mfu 0.03%
iter 758: loss 2.1660, time 27.71ms, mfu 0.03%
iter 759: loss 2.1264, time 25.12ms, mfu 0.03%
iter 760: loss 2.1197, time 27.20ms, mfu 0.03%
iter 761: loss 2.1928, time 30.10ms, mfu 0.03%
iter 762: loss 2.1457, time 28.20ms, mfu 0.03%
iter 763: loss 2.1662, time 27.20ms, mfu 0.03%
iter 764: loss 2.0836, time 28.09ms, mfu 0.03%
iter 765: loss 2.1660, time 28.36ms, mfu 0.03%
iter 766: loss 2.1704, time 24.38ms, mfu 0.03%
iter 767: loss 2.2138, time 28.28ms, mfu 0.03%
iter 768: loss 2.2163, time 25.23ms, mfu 0.04%
iter 769: loss 2.2053, time 31.18ms, mfu 0.03%
iter 770: loss 2.1712, time 29.53ms, mfu 0.03%
iter 771: loss 2.1505, time 29.06ms, mfu 0.03%
iter 772: loss 2.2354, time 24.34ms, mfu 0.04%
iter 773: loss 2.1691, time 29.00ms, mfu 0.04%
iter 774: loss 2.1850, time 28.60ms, mfu 0.04%
iter 775: loss 2.1648, time 29.94ms, mfu 0.03%
iter 776: loss 2.1114, time 25.69ms, mfu 0.04%
iter 777: loss 2.1749, time 25.75ms, mfu 0.04%
iter 778: loss 2.0715, time 27.60ms, mfu 0.04%
iter 779: loss 2.3028, time 23.54ms, mfu 0.04%
iter 780: loss 2.1413, time 25.18ms, mfu 0.04%
iter 781: loss 2.0689, time 23.94ms, mfu 0.04%
iter 782: loss 2.2061, time 27.81ms, mfu 0.04%
iter 783: loss 2.1431, time 27.29ms, mfu 0.04%
iter 784: loss 2.1615, time 24.18ms, mfu 0.04%
iter 785: loss 2.1232, time 30.05ms, mfu 0.04%
iter 786: loss 2.1617, time 25.23ms, mfu 0.04%
iter 787: loss 2.1421, time 23.57ms, mfu 0.04%
iter 788: loss 2.1511, time 27.80ms, mfu 0.04%
iter 789: loss 2.2322, time 25.23ms, mfu 0.04%
iter 790: loss 2.1517, time 27.72ms, mfu 0.04%
iter 791: loss 2.2036, time 24.12ms, mfu 0.04%
iter 792: loss 2.1404, time 26.32ms, mfu 0.04%
iter 793: loss 2.1923, time 27.40ms, mfu 0.04%
iter 794: loss 2.1999, time 31.61ms, mfu 0.04%
iter 795: loss 2.1396, time 27.88ms, mfu 0.04%
iter 796: loss 2.1096, time 27.23ms, mfu 0.04%
iter 797: loss 2.1143, time 25.10ms, mfu 0.04%
iter 798: loss 2.1429, time 29.78ms, mfu 0.04%
iter 799: loss 2.1822, time 26.77ms, mfu 0.04%
iter 800: loss 2.1390, time 26.13ms, mfu 0.04%
iter 801: loss 2.2070, time 27.57ms, mfu 0.04%
iter 802: loss 2.1834, time 28.14ms, mfu 0.04%
iter 803: loss 2.2114, time 27.94ms, mfu 0.04%
iter 804: loss 2.1418, time 27.35ms, mfu 0.04%
iter 805: loss 2.1867, time 25.76ms, mfu 0.04%
iter 806: loss 2.0838, time 28.71ms, mfu 0.04%
iter 807: loss 2.2049, time 24.73ms, mfu 0.04%
iter 808: loss 2.0828, time 26.92ms, mfu 0.04%
iter 809: loss 2.1686, time 27.56ms, mfu 0.04%
iter 810: loss 2.1767, time 27.33ms, mfu 0.04%
iter 811: loss 2.1981, time 28.75ms, mfu 0.04%
iter 812: loss 2.1995, time 26.59ms, mfu 0.04%
iter 813: loss 2.2068, time 28.09ms, mfu 0.04%
iter 814: loss 2.1448, time 24.77ms, mfu 0.04%
iter 815: loss 2.1384, time 27.75ms, mfu 0.04%
iter 816: loss 2.0898, time 26.43ms, mfu 0.04%
iter 817: loss 2.1177, time 23.59ms, mfu 0.04%
iter 818: loss 2.1795, time 24.46ms, mfu 0.04%
iter 819: loss 2.1795, time 49.06ms, mfu 0.04%
iter 820: loss 2.1149, time 48.94ms, mfu 0.03%
iter 821: loss 2.1134, time 29.22ms, mfu 0.03%
iter 822: loss 2.1016, time 28.09ms, mfu 0.03%
iter 823: loss 2.0341, time 25.29ms, mfu 0.03%
iter 824: loss 2.1434, time 25.97ms, mfu 0.04%
iter 825: loss 2.1115, time 26.13ms, mfu 0.04%
iter 826: loss 2.2155, time 28.79ms, mfu 0.04%
iter 827: loss 2.0769, time 25.60ms, mfu 0.04%
iter 828: loss 2.1301, time 25.15ms, mfu 0.04%
iter 829: loss 2.1008, time 24.00ms, mfu 0.04%
iter 830: loss 2.1612, time 29.98ms, mfu 0.04%
iter 831: loss 2.1893, time 26.56ms, mfu 0.04%
iter 832: loss 2.1341, time 25.77ms, mfu 0.04%
iter 833: loss 2.1462, time 26.93ms, mfu 0.04%
iter 834: loss 2.1533, time 26.53ms, mfu 0.04%
iter 835: loss 2.0895, time 24.54ms, mfu 0.04%
iter 836: loss 2.1385, time 29.32ms, mfu 0.04%
iter 837: loss 2.1662, time 28.80ms, mfu 0.04%
iter 838: loss 2.0933, time 27.34ms, mfu 0.04%
iter 839: loss 2.1626, time 28.08ms, mfu 0.04%
iter 840: loss 2.1482, time 25.89ms, mfu 0.04%
iter 841: loss 2.0798, time 23.76ms, mfu 0.04%
iter 842: loss 2.0627, time 27.14ms, mfu 0.04%
iter 843: loss 2.1546, time 26.31ms, mfu 0.04%
iter 844: loss 2.1106, time 27.44ms, mfu 0.04%
iter 845: loss 2.1127, time 26.40ms, mfu 0.04%
iter 846: loss 2.1484, time 27.46ms, mfu 0.04%
iter 847: loss 2.1443, time 26.86ms, mfu 0.04%
iter 848: loss 2.0509, time 27.35ms, mfu 0.04%
iter 849: loss 2.1291, time 25.83ms, mfu 0.04%
iter 850: loss 2.0720, time 25.59ms, mfu 0.04%
iter 851: loss 2.1858, time 27.63ms, mfu 0.04%
iter 852: loss 2.1576, time 28.82ms, mfu 0.04%
iter 853: loss 2.1012, time 26.64ms, mfu 0.04%
iter 854: loss 2.1503, time 27.06ms, mfu 0.04%
iter 855: loss 2.1194, time 24.53ms, mfu 0.04%
iter 856: loss 2.0510, time 28.85ms, mfu 0.04%
iter 857: loss 2.2317, time 28.99ms, mfu 0.04%
iter 858: loss 2.0874, time 24.94ms, mfu 0.04%
iter 859: loss 2.1379, time 26.92ms, mfu 0.04%
iter 860: loss 2.0814, time 25.04ms, mfu 0.04%
iter 861: loss 2.0872, time 26.69ms, mfu 0.04%
iter 862: loss 2.0939, time 28.53ms, mfu 0.04%
iter 863: loss 2.0981, time 26.84ms, mfu 0.04%
iter 864: loss 2.1458, time 27.12ms, mfu 0.04%
iter 865: loss 2.0783, time 25.12ms, mfu 0.04%
iter 866: loss 2.1727, time 26.54ms, mfu 0.04%
iter 867: loss 2.1563, time 22.10ms, mfu 0.04%
iter 868: loss 2.1735, time 28.27ms, mfu 0.04%
iter 869: loss 2.0423, time 28.69ms, mfu 0.04%
iter 870: loss 2.1528, time 27.85ms, mfu 0.04%
iter 871: loss 2.0860, time 28.85ms, mfu 0.04%
iter 872: loss 1.9891, time 29.04ms, mfu 0.04%
iter 873: loss 2.1020, time 25.63ms, mfu 0.04%
iter 874: loss 2.0277, time 27.67ms, mfu 0.04%
iter 875: loss 2.0497, time 26.24ms, mfu 0.04%
iter 876: loss 2.0504, time 26.25ms, mfu 0.04%
iter 877: loss 2.1253, time 30.68ms, mfu 0.04%
iter 878: loss 2.0361, time 24.40ms, mfu 0.04%
iter 879: loss 2.0976, time 26.94ms, mfu 0.04%
iter 880: loss 2.1713, time 26.73ms, mfu 0.04%
iter 881: loss 2.0858, time 24.68ms, mfu 0.04%
iter 882: loss 1.9872, time 26.30ms, mfu 0.04%
iter 883: loss 2.0533, time 24.72ms, mfu 0.04%
iter 884: loss 2.0598, time 28.58ms, mfu 0.04%
iter 885: loss 2.0745, time 25.46ms, mfu 0.04%
iter 886: loss 2.1895, time 26.09ms, mfu 0.04%
iter 887: loss 2.1100, time 26.73ms, mfu 0.04%
iter 888: loss 2.1944, time 22.90ms, mfu 0.04%
iter 889: loss 2.0264, time 25.91ms, mfu 0.04%
iter 890: loss 2.0690, time 25.67ms, mfu 0.04%
iter 891: loss 2.1505, time 26.99ms, mfu 0.04%
iter 892: loss 2.0845, time 25.97ms, mfu 0.04%
iter 893: loss 2.1249, time 28.32ms, mfu 0.04%
iter 894: loss 2.1139, time 29.96ms, mfu 0.04%
iter 895: loss 2.1612, time 27.24ms, mfu 0.04%
iter 896: loss 2.0855, time 26.31ms, mfu 0.04%
iter 897: loss 2.1283, time 26.37ms, mfu 0.04%
iter 898: loss 2.0703, time 25.00ms, mfu 0.04%
iter 899: loss 1.9633, time 26.49ms, mfu 0.04%
iter 900: loss 2.1745, time 26.68ms, mfu 0.04%
iter 901: loss 2.0900, time 29.05ms, mfu 0.04%
iter 902: loss 2.1021, time 31.08ms, mfu 0.04%
iter 903: loss 2.0539, time 24.24ms, mfu 0.04%
iter 904: loss 1.9519, time 29.51ms, mfu 0.04%
iter 905: loss 2.1376, time 26.70ms, mfu 0.04%
iter 906: loss 2.0134, time 25.87ms, mfu 0.04%
iter 907: loss 2.0787, time 28.98ms, mfu 0.04%
iter 908: loss 2.0852, time 26.24ms, mfu 0.04%
iter 909: loss 2.0790, time 24.58ms, mfu 0.04%
iter 910: loss 2.1877, time 29.96ms, mfu 0.04%
iter 911: loss 1.9655, time 25.66ms, mfu 0.04%
iter 912: loss 2.0175, time 27.82ms, mfu 0.04%
iter 913: loss 2.1553, time 27.96ms, mfu 0.04%
iter 914: loss 1.9982, time 24.46ms, mfu 0.04%
iter 915: loss 2.0730, time 27.64ms, mfu 0.04%
iter 916: loss 2.0593, time 28.14ms, mfu 0.04%
iter 917: loss 2.0348, time 29.22ms, mfu 0.04%
iter 918: loss 1.9986, time 28.03ms, mfu 0.04%
iter 919: loss 2.0477, time 25.43ms, mfu 0.04%
iter 920: loss 2.0544, time 24.36ms, mfu 0.04%
iter 921: loss 2.0550, time 27.01ms, mfu 0.04%
iter 922: loss 2.0835, time 25.60ms, mfu 0.04%
iter 923: loss 2.0761, time 27.73ms, mfu 0.04%
iter 924: loss 2.0591, time 23.67ms, mfu 0.04%
iter 925: loss 2.0387, time 27.10ms, mfu 0.04%
iter 926: loss 2.0279, time 26.66ms, mfu 0.04%
iter 927: loss 2.1122, time 25.19ms, mfu 0.04%
iter 928: loss 2.0555, time 24.75ms, mfu 0.04%
iter 929: loss 2.0965, time 28.43ms, mfu 0.04%
iter 930: loss 2.1445, time 27.25ms, mfu 0.04%
iter 931: loss 2.0570, time 27.31ms, mfu 0.04%
iter 932: loss 1.9649, time 29.77ms, mfu 0.04%
iter 933: loss 2.0380, time 27.76ms, mfu 0.04%
iter 934: loss 2.0286, time 27.87ms, mfu 0.04%
iter 935: loss 2.1247, time 25.33ms, mfu 0.04%
iter 936: loss 2.1079, time 26.56ms, mfu 0.04%
iter 937: loss 2.0433, time 27.00ms, mfu 0.04%
iter 938: loss 2.1129, time 28.55ms, mfu 0.04%
iter 939: loss 1.9582, time 27.02ms, mfu 0.04%
iter 940: loss 2.0356, time 26.16ms, mfu 0.04%
iter 941: loss 2.1100, time 27.15ms, mfu 0.04%
iter 942: loss 2.0239, time 26.47ms, mfu 0.04%
iter 943: loss 2.0053, time 27.34ms, mfu 0.04%
iter 944: loss 2.0805, time 28.25ms, mfu 0.04%
iter 945: loss 2.0596, time 29.12ms, mfu 0.04%
iter 946: loss 1.9952, time 25.11ms, mfu 0.04%
iter 947: loss 2.0916, time 22.51ms, mfu 0.04%
iter 948: loss 2.0919, time 29.41ms, mfu 0.04%
iter 949: loss 2.1173, time 25.12ms, mfu 0.04%
iter 950: loss 2.1103, time 26.16ms, mfu 0.04%
iter 951: loss 2.0133, time 26.77ms, mfu 0.04%
iter 952: loss 2.0316, time 29.46ms, mfu 0.04%
iter 953: loss 2.0677, time 25.77ms, mfu 0.04%
iter 954: loss 2.0888, time 26.57ms, mfu 0.04%
iter 955: loss 2.1070, time 26.52ms, mfu 0.04%
iter 956: loss 2.0201, time 25.60ms, mfu 0.04%
iter 957: loss 2.1907, time 26.84ms, mfu 0.04%
iter 958: loss 2.1431, time 31.67ms, mfu 0.04%
iter 959: loss 2.1130, time 30.37ms, mfu 0.04%
iter 960: loss 2.0756, time 30.44ms, mfu 0.04%
iter 961: loss 2.2049, time 32.09ms, mfu 0.04%
iter 962: loss 2.0936, time 29.67ms, mfu 0.04%
iter 963: loss 2.1286, time 27.34ms, mfu 0.04%
iter 964: loss 2.0896, time 27.37ms, mfu 0.04%
iter 965: loss 2.0274, time 31.83ms, mfu 0.03%
iter 966: loss 2.0917, time 32.23ms, mfu 0.03%
iter 967: loss 2.0641, time 28.13ms, mfu 0.03%
iter 968: loss 2.0767, time 30.39ms, mfu 0.03%
iter 969: loss 1.9960, time 35.76ms, mfu 0.03%
iter 970: loss 2.0477, time 26.85ms, mfu 0.03%
iter 971: loss 2.0687, time 28.92ms, mfu 0.03%
iter 972: loss 2.0614, time 31.87ms, mfu 0.03%
iter 973: loss 2.0646, time 31.02ms, mfu 0.03%
iter 974: loss 2.1231, time 32.11ms, mfu 0.03%
iter 975: loss 2.1387, time 35.84ms, mfu 0.03%
iter 976: loss 2.0538, time 34.03ms, mfu 0.03%
iter 977: loss 2.1049, time 36.28ms, mfu 0.03%
iter 978: loss 2.0558, time 29.09ms, mfu 0.03%
iter 979: loss 1.9411, time 25.55ms, mfu 0.03%
iter 980: loss 2.0492, time 36.59ms, mfu 0.03%
iter 981: loss 2.0663, time 26.46ms, mfu 0.03%
iter 982: loss 2.0846, time 29.99ms, mfu 0.03%
iter 983: loss 2.1517, time 28.25ms, mfu 0.03%
iter 984: loss 2.0958, time 27.50ms, mfu 0.03%
iter 985: loss 2.0108, time 29.44ms, mfu 0.03%
iter 986: loss 2.1171, time 28.15ms, mfu 0.03%
iter 987: loss 2.0457, time 22.84ms, mfu 0.03%
iter 988: loss 2.1092, time 25.54ms, mfu 0.03%
iter 989: loss 1.9933, time 27.44ms, mfu 0.03%
iter 990: loss 2.0425, time 27.53ms, mfu 0.03%
iter 991: loss 2.0830, time 22.93ms, mfu 0.04%
iter 992: loss 1.9714, time 28.66ms, mfu 0.04%
iter 993: loss 2.1471, time 24.25ms, mfu 0.04%
iter 994: loss 2.2076, time 24.54ms, mfu 0.04%
iter 995: loss 2.0646, time 29.85ms, mfu 0.04%
iter 996: loss 1.9898, time 30.48ms, mfu 0.04%
iter 997: loss 2.1325, time 34.83ms, mfu 0.04%
iter 998: loss 2.0713, time 26.67ms, mfu 0.04%
iter 999: loss 2.0419, time 28.84ms, mfu 0.04%
step 1000: train loss 2.0675, val loss 2.1075
saving checkpoint to C:\Users\amitc\OneDrive\Desktop\Research\NanoGpt\nanoGPT\experiments\depth_ablation_4
iter 1000: loss 2.0020, time 355.90ms, mfu 0.03%
iter 1001: loss 2.0710, time 28.42ms, mfu 0.03%
iter 1002: loss 2.0015, time 27.70ms, mfu 0.03%
iter 1003: loss 2.0288, time 26.29ms, mfu 0.03%
iter 1004: loss 2.0681, time 28.14ms, mfu 0.03%
iter 1005: loss 1.9600, time 29.75ms, mfu 0.03%
iter 1006: loss 1.9787, time 27.36ms, mfu 0.03%
iter 1007: loss 2.0451, time 26.77ms, mfu 0.03%
iter 1008: loss 2.0156, time 30.13ms, mfu 0.03%
iter 1009: loss 2.0725, time 26.14ms, mfu 0.03%
iter 1010: loss 2.0279, time 27.72ms, mfu 0.03%
iter 1011: loss 2.0586, time 26.38ms, mfu 0.03%
iter 1012: loss 2.0794, time 27.25ms, mfu 0.03%
iter 1013: loss 2.0885, time 27.12ms, mfu 0.03%
iter 1014: loss 2.0224, time 27.55ms, mfu 0.03%
iter 1015: loss 2.1118, time 26.90ms, mfu 0.04%
iter 1016: loss 2.0718, time 26.55ms, mfu 0.04%
iter 1017: loss 2.1498, time 27.27ms, mfu 0.04%
iter 1018: loss 1.9926, time 24.37ms, mfu 0.04%
iter 1019: loss 2.0218, time 27.54ms, mfu 0.04%
iter 1020: loss 2.1015, time 28.00ms, mfu 0.04%
iter 1021: loss 1.9822, time 26.56ms, mfu 0.04%
iter 1022: loss 1.9971, time 24.65ms, mfu 0.04%
iter 1023: loss 1.8996, time 25.56ms, mfu 0.04%
iter 1024: loss 2.0156, time 28.32ms, mfu 0.04%
iter 1025: loss 2.0958, time 26.98ms, mfu 0.04%
iter 1026: loss 2.0446, time 22.30ms, mfu 0.04%
iter 1027: loss 2.0384, time 28.47ms, mfu 0.04%
iter 1028: loss 2.0713, time 26.89ms, mfu 0.04%
iter 1029: loss 2.0740, time 26.49ms, mfu 0.04%
iter 1030: loss 1.9658, time 27.11ms, mfu 0.04%
iter 1031: loss 2.0076, time 28.42ms, mfu 0.04%
iter 1032: loss 2.1493, time 26.07ms, mfu 0.04%
iter 1033: loss 2.0871, time 24.30ms, mfu 0.04%
iter 1034: loss 2.0580, time 28.00ms, mfu 0.04%
iter 1035: loss 2.1221, time 25.90ms, mfu 0.04%
iter 1036: loss 2.0812, time 23.86ms, mfu 0.04%
iter 1037: loss 2.0263, time 27.27ms, mfu 0.04%
iter 1038: loss 2.1018, time 23.13ms, mfu 0.04%
iter 1039: loss 1.9536, time 26.94ms, mfu 0.04%
iter 1040: loss 1.9636, time 24.96ms, mfu 0.04%
iter 1041: loss 2.0562, time 29.49ms, mfu 0.04%
iter 1042: loss 2.0642, time 27.42ms, mfu 0.04%
iter 1043: loss 2.0718, time 25.52ms, mfu 0.04%
iter 1044: loss 1.9528, time 24.11ms, mfu 0.04%
iter 1045: loss 2.0734, time 26.33ms, mfu 0.04%
iter 1046: loss 2.0305, time 27.32ms, mfu 0.04%
iter 1047: loss 2.0255, time 27.07ms, mfu 0.04%
iter 1048: loss 2.0904, time 26.63ms, mfu 0.04%
iter 1049: loss 1.9330, time 31.21ms, mfu 0.04%
iter 1050: loss 2.1245, time 26.79ms, mfu 0.04%
iter 1051: loss 2.0758, time 25.53ms, mfu 0.04%
iter 1052: loss 2.0165, time 28.19ms, mfu 0.04%
iter 1053: loss 2.1693, time 28.76ms, mfu 0.04%
iter 1054: loss 2.0853, time 26.46ms, mfu 0.04%
iter 1055: loss 1.9886, time 30.25ms, mfu 0.04%
iter 1056: loss 1.9396, time 28.73ms, mfu 0.04%
iter 1057: loss 2.0003, time 26.47ms, mfu 0.04%
iter 1058: loss 1.9546, time 28.77ms, mfu 0.04%
iter 1059: loss 2.0338, time 26.91ms, mfu 0.04%
iter 1060: loss 2.0423, time 25.79ms, mfu 0.04%
iter 1061: loss 2.0641, time 24.98ms, mfu 0.04%
iter 1062: loss 2.0904, time 24.09ms, mfu 0.04%
iter 1063: loss 2.0596, time 27.79ms, mfu 0.04%
iter 1064: loss 1.9601, time 29.97ms, mfu 0.04%
iter 1065: loss 1.9396, time 25.41ms, mfu 0.04%
iter 1066: loss 2.0021, time 28.86ms, mfu 0.04%
iter 1067: loss 1.9606, time 26.95ms, mfu 0.04%
iter 1068: loss 2.0739, time 24.82ms, mfu 0.04%
iter 1069: loss 1.9314, time 28.25ms, mfu 0.04%
iter 1070: loss 1.8423, time 25.79ms, mfu 0.04%
iter 1071: loss 1.9560, time 28.63ms, mfu 0.04%
iter 1072: loss 2.0310, time 27.60ms, mfu 0.04%
iter 1073: loss 2.1351, time 26.65ms, mfu 0.04%
iter 1074: loss 1.9251, time 30.22ms, mfu 0.04%
iter 1075: loss 2.1060, time 28.13ms, mfu 0.04%
iter 1076: loss 2.0988, time 27.10ms, mfu 0.04%
iter 1077: loss 2.0204, time 28.16ms, mfu 0.04%
iter 1078: loss 1.9031, time 25.81ms, mfu 0.04%
iter 1079: loss 2.0577, time 25.92ms, mfu 0.04%
iter 1080: loss 2.0762, time 24.94ms, mfu 0.04%
iter 1081: loss 2.1566, time 25.84ms, mfu 0.04%
iter 1082: loss 2.0068, time 25.93ms, mfu 0.04%
iter 1083: loss 1.9661, time 23.59ms, mfu 0.04%
iter 1084: loss 2.0084, time 29.32ms, mfu 0.04%
iter 1085: loss 1.9585, time 26.29ms, mfu 0.04%
iter 1086: loss 1.9652, time 25.96ms, mfu 0.04%
iter 1087: loss 2.0455, time 29.25ms, mfu 0.04%
iter 1088: loss 1.9807, time 26.70ms, mfu 0.04%
iter 1089: loss 1.9477, time 23.62ms, mfu 0.04%
iter 1090: loss 2.1059, time 24.82ms, mfu 0.04%
iter 1091: loss 2.0841, time 27.19ms, mfu 0.04%
iter 1092: loss 2.0245, time 27.63ms, mfu 0.04%
iter 1093: loss 2.0208, time 24.67ms, mfu 0.04%
iter 1094: loss 2.0011, time 24.75ms, mfu 0.04%
iter 1095: loss 2.0729, time 25.40ms, mfu 0.04%
iter 1096: loss 2.0193, time 26.51ms, mfu 0.04%
iter 1097: loss 2.0817, time 24.28ms, mfu 0.04%
iter 1098: loss 1.9904, time 28.21ms, mfu 0.04%
iter 1099: loss 1.9526, time 26.13ms, mfu 0.04%
iter 1100: loss 2.0236, time 27.07ms, mfu 0.04%
iter 1101: loss 2.1541, time 24.58ms, mfu 0.04%
iter 1102: loss 2.1004, time 25.23ms, mfu 0.04%
iter 1103: loss 1.9817, time 25.79ms, mfu 0.04%
iter 1104: loss 2.0914, time 24.60ms, mfu 0.04%
iter 1105: loss 2.0752, time 26.33ms, mfu 0.04%
iter 1106: loss 2.0498, time 26.60ms, mfu 0.04%
iter 1107: loss 2.1500, time 28.41ms, mfu 0.04%
iter 1108: loss 2.0191, time 26.82ms, mfu 0.04%
iter 1109: loss 2.0850, time 26.85ms, mfu 0.04%
iter 1110: loss 2.0388, time 26.40ms, mfu 0.04%
iter 1111: loss 2.0949, time 25.90ms, mfu 0.04%
iter 1112: loss 2.0390, time 26.01ms, mfu 0.04%
iter 1113: loss 1.9946, time 24.63ms, mfu 0.04%
iter 1114: loss 2.1103, time 25.65ms, mfu 0.04%
iter 1115: loss 2.0341, time 22.77ms, mfu 0.04%
iter 1116: loss 2.0106, time 27.42ms, mfu 0.04%
iter 1117: loss 2.0485, time 26.04ms, mfu 0.04%
iter 1118: loss 2.0103, time 23.94ms, mfu 0.04%
iter 1119: loss 1.9621, time 28.28ms, mfu 0.04%
iter 1120: loss 2.1561, time 25.47ms, mfu 0.04%
iter 1121: loss 1.9677, time 25.70ms, mfu 0.04%
iter 1122: loss 1.9549, time 25.01ms, mfu 0.04%
iter 1123: loss 1.9565, time 28.31ms, mfu 0.04%
iter 1124: loss 1.9862, time 27.54ms, mfu 0.04%
iter 1125: loss 1.9901, time 22.89ms, mfu 0.04%
iter 1126: loss 2.0693, time 28.03ms, mfu 0.04%
iter 1127: loss 1.9931, time 27.81ms, mfu 0.04%
iter 1128: loss 1.9379, time 30.28ms, mfu 0.04%
iter 1129: loss 2.0474, time 25.08ms, mfu 0.04%
iter 1130: loss 2.0393, time 28.59ms, mfu 0.04%
iter 1131: loss 2.0093, time 27.58ms, mfu 0.04%
iter 1132: loss 1.9776, time 23.09ms, mfu 0.04%
iter 1133: loss 2.0060, time 27.54ms, mfu 0.04%
iter 1134: loss 2.0943, time 22.81ms, mfu 0.04%
iter 1135: loss 1.9071, time 31.18ms, mfu 0.04%
iter 1136: loss 1.9572, time 25.34ms, mfu 0.04%
iter 1137: loss 1.8800, time 25.72ms, mfu 0.04%
iter 1138: loss 2.0083, time 23.28ms, mfu 0.04%
iter 1139: loss 1.9252, time 27.44ms, mfu 0.04%
iter 1140: loss 2.0657, time 27.87ms, mfu 0.04%
iter 1141: loss 2.0131, time 28.08ms, mfu 0.04%
iter 1142: loss 1.9527, time 22.99ms, mfu 0.04%
iter 1143: loss 1.9372, time 26.05ms, mfu 0.04%
iter 1144: loss 2.0139, time 26.89ms, mfu 0.04%
iter 1145: loss 1.9386, time 27.88ms, mfu 0.04%
iter 1146: loss 2.0649, time 26.84ms, mfu 0.04%
iter 1147: loss 2.1193, time 24.77ms, mfu 0.04%
iter 1148: loss 1.9280, time 25.47ms, mfu 0.04%
iter 1149: loss 2.0023, time 26.92ms, mfu 0.04%
iter 1150: loss 2.0309, time 28.02ms, mfu 0.04%
iter 1151: loss 1.9734, time 23.64ms, mfu 0.04%
iter 1152: loss 1.9735, time 27.05ms, mfu 0.04%
iter 1153: loss 1.8639, time 22.95ms, mfu 0.04%
iter 1154: loss 2.1061, time 25.20ms, mfu 0.04%
iter 1155: loss 2.0153, time 25.12ms, mfu 0.04%
iter 1156: loss 1.9656, time 25.93ms, mfu 0.04%
iter 1157: loss 2.0166, time 24.14ms, mfu 0.04%
iter 1158: loss 1.9604, time 27.11ms, mfu 0.04%
iter 1159: loss 2.0088, time 26.02ms, mfu 0.04%
iter 1160: loss 1.9094, time 25.01ms, mfu 0.04%
iter 1161: loss 2.0365, time 26.33ms, mfu 0.04%
iter 1162: loss 2.0662, time 25.89ms, mfu 0.04%
iter 1163: loss 2.0031, time 23.37ms, mfu 0.04%
iter 1164: loss 1.9080, time 27.20ms, mfu 0.04%
iter 1165: loss 1.9727, time 26.63ms, mfu 0.04%
iter 1166: loss 1.8412, time 23.76ms, mfu 0.04%
iter 1167: loss 2.0813, time 26.20ms, mfu 0.04%
iter 1168: loss 1.9346, time 28.41ms, mfu 0.04%
iter 1169: loss 1.9166, time 27.83ms, mfu 0.04%
iter 1170: loss 2.0910, time 26.86ms, mfu 0.04%
iter 1171: loss 2.0612, time 26.47ms, mfu 0.04%
iter 1172: loss 1.9552, time 24.96ms, mfu 0.04%
iter 1173: loss 2.0197, time 29.71ms, mfu 0.04%
iter 1174: loss 2.0048, time 23.11ms, mfu 0.04%
iter 1175: loss 2.0103, time 23.14ms, mfu 0.04%
iter 1176: loss 2.0002, time 27.40ms, mfu 0.04%
iter 1177: loss 2.0233, time 30.00ms, mfu 0.04%
iter 1178: loss 2.0974, time 26.22ms, mfu 0.04%
iter 1179: loss 1.9832, time 30.97ms, mfu 0.04%
iter 1180: loss 2.0116, time 26.05ms, mfu 0.04%
iter 1181: loss 2.0227, time 27.12ms, mfu 0.04%
iter 1182: loss 2.0038, time 26.59ms, mfu 0.04%
iter 1183: loss 1.9060, time 27.70ms, mfu 0.04%
iter 1184: loss 1.9598, time 26.16ms, mfu 0.04%
iter 1185: loss 2.0054, time 28.45ms, mfu 0.04%
iter 1186: loss 2.0335, time 25.80ms, mfu 0.04%
iter 1187: loss 2.1064, time 26.46ms, mfu 0.04%
iter 1188: loss 1.9783, time 26.94ms, mfu 0.04%
iter 1189: loss 1.9696, time 24.02ms, mfu 0.04%
iter 1190: loss 1.9759, time 26.45ms, mfu 0.04%
iter 1191: loss 1.9633, time 23.75ms, mfu 0.04%
iter 1192: loss 1.9616, time 30.43ms, mfu 0.04%
iter 1193: loss 2.0577, time 26.77ms, mfu 0.04%
iter 1194: loss 2.0376, time 28.78ms, mfu 0.04%
iter 1195: loss 2.0740, time 26.05ms, mfu 0.04%
iter 1196: loss 1.9876, time 25.47ms, mfu 0.04%
iter 1197: loss 1.9963, time 27.42ms, mfu 0.04%
iter 1198: loss 1.8567, time 24.25ms, mfu 0.04%
iter 1199: loss 1.9310, time 28.27ms, mfu 0.04%
iter 1200: loss 2.0256, time 27.14ms, mfu 0.04%
iter 1201: loss 1.9560, time 29.26ms, mfu 0.04%
iter 1202: loss 2.0202, time 23.68ms, mfu 0.04%
iter 1203: loss 1.9165, time 23.94ms, mfu 0.04%
iter 1204: loss 1.9653, time 26.55ms, mfu 0.04%
iter 1205: loss 1.9742, time 27.63ms, mfu 0.04%
iter 1206: loss 2.0178, time 26.50ms, mfu 0.04%
iter 1207: loss 1.9632, time 30.00ms, mfu 0.04%
iter 1208: loss 2.0754, time 26.71ms, mfu 0.04%
iter 1209: loss 2.0389, time 25.49ms, mfu 0.04%
iter 1210: loss 1.8968, time 29.01ms, mfu 0.04%
iter 1211: loss 1.9750, time 24.61ms, mfu 0.04%
iter 1212: loss 1.9774, time 28.96ms, mfu 0.04%
iter 1213: loss 1.9800, time 25.33ms, mfu 0.04%
iter 1214: loss 1.9168, time 26.25ms, mfu 0.04%
iter 1215: loss 2.0373, time 69.88ms, mfu 0.03%
iter 1216: loss 1.8153, time 24.59ms, mfu 0.04%
iter 1217: loss 1.9534, time 27.64ms, mfu 0.04%
iter 1218: loss 1.9462, time 29.46ms, mfu 0.04%
iter 1219: loss 1.8741, time 27.63ms, mfu 0.04%
iter 1220: loss 2.0729, time 27.23ms, mfu 0.04%
iter 1221: loss 2.0920, time 27.60ms, mfu 0.04%
iter 1222: loss 2.0119, time 28.78ms, mfu 0.04%
iter 1223: loss 2.0490, time 27.20ms, mfu 0.04%
iter 1224: loss 1.9595, time 25.38ms, mfu 0.04%
iter 1225: loss 1.9117, time 25.44ms, mfu 0.04%
iter 1226: loss 2.0031, time 26.02ms, mfu 0.04%
iter 1227: loss 1.8717, time 28.69ms, mfu 0.04%
iter 1228: loss 1.9612, time 26.71ms, mfu 0.04%
iter 1229: loss 2.0388, time 25.96ms, mfu 0.04%
iter 1230: loss 1.9456, time 29.09ms, mfu 0.04%
iter 1231: loss 1.9219, time 24.85ms, mfu 0.04%
iter 1232: loss 1.9358, time 28.38ms, mfu 0.04%
iter 1233: loss 2.0278, time 27.77ms, mfu 0.04%
iter 1234: loss 1.9381, time 25.22ms, mfu 0.04%
iter 1235: loss 1.9745, time 29.16ms, mfu 0.04%
iter 1236: loss 2.0027, time 24.83ms, mfu 0.04%
iter 1237: loss 1.9750, time 25.60ms, mfu 0.04%
iter 1238: loss 1.9372, time 25.91ms, mfu 0.04%
iter 1239: loss 2.0268, time 27.44ms, mfu 0.04%
iter 1240: loss 2.0232, time 28.81ms, mfu 0.04%
iter 1241: loss 1.9993, time 26.36ms, mfu 0.04%
iter 1242: loss 1.9288, time 25.39ms, mfu 0.04%
iter 1243: loss 1.9753, time 25.74ms, mfu 0.04%
iter 1244: loss 1.9631, time 27.92ms, mfu 0.04%
iter 1245: loss 2.0365, time 30.25ms, mfu 0.04%
iter 1246: loss 1.9984, time 28.75ms, mfu 0.04%
iter 1247: loss 1.9830, time 29.34ms, mfu 0.04%
iter 1248: loss 1.9850, time 28.21ms, mfu 0.04%
iter 1249: loss 1.9209, time 27.34ms, mfu 0.04%
step 1250: train loss 1.9417, val loss 2.0287
saving checkpoint to C:\Users\amitc\OneDrive\Desktop\Research\NanoGpt\nanoGPT\experiments\depth_ablation_4
iter 1250: loss 1.9342, time 351.68ms, mfu 0.03%
iter 1251: loss 1.9514, time 29.08ms, mfu 0.03%
iter 1252: loss 1.9133, time 25.48ms, mfu 0.03%
iter 1253: loss 1.8781, time 25.20ms, mfu 0.03%
iter 1254: loss 1.9720, time 26.04ms, mfu 0.03%
iter 1255: loss 1.9320, time 28.78ms, mfu 0.03%
iter 1256: loss 1.9278, time 24.70ms, mfu 0.03%
iter 1257: loss 1.9261, time 26.90ms, mfu 0.04%
iter 1258: loss 2.0076, time 28.04ms, mfu 0.04%
iter 1259: loss 1.9920, time 24.37ms, mfu 0.04%
iter 1260: loss 2.0131, time 27.06ms, mfu 0.04%
iter 1261: loss 2.0514, time 30.45ms, mfu 0.04%
iter 1262: loss 1.9584, time 27.80ms, mfu 0.04%
iter 1263: loss 1.8958, time 29.35ms, mfu 0.04%
iter 1264: loss 2.0200, time 26.71ms, mfu 0.04%
iter 1265: loss 1.9827, time 26.77ms, mfu 0.04%
iter 1266: loss 1.9164, time 26.60ms, mfu 0.04%
iter 1267: loss 1.9145, time 28.79ms, mfu 0.04%
iter 1268: loss 2.0381, time 25.92ms, mfu 0.04%
iter 1269: loss 2.0421, time 26.29ms, mfu 0.04%
iter 1270: loss 2.0045, time 26.35ms, mfu 0.04%
iter 1271: loss 2.0795, time 28.45ms, mfu 0.04%
iter 1272: loss 1.9195, time 31.56ms, mfu 0.04%
iter 1273: loss 1.9831, time 30.33ms, mfu 0.04%
iter 1274: loss 1.9809, time 32.20ms, mfu 0.03%
iter 1275: loss 1.9489, time 30.39ms, mfu 0.03%
iter 1276: loss 1.9273, time 26.52ms, mfu 0.03%
iter 1277: loss 2.0290, time 28.32ms, mfu 0.03%
iter 1278: loss 2.0410, time 29.07ms, mfu 0.03%
iter 1279: loss 1.9733, time 28.36ms, mfu 0.03%
iter 1280: loss 2.0132, time 31.08ms, mfu 0.03%
iter 1281: loss 2.0783, time 30.17ms, mfu 0.03%
iter 1282: loss 1.9617, time 32.85ms, mfu 0.03%
iter 1283: loss 1.9626, time 28.72ms, mfu 0.03%
iter 1284: loss 2.0182, time 25.49ms, mfu 0.03%
iter 1285: loss 2.0090, time 29.61ms, mfu 0.03%
iter 1286: loss 1.9601, time 28.39ms, mfu 0.03%
iter 1287: loss 1.9279, time 34.02ms, mfu 0.03%
iter 1288: loss 1.9858, time 33.12ms, mfu 0.03%
iter 1289: loss 1.9522, time 36.94ms, mfu 0.03%
iter 1290: loss 1.8392, time 34.64ms, mfu 0.03%
iter 1291: loss 1.9280, time 34.98ms, mfu 0.03%
iter 1292: loss 2.0812, time 27.70ms, mfu 0.03%
iter 1293: loss 1.9480, time 33.86ms, mfu 0.03%
iter 1294: loss 1.9283, time 31.91ms, mfu 0.03%
iter 1295: loss 1.9841, time 30.12ms, mfu 0.03%
iter 1296: loss 1.9948, time 26.94ms, mfu 0.03%
iter 1297: loss 1.9122, time 24.37ms, mfu 0.03%
iter 1298: loss 1.9430, time 26.77ms, mfu 0.03%
iter 1299: loss 1.9322, time 25.52ms, mfu 0.03%
iter 1300: loss 1.9182, time 23.64ms, mfu 0.03%
iter 1301: loss 1.8968, time 28.81ms, mfu 0.03%
iter 1302: loss 2.0190, time 23.76ms, mfu 0.04%
iter 1303: loss 1.9692, time 27.42ms, mfu 0.04%
iter 1304: loss 2.0000, time 26.29ms, mfu 0.04%
iter 1305: loss 1.9340, time 26.97ms, mfu 0.04%
iter 1306: loss 1.9263, time 25.12ms, mfu 0.04%
iter 1307: loss 1.9498, time 29.24ms, mfu 0.04%
iter 1308: loss 1.9378, time 26.90ms, mfu 0.04%
iter 1309: loss 1.8387, time 35.66ms, mfu 0.04%
iter 1310: loss 1.9801, time 31.33ms, mfu 0.03%
iter 1311: loss 1.9705, time 30.35ms, mfu 0.03%
iter 1312: loss 1.9361, time 31.85ms, mfu 0.03%
iter 1313: loss 1.9438, time 27.64ms, mfu 0.03%
iter 1314: loss 1.9322, time 25.56ms, mfu 0.03%
iter 1315: loss 1.9674, time 30.17ms, mfu 0.03%
iter 1316: loss 2.0047, time 29.94ms, mfu 0.03%
iter 1317: loss 1.8789, time 26.11ms, mfu 0.03%
iter 1318: loss 1.9132, time 27.65ms, mfu 0.03%
iter 1319: loss 1.8456, time 24.55ms, mfu 0.04%
iter 1320: loss 1.9889, time 24.61ms, mfu 0.04%
iter 1321: loss 1.9839, time 25.73ms, mfu 0.04%
iter 1322: loss 1.9416, time 25.00ms, mfu 0.04%
iter 1323: loss 1.9623, time 24.60ms, mfu 0.04%
iter 1324: loss 1.9837, time 27.43ms, mfu 0.04%
iter 1325: loss 2.0202, time 23.50ms, mfu 0.04%
iter 1326: loss 1.8434, time 26.53ms, mfu 0.04%
iter 1327: loss 2.0304, time 23.53ms, mfu 0.04%
iter 1328: loss 1.8716, time 28.34ms, mfu 0.04%
iter 1329: loss 1.9203, time 27.69ms, mfu 0.04%
iter 1330: loss 1.8948, time 26.09ms, mfu 0.04%
iter 1331: loss 1.9075, time 24.08ms, mfu 0.04%
iter 1332: loss 2.0369, time 25.63ms, mfu 0.04%
iter 1333: loss 1.9581, time 27.26ms, mfu 0.04%
iter 1334: loss 1.9496, time 24.00ms, mfu 0.04%
iter 1335: loss 1.9875, time 27.28ms, mfu 0.04%
iter 1336: loss 2.0253, time 25.14ms, mfu 0.04%
iter 1337: loss 1.8105, time 27.09ms, mfu 0.04%
iter 1338: loss 1.8914, time 27.60ms, mfu 0.04%
iter 1339: loss 1.8557, time 27.26ms, mfu 0.04%
iter 1340: loss 1.9370, time 24.20ms, mfu 0.04%
iter 1341: loss 1.9511, time 27.52ms, mfu 0.04%
iter 1342: loss 1.9523, time 24.92ms, mfu 0.04%
iter 1343: loss 1.9095, time 27.39ms, mfu 0.04%
iter 1344: loss 1.9751, time 26.09ms, mfu 0.04%
iter 1345: loss 1.9599, time 26.01ms, mfu 0.04%
iter 1346: loss 1.8437, time 29.01ms, mfu 0.04%
iter 1347: loss 1.8415, time 25.40ms, mfu 0.04%
iter 1348: loss 1.9710, time 26.40ms, mfu 0.04%
iter 1349: loss 1.9654, time 27.92ms, mfu 0.04%
iter 1350: loss 1.8557, time 23.13ms, mfu 0.04%
iter 1351: loss 1.9493, time 26.09ms, mfu 0.04%
iter 1352: loss 1.9827, time 27.45ms, mfu 0.04%
iter 1353: loss 1.9070, time 26.79ms, mfu 0.04%
iter 1354: loss 2.0325, time 26.05ms, mfu 0.04%
iter 1355: loss 1.8555, time 28.63ms, mfu 0.04%
iter 1356: loss 1.9658, time 28.82ms, mfu 0.04%
iter 1357: loss 2.0143, time 28.12ms, mfu 0.04%
iter 1358: loss 1.9428, time 28.79ms, mfu 0.04%
iter 1359: loss 1.9002, time 24.05ms, mfu 0.04%
iter 1360: loss 1.9650, time 26.57ms, mfu 0.04%
iter 1361: loss 1.9767, time 29.46ms, mfu 0.04%
iter 1362: loss 1.8955, time 29.62ms, mfu 0.04%
iter 1363: loss 2.0142, time 28.47ms, mfu 0.04%
iter 1364: loss 1.8715, time 25.77ms, mfu 0.04%
iter 1365: loss 1.9393, time 23.70ms, mfu 0.04%
iter 1366: loss 1.9820, time 28.08ms, mfu 0.04%
iter 1367: loss 1.9183, time 23.92ms, mfu 0.04%
iter 1368: loss 1.8618, time 24.96ms, mfu 0.04%
iter 1369: loss 1.8930, time 26.60ms, mfu 0.04%
iter 1370: loss 2.0392, time 31.08ms, mfu 0.04%
iter 1371: loss 2.0388, time 30.26ms, mfu 0.04%
iter 1372: loss 1.9621, time 28.51ms, mfu 0.04%
iter 1373: loss 1.9546, time 27.95ms, mfu 0.04%
iter 1374: loss 1.9218, time 23.77ms, mfu 0.04%
iter 1375: loss 1.9223, time 23.10ms, mfu 0.04%
iter 1376: loss 1.9036, time 31.65ms, mfu 0.04%
iter 1377: loss 1.9301, time 28.71ms, mfu 0.04%
iter 1378: loss 1.9272, time 27.35ms, mfu 0.04%
iter 1379: loss 1.9340, time 26.95ms, mfu 0.04%
iter 1380: loss 1.9164, time 26.28ms, mfu 0.04%
iter 1381: loss 1.8328, time 24.20ms, mfu 0.04%
iter 1382: loss 1.9134, time 26.16ms, mfu 0.04%
iter 1383: loss 1.8458, time 27.52ms, mfu 0.04%
iter 1384: loss 2.0108, time 25.23ms, mfu 0.04%
iter 1385: loss 1.9667, time 36.06ms, mfu 0.04%
iter 1386: loss 1.8732, time 28.43ms, mfu 0.04%
iter 1387: loss 1.9305, time 23.31ms, mfu 0.04%
iter 1388: loss 1.8783, time 29.78ms, mfu 0.04%
iter 1389: loss 1.9927, time 27.19ms, mfu 0.04%
iter 1390: loss 1.9411, time 25.50ms, mfu 0.04%
iter 1391: loss 1.8990, time 23.17ms, mfu 0.04%
iter 1392: loss 1.9129, time 26.47ms, mfu 0.04%
iter 1393: loss 2.0213, time 27.70ms, mfu 0.04%
iter 1394: loss 1.9173, time 26.31ms, mfu 0.04%
iter 1395: loss 1.9988, time 28.38ms, mfu 0.04%
iter 1396: loss 1.9361, time 26.01ms, mfu 0.04%
iter 1397: loss 2.0919, time 23.69ms, mfu 0.04%
iter 1398: loss 1.9549, time 27.51ms, mfu 0.04%
iter 1399: loss 1.8869, time 23.91ms, mfu 0.04%
iter 1400: loss 1.8849, time 25.39ms, mfu 0.04%
iter 1401: loss 1.8659, time 24.57ms, mfu 0.04%
iter 1402: loss 2.0432, time 24.50ms, mfu 0.04%
iter 1403: loss 1.8248, time 24.54ms, mfu 0.04%
iter 1404: loss 1.8802, time 25.69ms, mfu 0.04%
iter 1405: loss 1.9439, time 25.74ms, mfu 0.04%
iter 1406: loss 1.8426, time 27.59ms, mfu 0.04%
iter 1407: loss 1.8407, time 27.46ms, mfu 0.04%
iter 1408: loss 1.9002, time 26.51ms, mfu 0.04%
iter 1409: loss 1.8638, time 26.23ms, mfu 0.04%
iter 1410: loss 2.0436, time 25.48ms, mfu 0.04%
iter 1411: loss 1.9786, time 27.76ms, mfu 0.04%
iter 1412: loss 1.9004, time 25.57ms, mfu 0.04%
iter 1413: loss 1.9167, time 23.69ms, mfu 0.04%
iter 1414: loss 1.8861, time 25.72ms, mfu 0.04%
iter 1415: loss 1.9138, time 28.50ms, mfu 0.04%
iter 1416: loss 1.8609, time 27.79ms, mfu 0.04%
iter 1417: loss 1.8611, time 24.60ms, mfu 0.04%
iter 1418: loss 1.8929, time 29.66ms, mfu 0.04%
iter 1419: loss 1.8922, time 27.52ms, mfu 0.04%
iter 1420: loss 1.9627, time 26.26ms, mfu 0.04%
iter 1421: loss 1.8936, time 24.19ms, mfu 0.04%
iter 1422: loss 1.9469, time 28.72ms, mfu 0.04%
iter 1423: loss 1.8471, time 24.74ms, mfu 0.04%
iter 1424: loss 1.9138, time 28.65ms, mfu 0.04%
iter 1425: loss 1.9166, time 29.86ms, mfu 0.04%
iter 1426: loss 1.8519, time 29.62ms, mfu 0.04%
iter 1427: loss 1.9856, time 24.75ms, mfu 0.04%
iter 1428: loss 1.9670, time 25.42ms, mfu 0.04%
iter 1429: loss 1.9154, time 28.82ms, mfu 0.04%
iter 1430: loss 1.9432, time 29.34ms, mfu 0.04%
iter 1431: loss 1.8729, time 24.13ms, mfu 0.04%
iter 1432: loss 1.9799, time 25.61ms, mfu 0.04%
iter 1433: loss 1.8747, time 25.92ms, mfu 0.04%
iter 1434: loss 1.8838, time 28.90ms, mfu 0.04%
iter 1435: loss 1.8596, time 27.87ms, mfu 0.04%
iter 1436: loss 1.7590, time 25.80ms, mfu 0.04%
iter 1437: loss 1.8935, time 28.47ms, mfu 0.04%
iter 1438: loss 1.8560, time 24.78ms, mfu 0.04%
iter 1439: loss 1.8801, time 27.63ms, mfu 0.04%
iter 1440: loss 1.9013, time 27.03ms, mfu 0.04%
iter 1441: loss 1.9598, time 25.33ms, mfu 0.04%
iter 1442: loss 1.9917, time 26.87ms, mfu 0.04%
iter 1443: loss 1.8796, time 36.68ms, mfu 0.04%
iter 1444: loss 1.9650, time 27.87ms, mfu 0.04%
iter 1445: loss 1.9261, time 27.30ms, mfu 0.04%
iter 1446: loss 1.8586, time 27.26ms, mfu 0.04%
iter 1447: loss 1.9298, time 28.95ms, mfu 0.04%
iter 1448: loss 1.8721, time 23.64ms, mfu 0.04%
iter 1449: loss 1.9176, time 27.53ms, mfu 0.04%
iter 1450: loss 1.8221, time 26.45ms, mfu 0.04%
iter 1451: loss 1.7702, time 31.74ms, mfu 0.04%
iter 1452: loss 2.0280, time 27.62ms, mfu 0.04%
iter 1453: loss 1.9243, time 29.60ms, mfu 0.04%
iter 1454: loss 1.8477, time 26.30ms, mfu 0.04%
iter 1455: loss 1.7797, time 28.08ms, mfu 0.04%
iter 1456: loss 1.9026, time 25.03ms, mfu 0.04%
iter 1457: loss 1.9001, time 27.71ms, mfu 0.04%
iter 1458: loss 1.9315, time 25.33ms, mfu 0.04%
iter 1459: loss 2.0265, time 24.61ms, mfu 0.04%
iter 1460: loss 1.9404, time 28.53ms, mfu 0.04%
iter 1461: loss 1.8625, time 24.51ms, mfu 0.04%
iter 1462: loss 1.9737, time 29.26ms, mfu 0.04%
iter 1463: loss 1.9077, time 29.46ms, mfu 0.04%
iter 1464: loss 1.9503, time 25.76ms, mfu 0.04%
iter 1465: loss 1.8925, time 25.88ms, mfu 0.04%
iter 1466: loss 1.9357, time 27.99ms, mfu 0.04%
iter 1467: loss 1.8825, time 26.15ms, mfu 0.04%
iter 1468: loss 1.9503, time 28.53ms, mfu 0.04%
iter 1469: loss 1.8956, time 27.27ms, mfu 0.04%
iter 1470: loss 1.7960, time 27.07ms, mfu 0.04%
iter 1471: loss 1.8749, time 27.12ms, mfu 0.04%
iter 1472: loss 1.9870, time 27.02ms, mfu 0.04%
iter 1473: loss 1.8692, time 25.91ms, mfu 0.04%
iter 1474: loss 1.9832, time 24.20ms, mfu 0.04%
iter 1475: loss 1.9047, time 24.68ms, mfu 0.04%
iter 1476: loss 1.8276, time 25.68ms, mfu 0.04%
iter 1477: loss 1.8604, time 26.55ms, mfu 0.04%
iter 1478: loss 1.8480, time 27.17ms, mfu 0.04%
iter 1479: loss 1.9037, time 25.28ms, mfu 0.04%
iter 1480: loss 1.9066, time 27.57ms, mfu 0.04%
iter 1481: loss 1.8882, time 26.29ms, mfu 0.04%
iter 1482: loss 2.0562, time 26.97ms, mfu 0.04%
iter 1483: loss 1.7426, time 24.60ms, mfu 0.04%
iter 1484: loss 1.7995, time 26.51ms, mfu 0.04%
iter 1485: loss 1.8432, time 26.02ms, mfu 0.04%
iter 1486: loss 1.8388, time 24.76ms, mfu 0.04%
iter 1487: loss 1.9093, time 29.60ms, mfu 0.04%
iter 1488: loss 1.8947, time 25.88ms, mfu 0.04%
iter 1489: loss 1.9408, time 26.12ms, mfu 0.04%
iter 1490: loss 1.9009, time 26.83ms, mfu 0.04%
iter 1491: loss 1.9195, time 24.01ms, mfu 0.04%
iter 1492: loss 1.8742, time 25.86ms, mfu 0.04%
iter 1493: loss 1.9435, time 24.21ms, mfu 0.04%
iter 1494: loss 1.9166, time 26.32ms, mfu 0.04%
iter 1495: loss 1.9157, time 26.24ms, mfu 0.04%
iter 1496: loss 1.9154, time 26.74ms, mfu 0.04%
iter 1497: loss 1.8184, time 29.23ms, mfu 0.04%
iter 1498: loss 1.9337, time 28.05ms, mfu 0.04%
iter 1499: loss 1.8869, time 27.27ms, mfu 0.04%
step 1500: train loss 1.9012, val loss 1.9878
saving checkpoint to C:\Users\amitc\OneDrive\Desktop\Research\NanoGpt\nanoGPT\experiments\depth_ablation_4
iter 1500: loss 1.9605, time 360.93ms, mfu 0.03%
iter 1501: loss 1.8706, time 30.66ms, mfu 0.03%
iter 1502: loss 1.9011, time 29.61ms, mfu 0.03%
iter 1503: loss 1.8694, time 28.11ms, mfu 0.03%
iter 1504: loss 1.9384, time 30.33ms, mfu 0.03%
iter 1505: loss 1.9291, time 28.07ms, mfu 0.03%
iter 1506: loss 1.8703, time 28.95ms, mfu 0.03%
iter 1507: loss 1.9302, time 27.02ms, mfu 0.03%
iter 1508: loss 1.9249, time 25.22ms, mfu 0.03%
iter 1509: loss 1.9579, time 27.34ms, mfu 0.03%
iter 1510: loss 1.8681, time 24.42ms, mfu 0.04%
iter 1511: loss 1.9219, time 28.86ms, mfu 0.04%
iter 1512: loss 1.9275, time 27.65ms, mfu 0.04%
iter 1513: loss 1.8508, time 27.82ms, mfu 0.04%
iter 1514: loss 1.9862, time 27.35ms, mfu 0.04%
iter 1515: loss 1.8642, time 28.01ms, mfu 0.04%
iter 1516: loss 1.8884, time 25.63ms, mfu 0.04%
iter 1517: loss 1.9712, time 28.94ms, mfu 0.04%
iter 1518: loss 1.9937, time 27.83ms, mfu 0.04%
iter 1519: loss 1.9315, time 29.34ms, mfu 0.04%
iter 1520: loss 1.7979, time 29.77ms, mfu 0.04%
iter 1521: loss 1.8747, time 27.55ms, mfu 0.04%
iter 1522: loss 1.9625, time 25.41ms, mfu 0.04%
iter 1523: loss 1.9294, time 27.78ms, mfu 0.04%
iter 1524: loss 1.8662, time 30.72ms, mfu 0.04%
iter 1525: loss 2.0178, time 29.52ms, mfu 0.03%
iter 1526: loss 1.9411, time 25.89ms, mfu 0.04%
iter 1527: loss 1.9362, time 25.26ms, mfu 0.04%
iter 1528: loss 1.8624, time 27.08ms, mfu 0.04%
iter 1529: loss 1.8706, time 27.48ms, mfu 0.04%
iter 1530: loss 1.9077, time 27.17ms, mfu 0.04%
iter 1531: loss 1.9823, time 27.40ms, mfu 0.04%
iter 1532: loss 1.7071, time 27.50ms, mfu 0.04%
iter 1533: loss 1.9139, time 27.54ms, mfu 0.04%
iter 1534: loss 1.8901, time 27.73ms, mfu 0.04%
iter 1535: loss 1.8025, time 27.82ms, mfu 0.04%
iter 1536: loss 1.9281, time 28.59ms, mfu 0.04%
iter 1537: loss 1.8497, time 25.75ms, mfu 0.04%
iter 1538: loss 1.8562, time 29.00ms, mfu 0.04%
iter 1539: loss 1.8990, time 26.99ms, mfu 0.04%
iter 1540: loss 1.8251, time 26.59ms, mfu 0.04%
iter 1541: loss 1.9223, time 30.14ms, mfu 0.04%
iter 1542: loss 1.9254, time 28.33ms, mfu 0.04%
iter 1543: loss 1.8956, time 24.94ms, mfu 0.04%
iter 1544: loss 1.8787, time 24.33ms, mfu 0.04%
iter 1545: loss 1.9930, time 26.51ms, mfu 0.04%
iter 1546: loss 1.8480, time 24.28ms, mfu 0.04%
iter 1547: loss 1.8428, time 24.75ms, mfu 0.04%
iter 1548: loss 1.9850, time 26.36ms, mfu 0.04%
iter 1549: loss 1.9546, time 27.79ms, mfu 0.04%
iter 1550: loss 1.7468, time 28.27ms, mfu 0.04%
iter 1551: loss 1.9758, time 27.79ms, mfu 0.04%
iter 1552: loss 1.8495, time 23.97ms, mfu 0.04%
iter 1553: loss 1.9322, time 27.92ms, mfu 0.04%
iter 1554: loss 1.9341, time 26.35ms, mfu 0.04%
iter 1555: loss 1.9527, time 28.07ms, mfu 0.04%
iter 1556: loss 1.9093, time 26.75ms, mfu 0.04%
iter 1557: loss 1.8754, time 29.24ms, mfu 0.04%
iter 1558: loss 1.8982, time 28.13ms, mfu 0.04%
iter 1559: loss 1.9475, time 27.91ms, mfu 0.04%
iter 1560: loss 1.9090, time 25.83ms, mfu 0.04%
iter 1561: loss 1.8847, time 28.23ms, mfu 0.04%
iter 1562: loss 1.9758, time 27.01ms, mfu 0.04%
iter 1563: loss 1.9125, time 26.41ms, mfu 0.04%
iter 1564: loss 1.8604, time 28.73ms, mfu 0.04%
iter 1565: loss 1.8599, time 23.92ms, mfu 0.04%
iter 1566: loss 1.8423, time 26.13ms, mfu 0.04%
iter 1567: loss 2.0247, time 24.14ms, mfu 0.04%
iter 1568: loss 1.8889, time 23.61ms, mfu 0.04%
iter 1569: loss 1.9267, time 25.21ms, mfu 0.04%
iter 1570: loss 1.7830, time 28.58ms, mfu 0.04%
iter 1571: loss 1.9381, time 27.40ms, mfu 0.04%
iter 1572: loss 1.8579, time 26.52ms, mfu 0.04%
iter 1573: loss 1.9730, time 25.97ms, mfu 0.04%
iter 1574: loss 1.8848, time 26.64ms, mfu 0.04%
iter 1575: loss 1.7552, time 29.18ms, mfu 0.04%
iter 1576: loss 1.8360, time 23.36ms, mfu 0.04%
iter 1577: loss 1.8562, time 27.31ms, mfu 0.04%
iter 1578: loss 1.8616, time 26.05ms, mfu 0.04%
iter 1579: loss 1.8839, time 24.44ms, mfu 0.04%
iter 1580: loss 1.9082, time 28.04ms, mfu 0.04%
iter 1581: loss 1.9527, time 25.93ms, mfu 0.04%
iter 1582: loss 1.8414, time 26.06ms, mfu 0.04%
iter 1583: loss 1.9918, time 24.59ms, mfu 0.04%
iter 1584: loss 1.9278, time 23.63ms, mfu 0.04%
iter 1585: loss 1.8342, time 28.88ms, mfu 0.04%
iter 1586: loss 1.9119, time 25.23ms, mfu 0.04%
iter 1587: loss 1.8939, time 28.71ms, mfu 0.04%
iter 1588: loss 1.8512, time 30.52ms, mfu 0.04%
iter 1589: loss 1.8939, time 25.76ms, mfu 0.04%
iter 1590: loss 1.8758, time 25.25ms, mfu 0.04%
iter 1591: loss 2.0013, time 22.90ms, mfu 0.04%
iter 1592: loss 1.8381, time 28.50ms, mfu 0.04%
iter 1593: loss 1.9380, time 27.86ms, mfu 0.04%
iter 1594: loss 1.8156, time 26.01ms, mfu 0.04%
iter 1595: loss 1.9012, time 26.76ms, mfu 0.04%
iter 1596: loss 1.9314, time 29.16ms, mfu 0.04%
iter 1597: loss 1.8825, time 28.89ms, mfu 0.04%
iter 1598: loss 1.9497, time 28.47ms, mfu 0.04%
iter 1599: loss 1.8616, time 26.05ms, mfu 0.04%
iter 1600: loss 1.8635, time 23.93ms, mfu 0.04%
iter 1601: loss 1.8830, time 23.60ms, mfu 0.04%
iter 1602: loss 1.8530, time 24.68ms, mfu 0.04%
iter 1603: loss 1.8796, time 28.29ms, mfu 0.04%
iter 1604: loss 1.8468, time 25.55ms, mfu 0.04%
iter 1605: loss 1.7931, time 25.58ms, mfu 0.04%
iter 1606: loss 1.8127, time 27.46ms, mfu 0.04%
iter 1607: loss 1.8952, time 26.63ms, mfu 0.04%
iter 1608: loss 1.9548, time 27.57ms, mfu 0.04%
iter 1609: loss 1.8548, time 25.71ms, mfu 0.04%
iter 1610: loss 1.8877, time 26.97ms, mfu 0.04%
iter 1611: loss 1.7787, time 25.02ms, mfu 0.04%
iter 1612: loss 1.7801, time 27.50ms, mfu 0.04%
iter 1613: loss 1.7989, time 27.97ms, mfu 0.04%
iter 1614: loss 1.9366, time 26.95ms, mfu 0.04%
iter 1615: loss 1.9732, time 28.73ms, mfu 0.04%
iter 1616: loss 1.9183, time 25.81ms, mfu 0.04%
iter 1617: loss 1.8629, time 25.31ms, mfu 0.04%
iter 1618: loss 1.8488, time 27.61ms, mfu 0.04%
iter 1619: loss 1.9438, time 23.49ms, mfu 0.04%
iter 1620: loss 1.8358, time 29.14ms, mfu 0.04%
iter 1621: loss 1.8961, time 58.37ms, mfu 0.04%
iter 1622: loss 1.8491, time 31.06ms, mfu 0.03%
iter 1623: loss 1.8336, time 28.96ms, mfu 0.03%
iter 1624: loss 1.8911, time 29.64ms, mfu 0.03%
iter 1625: loss 1.8742, time 25.33ms, mfu 0.04%
iter 1626: loss 1.9365, time 28.67ms, mfu 0.03%
iter 1627: loss 1.8504, time 25.85ms, mfu 0.04%
iter 1628: loss 1.7815, time 27.82ms, mfu 0.04%
iter 1629: loss 1.8778, time 27.49ms, mfu 0.04%
iter 1630: loss 1.9824, time 25.79ms, mfu 0.04%
iter 1631: loss 1.9057, time 25.91ms, mfu 0.04%
iter 1632: loss 2.0276, time 26.21ms, mfu 0.04%
iter 1633: loss 1.8516, time 25.11ms, mfu 0.04%
iter 1634: loss 1.8497, time 29.73ms, mfu 0.04%
iter 1635: loss 1.7301, time 27.37ms, mfu 0.04%
iter 1636: loss 1.9288, time 25.98ms, mfu 0.04%
iter 1637: loss 1.8026, time 25.95ms, mfu 0.04%
iter 1638: loss 1.8989, time 25.81ms, mfu 0.04%
iter 1639: loss 1.9488, time 27.66ms, mfu 0.04%
iter 1640: loss 1.9393, time 24.40ms, mfu 0.04%
iter 1641: loss 1.8082, time 28.87ms, mfu 0.04%
iter 1642: loss 1.8680, time 26.73ms, mfu 0.04%
iter 1643: loss 1.9283, time 26.69ms, mfu 0.04%
iter 1644: loss 1.9148, time 27.14ms, mfu 0.04%
iter 1645: loss 1.9546, time 26.01ms, mfu 0.04%
iter 1646: loss 1.8564, time 25.81ms, mfu 0.04%
iter 1647: loss 1.9715, time 23.95ms, mfu 0.04%
iter 1648: loss 1.8963, time 27.41ms, mfu 0.04%
iter 1649: loss 1.7647, time 26.57ms, mfu 0.04%
iter 1650: loss 1.9046, time 26.37ms, mfu 0.04%
iter 1651: loss 1.7452, time 28.84ms, mfu 0.04%
iter 1652: loss 1.8078, time 26.71ms, mfu 0.04%
iter 1653: loss 1.8387, time 26.09ms, mfu 0.04%
iter 1654: loss 1.8202, time 27.53ms, mfu 0.04%
iter 1655: loss 1.8714, time 24.62ms, mfu 0.04%
iter 1656: loss 2.0051, time 29.03ms, mfu 0.04%
iter 1657: loss 1.9280, time 26.38ms, mfu 0.04%
iter 1658: loss 1.8888, time 23.29ms, mfu 0.04%
iter 1659: loss 1.7659, time 25.24ms, mfu 0.04%
iter 1660: loss 1.8649, time 29.28ms, mfu 0.04%
iter 1661: loss 1.8703, time 23.96ms, mfu 0.04%
iter 1662: loss 1.7794, time 29.01ms, mfu 0.04%
iter 1663: loss 1.8685, time 24.07ms, mfu 0.04%
iter 1664: loss 1.9148, time 25.50ms, mfu 0.04%
iter 1665: loss 1.9500, time 23.87ms, mfu 0.04%
iter 1666: loss 1.8784, time 24.53ms, mfu 0.04%
iter 1667: loss 1.8387, time 26.69ms, mfu 0.04%
iter 1668: loss 1.8749, time 26.10ms, mfu 0.04%
iter 1669: loss 1.8828, time 30.44ms, mfu 0.04%
iter 1670: loss 1.9168, time 30.75ms, mfu 0.04%
iter 1671: loss 1.9245, time 29.96ms, mfu 0.04%
iter 1672: loss 2.0119, time 30.42ms, mfu 0.04%
iter 1673: loss 1.8514, time 32.63ms, mfu 0.04%
iter 1674: loss 1.8402, time 27.35ms, mfu 0.04%
iter 1675: loss 1.9258, time 31.07ms, mfu 0.04%
iter 1676: loss 1.8765, time 28.31ms, mfu 0.04%
iter 1677: loss 1.8751, time 29.60ms, mfu 0.04%
iter 1678: loss 1.9238, time 25.78ms, mfu 0.04%
iter 1679: loss 1.9307, time 29.19ms, mfu 0.04%
iter 1680: loss 1.9055, time 29.93ms, mfu 0.03%
iter 1681: loss 1.8504, time 27.29ms, mfu 0.04%
iter 1682: loss 1.7898, time 22.94ms, mfu 0.04%
iter 1683: loss 1.9901, time 28.01ms, mfu 0.04%
iter 1684: loss 1.9949, time 26.76ms, mfu 0.04%
iter 1685: loss 1.8604, time 26.71ms, mfu 0.04%
iter 1686: loss 1.8477, time 27.04ms, mfu 0.04%
iter 1687: loss 1.8986, time 35.33ms, mfu 0.04%
iter 1688: loss 1.8674, time 33.58ms, mfu 0.03%
iter 1689: loss 1.8475, time 34.55ms, mfu 0.03%
iter 1690: loss 1.8523, time 28.54ms, mfu 0.03%
iter 1691: loss 1.8601, time 35.91ms, mfu 0.03%
iter 1692: loss 1.7979, time 30.37ms, mfu 0.03%
iter 1693: loss 1.8416, time 34.63ms, mfu 0.03%
iter 1694: loss 1.8467, time 28.48ms, mfu 0.03%
iter 1695: loss 1.8063, time 27.96ms, mfu 0.03%
iter 1696: loss 1.7327, time 26.93ms, mfu 0.03%
iter 1697: loss 1.8091, time 28.25ms, mfu 0.03%
iter 1698: loss 1.8475, time 24.14ms, mfu 0.03%
iter 1699: loss 1.8596, time 23.98ms, mfu 0.04%
iter 1700: loss 1.8384, time 26.48ms, mfu 0.04%
iter 1701: loss 1.8776, time 26.86ms, mfu 0.04%
iter 1702: loss 1.9014, time 26.65ms, mfu 0.04%
iter 1703: loss 1.9202, time 26.20ms, mfu 0.04%
iter 1704: loss 1.8020, time 25.12ms, mfu 0.04%
iter 1705: loss 1.9756, time 26.62ms, mfu 0.04%
iter 1706: loss 1.8614, time 32.16ms, mfu 0.04%
iter 1707: loss 1.8668, time 28.86ms, mfu 0.04%
iter 1708: loss 1.8561, time 26.00ms, mfu 0.04%
iter 1709: loss 1.8424, time 27.04ms, mfu 0.04%
iter 1710: loss 1.9641, time 26.64ms, mfu 0.04%
iter 1711: loss 1.8350, time 27.53ms, mfu 0.04%
iter 1712: loss 1.7961, time 28.03ms, mfu 0.04%
iter 1713: loss 1.7900, time 25.06ms, mfu 0.04%
iter 1714: loss 1.8567, time 26.51ms, mfu 0.04%
iter 1715: loss 1.7724, time 24.71ms, mfu 0.04%
iter 1716: loss 1.9254, time 26.48ms, mfu 0.04%
iter 1717: loss 1.7544, time 24.82ms, mfu 0.04%
iter 1718: loss 1.8762, time 25.01ms, mfu 0.04%
iter 1719: loss 1.8208, time 26.91ms, mfu 0.04%
iter 1720: loss 1.9184, time 23.87ms, mfu 0.04%
iter 1721: loss 1.8408, time 28.47ms, mfu 0.04%
iter 1722: loss 1.9193, time 24.18ms, mfu 0.04%
iter 1723: loss 1.8925, time 25.41ms, mfu 0.04%
iter 1724: loss 1.8909, time 23.72ms, mfu 0.04%
iter 1725: loss 1.8751, time 28.26ms, mfu 0.04%
iter 1726: loss 1.8389, time 27.67ms, mfu 0.04%
iter 1727: loss 1.8254, time 25.86ms, mfu 0.04%
iter 1728: loss 1.8839, time 23.75ms, mfu 0.04%
iter 1729: loss 1.9073, time 27.66ms, mfu 0.04%
iter 1730: loss 1.8277, time 24.02ms, mfu 0.04%
iter 1731: loss 1.8590, time 25.21ms, mfu 0.04%
iter 1732: loss 1.8854, time 28.16ms, mfu 0.04%
iter 1733: loss 1.7958, time 29.81ms, mfu 0.04%
iter 1734: loss 1.8882, time 26.34ms, mfu 0.04%
iter 1735: loss 1.8178, time 29.00ms, mfu 0.04%
iter 1736: loss 1.7789, time 26.65ms, mfu 0.04%
iter 1737: loss 1.9474, time 25.30ms, mfu 0.04%
iter 1738: loss 1.8241, time 26.97ms, mfu 0.04%
iter 1739: loss 1.8098, time 26.75ms, mfu 0.04%
iter 1740: loss 1.7748, time 28.65ms, mfu 0.04%
iter 1741: loss 1.8174, time 24.45ms, mfu 0.04%
iter 1742: loss 1.8637, time 26.71ms, mfu 0.04%
iter 1743: loss 1.8847, time 25.14ms, mfu 0.04%
iter 1744: loss 1.8829, time 26.75ms, mfu 0.04%
iter 1745: loss 1.8072, time 28.82ms, mfu 0.04%
iter 1746: loss 1.8818, time 25.97ms, mfu 0.04%
iter 1747: loss 1.7967, time 24.89ms, mfu 0.04%
iter 1748: loss 1.9076, time 26.38ms, mfu 0.04%
iter 1749: loss 1.9037, time 27.29ms, mfu 0.04%
step 1750: train loss 1.8586, val loss 1.9474
saving checkpoint to C:\Users\amitc\OneDrive\Desktop\Research\NanoGpt\nanoGPT\experiments\depth_ablation_4
iter 1750: loss 1.7470, time 346.16ms, mfu 0.03%
iter 1751: loss 1.8087, time 27.38ms, mfu 0.03%
iter 1752: loss 1.8449, time 25.92ms, mfu 0.03%
iter 1753: loss 1.8157, time 26.00ms, mfu 0.03%
iter 1754: loss 1.8839, time 23.75ms, mfu 0.04%
iter 1755: loss 1.7860, time 26.75ms, mfu 0.04%
iter 1756: loss 1.7619, time 28.22ms, mfu 0.04%
iter 1757: loss 1.8317, time 28.76ms, mfu 0.04%
iter 1758: loss 1.6901, time 30.50ms, mfu 0.04%
iter 1759: loss 1.8926, time 34.49ms, mfu 0.03%
iter 1760: loss 1.8994, time 29.08ms, mfu 0.03%
iter 1761: loss 1.8272, time 27.80ms, mfu 0.03%
iter 1762: loss 1.7780, time 26.67ms, mfu 0.03%
iter 1763: loss 1.8168, time 26.98ms, mfu 0.03%
iter 1764: loss 1.8657, time 24.95ms, mfu 0.04%
iter 1765: loss 1.8333, time 27.14ms, mfu 0.04%
iter 1766: loss 1.7600, time 28.24ms, mfu 0.04%
iter 1767: loss 1.8880, time 23.53ms, mfu 0.04%
iter 1768: loss 1.8535, time 27.38ms, mfu 0.04%
iter 1769: loss 1.9582, time 24.84ms, mfu 0.04%
iter 1770: loss 1.7779, time 27.44ms, mfu 0.04%
iter 1771: loss 1.9582, time 23.31ms, mfu 0.04%
iter 1772: loss 1.7173, time 28.52ms, mfu 0.04%
iter 1773: loss 1.8760, time 22.69ms, mfu 0.04%
iter 1774: loss 1.8357, time 30.39ms, mfu 0.04%
iter 1775: loss 1.8308, time 25.75ms, mfu 0.04%
iter 1776: loss 1.8402, time 26.82ms, mfu 0.04%
iter 1777: loss 1.8188, time 26.97ms, mfu 0.04%
iter 1778: loss 1.8746, time 25.65ms, mfu 0.04%
iter 1779: loss 1.7996, time 26.85ms, mfu 0.04%
iter 1780: loss 1.8291, time 30.02ms, mfu 0.04%
iter 1781: loss 1.7989, time 24.16ms, mfu 0.04%
iter 1782: loss 1.8019, time 28.10ms, mfu 0.04%
iter 1783: loss 1.8219, time 27.93ms, mfu 0.04%
iter 1784: loss 1.9380, time 26.06ms, mfu 0.04%
iter 1785: loss 1.9562, time 26.96ms, mfu 0.04%
iter 1786: loss 1.8392, time 28.94ms, mfu 0.04%
iter 1787: loss 1.8217, time 24.33ms, mfu 0.04%
iter 1788: loss 1.8851, time 26.67ms, mfu 0.04%
iter 1789: loss 1.7797, time 27.51ms, mfu 0.04%
iter 1790: loss 1.9989, time 24.01ms, mfu 0.04%
iter 1791: loss 1.7753, time 24.53ms, mfu 0.04%
iter 1792: loss 1.8348, time 24.44ms, mfu 0.04%
iter 1793: loss 1.8295, time 25.50ms, mfu 0.04%
iter 1794: loss 1.8386, time 28.60ms, mfu 0.04%
iter 1795: loss 1.8024, time 24.23ms, mfu 0.04%
iter 1796: loss 1.7782, time 27.41ms, mfu 0.04%
iter 1797: loss 1.9397, time 29.25ms, mfu 0.04%
iter 1798: loss 1.7641, time 26.87ms, mfu 0.04%
iter 1799: loss 1.8328, time 29.79ms, mfu 0.04%
iter 1800: loss 1.9888, time 28.79ms, mfu 0.04%
iter 1801: loss 1.9135, time 27.81ms, mfu 0.04%
iter 1802: loss 1.8161, time 29.30ms, mfu 0.04%
iter 1803: loss 1.8339, time 25.50ms, mfu 0.04%
iter 1804: loss 1.9125, time 24.49ms, mfu 0.04%
iter 1805: loss 1.8470, time 24.78ms, mfu 0.04%
iter 1806: loss 1.7983, time 25.88ms, mfu 0.04%
iter 1807: loss 1.8257, time 24.76ms, mfu 0.04%
iter 1808: loss 1.9096, time 26.82ms, mfu 0.04%
iter 1809: loss 1.8597, time 26.82ms, mfu 0.04%
iter 1810: loss 1.7955, time 26.23ms, mfu 0.04%
iter 1811: loss 1.8016, time 27.21ms, mfu 0.04%
iter 1812: loss 1.8318, time 25.90ms, mfu 0.04%
iter 1813: loss 1.8992, time 27.02ms, mfu 0.04%
iter 1814: loss 1.9334, time 29.61ms, mfu 0.04%
iter 1815: loss 1.8489, time 29.01ms, mfu 0.04%
iter 1816: loss 1.9026, time 22.61ms, mfu 0.04%
iter 1817: loss 1.7814, time 30.27ms, mfu 0.04%
iter 1818: loss 1.9026, time 25.06ms, mfu 0.04%
iter 1819: loss 1.7866, time 25.77ms, mfu 0.04%
iter 1820: loss 1.8917, time 25.98ms, mfu 0.04%
iter 1821: loss 1.8532, time 26.76ms, mfu 0.04%
iter 1822: loss 1.9007, time 25.61ms, mfu 0.04%
iter 1823: loss 1.7923, time 28.69ms, mfu 0.04%
iter 1824: loss 1.8172, time 26.98ms, mfu 0.04%
iter 1825: loss 1.9172, time 29.82ms, mfu 0.04%
iter 1826: loss 1.9587, time 28.13ms, mfu 0.04%
iter 1827: loss 1.8235, time 24.17ms, mfu 0.04%
iter 1828: loss 1.7749, time 25.86ms, mfu 0.04%
iter 1829: loss 1.7882, time 26.66ms, mfu 0.04%
iter 1830: loss 1.7817, time 28.05ms, mfu 0.04%
iter 1831: loss 1.8023, time 27.97ms, mfu 0.04%
iter 1832: loss 1.8106, time 25.88ms, mfu 0.04%
iter 1833: loss 1.8297, time 24.29ms, mfu 0.04%
iter 1834: loss 1.8327, time 27.35ms, mfu 0.04%
iter 1835: loss 1.8469, time 27.18ms, mfu 0.04%
iter 1836: loss 1.7891, time 29.80ms, mfu 0.04%
iter 1837: loss 1.8464, time 27.44ms, mfu 0.04%
iter 1838: loss 1.8382, time 28.64ms, mfu 0.04%
iter 1839: loss 1.8289, time 25.71ms, mfu 0.04%
iter 1840: loss 1.8422, time 26.30ms, mfu 0.04%
iter 1841: loss 1.8511, time 23.80ms, mfu 0.04%
iter 1842: loss 1.9019, time 23.17ms, mfu 0.04%
iter 1843: loss 1.7595, time 28.07ms, mfu 0.04%
iter 1844: loss 1.7707, time 28.55ms, mfu 0.04%
iter 1845: loss 1.8504, time 27.53ms, mfu 0.04%
iter 1846: loss 1.8517, time 24.61ms, mfu 0.04%
iter 1847: loss 1.9557, time 25.72ms, mfu 0.04%
iter 1848: loss 1.8929, time 25.18ms, mfu 0.04%
iter 1849: loss 1.9011, time 26.05ms, mfu 0.04%
iter 1850: loss 1.8275, time 26.49ms, mfu 0.04%
iter 1851: loss 1.8181, time 25.91ms, mfu 0.04%
iter 1852: loss 1.8055, time 26.52ms, mfu 0.04%
iter 1853: loss 1.7722, time 27.51ms, mfu 0.04%
iter 1854: loss 1.9220, time 28.84ms, mfu 0.04%
iter 1855: loss 1.7695, time 28.91ms, mfu 0.04%
iter 1856: loss 1.8223, time 25.30ms, mfu 0.04%
iter 1857: loss 1.8884, time 25.96ms, mfu 0.04%
iter 1858: loss 1.8366, time 28.01ms, mfu 0.04%
iter 1859: loss 1.9219, time 28.31ms, mfu 0.04%
iter 1860: loss 1.8462, time 27.80ms, mfu 0.04%
iter 1861: loss 1.8495, time 23.75ms, mfu 0.04%
iter 1862: loss 1.9019, time 25.76ms, mfu 0.04%
iter 1863: loss 1.7767, time 26.73ms, mfu 0.04%
iter 1864: loss 1.9136, time 27.73ms, mfu 0.04%
iter 1865: loss 1.8891, time 25.88ms, mfu 0.04%
iter 1866: loss 1.7329, time 28.00ms, mfu 0.04%
iter 1867: loss 1.8596, time 26.98ms, mfu 0.04%
iter 1868: loss 1.6921, time 28.65ms, mfu 0.04%
iter 1869: loss 1.8502, time 28.84ms, mfu 0.04%
iter 1870: loss 1.8041, time 27.71ms, mfu 0.04%
iter 1871: loss 1.8493, time 27.39ms, mfu 0.04%
iter 1872: loss 1.8807, time 28.23ms, mfu 0.04%
iter 1873: loss 1.8794, time 26.44ms, mfu 0.04%
iter 1874: loss 1.7523, time 49.76ms, mfu 0.03%
iter 1875: loss 1.8592, time 27.24ms, mfu 0.03%
iter 1876: loss 1.7640, time 23.62ms, mfu 0.04%
iter 1877: loss 1.8331, time 28.62ms, mfu 0.04%
iter 1878: loss 1.8542, time 26.04ms, mfu 0.04%
iter 1879: loss 1.8096, time 25.33ms, mfu 0.04%
iter 1880: loss 1.9179, time 27.86ms, mfu 0.04%
iter 1881: loss 1.8825, time 26.47ms, mfu 0.04%
iter 1882: loss 1.8662, time 28.20ms, mfu 0.04%
iter 1883: loss 1.8302, time 26.77ms, mfu 0.04%
iter 1884: loss 1.8483, time 30.05ms, mfu 0.04%
iter 1885: loss 1.8080, time 24.86ms, mfu 0.04%
iter 1886: loss 1.8778, time 28.93ms, mfu 0.04%
iter 1887: loss 1.8434, time 29.26ms, mfu 0.04%
iter 1888: loss 1.8812, time 29.13ms, mfu 0.04%
iter 1889: loss 1.7791, time 29.54ms, mfu 0.04%
iter 1890: loss 1.8549, time 24.04ms, mfu 0.04%
iter 1891: loss 1.8191, time 27.81ms, mfu 0.04%
iter 1892: loss 1.8694, time 25.23ms, mfu 0.04%
iter 1893: loss 1.8224, time 25.12ms, mfu 0.04%
iter 1894: loss 1.8557, time 27.75ms, mfu 0.04%
iter 1895: loss 1.7524, time 24.90ms, mfu 0.04%
iter 1896: loss 1.8439, time 28.17ms, mfu 0.04%
iter 1897: loss 1.8935, time 27.76ms, mfu 0.04%
iter 1898: loss 1.8275, time 23.57ms, mfu 0.04%
iter 1899: loss 1.7920, time 27.37ms, mfu 0.04%
iter 1900: loss 1.8677, time 24.71ms, mfu 0.04%
iter 1901: loss 1.7478, time 27.96ms, mfu 0.04%
iter 1902: loss 1.8694, time 24.28ms, mfu 0.04%
iter 1903: loss 1.8106, time 28.35ms, mfu 0.04%
iter 1904: loss 1.7194, time 27.29ms, mfu 0.04%
iter 1905: loss 1.8323, time 31.60ms, mfu 0.04%
iter 1906: loss 1.9337, time 28.09ms, mfu 0.04%
iter 1907: loss 1.7903, time 29.14ms, mfu 0.04%
iter 1908: loss 1.9246, time 29.72ms, mfu 0.04%
iter 1909: loss 1.9519, time 32.27ms, mfu 0.04%
iter 1910: loss 1.8625, time 27.91ms, mfu 0.04%
iter 1911: loss 1.8259, time 29.00ms, mfu 0.04%
iter 1912: loss 1.8662, time 30.11ms, mfu 0.03%
iter 1913: loss 1.8824, time 27.04ms, mfu 0.04%
iter 1914: loss 1.8482, time 29.00ms, mfu 0.03%
iter 1915: loss 1.8549, time 28.53ms, mfu 0.03%
iter 1916: loss 1.8961, time 30.78ms, mfu 0.03%
iter 1917: loss 1.8569, time 30.30ms, mfu 0.03%
iter 1918: loss 1.9351, time 28.94ms, mfu 0.03%
iter 1919: loss 1.7529, time 27.92ms, mfu 0.03%
iter 1920: loss 1.7349, time 29.25ms, mfu 0.03%
iter 1921: loss 1.7801, time 32.36ms, mfu 0.03%
iter 1922: loss 1.8989, time 32.71ms, mfu 0.03%
iter 1923: loss 1.8715, time 39.56ms, mfu 0.03%
iter 1924: loss 1.7793, time 35.12ms, mfu 0.03%
iter 1925: loss 1.7933, time 38.12ms, mfu 0.03%
iter 1926: loss 1.8904, time 26.89ms, mfu 0.03%
iter 1927: loss 1.9360, time 35.12ms, mfu 0.03%
iter 1928: loss 1.8571, time 28.53ms, mfu 0.03%
iter 1929: loss 1.7879, time 31.17ms, mfu 0.03%
iter 1930: loss 1.8628, time 26.91ms, mfu 0.03%
iter 1931: loss 1.8553, time 29.31ms, mfu 0.03%
iter 1932: loss 1.8302, time 26.69ms, mfu 0.03%
iter 1933: loss 1.8558, time 25.65ms, mfu 0.03%
iter 1934: loss 1.8305, time 30.84ms, mfu 0.03%
iter 1935: loss 1.7935, time 26.87ms, mfu 0.03%
iter 1936: loss 1.7915, time 24.73ms, mfu 0.03%
iter 1937: loss 1.8400, time 29.52ms, mfu 0.03%
iter 1938: loss 1.6902, time 28.60ms, mfu 0.03%
iter 1939: loss 1.8567, time 27.88ms, mfu 0.03%
iter 1940: loss 1.8128, time 24.35ms, mfu 0.03%
iter 1941: loss 1.8368, time 24.89ms, mfu 0.04%
iter 1942: loss 1.9189, time 27.45ms, mfu 0.04%
iter 1943: loss 1.8710, time 25.40ms, mfu 0.04%
iter 1944: loss 1.9402, time 27.27ms, mfu 0.04%
iter 1945: loss 1.8069, time 36.35ms, mfu 0.03%
iter 1946: loss 1.8489, time 28.37ms, mfu 0.03%
iter 1947: loss 1.7910, time 30.29ms, mfu 0.03%
iter 1948: loss 1.8511, time 31.31ms, mfu 0.03%
iter 1949: loss 1.9623, time 30.35ms, mfu 0.03%
iter 1950: loss 1.8381, time 26.17ms, mfu 0.03%
iter 1951: loss 1.8345, time 29.02ms, mfu 0.03%
iter 1952: loss 1.9085, time 29.50ms, mfu 0.03%
iter 1953: loss 2.0104, time 24.35ms, mfu 0.04%
iter 1954: loss 1.7600, time 23.93ms, mfu 0.04%
iter 1955: loss 1.7355, time 27.68ms, mfu 0.04%
iter 1956: loss 1.8227, time 28.06ms, mfu 0.04%
iter 1957: loss 1.8770, time 27.05ms, mfu 0.04%
iter 1958: loss 1.8879, time 24.20ms, mfu 0.04%
iter 1959: loss 1.8595, time 27.57ms, mfu 0.04%
iter 1960: loss 1.7671, time 28.22ms, mfu 0.04%
iter 1961: loss 1.9041, time 30.68ms, mfu 0.04%
iter 1962: loss 1.8564, time 29.70ms, mfu 0.04%
iter 1963: loss 1.8745, time 29.68ms, mfu 0.04%
iter 1964: loss 1.7960, time 26.55ms, mfu 0.04%
iter 1965: loss 1.8694, time 30.48ms, mfu 0.04%
iter 1966: loss 1.7871, time 29.89ms, mfu 0.03%
iter 1967: loss 1.8188, time 26.99ms, mfu 0.04%
iter 1968: loss 1.9395, time 22.74ms, mfu 0.04%
iter 1969: loss 1.8494, time 26.01ms, mfu 0.04%
iter 1970: loss 1.7919, time 24.94ms, mfu 0.04%
iter 1971: loss 1.7700, time 23.02ms, mfu 0.04%
iter 1972: loss 1.8544, time 27.70ms, mfu 0.04%
iter 1973: loss 1.8574, time 28.12ms, mfu 0.04%
iter 1974: loss 1.8567, time 25.24ms, mfu 0.04%
iter 1975: loss 1.8518, time 25.30ms, mfu 0.04%
iter 1976: loss 1.7827, time 22.10ms, mfu 0.04%
iter 1977: loss 1.8553, time 22.65ms, mfu 0.04%
iter 1978: loss 1.8559, time 27.14ms, mfu 0.04%
iter 1979: loss 1.8522, time 28.64ms, mfu 0.04%
iter 1980: loss 1.8704, time 26.15ms, mfu 0.04%
iter 1981: loss 1.9451, time 29.43ms, mfu 0.04%
iter 1982: loss 1.9113, time 25.07ms, mfu 0.04%
iter 1983: loss 1.8859, time 25.54ms, mfu 0.04%
iter 1984: loss 1.7182, time 24.60ms, mfu 0.04%
iter 1985: loss 1.7980, time 25.57ms, mfu 0.04%
iter 1986: loss 1.7746, time 26.63ms, mfu 0.04%
iter 1987: loss 1.7961, time 27.34ms, mfu 0.04%
iter 1988: loss 1.7391, time 28.16ms, mfu 0.04%
iter 1989: loss 1.8274, time 29.85ms, mfu 0.04%
iter 1990: loss 1.8177, time 27.45ms, mfu 0.04%
iter 1991: loss 1.7775, time 24.75ms, mfu 0.04%
iter 1992: loss 1.7942, time 27.67ms, mfu 0.04%
iter 1993: loss 1.8049, time 25.76ms, mfu 0.04%
iter 1994: loss 1.8164, time 28.25ms, mfu 0.04%
iter 1995: loss 1.8787, time 24.18ms, mfu 0.04%
iter 1996: loss 1.9802, time 27.81ms, mfu 0.04%
iter 1997: loss 1.7952, time 23.78ms, mfu 0.04%
iter 1998: loss 1.8207, time 26.54ms, mfu 0.04%
iter 1999: loss 1.9008, time 26.25ms, mfu 0.04%
step 2000: train loss 1.8489, val loss 1.9357
saving checkpoint to C:\Users\amitc\OneDrive\Desktop\Research\NanoGpt\nanoGPT\experiments\depth_ablation_4
iter 2000: loss 1.8667, time 351.44ms, mfu 0.03%
