Overriding config with .\config\train_shakespeare_char.py:
# train a miniature character-level shakespeare model
# good for debugging and playing on macbooks and such

out_dir = 'out-shakespeare-char'
eval_interval = 250 # keep frequent because we'll overfit
eval_iters = 200
log_interval = 10 # don't print too too often

# we expect to overfit on this small dataset, so only save when val improves
always_save_checkpoint = False

wandb_log = False # override via command line if you like
wandb_project = 'shakespeare-char'
wandb_run_name = 'mini-gpt'

dataset = 'shakespeare_char'
gradient_accumulation_steps = 1
batch_size = 64
block_size = 256 # context of up to 256 previous characters

# baby GPT model :)
n_layer = 6
n_head = 6
n_embd = 384
dropout = 0.2

learning_rate = 1e-3 # with baby networks can afford to go a bit higher
max_iters = 5000
lr_decay_iters = 5000 # make equal to max_iters usually
min_lr = 1e-4 # learning_rate / 10 usually
beta2 = 0.99 # make a bit bigger because number of tokens per iter is small

warmup_iters = 100 # not super necessary potentially

# on macbook also add
# device = 'cpu'  # run on cpu only
# compile = False # do not torch compile the model

Overriding: device = cpu
Overriding: compile = False
Overriding: init_from = scratch
Overriding: eval_iters = 20
Overriding: log_interval = 1
Overriding: block_size = 64
Overriding: batch_size = 12
Overriding: n_layer = 2
Overriding: n_head = 8
Overriding: n_embd = 112
Overriding: max_iters = 2000
Overriding: lr_decay_iters = 2000
Overriding: dropout = 0.0
Overriding: out_dir = C:\Users\amitc\OneDrive\Desktop\Research\NanoGpt\nanoGPT\experiments\attention_ablation_8
tokens per iteration will be: 768
found vocab_size = 65 (inside data\shakespeare_char\meta.pkl)
Initializing a new model from scratch
number of parameters: 0.31M
C:\Users\amitc\OneDrive\Desktop\Research\NanoGpt\nanoGPT\train.py:196: FutureWarning: `torch.cuda.amp.GradScaler(args...)` is deprecated. Please use `torch.amp.GradScaler('cuda', args...)` instead.
  scaler = torch.cuda.amp.GradScaler(enabled=(dtype == 'float16'))
C:\Users\amitc\AppData\Roaming\Python\Python314\site-packages\torch\cuda\amp\grad_scaler.py:31: UserWarning: torch.cuda.amp.GradScaler is enabled, but CUDA is not available.  Disabling.
  super().__init__(
num decayed parameter tensors: 10, with 315,504 parameters
num non-decayed parameter tensors: 5, with 560 parameters
using fused AdamW: False
step 0: train loss 4.2051, val loss 4.2040
iter 0: loss 4.1939, time 464.96ms, mfu -100.00%
iter 1: loss 4.1992, time 28.46ms, mfu -100.00%
iter 2: loss 4.1986, time 30.22ms, mfu -100.00%
iter 3: loss 4.1729, time 28.54ms, mfu -100.00%
iter 4: loss 4.1726, time 26.26ms, mfu -100.00%
iter 5: loss 4.1242, time 27.36ms, mfu 0.02%
iter 6: loss 4.0975, time 27.64ms, mfu 0.02%
iter 7: loss 4.0642, time 27.85ms, mfu 0.02%
iter 8: loss 4.0070, time 25.55ms, mfu 0.02%
iter 9: loss 3.9823, time 29.72ms, mfu 0.02%
iter 10: loss 3.9068, time 26.61ms, mfu 0.02%
iter 11: loss 3.8858, time 31.31ms, mfu 0.02%
iter 12: loss 3.8652, time 26.26ms, mfu 0.02%
iter 13: loss 3.8316, time 31.17ms, mfu 0.02%
iter 14: loss 3.7902, time 30.47ms, mfu 0.02%
iter 15: loss 3.8198, time 25.70ms, mfu 0.02%
iter 16: loss 3.7498, time 24.93ms, mfu 0.02%
iter 17: loss 3.7593, time 30.83ms, mfu 0.02%
iter 18: loss 3.7143, time 26.92ms, mfu 0.02%
iter 19: loss 3.7350, time 26.13ms, mfu 0.02%
iter 20: loss 3.6910, time 25.03ms, mfu 0.02%
iter 21: loss 3.6987, time 24.75ms, mfu 0.02%
iter 22: loss 3.6680, time 25.01ms, mfu 0.02%
iter 23: loss 3.6350, time 26.47ms, mfu 0.02%
iter 24: loss 3.6265, time 26.88ms, mfu 0.02%
iter 25: loss 3.5806, time 24.80ms, mfu 0.02%
iter 26: loss 3.6072, time 26.97ms, mfu 0.02%
iter 27: loss 3.6768, time 32.60ms, mfu 0.02%
iter 28: loss 3.4851, time 27.49ms, mfu 0.02%
iter 29: loss 3.4991, time 26.40ms, mfu 0.02%
iter 30: loss 3.4686, time 31.56ms, mfu 0.02%
iter 31: loss 3.4156, time 26.00ms, mfu 0.02%
iter 32: loss 3.3945, time 26.58ms, mfu 0.02%
iter 33: loss 3.3446, time 30.63ms, mfu 0.02%
iter 34: loss 3.3748, time 25.08ms, mfu 0.02%
iter 35: loss 3.3317, time 27.83ms, mfu 0.02%
iter 36: loss 3.2538, time 47.18ms, mfu 0.02%
iter 37: loss 3.2426, time 42.11ms, mfu 0.02%
iter 38: loss 3.2586, time 49.60ms, mfu 0.02%
iter 39: loss 3.2207, time 37.20ms, mfu 0.02%
iter 40: loss 3.2448, time 51.91ms, mfu 0.02%
iter 41: loss 3.1851, time 27.96ms, mfu 0.02%
iter 42: loss 3.1837, time 26.30ms, mfu 0.02%
iter 43: loss 3.2151, time 24.47ms, mfu 0.02%
iter 44: loss 3.1508, time 24.53ms, mfu 0.02%
iter 45: loss 3.1119, time 24.60ms, mfu 0.02%
iter 46: loss 3.1155, time 24.68ms, mfu 0.02%
iter 47: loss 3.0683, time 47.35ms, mfu 0.02%
iter 48: loss 3.0873, time 27.93ms, mfu 0.02%
iter 49: loss 3.0246, time 28.00ms, mfu 0.02%
iter 50: loss 3.0097, time 26.23ms, mfu 0.02%
iter 51: loss 2.9813, time 29.21ms, mfu 0.02%
iter 52: loss 3.0290, time 28.94ms, mfu 0.02%
iter 53: loss 3.0513, time 25.76ms, mfu 0.02%
iter 54: loss 2.9710, time 25.16ms, mfu 0.02%
iter 55: loss 2.9489, time 27.77ms, mfu 0.02%
iter 56: loss 2.9173, time 25.01ms, mfu 0.02%
iter 57: loss 2.9156, time 25.56ms, mfu 0.02%
iter 58: loss 2.9301, time 25.39ms, mfu 0.02%
iter 59: loss 2.8572, time 27.62ms, mfu 0.02%
iter 60: loss 2.8813, time 28.66ms, mfu 0.02%
iter 61: loss 2.8493, time 27.15ms, mfu 0.02%
iter 62: loss 2.8136, time 25.64ms, mfu 0.02%
iter 63: loss 2.8714, time 26.45ms, mfu 0.02%
iter 64: loss 2.8710, time 27.06ms, mfu 0.02%
iter 65: loss 2.8801, time 27.19ms, mfu 0.02%
iter 66: loss 2.8556, time 28.72ms, mfu 0.02%
iter 67: loss 2.7759, time 27.02ms, mfu 0.02%
iter 68: loss 2.8224, time 25.32ms, mfu 0.02%
iter 69: loss 2.7578, time 26.92ms, mfu 0.02%
iter 70: loss 2.7657, time 26.77ms, mfu 0.02%
iter 71: loss 2.7234, time 25.58ms, mfu 0.02%
iter 72: loss 2.7829, time 30.77ms, mfu 0.02%
iter 73: loss 2.7631, time 28.29ms, mfu 0.02%
iter 74: loss 2.7556, time 25.43ms, mfu 0.02%
iter 75: loss 2.7668, time 27.00ms, mfu 0.02%
iter 76: loss 2.7787, time 25.29ms, mfu 0.02%
iter 77: loss 2.7019, time 22.55ms, mfu 0.02%
iter 78: loss 2.7474, time 24.99ms, mfu 0.02%
iter 79: loss 2.6574, time 27.05ms, mfu 0.02%
iter 80: loss 2.6991, time 44.41ms, mfu 0.02%
iter 81: loss 2.7673, time 35.46ms, mfu 0.02%
iter 82: loss 2.6541, time 22.60ms, mfu 0.02%
iter 83: loss 2.6735, time 20.62ms, mfu 0.02%
iter 84: loss 2.6524, time 20.70ms, mfu 0.02%
iter 85: loss 2.6674, time 20.03ms, mfu 0.02%
iter 86: loss 2.7058, time 21.49ms, mfu 0.02%
iter 87: loss 2.6896, time 20.55ms, mfu 0.02%
iter 88: loss 2.6252, time 22.05ms, mfu 0.02%
iter 89: loss 2.6884, time 21.03ms, mfu 0.02%
iter 90: loss 2.6606, time 21.54ms, mfu 0.02%
iter 91: loss 2.5987, time 20.91ms, mfu 0.02%
iter 92: loss 2.6078, time 20.83ms, mfu 0.02%
iter 93: loss 2.7167, time 20.91ms, mfu 0.02%
iter 94: loss 2.6727, time 20.24ms, mfu 0.02%
iter 95: loss 2.6329, time 20.66ms, mfu 0.02%
iter 96: loss 2.6488, time 19.76ms, mfu 0.02%
iter 97: loss 2.6467, time 19.98ms, mfu 0.02%
iter 98: loss 2.6093, time 20.21ms, mfu 0.02%
iter 99: loss 2.6147, time 19.13ms, mfu 0.02%
iter 100: loss 2.6148, time 19.98ms, mfu 0.02%
iter 101: loss 2.5875, time 22.32ms, mfu 0.02%
iter 102: loss 2.6524, time 19.59ms, mfu 0.02%
iter 103: loss 2.5910, time 19.85ms, mfu 0.02%
iter 104: loss 2.5929, time 19.02ms, mfu 0.02%
iter 105: loss 2.5758, time 19.52ms, mfu 0.02%
iter 106: loss 2.6209, time 19.10ms, mfu 0.02%
iter 107: loss 2.6274, time 18.36ms, mfu 0.02%
iter 108: loss 2.6358, time 18.76ms, mfu 0.02%
iter 109: loss 2.6562, time 17.78ms, mfu 0.03%
iter 110: loss 2.6531, time 19.83ms, mfu 0.03%
iter 111: loss 2.6249, time 19.10ms, mfu 0.03%
iter 112: loss 2.5813, time 20.08ms, mfu 0.03%
iter 113: loss 2.5414, time 19.66ms, mfu 0.03%
iter 114: loss 2.5791, time 21.22ms, mfu 0.03%
iter 115: loss 2.6070, time 20.42ms, mfu 0.02%
iter 116: loss 2.5914, time 19.22ms, mfu 0.03%
iter 117: loss 2.4909, time 19.90ms, mfu 0.03%
iter 118: loss 2.5913, time 18.75ms, mfu 0.03%
iter 119: loss 2.5284, time 19.88ms, mfu 0.03%
iter 120: loss 2.6067, time 22.06ms, mfu 0.02%
iter 121: loss 2.5202, time 18.61ms, mfu 0.03%
iter 122: loss 2.6239, time 19.14ms, mfu 0.03%
iter 123: loss 2.5574, time 18.91ms, mfu 0.03%
iter 124: loss 2.5323, time 20.10ms, mfu 0.03%
iter 125: loss 2.5761, time 20.11ms, mfu 0.03%
iter 126: loss 2.5307, time 19.62ms, mfu 0.03%
iter 127: loss 2.6529, time 21.02ms, mfu 0.03%
iter 128: loss 2.5110, time 23.37ms, mfu 0.02%
iter 129: loss 2.5621, time 24.51ms, mfu 0.02%
iter 130: loss 2.5176, time 18.93ms, mfu 0.02%
iter 131: loss 2.6175, time 16.89ms, mfu 0.02%
iter 132: loss 2.5377, time 19.64ms, mfu 0.03%
iter 133: loss 2.5667, time 19.99ms, mfu 0.03%
iter 134: loss 2.5423, time 20.22ms, mfu 0.02%
iter 135: loss 2.5156, time 17.78ms, mfu 0.03%
iter 136: loss 2.5170, time 18.32ms, mfu 0.03%
iter 137: loss 2.6007, time 17.69ms, mfu 0.03%
iter 138: loss 2.5625, time 19.15ms, mfu 0.03%
iter 139: loss 2.5494, time 18.13ms, mfu 0.03%
iter 140: loss 2.4599, time 18.55ms, mfu 0.03%
iter 141: loss 2.5273, time 18.79ms, mfu 0.03%
iter 142: loss 2.4641, time 18.24ms, mfu 0.03%
iter 143: loss 2.5872, time 18.64ms, mfu 0.03%
iter 144: loss 2.6194, time 18.95ms, mfu 0.03%
iter 145: loss 2.5392, time 18.55ms, mfu 0.03%
iter 146: loss 2.5654, time 18.38ms, mfu 0.03%
iter 147: loss 2.4970, time 18.31ms, mfu 0.03%
iter 148: loss 2.5635, time 19.98ms, mfu 0.03%
iter 149: loss 2.5809, time 18.71ms, mfu 0.03%
iter 150: loss 2.5667, time 20.97ms, mfu 0.03%
iter 151: loss 2.4344, time 19.59ms, mfu 0.03%
iter 152: loss 2.5538, time 19.13ms, mfu 0.03%
iter 153: loss 2.5401, time 19.64ms, mfu 0.03%
iter 154: loss 2.5587, time 19.27ms, mfu 0.03%
iter 155: loss 2.6046, time 20.00ms, mfu 0.03%
iter 156: loss 2.4066, time 21.04ms, mfu 0.03%
iter 157: loss 2.5028, time 20.93ms, mfu 0.03%
iter 158: loss 2.5096, time 20.25ms, mfu 0.03%
iter 159: loss 2.6139, time 19.70ms, mfu 0.03%
iter 160: loss 2.4592, time 18.11ms, mfu 0.03%
iter 161: loss 2.4893, time 18.73ms, mfu 0.03%
iter 162: loss 2.5213, time 19.11ms, mfu 0.03%
iter 163: loss 2.5357, time 18.37ms, mfu 0.03%
iter 164: loss 2.4916, time 18.87ms, mfu 0.03%
iter 165: loss 2.5348, time 18.21ms, mfu 0.03%
iter 166: loss 2.5471, time 19.59ms, mfu 0.03%
iter 167: loss 2.4725, time 19.59ms, mfu 0.03%
iter 168: loss 2.5894, time 17.23ms, mfu 0.03%
iter 169: loss 2.5247, time 17.91ms, mfu 0.03%
iter 170: loss 2.4937, time 18.52ms, mfu 0.03%
iter 171: loss 2.5433, time 17.39ms, mfu 0.03%
iter 172: loss 2.5227, time 19.12ms, mfu 0.03%
iter 173: loss 2.4954, time 19.82ms, mfu 0.03%
iter 174: loss 2.5053, time 17.23ms, mfu 0.03%
iter 175: loss 2.5057, time 18.15ms, mfu 0.03%
iter 176: loss 2.4983, time 18.47ms, mfu 0.03%
iter 177: loss 2.4453, time 18.52ms, mfu 0.03%
iter 178: loss 2.5375, time 18.27ms, mfu 0.03%
iter 179: loss 2.5773, time 18.72ms, mfu 0.03%
iter 180: loss 2.5054, time 18.46ms, mfu 0.03%
iter 181: loss 2.5244, time 18.35ms, mfu 0.03%
iter 182: loss 2.4753, time 18.27ms, mfu 0.03%
iter 183: loss 2.4702, time 19.75ms, mfu 0.03%
iter 184: loss 2.5231, time 18.38ms, mfu 0.03%
iter 185: loss 2.5990, time 18.67ms, mfu 0.03%
iter 186: loss 2.4682, time 17.94ms, mfu 0.03%
iter 187: loss 2.5033, time 17.96ms, mfu 0.03%
iter 188: loss 2.4809, time 18.27ms, mfu 0.03%
iter 189: loss 2.4853, time 18.97ms, mfu 0.03%
iter 190: loss 2.4503, time 18.21ms, mfu 0.03%
iter 191: loss 2.4792, time 17.85ms, mfu 0.03%
iter 192: loss 2.6122, time 19.34ms, mfu 0.03%
iter 193: loss 2.4379, time 17.96ms, mfu 0.03%
iter 194: loss 2.3955, time 21.33ms, mfu 0.03%
iter 195: loss 2.5006, time 18.90ms, mfu 0.03%
iter 196: loss 2.4436, time 17.78ms, mfu 0.03%
iter 197: loss 2.3946, time 18.24ms, mfu 0.03%
iter 198: loss 2.4926, time 20.43ms, mfu 0.03%
iter 199: loss 2.4462, time 19.18ms, mfu 0.03%
iter 200: loss 2.4201, time 20.00ms, mfu 0.03%
iter 201: loss 2.4467, time 20.98ms, mfu 0.03%
iter 202: loss 2.4474, time 19.71ms, mfu 0.03%
iter 203: loss 2.5582, time 19.34ms, mfu 0.03%
iter 204: loss 2.4931, time 19.36ms, mfu 0.03%
iter 205: loss 2.5123, time 20.03ms, mfu 0.03%
iter 206: loss 2.4875, time 19.61ms, mfu 0.03%
iter 207: loss 2.5155, time 20.37ms, mfu 0.03%
iter 208: loss 2.5060, time 19.43ms, mfu 0.03%
iter 209: loss 2.4452, time 19.47ms, mfu 0.03%
iter 210: loss 2.4772, time 19.78ms, mfu 0.03%
iter 211: loss 2.4431, time 19.19ms, mfu 0.03%
iter 212: loss 2.4425, time 19.38ms, mfu 0.03%
iter 213: loss 2.4232, time 18.40ms, mfu 0.03%
iter 214: loss 2.5432, time 18.69ms, mfu 0.03%
iter 215: loss 2.4834, time 19.23ms, mfu 0.03%
iter 216: loss 2.5218, time 18.82ms, mfu 0.03%
iter 217: loss 2.4421, time 18.27ms, mfu 0.03%
iter 218: loss 2.3503, time 19.11ms, mfu 0.03%
iter 219: loss 2.4145, time 19.33ms, mfu 0.03%
iter 220: loss 2.4006, time 17.01ms, mfu 0.03%
iter 221: loss 2.4135, time 19.88ms, mfu 0.03%
iter 222: loss 2.4132, time 18.09ms, mfu 0.03%
iter 223: loss 2.4486, time 18.35ms, mfu 0.03%
iter 224: loss 2.4425, time 18.31ms, mfu 0.03%
iter 225: loss 2.4808, time 17.93ms, mfu 0.03%
iter 226: loss 2.3608, time 18.97ms, mfu 0.03%
iter 227: loss 2.4666, time 19.15ms, mfu 0.03%
iter 228: loss 2.4524, time 23.92ms, mfu 0.03%
iter 229: loss 2.4544, time 19.36ms, mfu 0.03%
iter 230: loss 2.4900, time 18.24ms, mfu 0.03%
iter 231: loss 2.4886, time 32.76ms, mfu 0.03%
iter 232: loss 2.4345, time 19.47ms, mfu 0.03%
iter 233: loss 2.4864, time 18.42ms, mfu 0.03%
iter 234: loss 2.6010, time 18.86ms, mfu 0.03%
iter 235: loss 2.4300, time 18.91ms, mfu 0.03%
iter 236: loss 2.5068, time 19.83ms, mfu 0.03%
iter 237: loss 2.4523, time 19.93ms, mfu 0.03%
iter 238: loss 2.5195, time 18.98ms, mfu 0.03%
iter 239: loss 2.4478, time 19.29ms, mfu 0.03%
iter 240: loss 2.4834, time 18.93ms, mfu 0.03%
iter 241: loss 2.5467, time 18.67ms, mfu 0.03%
iter 242: loss 2.5236, time 18.74ms, mfu 0.03%
iter 243: loss 2.5192, time 18.77ms, mfu 0.03%
iter 244: loss 2.5124, time 18.40ms, mfu 0.03%
iter 245: loss 2.3868, time 19.21ms, mfu 0.03%
iter 246: loss 2.4767, time 19.47ms, mfu 0.03%
iter 247: loss 2.4738, time 18.89ms, mfu 0.03%
iter 248: loss 2.4346, time 17.86ms, mfu 0.03%
iter 249: loss 2.4988, time 20.02ms, mfu 0.03%
step 250: train loss 2.4774, val loss 2.4832
saving checkpoint to C:\Users\amitc\OneDrive\Desktop\Research\NanoGpt\nanoGPT\experiments\attention_ablation_8
iter 250: loss 2.4271, time 274.22ms, mfu 0.02%
iter 251: loss 2.4608, time 18.39ms, mfu 0.02%
iter 252: loss 2.4628, time 18.45ms, mfu 0.02%
iter 253: loss 2.4725, time 20.48ms, mfu 0.02%
iter 254: loss 2.5202, time 19.66ms, mfu 0.02%
iter 255: loss 2.4660, time 18.70ms, mfu 0.02%
iter 256: loss 2.4736, time 20.08ms, mfu 0.02%
iter 257: loss 2.4636, time 19.76ms, mfu 0.02%
iter 258: loss 2.3738, time 18.99ms, mfu 0.02%
iter 259: loss 2.3932, time 18.76ms, mfu 0.03%
iter 260: loss 2.4177, time 18.75ms, mfu 0.03%
iter 261: loss 2.4160, time 17.76ms, mfu 0.03%
iter 262: loss 2.5032, time 18.18ms, mfu 0.03%
iter 263: loss 2.4163, time 18.27ms, mfu 0.03%
iter 264: loss 2.4610, time 17.57ms, mfu 0.03%
iter 265: loss 2.4350, time 17.66ms, mfu 0.03%
iter 266: loss 2.4942, time 18.21ms, mfu 0.03%
iter 267: loss 2.3901, time 18.38ms, mfu 0.03%
iter 268: loss 2.4158, time 18.70ms, mfu 0.03%
iter 269: loss 2.4642, time 18.21ms, mfu 0.03%
iter 270: loss 2.5011, time 18.50ms, mfu 0.03%
iter 271: loss 2.4664, time 18.55ms, mfu 0.03%
iter 272: loss 2.3941, time 18.31ms, mfu 0.03%
iter 273: loss 2.4525, time 18.51ms, mfu 0.03%
iter 274: loss 2.4834, time 18.48ms, mfu 0.03%
iter 275: loss 2.4545, time 18.41ms, mfu 0.03%
iter 276: loss 2.4343, time 18.66ms, mfu 0.03%
iter 277: loss 2.4866, time 18.85ms, mfu 0.03%
iter 278: loss 2.4538, time 17.72ms, mfu 0.03%
iter 279: loss 2.4343, time 18.62ms, mfu 0.03%
iter 280: loss 2.4010, time 18.01ms, mfu 0.03%
iter 281: loss 2.5029, time 18.34ms, mfu 0.03%
iter 282: loss 2.3892, time 18.37ms, mfu 0.03%
iter 283: loss 2.4994, time 18.37ms, mfu 0.03%
iter 284: loss 2.3904, time 18.45ms, mfu 0.03%
iter 285: loss 2.5277, time 18.23ms, mfu 0.03%
iter 286: loss 2.4784, time 18.56ms, mfu 0.03%
iter 287: loss 2.4272, time 18.61ms, mfu 0.03%
iter 288: loss 2.3368, time 17.92ms, mfu 0.03%
iter 289: loss 2.4132, time 20.63ms, mfu 0.03%
iter 290: loss 2.5298, time 22.83ms, mfu 0.03%
iter 291: loss 2.4590, time 20.33ms, mfu 0.03%
iter 292: loss 2.4067, time 18.30ms, mfu 0.03%
iter 293: loss 2.4789, time 19.55ms, mfu 0.03%
iter 294: loss 2.3973, time 21.65ms, mfu 0.03%
iter 295: loss 2.4283, time 26.17ms, mfu 0.03%
iter 296: loss 2.4564, time 23.50ms, mfu 0.02%
iter 297: loss 2.4955, time 23.08ms, mfu 0.02%
iter 298: loss 2.3929, time 26.22ms, mfu 0.02%
iter 299: loss 2.3989, time 22.36ms, mfu 0.02%
iter 300: loss 2.4603, time 21.51ms, mfu 0.02%
iter 301: loss 2.4196, time 21.45ms, mfu 0.02%
iter 302: loss 2.4050, time 19.57ms, mfu 0.02%
iter 303: loss 2.4167, time 16.37ms, mfu 0.02%
iter 304: loss 2.3980, time 22.38ms, mfu 0.02%
iter 305: loss 2.4828, time 20.09ms, mfu 0.02%
iter 306: loss 2.4514, time 19.36ms, mfu 0.02%
iter 307: loss 2.4426, time 26.03ms, mfu 0.02%
iter 308: loss 2.5244, time 24.07ms, mfu 0.02%
iter 309: loss 2.4199, time 17.27ms, mfu 0.02%
iter 310: loss 2.4233, time 20.67ms, mfu 0.02%
iter 311: loss 2.5188, time 18.96ms, mfu 0.02%
iter 312: loss 2.3925, time 19.19ms, mfu 0.02%
iter 313: loss 2.4140, time 18.69ms, mfu 0.02%
iter 314: loss 2.3541, time 19.69ms, mfu 0.02%
iter 315: loss 2.4274, time 17.84ms, mfu 0.03%
iter 316: loss 2.4648, time 20.00ms, mfu 0.03%
iter 317: loss 2.3638, time 19.42ms, mfu 0.03%
iter 318: loss 2.3971, time 19.87ms, mfu 0.03%
iter 319: loss 2.4329, time 18.39ms, mfu 0.03%
iter 320: loss 2.3885, time 19.45ms, mfu 0.03%
iter 321: loss 2.4205, time 18.39ms, mfu 0.03%
iter 322: loss 2.4660, time 18.92ms, mfu 0.03%
iter 323: loss 2.4591, time 20.04ms, mfu 0.03%
iter 324: loss 2.4084, time 19.00ms, mfu 0.03%
iter 325: loss 2.3725, time 16.64ms, mfu 0.03%
iter 326: loss 2.4822, time 16.69ms, mfu 0.03%
iter 327: loss 2.4837, time 17.88ms, mfu 0.03%
iter 328: loss 2.3795, time 17.18ms, mfu 0.03%
iter 329: loss 2.4240, time 17.93ms, mfu 0.03%
iter 330: loss 2.3988, time 17.68ms, mfu 0.03%
iter 331: loss 2.3962, time 17.06ms, mfu 0.03%
iter 332: loss 2.3468, time 18.56ms, mfu 0.03%
iter 333: loss 2.4084, time 19.19ms, mfu 0.03%
iter 334: loss 2.3859, time 18.54ms, mfu 0.03%
iter 335: loss 2.4417, time 18.04ms, mfu 0.03%
iter 336: loss 2.4176, time 16.73ms, mfu 0.03%
iter 337: loss 2.3848, time 19.84ms, mfu 0.03%
iter 338: loss 2.4469, time 17.35ms, mfu 0.03%
iter 339: loss 2.3324, time 17.11ms, mfu 0.03%
iter 340: loss 2.3646, time 18.53ms, mfu 0.03%
iter 341: loss 2.4394, time 60.34ms, mfu 0.03%
iter 342: loss 2.4480, time 29.24ms, mfu 0.02%
iter 343: loss 2.3494, time 19.87ms, mfu 0.02%
iter 344: loss 2.4257, time 16.37ms, mfu 0.03%
iter 345: loss 2.4869, time 18.01ms, mfu 0.03%
iter 346: loss 2.4626, time 18.23ms, mfu 0.03%
iter 347: loss 2.3832, time 17.61ms, mfu 0.03%
iter 348: loss 2.3723, time 17.80ms, mfu 0.03%
iter 349: loss 2.4178, time 18.12ms, mfu 0.03%
iter 350: loss 2.3526, time 17.75ms, mfu 0.03%
iter 351: loss 2.3612, time 17.10ms, mfu 0.03%
iter 352: loss 2.3395, time 15.37ms, mfu 0.03%
iter 353: loss 2.3436, time 15.70ms, mfu 0.03%
iter 354: loss 2.4553, time 16.71ms, mfu 0.03%
iter 355: loss 2.2714, time 17.03ms, mfu 0.03%
iter 356: loss 2.3277, time 17.97ms, mfu 0.03%
iter 357: loss 2.3809, time 18.29ms, mfu 0.03%
iter 358: loss 2.2869, time 18.27ms, mfu 0.03%
iter 359: loss 2.3624, time 18.36ms, mfu 0.03%
iter 360: loss 2.4177, time 18.33ms, mfu 0.03%
iter 361: loss 2.3442, time 18.15ms, mfu 0.03%
iter 362: loss 2.3327, time 17.67ms, mfu 0.03%
iter 363: loss 2.4172, time 18.43ms, mfu 0.03%
iter 364: loss 2.3764, time 19.11ms, mfu 0.03%
iter 365: loss 2.4109, time 18.55ms, mfu 0.03%
iter 366: loss 2.3594, time 17.97ms, mfu 0.03%
iter 367: loss 2.4333, time 16.06ms, mfu 0.03%
iter 368: loss 2.3677, time 18.23ms, mfu 0.03%
iter 369: loss 2.4218, time 18.75ms, mfu 0.03%
iter 370: loss 2.3733, time 18.08ms, mfu 0.03%
iter 371: loss 2.4798, time 17.34ms, mfu 0.03%
iter 372: loss 2.3295, time 17.23ms, mfu 0.03%
iter 373: loss 2.3991, time 17.97ms, mfu 0.03%
iter 374: loss 2.4318, time 17.13ms, mfu 0.03%
iter 375: loss 2.4375, time 18.44ms, mfu 0.03%
iter 376: loss 2.3410, time 19.44ms, mfu 0.03%
iter 377: loss 2.3377, time 20.27ms, mfu 0.03%
iter 378: loss 2.3919, time 20.83ms, mfu 0.03%
iter 379: loss 2.4364, time 19.29ms, mfu 0.03%
iter 380: loss 2.3819, time 18.50ms, mfu 0.03%
iter 381: loss 2.4196, time 19.92ms, mfu 0.03%
iter 382: loss 2.3364, time 18.98ms, mfu 0.03%
iter 383: loss 2.3936, time 18.15ms, mfu 0.03%
iter 384: loss 2.3941, time 17.77ms, mfu 0.03%
iter 385: loss 2.3965, time 16.66ms, mfu 0.03%
iter 386: loss 2.3678, time 17.26ms, mfu 0.03%
iter 387: loss 2.3518, time 16.85ms, mfu 0.03%
iter 388: loss 2.4183, time 17.03ms, mfu 0.03%
iter 389: loss 2.2978, time 16.77ms, mfu 0.03%
iter 390: loss 2.3555, time 17.70ms, mfu 0.03%
iter 391: loss 2.3888, time 17.67ms, mfu 0.03%
iter 392: loss 2.3550, time 17.98ms, mfu 0.03%
iter 393: loss 2.3721, time 19.64ms, mfu 0.03%
iter 394: loss 2.3560, time 21.72ms, mfu 0.03%
iter 395: loss 2.3236, time 21.43ms, mfu 0.03%
iter 396: loss 2.3104, time 19.01ms, mfu 0.03%
iter 397: loss 2.3768, time 18.34ms, mfu 0.03%
iter 398: loss 2.4084, time 19.44ms, mfu 0.03%
iter 399: loss 2.3527, time 19.90ms, mfu 0.03%
iter 400: loss 2.3527, time 22.42ms, mfu 0.03%
iter 401: loss 2.3347, time 22.51ms, mfu 0.03%
iter 402: loss 2.3868, time 21.86ms, mfu 0.03%
iter 403: loss 2.3639, time 19.76ms, mfu 0.03%
iter 404: loss 2.3183, time 15.21ms, mfu 0.03%
iter 405: loss 2.3843, time 18.73ms, mfu 0.03%
iter 406: loss 2.3835, time 18.63ms, mfu 0.03%
iter 407: loss 2.3576, time 18.21ms, mfu 0.03%
iter 408: loss 2.3477, time 18.72ms, mfu 0.03%
iter 409: loss 2.3091, time 18.80ms, mfu 0.03%
iter 410: loss 2.3426, time 19.92ms, mfu 0.03%
iter 411: loss 2.3355, time 20.13ms, mfu 0.03%
iter 412: loss 2.3576, time 18.99ms, mfu 0.03%
iter 413: loss 2.3666, time 20.84ms, mfu 0.03%
iter 414: loss 2.3260, time 18.88ms, mfu 0.03%
iter 415: loss 2.3317, time 18.81ms, mfu 0.03%
iter 416: loss 2.3125, time 19.39ms, mfu 0.03%
iter 417: loss 2.3727, time 18.85ms, mfu 0.03%
iter 418: loss 2.3264, time 19.44ms, mfu 0.03%
iter 419: loss 2.2985, time 18.94ms, mfu 0.03%
iter 420: loss 2.3848, time 18.64ms, mfu 0.03%
iter 421: loss 2.3410, time 18.84ms, mfu 0.03%
iter 422: loss 2.3754, time 18.10ms, mfu 0.03%
iter 423: loss 2.2291, time 19.25ms, mfu 0.03%
iter 424: loss 2.3465, time 19.66ms, mfu 0.03%
iter 425: loss 2.3519, time 19.58ms, mfu 0.03%
iter 426: loss 2.2618, time 21.25ms, mfu 0.03%
iter 427: loss 2.4407, time 19.29ms, mfu 0.03%
iter 428: loss 2.3389, time 23.21ms, mfu 0.03%
iter 429: loss 2.2858, time 22.92ms, mfu 0.03%
iter 430: loss 2.3502, time 20.35ms, mfu 0.02%
iter 431: loss 2.3078, time 21.01ms, mfu 0.02%
iter 432: loss 2.3567, time 19.58ms, mfu 0.02%
iter 433: loss 2.2872, time 21.99ms, mfu 0.02%
iter 434: loss 2.3876, time 21.14ms, mfu 0.02%
iter 435: loss 2.3195, time 20.95ms, mfu 0.02%
iter 436: loss 2.3533, time 20.36ms, mfu 0.02%
iter 437: loss 2.3173, time 19.69ms, mfu 0.02%
iter 438: loss 2.3158, time 20.07ms, mfu 0.02%
iter 439: loss 2.2829, time 18.71ms, mfu 0.02%
iter 440: loss 2.4589, time 27.51ms, mfu 0.02%
iter 441: loss 2.2951, time 26.08ms, mfu 0.02%
iter 442: loss 2.2519, time 23.23ms, mfu 0.02%
iter 443: loss 2.3091, time 22.26ms, mfu 0.02%
iter 444: loss 2.3119, time 19.59ms, mfu 0.02%
iter 445: loss 2.2903, time 37.34ms, mfu 0.02%
iter 446: loss 2.3697, time 26.11ms, mfu 0.02%
iter 447: loss 2.3412, time 19.54ms, mfu 0.02%
iter 448: loss 2.3665, time 19.40ms, mfu 0.02%
iter 449: loss 2.3115, time 19.02ms, mfu 0.02%
iter 450: loss 2.3465, time 19.76ms, mfu 0.02%
iter 451: loss 2.3445, time 19.44ms, mfu 0.02%
iter 452: loss 2.2693, time 19.17ms, mfu 0.02%
iter 453: loss 2.3387, time 18.81ms, mfu 0.02%
iter 454: loss 2.2842, time 18.77ms, mfu 0.02%
iter 455: loss 2.2950, time 18.62ms, mfu 0.02%
iter 456: loss 2.3448, time 19.22ms, mfu 0.02%
iter 457: loss 2.2751, time 19.60ms, mfu 0.02%
iter 458: loss 2.3867, time 20.22ms, mfu 0.02%
iter 459: loss 2.2811, time 19.75ms, mfu 0.02%
iter 460: loss 2.3035, time 21.48ms, mfu 0.02%
iter 461: loss 2.3613, time 28.16ms, mfu 0.02%
iter 462: loss 2.2938, time 22.54ms, mfu 0.02%
iter 463: loss 2.3077, time 24.21ms, mfu 0.02%
iter 464: loss 2.3146, time 30.68ms, mfu 0.02%
iter 465: loss 2.2891, time 20.62ms, mfu 0.02%
iter 466: loss 2.3648, time 24.34ms, mfu 0.02%
iter 467: loss 2.2836, time 27.84ms, mfu 0.02%
iter 468: loss 2.3542, time 21.94ms, mfu 0.02%
iter 469: loss 2.3203, time 21.84ms, mfu 0.02%
iter 470: loss 2.3378, time 21.09ms, mfu 0.02%
iter 471: loss 2.4136, time 20.65ms, mfu 0.02%
iter 472: loss 2.3051, time 18.49ms, mfu 0.02%
iter 473: loss 2.3117, time 18.56ms, mfu 0.02%
iter 474: loss 2.3438, time 18.85ms, mfu 0.02%
iter 475: loss 2.3899, time 18.77ms, mfu 0.02%
iter 476: loss 2.3050, time 18.69ms, mfu 0.02%
iter 477: loss 2.2760, time 17.97ms, mfu 0.02%
iter 478: loss 2.2365, time 18.75ms, mfu 0.02%
iter 479: loss 2.2361, time 18.44ms, mfu 0.03%
iter 480: loss 2.3361, time 18.40ms, mfu 0.03%
iter 481: loss 2.2976, time 19.31ms, mfu 0.03%
iter 482: loss 2.3258, time 18.04ms, mfu 0.03%
iter 483: loss 2.2824, time 19.57ms, mfu 0.03%
iter 484: loss 2.3052, time 18.83ms, mfu 0.03%
iter 485: loss 2.4041, time 19.22ms, mfu 0.03%
iter 486: loss 2.3035, time 18.54ms, mfu 0.03%
iter 487: loss 2.2355, time 18.69ms, mfu 0.03%
iter 488: loss 2.3562, time 18.84ms, mfu 0.03%
iter 489: loss 2.2860, time 19.23ms, mfu 0.03%
iter 490: loss 2.3652, time 19.00ms, mfu 0.03%
iter 491: loss 2.3057, time 30.93ms, mfu 0.02%
iter 492: loss 2.2769, time 20.36ms, mfu 0.02%
iter 493: loss 2.2575, time 19.22ms, mfu 0.03%
iter 494: loss 2.2522, time 19.23ms, mfu 0.03%
iter 495: loss 2.2976, time 18.64ms, mfu 0.03%
iter 496: loss 2.2787, time 18.62ms, mfu 0.03%
iter 497: loss 2.3228, time 18.82ms, mfu 0.03%
iter 498: loss 2.3512, time 19.07ms, mfu 0.03%
iter 499: loss 2.3654, time 18.43ms, mfu 0.03%
step 500: train loss 2.2883, val loss 2.2942
saving checkpoint to C:\Users\amitc\OneDrive\Desktop\Research\NanoGpt\nanoGPT\experiments\attention_ablation_8
iter 500: loss 2.2458, time 279.51ms, mfu 0.02%
iter 501: loss 2.3001, time 19.03ms, mfu 0.02%
iter 502: loss 2.4758, time 19.75ms, mfu 0.02%
iter 503: loss 2.3102, time 18.76ms, mfu 0.02%
iter 504: loss 2.2625, time 16.25ms, mfu 0.02%
iter 505: loss 2.3218, time 20.53ms, mfu 0.02%
iter 506: loss 2.3027, time 18.76ms, mfu 0.02%
iter 507: loss 2.2612, time 18.59ms, mfu 0.03%
iter 508: loss 2.2967, time 18.89ms, mfu 0.03%
iter 509: loss 2.2746, time 18.44ms, mfu 0.03%
iter 510: loss 2.2420, time 18.36ms, mfu 0.03%
iter 511: loss 2.3021, time 17.70ms, mfu 0.03%
iter 512: loss 2.3108, time 19.40ms, mfu 0.03%
iter 513: loss 2.2751, time 19.66ms, mfu 0.03%
iter 514: loss 2.2970, time 18.94ms, mfu 0.03%
iter 515: loss 2.2733, time 18.63ms, mfu 0.03%
iter 516: loss 2.3426, time 18.40ms, mfu 0.03%
iter 517: loss 2.3157, time 19.12ms, mfu 0.03%
iter 518: loss 2.2908, time 18.73ms, mfu 0.03%
iter 519: loss 2.3014, time 18.00ms, mfu 0.03%
iter 520: loss 2.3139, time 18.71ms, mfu 0.03%
iter 521: loss 2.2907, time 18.18ms, mfu 0.03%
iter 522: loss 2.2639, time 18.28ms, mfu 0.03%
iter 523: loss 2.1929, time 19.14ms, mfu 0.03%
iter 524: loss 2.2267, time 18.61ms, mfu 0.03%
iter 525: loss 2.3390, time 18.24ms, mfu 0.03%
iter 526: loss 2.3460, time 18.27ms, mfu 0.03%
iter 527: loss 2.1990, time 18.78ms, mfu 0.03%
iter 528: loss 2.2276, time 19.08ms, mfu 0.03%
iter 529: loss 2.2200, time 15.75ms, mfu 0.03%
iter 530: loss 2.3660, time 18.21ms, mfu 0.03%
iter 531: loss 2.3225, time 17.42ms, mfu 0.03%
iter 532: loss 2.3062, time 18.18ms, mfu 0.03%
iter 533: loss 2.2219, time 17.59ms, mfu 0.03%
iter 534: loss 2.2441, time 17.79ms, mfu 0.03%
iter 535: loss 2.2462, time 18.00ms, mfu 0.03%
iter 536: loss 2.2332, time 18.61ms, mfu 0.03%
iter 537: loss 2.2397, time 18.25ms, mfu 0.03%
iter 538: loss 2.2671, time 17.92ms, mfu 0.03%
iter 539: loss 2.3719, time 18.38ms, mfu 0.03%
iter 540: loss 2.2135, time 19.36ms, mfu 0.03%
iter 541: loss 2.3177, time 19.59ms, mfu 0.03%
iter 542: loss 2.2358, time 19.14ms, mfu 0.03%
iter 543: loss 2.2686, time 19.20ms, mfu 0.03%
iter 544: loss 2.2628, time 19.04ms, mfu 0.03%
iter 545: loss 2.2783, time 18.92ms, mfu 0.03%
iter 546: loss 2.3033, time 19.16ms, mfu 0.03%
iter 547: loss 2.3026, time 19.70ms, mfu 0.03%
iter 548: loss 2.2780, time 19.62ms, mfu 0.03%
iter 549: loss 2.2210, time 19.76ms, mfu 0.03%
iter 550: loss 2.2852, time 18.56ms, mfu 0.03%
iter 551: loss 2.2656, time 18.23ms, mfu 0.03%
iter 552: loss 2.1855, time 18.90ms, mfu 0.03%
iter 553: loss 2.3020, time 19.88ms, mfu 0.03%
iter 554: loss 2.3316, time 20.74ms, mfu 0.03%
iter 555: loss 2.3135, time 20.61ms, mfu 0.03%
iter 556: loss 2.2685, time 19.93ms, mfu 0.03%
iter 557: loss 2.2390, time 19.15ms, mfu 0.03%
iter 558: loss 2.2327, time 19.10ms, mfu 0.03%
iter 559: loss 2.1980, time 18.30ms, mfu 0.03%
iter 560: loss 2.2245, time 19.21ms, mfu 0.03%
iter 561: loss 2.2598, time 19.46ms, mfu 0.03%
iter 562: loss 2.3166, time 19.34ms, mfu 0.03%
iter 563: loss 2.2395, time 19.73ms, mfu 0.03%
iter 564: loss 2.2544, time 19.20ms, mfu 0.03%
iter 565: loss 2.1832, time 19.30ms, mfu 0.03%
iter 566: loss 2.3390, time 18.71ms, mfu 0.03%
iter 567: loss 2.1934, time 18.41ms, mfu 0.03%
iter 568: loss 2.2672, time 19.38ms, mfu 0.03%
iter 569: loss 2.2691, time 18.22ms, mfu 0.03%
iter 570: loss 2.3357, time 19.25ms, mfu 0.03%
iter 571: loss 2.1911, time 19.45ms, mfu 0.03%
iter 572: loss 2.2561, time 19.76ms, mfu 0.03%
iter 573: loss 2.2059, time 19.12ms, mfu 0.03%
iter 574: loss 2.1895, time 20.34ms, mfu 0.03%
iter 575: loss 2.2291, time 20.83ms, mfu 0.03%
iter 576: loss 2.1745, time 19.66ms, mfu 0.03%
iter 577: loss 2.3999, time 21.76ms, mfu 0.03%
iter 578: loss 2.2338, time 19.51ms, mfu 0.03%
iter 579: loss 2.2750, time 19.04ms, mfu 0.03%
iter 580: loss 2.2562, time 17.24ms, mfu 0.03%
iter 581: loss 2.2947, time 19.44ms, mfu 0.03%
iter 582: loss 2.2073, time 19.93ms, mfu 0.03%
iter 583: loss 2.1639, time 19.60ms, mfu 0.03%
iter 584: loss 2.2095, time 19.75ms, mfu 0.03%
iter 585: loss 2.2010, time 19.81ms, mfu 0.03%
iter 586: loss 2.2722, time 18.93ms, mfu 0.03%
iter 587: loss 2.2722, time 19.76ms, mfu 0.03%
iter 588: loss 2.2960, time 20.51ms, mfu 0.03%
iter 589: loss 2.2806, time 19.95ms, mfu 0.03%
iter 590: loss 2.2736, time 21.33ms, mfu 0.03%
iter 591: loss 2.3122, time 18.62ms, mfu 0.03%
iter 592: loss 2.3052, time 20.47ms, mfu 0.03%
iter 593: loss 2.2620, time 20.05ms, mfu 0.03%
iter 594: loss 2.2953, time 19.55ms, mfu 0.03%
iter 595: loss 2.3543, time 18.64ms, mfu 0.03%
iter 596: loss 2.2026, time 18.21ms, mfu 0.03%
iter 597: loss 2.2925, time 17.08ms, mfu 0.03%
iter 598: loss 2.2446, time 19.47ms, mfu 0.03%
iter 599: loss 2.1655, time 18.85ms, mfu 0.03%
iter 600: loss 2.2862, time 18.71ms, mfu 0.03%
iter 601: loss 2.2305, time 19.25ms, mfu 0.03%
iter 602: loss 2.1461, time 19.78ms, mfu 0.03%
iter 603: loss 2.2744, time 19.94ms, mfu 0.03%
iter 604: loss 2.2584, time 18.71ms, mfu 0.03%
iter 605: loss 2.2908, time 19.49ms, mfu 0.03%
iter 606: loss 2.2201, time 19.69ms, mfu 0.03%
iter 607: loss 2.2602, time 19.30ms, mfu 0.03%
iter 608: loss 2.2535, time 20.01ms, mfu 0.03%
iter 609: loss 2.2039, time 21.01ms, mfu 0.03%
iter 610: loss 2.2836, time 18.43ms, mfu 0.03%
iter 611: loss 2.2420, time 19.65ms, mfu 0.03%
iter 612: loss 2.3060, time 20.16ms, mfu 0.03%
iter 613: loss 2.1723, time 21.52ms, mfu 0.03%
iter 614: loss 2.2279, time 19.20ms, mfu 0.03%
iter 615: loss 2.3036, time 19.55ms, mfu 0.03%
iter 616: loss 2.2377, time 19.06ms, mfu 0.03%
iter 617: loss 2.1882, time 19.43ms, mfu 0.03%
iter 618: loss 2.2593, time 20.09ms, mfu 0.03%
iter 619: loss 2.2003, time 19.35ms, mfu 0.03%
iter 620: loss 2.1911, time 18.58ms, mfu 0.03%
iter 621: loss 2.2404, time 18.95ms, mfu 0.03%
iter 622: loss 2.2116, time 19.36ms, mfu 0.03%
iter 623: loss 2.2931, time 19.61ms, mfu 0.03%
iter 624: loss 2.2270, time 20.41ms, mfu 0.03%
iter 625: loss 2.2079, time 20.77ms, mfu 0.03%
iter 626: loss 2.2799, time 36.83ms, mfu 0.02%
iter 627: loss 2.1236, time 30.16ms, mfu 0.02%
iter 628: loss 2.2125, time 21.09ms, mfu 0.02%
iter 629: loss 2.1656, time 19.30ms, mfu 0.02%
iter 630: loss 2.2619, time 21.66ms, mfu 0.02%
iter 631: loss 2.2660, time 20.45ms, mfu 0.02%
iter 632: loss 2.2201, time 21.00ms, mfu 0.02%
iter 633: loss 2.1807, time 18.81ms, mfu 0.02%
iter 634: loss 2.2732, time 19.45ms, mfu 0.02%
iter 635: loss 2.1980, time 19.38ms, mfu 0.02%
iter 636: loss 2.2495, time 19.61ms, mfu 0.02%
iter 637: loss 2.3406, time 18.85ms, mfu 0.02%
iter 638: loss 2.1970, time 18.94ms, mfu 0.02%
iter 639: loss 2.3322, time 19.19ms, mfu 0.02%
iter 640: loss 2.1753, time 19.98ms, mfu 0.02%
iter 641: loss 2.2294, time 19.83ms, mfu 0.02%
iter 642: loss 2.1892, time 19.47ms, mfu 0.03%
iter 643: loss 2.2811, time 19.38ms, mfu 0.03%
iter 644: loss 2.2700, time 19.56ms, mfu 0.03%
iter 645: loss 2.1978, time 20.12ms, mfu 0.03%
iter 646: loss 2.2589, time 19.80ms, mfu 0.03%
iter 647: loss 2.1868, time 20.88ms, mfu 0.02%
iter 648: loss 2.2264, time 19.25ms, mfu 0.03%
iter 649: loss 2.2093, time 18.26ms, mfu 0.03%
iter 650: loss 2.1714, time 19.37ms, mfu 0.03%
iter 651: loss 2.2651, time 20.04ms, mfu 0.03%
iter 652: loss 2.2306, time 19.90ms, mfu 0.03%
iter 653: loss 2.1901, time 19.03ms, mfu 0.03%
iter 654: loss 2.2340, time 19.96ms, mfu 0.03%
iter 655: loss 2.2330, time 20.23ms, mfu 0.03%
iter 656: loss 2.1240, time 19.49ms, mfu 0.03%
iter 657: loss 2.2029, time 18.43ms, mfu 0.03%
iter 658: loss 2.2717, time 18.36ms, mfu 0.03%
iter 659: loss 2.1260, time 18.64ms, mfu 0.03%
iter 660: loss 2.2145, time 18.09ms, mfu 0.03%
iter 661: loss 2.1456, time 18.21ms, mfu 0.03%
iter 662: loss 2.2556, time 17.03ms, mfu 0.03%
iter 663: loss 2.1760, time 18.15ms, mfu 0.03%
iter 664: loss 2.1680, time 17.98ms, mfu 0.03%
iter 665: loss 2.1331, time 18.81ms, mfu 0.03%
iter 666: loss 2.2069, time 18.16ms, mfu 0.03%
iter 667: loss 2.2181, time 18.58ms, mfu 0.03%
iter 668: loss 2.1530, time 18.41ms, mfu 0.03%
iter 669: loss 2.2460, time 18.17ms, mfu 0.03%
iter 670: loss 2.1668, time 18.71ms, mfu 0.03%
iter 671: loss 2.1589, time 16.71ms, mfu 0.03%
iter 672: loss 2.1864, time 18.70ms, mfu 0.03%
iter 673: loss 2.0676, time 18.68ms, mfu 0.03%
iter 674: loss 2.2645, time 18.47ms, mfu 0.03%
iter 675: loss 2.2323, time 19.08ms, mfu 0.03%
iter 676: loss 2.2056, time 18.35ms, mfu 0.03%
iter 677: loss 2.1530, time 18.91ms, mfu 0.03%
iter 678: loss 2.1944, time 19.59ms, mfu 0.03%
iter 679: loss 2.1296, time 18.59ms, mfu 0.03%
iter 680: loss 2.2008, time 18.31ms, mfu 0.03%
iter 681: loss 2.2188, time 18.97ms, mfu 0.03%
iter 682: loss 2.2545, time 18.40ms, mfu 0.03%
iter 683: loss 2.0444, time 19.16ms, mfu 0.03%
iter 684: loss 2.1433, time 18.97ms, mfu 0.03%
iter 685: loss 2.2566, time 19.39ms, mfu 0.03%
iter 686: loss 2.1822, time 18.53ms, mfu 0.03%
iter 687: loss 2.1574, time 18.74ms, mfu 0.03%
iter 688: loss 2.2583, time 18.91ms, mfu 0.03%
iter 689: loss 2.1795, time 17.33ms, mfu 0.03%
iter 690: loss 2.2528, time 18.10ms, mfu 0.03%
iter 691: loss 2.1871, time 17.73ms, mfu 0.03%
iter 692: loss 2.2447, time 18.41ms, mfu 0.03%
iter 693: loss 2.2124, time 18.69ms, mfu 0.03%
iter 694: loss 2.1596, time 17.81ms, mfu 0.03%
iter 695: loss 2.1482, time 18.33ms, mfu 0.03%
iter 696: loss 2.2547, time 18.69ms, mfu 0.03%
iter 697: loss 2.1482, time 18.55ms, mfu 0.03%
iter 698: loss 2.2422, time 18.26ms, mfu 0.03%
iter 699: loss 2.2375, time 18.07ms, mfu 0.03%
iter 700: loss 2.3628, time 17.89ms, mfu 0.03%
iter 701: loss 2.2294, time 16.69ms, mfu 0.03%
iter 702: loss 2.1417, time 17.50ms, mfu 0.03%
iter 703: loss 2.2865, time 18.12ms, mfu 0.03%
iter 704: loss 2.1804, time 18.14ms, mfu 0.03%
iter 705: loss 2.1875, time 18.03ms, mfu 0.03%
iter 706: loss 2.2430, time 18.28ms, mfu 0.03%
iter 707: loss 2.1716, time 18.41ms, mfu 0.03%
iter 708: loss 2.1577, time 18.13ms, mfu 0.03%
iter 709: loss 2.1346, time 18.77ms, mfu 0.03%
iter 710: loss 2.1408, time 18.02ms, mfu 0.03%
iter 711: loss 2.1759, time 17.30ms, mfu 0.03%
iter 712: loss 2.1905, time 18.15ms, mfu 0.03%
iter 713: loss 2.2451, time 18.24ms, mfu 0.03%
iter 714: loss 2.2716, time 17.58ms, mfu 0.03%
iter 715: loss 2.0542, time 17.42ms, mfu 0.03%
iter 716: loss 2.1920, time 17.13ms, mfu 0.03%
iter 717: loss 2.1514, time 18.20ms, mfu 0.03%
iter 718: loss 2.2230, time 18.18ms, mfu 0.03%
iter 719: loss 2.1513, time 18.03ms, mfu 0.03%
iter 720: loss 2.2077, time 17.39ms, mfu 0.03%
iter 721: loss 2.1514, time 18.19ms, mfu 0.03%
iter 722: loss 2.1835, time 18.50ms, mfu 0.03%
iter 723: loss 2.2222, time 17.17ms, mfu 0.03%
iter 724: loss 2.1154, time 16.90ms, mfu 0.03%
iter 725: loss 2.2123, time 18.34ms, mfu 0.03%
iter 726: loss 2.0874, time 18.40ms, mfu 0.03%
iter 727: loss 2.1738, time 17.87ms, mfu 0.03%
iter 728: loss 2.1598, time 18.39ms, mfu 0.03%
iter 729: loss 2.1997, time 19.37ms, mfu 0.03%
iter 730: loss 2.1309, time 19.01ms, mfu 0.03%
iter 731: loss 2.2026, time 17.92ms, mfu 0.03%
iter 732: loss 2.1290, time 18.01ms, mfu 0.03%
iter 733: loss 2.2127, time 18.40ms, mfu 0.03%
iter 734: loss 2.1488, time 17.26ms, mfu 0.03%
iter 735: loss 2.1249, time 18.51ms, mfu 0.03%
iter 736: loss 2.3018, time 17.86ms, mfu 0.03%
iter 737: loss 2.1073, time 17.91ms, mfu 0.03%
iter 738: loss 2.1566, time 18.57ms, mfu 0.03%
iter 739: loss 2.1110, time 19.64ms, mfu 0.03%
iter 740: loss 2.2804, time 18.53ms, mfu 0.03%
iter 741: loss 2.1126, time 17.39ms, mfu 0.03%
iter 742: loss 2.2329, time 18.85ms, mfu 0.03%
iter 743: loss 2.1735, time 18.20ms, mfu 0.03%
iter 744: loss 2.2009, time 18.55ms, mfu 0.03%
iter 745: loss 2.0868, time 18.82ms, mfu 0.03%
iter 746: loss 2.1938, time 18.54ms, mfu 0.03%
iter 747: loss 2.2346, time 18.36ms, mfu 0.03%
iter 748: loss 2.2070, time 18.75ms, mfu 0.03%
iter 749: loss 2.1949, time 19.60ms, mfu 0.03%
step 750: train loss 2.1755, val loss 2.2111
saving checkpoint to C:\Users\amitc\OneDrive\Desktop\Research\NanoGpt\nanoGPT\experiments\attention_ablation_8
iter 750: loss 2.1439, time 270.62ms, mfu 0.02%
iter 751: loss 2.1499, time 18.33ms, mfu 0.02%
iter 752: loss 2.1859, time 18.75ms, mfu 0.02%
iter 753: loss 2.1146, time 18.67ms, mfu 0.03%
iter 754: loss 2.1576, time 18.36ms, mfu 0.03%
iter 755: loss 2.1594, time 18.11ms, mfu 0.03%
iter 756: loss 2.1647, time 17.76ms, mfu 0.03%
iter 757: loss 2.0967, time 18.58ms, mfu 0.03%
iter 758: loss 2.2121, time 19.09ms, mfu 0.03%
iter 759: loss 2.1606, time 18.18ms, mfu 0.03%
iter 760: loss 2.1662, time 18.97ms, mfu 0.03%
iter 761: loss 2.1324, time 17.89ms, mfu 0.03%
iter 762: loss 2.1332, time 18.37ms, mfu 0.03%
iter 763: loss 2.1494, time 18.62ms, mfu 0.03%
iter 764: loss 2.1523, time 17.91ms, mfu 0.03%
iter 765: loss 2.1719, time 18.03ms, mfu 0.03%
iter 766: loss 2.0853, time 22.99ms, mfu 0.03%
iter 767: loss 2.1147, time 19.16ms, mfu 0.03%
iter 768: loss 2.0696, time 19.87ms, mfu 0.03%
iter 769: loss 2.0894, time 18.21ms, mfu 0.03%
iter 770: loss 2.1703, time 17.59ms, mfu 0.03%
iter 771: loss 2.1749, time 18.25ms, mfu 0.03%
iter 772: loss 2.2398, time 16.30ms, mfu 0.03%
iter 773: loss 2.1315, time 18.72ms, mfu 0.03%
iter 774: loss 2.0746, time 18.44ms, mfu 0.03%
iter 775: loss 2.1795, time 18.79ms, mfu 0.03%
iter 776: loss 2.1490, time 18.03ms, mfu 0.03%
iter 777: loss 2.1700, time 17.15ms, mfu 0.03%
iter 778: loss 2.1795, time 19.38ms, mfu 0.03%
iter 779: loss 2.0957, time 18.05ms, mfu 0.03%
iter 780: loss 2.2026, time 19.01ms, mfu 0.03%
iter 781: loss 2.0993, time 18.65ms, mfu 0.03%
iter 782: loss 2.1768, time 18.71ms, mfu 0.03%
iter 783: loss 2.1966, time 19.84ms, mfu 0.03%
iter 784: loss 2.1516, time 20.57ms, mfu 0.03%
iter 785: loss 2.1485, time 18.26ms, mfu 0.03%
iter 786: loss 2.1070, time 18.46ms, mfu 0.03%
iter 787: loss 2.1492, time 18.78ms, mfu 0.03%
iter 788: loss 2.1069, time 20.34ms, mfu 0.03%
iter 789: loss 2.1311, time 18.46ms, mfu 0.03%
iter 790: loss 2.1058, time 19.43ms, mfu 0.03%
iter 791: loss 2.2210, time 18.63ms, mfu 0.03%
iter 792: loss 2.1629, time 27.28ms, mfu 0.03%
iter 793: loss 2.1249, time 27.76ms, mfu 0.02%
iter 794: loss 2.0983, time 22.70ms, mfu 0.02%
iter 795: loss 2.2236, time 20.15ms, mfu 0.02%
iter 796: loss 2.1041, time 18.58ms, mfu 0.02%
iter 797: loss 2.1420, time 18.61ms, mfu 0.02%
iter 798: loss 2.0697, time 18.23ms, mfu 0.03%
iter 799: loss 2.2056, time 19.12ms, mfu 0.03%
iter 800: loss 2.1272, time 18.67ms, mfu 0.03%
iter 801: loss 2.1214, time 17.94ms, mfu 0.03%
iter 802: loss 2.1530, time 18.69ms, mfu 0.03%
iter 803: loss 2.1222, time 18.48ms, mfu 0.03%
iter 804: loss 2.1351, time 18.33ms, mfu 0.03%
iter 805: loss 2.2046, time 18.66ms, mfu 0.03%
iter 806: loss 2.0739, time 17.78ms, mfu 0.03%
iter 807: loss 2.0702, time 18.43ms, mfu 0.03%
iter 808: loss 2.1468, time 19.02ms, mfu 0.03%
iter 809: loss 2.0630, time 18.07ms, mfu 0.03%
iter 810: loss 2.1227, time 18.85ms, mfu 0.03%
iter 811: loss 2.1294, time 19.19ms, mfu 0.03%
iter 812: loss 2.1488, time 18.35ms, mfu 0.03%
iter 813: loss 2.1163, time 17.82ms, mfu 0.03%
iter 814: loss 2.1068, time 18.21ms, mfu 0.03%
iter 815: loss 2.1897, time 18.07ms, mfu 0.03%
iter 816: loss 2.1711, time 18.98ms, mfu 0.03%
iter 817: loss 2.1348, time 19.42ms, mfu 0.03%
iter 818: loss 2.1545, time 17.12ms, mfu 0.03%
iter 819: loss 2.1013, time 18.42ms, mfu 0.03%
iter 820: loss 2.0582, time 17.67ms, mfu 0.03%
iter 821: loss 2.1056, time 19.52ms, mfu 0.03%
iter 822: loss 2.1652, time 18.14ms, mfu 0.03%
iter 823: loss 2.0700, time 19.55ms, mfu 0.03%
iter 824: loss 2.1408, time 19.27ms, mfu 0.03%
iter 825: loss 2.2187, time 18.31ms, mfu 0.03%
iter 826: loss 2.2265, time 18.77ms, mfu 0.03%
iter 827: loss 2.1396, time 18.24ms, mfu 0.03%
iter 828: loss 2.1290, time 18.77ms, mfu 0.03%
iter 829: loss 2.0584, time 18.06ms, mfu 0.03%
iter 830: loss 2.1002, time 18.35ms, mfu 0.03%
iter 831: loss 2.0666, time 18.40ms, mfu 0.03%
iter 832: loss 2.1123, time 18.48ms, mfu 0.03%
iter 833: loss 2.0992, time 17.17ms, mfu 0.03%
iter 834: loss 2.0598, time 18.76ms, mfu 0.03%
iter 835: loss 2.1110, time 17.90ms, mfu 0.03%
iter 836: loss 2.1522, time 18.16ms, mfu 0.03%
iter 837: loss 2.0884, time 17.88ms, mfu 0.03%
iter 838: loss 2.1259, time 18.28ms, mfu 0.03%
iter 839: loss 2.1302, time 15.80ms, mfu 0.03%
iter 840: loss 2.1511, time 17.23ms, mfu 0.03%
iter 841: loss 2.1492, time 16.87ms, mfu 0.03%
iter 842: loss 2.1580, time 18.08ms, mfu 0.03%
iter 843: loss 2.1250, time 18.65ms, mfu 0.03%
iter 844: loss 2.1176, time 17.73ms, mfu 0.03%
iter 845: loss 2.1118, time 20.23ms, mfu 0.03%
iter 846: loss 2.0611, time 18.07ms, mfu 0.03%
iter 847: loss 2.1940, time 19.89ms, mfu 0.03%
iter 848: loss 2.0182, time 19.02ms, mfu 0.03%
iter 849: loss 2.1714, time 18.89ms, mfu 0.03%
iter 850: loss 2.1841, time 19.86ms, mfu 0.03%
iter 851: loss 2.1517, time 19.36ms, mfu 0.03%
iter 852: loss 2.1132, time 20.37ms, mfu 0.03%
iter 853: loss 2.0870, time 18.76ms, mfu 0.03%
iter 854: loss 2.0743, time 18.65ms, mfu 0.03%
iter 855: loss 2.1575, time 18.79ms, mfu 0.03%
iter 856: loss 2.1340, time 18.69ms, mfu 0.03%
iter 857: loss 2.0344, time 18.78ms, mfu 0.03%
iter 858: loss 2.1451, time 18.34ms, mfu 0.03%
iter 859: loss 2.0866, time 18.99ms, mfu 0.03%
iter 860: loss 2.0339, time 17.99ms, mfu 0.03%
iter 861: loss 2.0446, time 18.36ms, mfu 0.03%
iter 862: loss 2.0601, time 18.09ms, mfu 0.03%
iter 863: loss 2.0377, time 18.16ms, mfu 0.03%
iter 864: loss 2.0634, time 18.31ms, mfu 0.03%
iter 865: loss 2.0853, time 18.24ms, mfu 0.03%
iter 866: loss 2.1536, time 18.37ms, mfu 0.03%
iter 867: loss 2.0897, time 19.36ms, mfu 0.03%
iter 868: loss 2.1603, time 18.12ms, mfu 0.03%
iter 869: loss 2.1586, time 18.21ms, mfu 0.03%
iter 870: loss 2.0296, time 18.55ms, mfu 0.03%
iter 871: loss 2.0067, time 18.54ms, mfu 0.03%
iter 872: loss 2.0370, time 20.38ms, mfu 0.03%
iter 873: loss 2.1029, time 19.93ms, mfu 0.03%
iter 874: loss 2.0633, time 20.35ms, mfu 0.03%
iter 875: loss 2.2121, time 18.73ms, mfu 0.03%
iter 876: loss 2.0325, time 19.83ms, mfu 0.03%
iter 877: loss 2.0848, time 19.58ms, mfu 0.03%
iter 878: loss 2.1289, time 18.43ms, mfu 0.03%
iter 879: loss 2.0764, time 18.80ms, mfu 0.03%
iter 880: loss 2.1132, time 19.80ms, mfu 0.03%
iter 881: loss 2.1309, time 20.29ms, mfu 0.03%
iter 882: loss 2.1133, time 20.54ms, mfu 0.03%
iter 883: loss 2.1202, time 20.03ms, mfu 0.03%
iter 884: loss 2.1480, time 18.34ms, mfu 0.03%
iter 885: loss 2.0737, time 17.84ms, mfu 0.03%
iter 886: loss 2.1462, time 17.52ms, mfu 0.03%
iter 887: loss 2.1094, time 18.37ms, mfu 0.03%
iter 888: loss 2.0640, time 18.58ms, mfu 0.03%
iter 889: loss 2.0325, time 18.17ms, mfu 0.03%
iter 890: loss 2.1179, time 18.60ms, mfu 0.03%
iter 891: loss 2.1830, time 18.45ms, mfu 0.03%
iter 892: loss 2.0287, time 18.31ms, mfu 0.03%
iter 893: loss 2.1211, time 18.43ms, mfu 0.03%
iter 894: loss 2.2465, time 19.13ms, mfu 0.03%
iter 895: loss 2.0658, time 18.85ms, mfu 0.03%
iter 896: loss 2.0989, time 19.33ms, mfu 0.03%
iter 897: loss 2.1182, time 17.91ms, mfu 0.03%
iter 898: loss 2.0793, time 19.45ms, mfu 0.03%
iter 899: loss 2.0990, time 19.77ms, mfu 0.03%
iter 900: loss 2.0581, time 19.26ms, mfu 0.03%
iter 901: loss 2.1208, time 20.09ms, mfu 0.03%
iter 902: loss 2.1302, time 19.81ms, mfu 0.03%
iter 903: loss 2.0360, time 20.30ms, mfu 0.03%
iter 904: loss 2.1742, time 20.15ms, mfu 0.03%
iter 905: loss 2.0629, time 19.59ms, mfu 0.03%
iter 906: loss 2.0724, time 19.09ms, mfu 0.03%
iter 907: loss 2.1917, time 19.63ms, mfu 0.03%
iter 908: loss 2.1380, time 18.78ms, mfu 0.03%
iter 909: loss 2.0979, time 19.46ms, mfu 0.03%
iter 910: loss 2.0829, time 18.45ms, mfu 0.03%
iter 911: loss 2.1341, time 19.66ms, mfu 0.03%
iter 912: loss 2.0243, time 18.57ms, mfu 0.03%
iter 913: loss 2.0703, time 18.56ms, mfu 0.03%
iter 914: loss 2.0096, time 18.19ms, mfu 0.03%
iter 915: loss 2.0566, time 18.69ms, mfu 0.03%
iter 916: loss 2.1079, time 18.38ms, mfu 0.03%
iter 917: loss 1.9920, time 19.34ms, mfu 0.03%
iter 918: loss 2.1529, time 20.10ms, mfu 0.03%
iter 919: loss 2.0718, time 20.24ms, mfu 0.03%
iter 920: loss 2.1132, time 19.19ms, mfu 0.03%
iter 921: loss 2.1799, time 20.22ms, mfu 0.03%
iter 922: loss 2.0724, time 20.00ms, mfu 0.03%
iter 923: loss 2.0444, time 22.20ms, mfu 0.03%
iter 924: loss 2.1542, time 21.12ms, mfu 0.03%
iter 925: loss 2.0187, time 23.19ms, mfu 0.02%
iter 926: loss 2.1005, time 19.68ms, mfu 0.02%
iter 927: loss 2.0779, time 18.82ms, mfu 0.03%
iter 928: loss 2.0013, time 18.69ms, mfu 0.03%
iter 929: loss 2.0851, time 18.84ms, mfu 0.03%
iter 930: loss 2.0953, time 18.81ms, mfu 0.03%
iter 931: loss 2.0173, time 17.63ms, mfu 0.03%
iter 932: loss 2.0946, time 20.70ms, mfu 0.03%
iter 933: loss 2.1085, time 19.32ms, mfu 0.03%
iter 934: loss 2.0812, time 19.63ms, mfu 0.03%
iter 935: loss 2.0889, time 18.92ms, mfu 0.03%
iter 936: loss 1.9650, time 18.71ms, mfu 0.03%
iter 937: loss 2.0345, time 19.26ms, mfu 0.03%
iter 938: loss 2.0338, time 19.72ms, mfu 0.03%
iter 939: loss 2.0690, time 21.19ms, mfu 0.03%
iter 940: loss 2.0154, time 43.16ms, mfu 0.02%
iter 941: loss 2.1607, time 26.98ms, mfu 0.02%
iter 942: loss 1.9947, time 17.99ms, mfu 0.02%
iter 943: loss 2.0461, time 17.53ms, mfu 0.02%
iter 944: loss 2.0338, time 18.47ms, mfu 0.02%
iter 945: loss 2.1438, time 17.58ms, mfu 0.03%
iter 946: loss 2.0843, time 18.64ms, mfu 0.03%
iter 947: loss 2.0775, time 18.40ms, mfu 0.03%
iter 948: loss 2.0674, time 18.02ms, mfu 0.03%
iter 949: loss 2.1423, time 18.09ms, mfu 0.03%
iter 950: loss 2.0851, time 18.73ms, mfu 0.03%
iter 951: loss 2.0470, time 20.06ms, mfu 0.03%
iter 952: loss 1.9580, time 18.51ms, mfu 0.03%
iter 953: loss 2.0266, time 18.82ms, mfu 0.03%
iter 954: loss 2.0504, time 17.95ms, mfu 0.03%
iter 955: loss 2.0814, time 20.35ms, mfu 0.03%
iter 956: loss 2.0583, time 19.72ms, mfu 0.03%
iter 957: loss 2.0657, time 19.74ms, mfu 0.03%
iter 958: loss 2.0739, time 20.01ms, mfu 0.03%
iter 959: loss 2.1007, time 20.80ms, mfu 0.03%
iter 960: loss 2.0648, time 20.87ms, mfu 0.03%
iter 961: loss 2.1200, time 21.62ms, mfu 0.03%
iter 962: loss 2.0641, time 21.71ms, mfu 0.02%
iter 963: loss 2.0453, time 19.94ms, mfu 0.02%
iter 964: loss 2.1140, time 20.94ms, mfu 0.02%
iter 965: loss 1.9847, time 21.41ms, mfu 0.02%
iter 966: loss 2.0719, time 20.26ms, mfu 0.02%
iter 967: loss 2.1425, time 20.79ms, mfu 0.02%
iter 968: loss 2.0720, time 18.67ms, mfu 0.02%
iter 969: loss 2.1056, time 20.36ms, mfu 0.02%
iter 970: loss 1.9610, time 20.02ms, mfu 0.02%
iter 971: loss 1.9707, time 21.20ms, mfu 0.02%
iter 972: loss 2.0398, time 20.88ms, mfu 0.02%
iter 973: loss 2.0825, time 19.46ms, mfu 0.02%
iter 974: loss 2.0039, time 23.14ms, mfu 0.02%
iter 975: loss 2.0279, time 23.48ms, mfu 0.02%
iter 976: loss 2.1380, time 20.06ms, mfu 0.02%
iter 977: loss 2.0122, time 21.14ms, mfu 0.02%
iter 978: loss 2.0963, time 21.14ms, mfu 0.02%
iter 979: loss 2.0027, time 20.90ms, mfu 0.02%
iter 980: loss 2.1242, time 24.46ms, mfu 0.02%
iter 981: loss 2.0614, time 22.16ms, mfu 0.02%
iter 982: loss 2.0721, time 20.02ms, mfu 0.02%
iter 983: loss 2.0091, time 22.49ms, mfu 0.02%
iter 984: loss 2.1073, time 20.92ms, mfu 0.02%
iter 985: loss 2.1534, time 21.49ms, mfu 0.02%
iter 986: loss 2.1273, time 18.05ms, mfu 0.02%
iter 987: loss 2.0109, time 20.70ms, mfu 0.02%
iter 988: loss 2.0389, time 21.21ms, mfu 0.02%
iter 989: loss 2.0867, time 21.08ms, mfu 0.02%
iter 990: loss 2.2192, time 23.04ms, mfu 0.02%
iter 991: loss 2.0187, time 21.04ms, mfu 0.02%
iter 992: loss 1.9642, time 20.28ms, mfu 0.02%
iter 993: loss 2.0133, time 22.73ms, mfu 0.02%
iter 994: loss 2.1009, time 21.65ms, mfu 0.02%
iter 995: loss 2.1044, time 22.74ms, mfu 0.02%
iter 996: loss 2.1926, time 23.32ms, mfu 0.02%
iter 997: loss 2.1374, time 21.63ms, mfu 0.02%
iter 998: loss 1.9335, time 23.24ms, mfu 0.02%
iter 999: loss 2.0942, time 21.42ms, mfu 0.02%
step 1000: train loss 2.0591, val loss 2.1366
saving checkpoint to C:\Users\amitc\OneDrive\Desktop\Research\NanoGpt\nanoGPT\experiments\attention_ablation_8
iter 1000: loss 2.0656, time 401.72ms, mfu 0.02%
iter 1001: loss 1.9947, time 22.97ms, mfu 0.02%
iter 1002: loss 2.1794, time 22.03ms, mfu 0.02%
iter 1003: loss 2.0173, time 24.41ms, mfu 0.02%
iter 1004: loss 2.0952, time 22.71ms, mfu 0.02%
iter 1005: loss 2.0401, time 20.66ms, mfu 0.02%
iter 1006: loss 2.0398, time 22.51ms, mfu 0.02%
iter 1007: loss 2.0820, time 23.03ms, mfu 0.02%
iter 1008: loss 2.1301, time 21.45ms, mfu 0.02%
iter 1009: loss 1.9510, time 20.41ms, mfu 0.02%
iter 1010: loss 2.1089, time 21.40ms, mfu 0.02%
iter 1011: loss 1.9923, time 20.73ms, mfu 0.02%
iter 1012: loss 2.0211, time 19.46ms, mfu 0.02%
iter 1013: loss 2.0230, time 20.24ms, mfu 0.02%
iter 1014: loss 2.0935, time 22.38ms, mfu 0.02%
iter 1015: loss 2.1735, time 20.35ms, mfu 0.02%
iter 1016: loss 1.9982, time 23.79ms, mfu 0.02%
iter 1017: loss 1.9368, time 21.69ms, mfu 0.02%
iter 1018: loss 1.9723, time 22.11ms, mfu 0.02%
iter 1019: loss 2.0257, time 22.66ms, mfu 0.02%
iter 1020: loss 1.9549, time 21.46ms, mfu 0.02%
iter 1021: loss 2.0066, time 22.77ms, mfu 0.02%
iter 1022: loss 2.0199, time 20.91ms, mfu 0.02%
iter 1023: loss 2.1036, time 21.64ms, mfu 0.02%
iter 1024: loss 1.9750, time 21.51ms, mfu 0.02%
iter 1025: loss 2.0614, time 20.14ms, mfu 0.02%
iter 1026: loss 2.1161, time 21.10ms, mfu 0.02%
iter 1027: loss 1.9633, time 20.42ms, mfu 0.02%
iter 1028: loss 1.9746, time 21.64ms, mfu 0.02%
iter 1029: loss 2.0722, time 20.82ms, mfu 0.02%
iter 1030: loss 1.9831, time 19.78ms, mfu 0.02%
iter 1031: loss 2.0891, time 18.91ms, mfu 0.02%
iter 1032: loss 2.0703, time 19.54ms, mfu 0.02%
iter 1033: loss 2.1173, time 18.62ms, mfu 0.02%
iter 1034: loss 1.9982, time 18.36ms, mfu 0.02%
iter 1035: loss 2.0777, time 18.37ms, mfu 0.02%
iter 1036: loss 1.9877, time 20.30ms, mfu 0.02%
iter 1037: loss 2.1293, time 20.80ms, mfu 0.02%
iter 1038: loss 2.0457, time 43.10ms, mfu 0.02%
iter 1039: loss 1.9982, time 20.37ms, mfu 0.02%
iter 1040: loss 2.0275, time 23.36ms, mfu 0.02%
iter 1041: loss 2.0633, time 22.30ms, mfu 0.02%
iter 1042: loss 2.1055, time 22.50ms, mfu 0.02%
iter 1043: loss 2.0929, time 20.86ms, mfu 0.02%
iter 1044: loss 2.0626, time 21.48ms, mfu 0.02%
iter 1045: loss 2.0580, time 19.48ms, mfu 0.02%
iter 1046: loss 1.9577, time 19.53ms, mfu 0.02%
iter 1047: loss 1.9776, time 19.70ms, mfu 0.02%
iter 1048: loss 2.0885, time 19.30ms, mfu 0.02%
iter 1049: loss 2.0852, time 20.29ms, mfu 0.02%
iter 1050: loss 2.0558, time 20.04ms, mfu 0.02%
iter 1051: loss 2.0539, time 19.40ms, mfu 0.02%
iter 1052: loss 2.0322, time 20.31ms, mfu 0.02%
iter 1053: loss 2.0606, time 19.95ms, mfu 0.02%
iter 1054: loss 2.0566, time 20.31ms, mfu 0.02%
iter 1055: loss 2.1313, time 19.26ms, mfu 0.02%
iter 1056: loss 2.0642, time 19.31ms, mfu 0.02%
iter 1057: loss 2.0635, time 18.46ms, mfu 0.02%
iter 1058: loss 2.0953, time 18.79ms, mfu 0.03%
iter 1059: loss 2.0809, time 18.95ms, mfu 0.03%
iter 1060: loss 2.0544, time 18.93ms, mfu 0.03%
iter 1061: loss 1.9897, time 18.95ms, mfu 0.03%
iter 1062: loss 2.0848, time 19.64ms, mfu 0.03%
iter 1063: loss 2.1839, time 18.28ms, mfu 0.03%
iter 1064: loss 2.0575, time 17.39ms, mfu 0.03%
iter 1065: loss 1.9553, time 19.17ms, mfu 0.03%
iter 1066: loss 2.1030, time 18.58ms, mfu 0.03%
iter 1067: loss 1.9430, time 19.30ms, mfu 0.03%
iter 1068: loss 1.9617, time 19.68ms, mfu 0.03%
iter 1069: loss 1.9950, time 19.38ms, mfu 0.03%
iter 1070: loss 1.9759, time 19.41ms, mfu 0.03%
iter 1071: loss 2.0550, time 19.52ms, mfu 0.03%
iter 1072: loss 1.9339, time 21.15ms, mfu 0.03%
iter 1073: loss 2.0018, time 19.98ms, mfu 0.03%
iter 1074: loss 2.0284, time 20.44ms, mfu 0.03%
iter 1075: loss 2.0398, time 18.76ms, mfu 0.03%
iter 1076: loss 2.0527, time 19.75ms, mfu 0.03%
iter 1077: loss 1.9725, time 18.92ms, mfu 0.03%
iter 1078: loss 2.0187, time 18.10ms, mfu 0.03%
iter 1079: loss 2.0055, time 19.50ms, mfu 0.03%
iter 1080: loss 1.9839, time 20.17ms, mfu 0.03%
iter 1081: loss 1.9859, time 19.66ms, mfu 0.03%
iter 1082: loss 2.0248, time 18.95ms, mfu 0.03%
iter 1083: loss 2.1022, time 20.43ms, mfu 0.03%
iter 1084: loss 2.0444, time 19.68ms, mfu 0.03%
iter 1085: loss 2.0413, time 21.61ms, mfu 0.03%
iter 1086: loss 2.0277, time 19.67ms, mfu 0.03%
iter 1087: loss 1.9713, time 19.85ms, mfu 0.03%
iter 1088: loss 1.9725, time 19.96ms, mfu 0.03%
iter 1089: loss 1.9891, time 20.86ms, mfu 0.03%
iter 1090: loss 2.0759, time 19.84ms, mfu 0.03%
iter 1091: loss 2.1234, time 19.65ms, mfu 0.03%
iter 1092: loss 1.9650, time 20.24ms, mfu 0.03%
iter 1093: loss 1.9001, time 19.94ms, mfu 0.03%
iter 1094: loss 2.0374, time 22.54ms, mfu 0.02%
iter 1095: loss 2.0646, time 23.63ms, mfu 0.02%
iter 1096: loss 2.0444, time 20.52ms, mfu 0.02%
iter 1097: loss 2.1328, time 19.23ms, mfu 0.02%
iter 1098: loss 2.0517, time 19.75ms, mfu 0.02%
iter 1099: loss 2.0443, time 20.12ms, mfu 0.02%
iter 1100: loss 2.0550, time 19.86ms, mfu 0.02%
iter 1101: loss 1.9914, time 19.73ms, mfu 0.02%
iter 1102: loss 2.0180, time 21.36ms, mfu 0.02%
iter 1103: loss 1.9777, time 20.73ms, mfu 0.02%
iter 1104: loss 2.0506, time 18.45ms, mfu 0.02%
iter 1105: loss 2.0112, time 20.30ms, mfu 0.02%
iter 1106: loss 2.0676, time 19.31ms, mfu 0.02%
iter 1107: loss 2.0855, time 19.05ms, mfu 0.03%
iter 1108: loss 1.9413, time 17.40ms, mfu 0.03%
iter 1109: loss 2.0065, time 18.11ms, mfu 0.03%
iter 1110: loss 1.9833, time 16.36ms, mfu 0.03%
iter 1111: loss 2.0169, time 18.35ms, mfu 0.03%
iter 1112: loss 1.9021, time 18.31ms, mfu 0.03%
iter 1113: loss 1.9888, time 18.32ms, mfu 0.03%
iter 1114: loss 2.0547, time 17.20ms, mfu 0.03%
iter 1115: loss 2.1357, time 18.17ms, mfu 0.03%
iter 1116: loss 2.0437, time 18.63ms, mfu 0.03%
iter 1117: loss 2.0811, time 18.01ms, mfu 0.03%
iter 1118: loss 2.0400, time 18.33ms, mfu 0.03%
iter 1119: loss 1.9954, time 19.92ms, mfu 0.03%
iter 1120: loss 2.0247, time 19.86ms, mfu 0.03%
iter 1121: loss 1.9842, time 19.79ms, mfu 0.03%
iter 1122: loss 1.9638, time 19.17ms, mfu 0.03%
iter 1123: loss 2.0428, time 18.58ms, mfu 0.03%
iter 1124: loss 1.9959, time 18.70ms, mfu 0.03%
iter 1125: loss 1.9855, time 19.68ms, mfu 0.03%
iter 1126: loss 2.0165, time 17.82ms, mfu 0.03%
iter 1127: loss 2.0771, time 18.96ms, mfu 0.03%
iter 1128: loss 2.0314, time 19.18ms, mfu 0.03%
iter 1129: loss 2.1257, time 19.27ms, mfu 0.03%
iter 1130: loss 2.0527, time 19.77ms, mfu 0.03%
iter 1131: loss 2.0586, time 18.25ms, mfu 0.03%
iter 1132: loss 2.0263, time 19.33ms, mfu 0.03%
iter 1133: loss 1.9763, time 19.12ms, mfu 0.03%
iter 1134: loss 1.9835, time 19.11ms, mfu 0.03%
iter 1135: loss 2.0450, time 18.43ms, mfu 0.03%
iter 1136: loss 2.0266, time 19.50ms, mfu 0.03%
iter 1137: loss 2.0306, time 18.29ms, mfu 0.03%
iter 1138: loss 2.0420, time 18.76ms, mfu 0.03%
iter 1139: loss 1.9914, time 18.02ms, mfu 0.03%
iter 1140: loss 1.9562, time 18.29ms, mfu 0.03%
iter 1141: loss 2.0751, time 18.06ms, mfu 0.03%
iter 1142: loss 1.9832, time 18.15ms, mfu 0.03%
iter 1143: loss 1.9573, time 15.72ms, mfu 0.03%
iter 1144: loss 1.9158, time 18.18ms, mfu 0.03%
iter 1145: loss 2.0260, time 17.91ms, mfu 0.03%
iter 1146: loss 2.0477, time 18.82ms, mfu 0.03%
iter 1147: loss 2.0781, time 19.18ms, mfu 0.03%
iter 1148: loss 1.9818, time 18.09ms, mfu 0.03%
iter 1149: loss 2.0299, time 18.98ms, mfu 0.03%
iter 1150: loss 1.9644, time 18.27ms, mfu 0.03%
iter 1151: loss 1.9127, time 18.36ms, mfu 0.03%
iter 1152: loss 1.9773, time 19.15ms, mfu 0.03%
iter 1153: loss 1.9326, time 18.53ms, mfu 0.03%
iter 1154: loss 2.0376, time 20.31ms, mfu 0.03%
iter 1155: loss 1.9862, time 19.07ms, mfu 0.03%
iter 1156: loss 1.9461, time 18.55ms, mfu 0.03%
iter 1157: loss 2.0467, time 18.80ms, mfu 0.03%
iter 1158: loss 2.0153, time 18.08ms, mfu 0.03%
iter 1159: loss 2.0428, time 17.82ms, mfu 0.03%
iter 1160: loss 1.8947, time 17.25ms, mfu 0.03%
iter 1161: loss 2.0645, time 17.61ms, mfu 0.03%
iter 1162: loss 1.9573, time 18.11ms, mfu 0.03%
iter 1163: loss 1.9545, time 17.96ms, mfu 0.03%
iter 1164: loss 1.9919, time 17.19ms, mfu 0.03%
iter 1165: loss 2.0542, time 17.55ms, mfu 0.03%
iter 1166: loss 2.0380, time 19.04ms, mfu 0.03%
iter 1167: loss 2.0444, time 19.06ms, mfu 0.03%
iter 1168: loss 2.0998, time 19.46ms, mfu 0.03%
iter 1169: loss 2.0008, time 18.99ms, mfu 0.03%
iter 1170: loss 1.9405, time 18.60ms, mfu 0.03%
iter 1171: loss 1.9784, time 18.82ms, mfu 0.03%
iter 1172: loss 2.0711, time 19.67ms, mfu 0.03%
iter 1173: loss 1.9906, time 19.75ms, mfu 0.03%
iter 1174: loss 1.9798, time 18.58ms, mfu 0.03%
iter 1175: loss 2.0193, time 20.27ms, mfu 0.03%
iter 1176: loss 2.0512, time 20.41ms, mfu 0.03%
iter 1177: loss 2.1266, time 18.83ms, mfu 0.03%
iter 1178: loss 1.9302, time 20.16ms, mfu 0.03%
iter 1179: loss 2.0224, time 19.09ms, mfu 0.03%
iter 1180: loss 2.0931, time 18.89ms, mfu 0.03%
iter 1181: loss 1.9973, time 19.55ms, mfu 0.03%
iter 1182: loss 2.0015, time 19.12ms, mfu 0.03%
iter 1183: loss 1.9412, time 18.22ms, mfu 0.03%
iter 1184: loss 2.0283, time 18.54ms, mfu 0.03%
iter 1185: loss 1.9601, time 18.10ms, mfu 0.03%
iter 1186: loss 1.8815, time 17.30ms, mfu 0.03%
iter 1187: loss 2.0871, time 17.92ms, mfu 0.03%
iter 1188: loss 1.9919, time 18.06ms, mfu 0.03%
iter 1189: loss 1.9369, time 18.56ms, mfu 0.03%
iter 1190: loss 1.9328, time 18.41ms, mfu 0.03%
iter 1191: loss 1.9699, time 18.83ms, mfu 0.03%
iter 1192: loss 2.0137, time 18.95ms, mfu 0.03%
iter 1193: loss 1.9609, time 18.22ms, mfu 0.03%
iter 1194: loss 2.0190, time 18.40ms, mfu 0.03%
iter 1195: loss 1.9840, time 17.66ms, mfu 0.03%
iter 1196: loss 1.9936, time 18.32ms, mfu 0.03%
iter 1197: loss 1.9955, time 18.24ms, mfu 0.03%
iter 1198: loss 2.0504, time 18.24ms, mfu 0.03%
iter 1199: loss 1.9591, time 18.39ms, mfu 0.03%
iter 1200: loss 1.9796, time 17.31ms, mfu 0.03%
iter 1201: loss 1.9944, time 19.05ms, mfu 0.03%
iter 1202: loss 1.9516, time 18.88ms, mfu 0.03%
iter 1203: loss 1.8518, time 18.11ms, mfu 0.03%
iter 1204: loss 2.0562, time 18.64ms, mfu 0.03%
iter 1205: loss 2.0286, time 17.97ms, mfu 0.03%
iter 1206: loss 2.0272, time 19.20ms, mfu 0.03%
iter 1207: loss 2.0945, time 19.65ms, mfu 0.03%
iter 1208: loss 2.0151, time 16.18ms, mfu 0.03%
iter 1209: loss 1.9128, time 17.29ms, mfu 0.03%
iter 1210: loss 1.9546, time 20.01ms, mfu 0.03%
iter 1211: loss 1.9798, time 17.61ms, mfu 0.03%
iter 1212: loss 1.9312, time 17.22ms, mfu 0.03%
iter 1213: loss 1.9515, time 19.01ms, mfu 0.03%
iter 1214: loss 1.9511, time 17.21ms, mfu 0.03%
iter 1215: loss 1.8788, time 18.08ms, mfu 0.03%
iter 1216: loss 1.9250, time 18.20ms, mfu 0.03%
iter 1217: loss 1.8653, time 17.49ms, mfu 0.03%
iter 1218: loss 2.0045, time 18.24ms, mfu 0.03%
iter 1219: loss 1.9628, time 18.16ms, mfu 0.03%
iter 1220: loss 2.0085, time 18.06ms, mfu 0.03%
iter 1221: loss 2.0247, time 18.51ms, mfu 0.03%
iter 1222: loss 1.9167, time 18.27ms, mfu 0.03%
iter 1223: loss 1.8854, time 18.23ms, mfu 0.03%
iter 1224: loss 2.0126, time 18.04ms, mfu 0.03%
iter 1225: loss 1.9735, time 19.02ms, mfu 0.03%
iter 1226: loss 1.9488, time 18.41ms, mfu 0.03%
iter 1227: loss 1.9555, time 18.45ms, mfu 0.03%
iter 1228: loss 1.9765, time 17.34ms, mfu 0.03%
iter 1229: loss 1.9755, time 18.28ms, mfu 0.03%
iter 1230: loss 1.9298, time 18.39ms, mfu 0.03%
iter 1231: loss 2.0120, time 18.33ms, mfu 0.03%
iter 1232: loss 1.7974, time 20.39ms, mfu 0.03%
iter 1233: loss 1.9245, time 19.32ms, mfu 0.03%
iter 1234: loss 1.9306, time 18.58ms, mfu 0.03%
iter 1235: loss 1.9326, time 18.41ms, mfu 0.03%
iter 1236: loss 1.9548, time 17.44ms, mfu 0.03%
iter 1237: loss 2.0155, time 19.61ms, mfu 0.03%
iter 1238: loss 1.9442, time 18.09ms, mfu 0.03%
iter 1239: loss 1.9671, time 18.22ms, mfu 0.03%
iter 1240: loss 2.0533, time 18.68ms, mfu 0.03%
iter 1241: loss 1.9442, time 18.42ms, mfu 0.03%
iter 1242: loss 1.9535, time 19.57ms, mfu 0.03%
iter 1243: loss 1.9214, time 19.02ms, mfu 0.03%
iter 1244: loss 1.9354, time 18.75ms, mfu 0.03%
iter 1245: loss 1.8748, time 20.55ms, mfu 0.03%
iter 1246: loss 2.0186, time 19.97ms, mfu 0.03%
iter 1247: loss 2.0559, time 20.75ms, mfu 0.03%
iter 1248: loss 1.9351, time 18.15ms, mfu 0.03%
iter 1249: loss 2.0440, time 18.72ms, mfu 0.03%
step 1250: train loss 1.9752, val loss 2.0551
saving checkpoint to C:\Users\amitc\OneDrive\Desktop\Research\NanoGpt\nanoGPT\experiments\attention_ablation_8
iter 1250: loss 1.9239, time 273.39ms, mfu 0.02%
iter 1251: loss 1.9875, time 18.20ms, mfu 0.02%
iter 1252: loss 1.9557, time 18.42ms, mfu 0.02%
iter 1253: loss 1.9695, time 18.05ms, mfu 0.02%
iter 1254: loss 1.8694, time 17.87ms, mfu 0.03%
iter 1255: loss 1.9712, time 17.26ms, mfu 0.03%
iter 1256: loss 1.7943, time 18.69ms, mfu 0.03%
iter 1257: loss 1.9230, time 18.86ms, mfu 0.03%
iter 1258: loss 2.0252, time 18.43ms, mfu 0.03%
iter 1259: loss 1.9200, time 17.37ms, mfu 0.03%
iter 1260: loss 1.9501, time 19.81ms, mfu 0.03%
iter 1261: loss 1.9137, time 20.98ms, mfu 0.03%
iter 1262: loss 2.0448, time 18.10ms, mfu 0.03%
iter 1263: loss 1.9333, time 18.34ms, mfu 0.03%
iter 1264: loss 1.8973, time 18.23ms, mfu 0.03%
iter 1265: loss 1.9812, time 18.23ms, mfu 0.03%
iter 1266: loss 1.9841, time 18.58ms, mfu 0.03%
iter 1267: loss 1.9594, time 18.83ms, mfu 0.03%
iter 1268: loss 2.0097, time 18.85ms, mfu 0.03%
iter 1269: loss 1.9676, time 17.98ms, mfu 0.03%
iter 1270: loss 1.8924, time 16.40ms, mfu 0.03%
iter 1271: loss 1.9880, time 18.23ms, mfu 0.03%
iter 1272: loss 1.9750, time 18.93ms, mfu 0.03%
iter 1273: loss 2.0110, time 18.52ms, mfu 0.03%
iter 1274: loss 1.9020, time 19.55ms, mfu 0.03%
iter 1275: loss 1.9116, time 17.69ms, mfu 0.03%
iter 1276: loss 1.8913, time 18.38ms, mfu 0.03%
iter 1277: loss 1.9213, time 18.16ms, mfu 0.03%
iter 1278: loss 1.9566, time 17.98ms, mfu 0.03%
iter 1279: loss 2.0470, time 17.49ms, mfu 0.03%
iter 1280: loss 1.9503, time 18.88ms, mfu 0.03%
iter 1281: loss 1.9261, time 18.31ms, mfu 0.03%
iter 1282: loss 1.9207, time 18.36ms, mfu 0.03%
iter 1283: loss 2.0065, time 18.58ms, mfu 0.03%
iter 1284: loss 1.9942, time 17.85ms, mfu 0.03%
iter 1285: loss 1.8762, time 18.10ms, mfu 0.03%
iter 1286: loss 1.9479, time 17.46ms, mfu 0.03%
iter 1287: loss 1.9851, time 16.78ms, mfu 0.03%
iter 1288: loss 1.8150, time 17.65ms, mfu 0.03%
iter 1289: loss 1.9189, time 19.23ms, mfu 0.03%
iter 1290: loss 2.1099, time 18.33ms, mfu 0.03%
iter 1291: loss 1.9791, time 18.20ms, mfu 0.03%
iter 1292: loss 2.0545, time 17.56ms, mfu 0.03%
iter 1293: loss 1.9753, time 17.29ms, mfu 0.03%
iter 1294: loss 1.9448, time 17.84ms, mfu 0.03%
iter 1295: loss 2.0579, time 18.01ms, mfu 0.03%
iter 1296: loss 1.9381, time 18.45ms, mfu 0.03%
iter 1297: loss 1.9520, time 19.44ms, mfu 0.03%
iter 1298: loss 2.0347, time 18.97ms, mfu 0.03%
iter 1299: loss 1.9130, time 19.09ms, mfu 0.03%
iter 1300: loss 1.9503, time 18.80ms, mfu 0.03%
iter 1301: loss 1.9331, time 19.68ms, mfu 0.03%
iter 1302: loss 1.9011, time 20.87ms, mfu 0.03%
iter 1303: loss 2.0009, time 18.64ms, mfu 0.03%
iter 1304: loss 1.9592, time 19.30ms, mfu 0.03%
iter 1305: loss 1.8947, time 18.90ms, mfu 0.03%
iter 1306: loss 2.0611, time 18.51ms, mfu 0.03%
iter 1307: loss 1.9909, time 18.41ms, mfu 0.03%
iter 1308: loss 1.9512, time 19.32ms, mfu 0.03%
iter 1309: loss 1.8860, time 18.99ms, mfu 0.03%
iter 1310: loss 2.0259, time 18.97ms, mfu 0.03%
iter 1311: loss 1.9279, time 18.32ms, mfu 0.03%
iter 1312: loss 2.0223, time 18.07ms, mfu 0.03%
iter 1313: loss 1.8902, time 18.79ms, mfu 0.03%
iter 1314: loss 1.9068, time 18.27ms, mfu 0.03%
iter 1315: loss 1.9752, time 18.98ms, mfu 0.03%
iter 1316: loss 1.9209, time 18.09ms, mfu 0.03%
iter 1317: loss 1.9517, time 19.09ms, mfu 0.03%
iter 1318: loss 2.0106, time 18.47ms, mfu 0.03%
iter 1319: loss 1.9358, time 18.78ms, mfu 0.03%
iter 1320: loss 1.9991, time 18.57ms, mfu 0.03%
iter 1321: loss 1.8730, time 19.22ms, mfu 0.03%
iter 1322: loss 1.9521, time 18.58ms, mfu 0.03%
iter 1323: loss 1.9073, time 19.09ms, mfu 0.03%
iter 1324: loss 2.0312, time 19.14ms, mfu 0.03%
iter 1325: loss 1.9531, time 21.37ms, mfu 0.03%
iter 1326: loss 1.9756, time 19.36ms, mfu 0.03%
iter 1327: loss 1.8603, time 20.97ms, mfu 0.03%
iter 1328: loss 1.9679, time 26.81ms, mfu 0.03%
iter 1329: loss 1.8503, time 20.01ms, mfu 0.03%
iter 1330: loss 2.0269, time 21.13ms, mfu 0.03%
iter 1331: loss 1.9547, time 25.12ms, mfu 0.02%
iter 1332: loss 1.9466, time 18.14ms, mfu 0.02%
iter 1333: loss 1.9616, time 19.60ms, mfu 0.02%
iter 1334: loss 1.9566, time 20.88ms, mfu 0.02%
iter 1335: loss 1.9127, time 19.04ms, mfu 0.02%
iter 1336: loss 1.9720, time 19.32ms, mfu 0.02%
iter 1337: loss 1.9875, time 18.65ms, mfu 0.03%
iter 1338: loss 1.9456, time 19.12ms, mfu 0.03%
iter 1339: loss 2.0727, time 18.03ms, mfu 0.03%
iter 1340: loss 1.8944, time 16.67ms, mfu 0.03%
iter 1341: loss 1.9250, time 18.81ms, mfu 0.03%
iter 1342: loss 1.9876, time 18.29ms, mfu 0.03%
iter 1343: loss 1.9126, time 19.06ms, mfu 0.03%
iter 1344: loss 1.9507, time 18.37ms, mfu 0.03%
iter 1345: loss 1.9678, time 18.07ms, mfu 0.03%
iter 1346: loss 1.8971, time 17.92ms, mfu 0.03%
iter 1347: loss 1.9411, time 18.46ms, mfu 0.03%
iter 1348: loss 1.9116, time 20.35ms, mfu 0.03%
iter 1349: loss 1.9123, time 19.14ms, mfu 0.03%
iter 1350: loss 1.9125, time 19.91ms, mfu 0.03%
iter 1351: loss 1.9705, time 19.50ms, mfu 0.03%
iter 1352: loss 1.9864, time 19.28ms, mfu 0.03%
iter 1353: loss 2.0452, time 18.48ms, mfu 0.03%
iter 1354: loss 1.9186, time 21.33ms, mfu 0.03%
iter 1355: loss 1.9995, time 21.46ms, mfu 0.03%
iter 1356: loss 1.9476, time 20.51ms, mfu 0.03%
iter 1357: loss 2.0405, time 16.88ms, mfu 0.03%
iter 1358: loss 1.8937, time 17.93ms, mfu 0.03%
iter 1359: loss 2.0079, time 18.09ms, mfu 0.03%
iter 1360: loss 1.9123, time 19.27ms, mfu 0.03%
iter 1361: loss 2.0380, time 23.56ms, mfu 0.03%
iter 1362: loss 1.9929, time 19.74ms, mfu 0.03%
iter 1363: loss 1.9912, time 19.31ms, mfu 0.03%
iter 1364: loss 1.9121, time 18.66ms, mfu 0.03%
iter 1365: loss 1.8784, time 16.89ms, mfu 0.03%
iter 1366: loss 1.9399, time 17.10ms, mfu 0.03%
iter 1367: loss 1.9727, time 19.17ms, mfu 0.03%
iter 1368: loss 1.9843, time 18.06ms, mfu 0.03%
iter 1369: loss 1.8282, time 18.05ms, mfu 0.03%
iter 1370: loss 1.9364, time 18.17ms, mfu 0.03%
iter 1371: loss 2.0016, time 18.56ms, mfu 0.03%
iter 1372: loss 2.0346, time 18.93ms, mfu 0.03%
iter 1373: loss 1.9019, time 18.92ms, mfu 0.03%
iter 1374: loss 1.9399, time 18.22ms, mfu 0.03%
iter 1375: loss 1.8419, time 18.17ms, mfu 0.03%
iter 1376: loss 2.0020, time 18.37ms, mfu 0.03%
iter 1377: loss 1.9149, time 19.50ms, mfu 0.03%
iter 1378: loss 1.8975, time 18.49ms, mfu 0.03%
iter 1379: loss 1.9417, time 16.60ms, mfu 0.03%
iter 1380: loss 2.0099, time 18.94ms, mfu 0.03%
iter 1381: loss 1.8971, time 19.15ms, mfu 0.03%
iter 1382: loss 1.9146, time 18.47ms, mfu 0.03%
iter 1383: loss 1.8917, time 17.69ms, mfu 0.03%
iter 1384: loss 2.0268, time 18.21ms, mfu 0.03%
iter 1385: loss 1.8304, time 17.78ms, mfu 0.03%
iter 1386: loss 1.9564, time 18.26ms, mfu 0.03%
iter 1387: loss 1.8430, time 20.43ms, mfu 0.03%
iter 1388: loss 1.9952, time 17.95ms, mfu 0.03%
iter 1389: loss 1.9034, time 18.56ms, mfu 0.03%
iter 1390: loss 1.9787, time 19.32ms, mfu 0.03%
iter 1391: loss 1.9752, time 17.95ms, mfu 0.03%
iter 1392: loss 1.9830, time 17.75ms, mfu 0.03%
iter 1393: loss 2.0386, time 17.22ms, mfu 0.03%
iter 1394: loss 1.9663, time 18.21ms, mfu 0.03%
iter 1395: loss 1.9405, time 18.84ms, mfu 0.03%
iter 1396: loss 1.9966, time 18.16ms, mfu 0.03%
iter 1397: loss 1.9893, time 18.87ms, mfu 0.03%
iter 1398: loss 1.9920, time 18.49ms, mfu 0.03%
iter 1399: loss 1.9300, time 18.05ms, mfu 0.03%
iter 1400: loss 1.7398, time 18.30ms, mfu 0.03%
iter 1401: loss 1.8665, time 18.14ms, mfu 0.03%
iter 1402: loss 1.8478, time 17.70ms, mfu 0.03%
iter 1403: loss 2.0227, time 18.54ms, mfu 0.03%
iter 1404: loss 1.9679, time 19.79ms, mfu 0.03%
iter 1405: loss 1.8656, time 18.26ms, mfu 0.03%
iter 1406: loss 1.8881, time 17.94ms, mfu 0.03%
iter 1407: loss 1.9790, time 18.20ms, mfu 0.03%
iter 1408: loss 1.9818, time 20.63ms, mfu 0.03%
iter 1409: loss 1.9429, time 17.34ms, mfu 0.03%
iter 1410: loss 1.9919, time 18.58ms, mfu 0.03%
iter 1411: loss 1.9404, time 18.75ms, mfu 0.03%
iter 1412: loss 1.9567, time 18.66ms, mfu 0.03%
iter 1413: loss 1.9404, time 16.92ms, mfu 0.03%
iter 1414: loss 1.8429, time 17.59ms, mfu 0.03%
iter 1415: loss 1.9259, time 20.06ms, mfu 0.03%
iter 1416: loss 1.9683, time 18.73ms, mfu 0.03%
iter 1417: loss 1.9502, time 17.04ms, mfu 0.03%
iter 1418: loss 1.9453, time 17.44ms, mfu 0.03%
iter 1419: loss 2.0296, time 18.32ms, mfu 0.03%
iter 1420: loss 1.7969, time 16.50ms, mfu 0.03%
iter 1421: loss 1.8711, time 18.00ms, mfu 0.03%
iter 1422: loss 1.8766, time 18.31ms, mfu 0.03%
iter 1423: loss 1.8821, time 17.83ms, mfu 0.03%
iter 1424: loss 1.9712, time 21.93ms, mfu 0.03%
iter 1425: loss 2.0492, time 18.52ms, mfu 0.03%
iter 1426: loss 1.9114, time 18.32ms, mfu 0.03%
iter 1427: loss 1.8698, time 18.24ms, mfu 0.03%
iter 1428: loss 1.8461, time 18.36ms, mfu 0.03%
iter 1429: loss 1.9126, time 18.31ms, mfu 0.03%
iter 1430: loss 1.8424, time 18.20ms, mfu 0.03%
iter 1431: loss 2.0175, time 17.12ms, mfu 0.03%
iter 1432: loss 1.9147, time 19.84ms, mfu 0.03%
iter 1433: loss 1.8276, time 18.61ms, mfu 0.03%
iter 1434: loss 1.8386, time 22.29ms, mfu 0.03%
iter 1435: loss 1.8793, time 22.34ms, mfu 0.03%
iter 1436: loss 1.9034, time 19.65ms, mfu 0.03%
iter 1437: loss 1.9655, time 19.08ms, mfu 0.03%
iter 1438: loss 1.9842, time 18.72ms, mfu 0.03%
iter 1439: loss 1.8955, time 19.73ms, mfu 0.03%
iter 1440: loss 1.8736, time 19.59ms, mfu 0.03%
iter 1441: loss 1.9322, time 18.27ms, mfu 0.03%
iter 1442: loss 1.8403, time 19.78ms, mfu 0.03%
iter 1443: loss 1.8322, time 19.62ms, mfu 0.03%
iter 1444: loss 1.8048, time 20.00ms, mfu 0.03%
iter 1445: loss 1.9767, time 19.59ms, mfu 0.03%
iter 1446: loss 1.8476, time 19.05ms, mfu 0.03%
iter 1447: loss 1.9420, time 19.27ms, mfu 0.03%
iter 1448: loss 1.8702, time 19.44ms, mfu 0.03%
iter 1449: loss 1.9660, time 18.81ms, mfu 0.03%
iter 1450: loss 1.9321, time 19.51ms, mfu 0.03%
iter 1451: loss 1.8612, time 19.65ms, mfu 0.03%
iter 1452: loss 1.8416, time 19.00ms, mfu 0.03%
iter 1453: loss 1.8574, time 19.06ms, mfu 0.03%
iter 1454: loss 1.9531, time 19.56ms, mfu 0.03%
iter 1455: loss 1.9084, time 19.38ms, mfu 0.03%
iter 1456: loss 2.0013, time 18.55ms, mfu 0.03%
iter 1457: loss 1.9572, time 18.83ms, mfu 0.03%
iter 1458: loss 1.9447, time 18.29ms, mfu 0.03%
iter 1459: loss 2.0263, time 17.91ms, mfu 0.03%
iter 1460: loss 1.8742, time 19.11ms, mfu 0.03%
iter 1461: loss 1.8566, time 17.65ms, mfu 0.03%
iter 1462: loss 1.9929, time 18.22ms, mfu 0.03%
iter 1463: loss 1.9083, time 19.62ms, mfu 0.03%
iter 1464: loss 1.7855, time 18.33ms, mfu 0.03%
iter 1465: loss 1.9043, time 18.54ms, mfu 0.03%
iter 1466: loss 1.9773, time 18.85ms, mfu 0.03%
iter 1467: loss 1.9311, time 18.57ms, mfu 0.03%
iter 1468: loss 1.9979, time 18.50ms, mfu 0.03%
iter 1469: loss 1.8764, time 18.42ms, mfu 0.03%
iter 1470: loss 1.8936, time 17.74ms, mfu 0.03%
iter 1471: loss 1.8882, time 18.90ms, mfu 0.03%
iter 1472: loss 1.9193, time 17.72ms, mfu 0.03%
iter 1473: loss 2.1130, time 18.76ms, mfu 0.03%
iter 1474: loss 1.8771, time 17.12ms, mfu 0.03%
iter 1475: loss 1.8786, time 18.19ms, mfu 0.03%
iter 1476: loss 1.9248, time 18.63ms, mfu 0.03%
iter 1477: loss 1.9489, time 18.80ms, mfu 0.03%
iter 1478: loss 1.9105, time 16.78ms, mfu 0.03%
iter 1479: loss 1.8116, time 18.29ms, mfu 0.03%
iter 1480: loss 1.8980, time 18.94ms, mfu 0.03%
iter 1481: loss 1.9759, time 19.50ms, mfu 0.03%
iter 1482: loss 1.9373, time 18.04ms, mfu 0.03%
iter 1483: loss 1.9011, time 19.41ms, mfu 0.03%
iter 1484: loss 1.8234, time 19.89ms, mfu 0.03%
iter 1485: loss 1.9619, time 19.62ms, mfu 0.03%
iter 1486: loss 1.8933, time 19.03ms, mfu 0.03%
iter 1487: loss 1.8854, time 19.13ms, mfu 0.03%
iter 1488: loss 1.9539, time 19.58ms, mfu 0.03%
iter 1489: loss 1.8766, time 19.92ms, mfu 0.03%
iter 1490: loss 1.9269, time 20.64ms, mfu 0.03%
iter 1491: loss 1.9151, time 21.28ms, mfu 0.03%
iter 1492: loss 1.8807, time 20.49ms, mfu 0.03%
iter 1493: loss 1.9673, time 24.39ms, mfu 0.03%
iter 1494: loss 1.8691, time 21.11ms, mfu 0.02%
iter 1495: loss 1.8646, time 22.59ms, mfu 0.02%
iter 1496: loss 1.9106, time 21.29ms, mfu 0.02%
iter 1497: loss 1.9334, time 17.81ms, mfu 0.02%
iter 1498: loss 1.8811, time 20.12ms, mfu 0.02%
iter 1499: loss 1.7904, time 21.61ms, mfu 0.02%
step 1500: train loss 1.9072, val loss 1.9923
saving checkpoint to C:\Users\amitc\OneDrive\Desktop\Research\NanoGpt\nanoGPT\experiments\attention_ablation_8
iter 1500: loss 1.9700, time 282.85ms, mfu 0.02%
iter 1501: loss 2.1163, time 21.55ms, mfu 0.02%
iter 1502: loss 1.8342, time 19.36ms, mfu 0.02%
iter 1503: loss 1.9074, time 19.47ms, mfu 0.02%
iter 1504: loss 1.8502, time 18.89ms, mfu 0.02%
iter 1505: loss 1.8126, time 19.25ms, mfu 0.02%
iter 1506: loss 1.9684, time 21.55ms, mfu 0.02%
iter 1507: loss 1.9390, time 19.79ms, mfu 0.02%
iter 1508: loss 1.8891, time 18.33ms, mfu 0.02%
iter 1509: loss 1.8846, time 18.51ms, mfu 0.02%
iter 1510: loss 1.9431, time 17.96ms, mfu 0.02%
iter 1511: loss 1.8008, time 18.48ms, mfu 0.02%
iter 1512: loss 1.9176, time 18.27ms, mfu 0.03%
iter 1513: loss 1.8579, time 19.57ms, mfu 0.03%
iter 1514: loss 1.8320, time 18.98ms, mfu 0.03%
iter 1515: loss 1.8556, time 18.51ms, mfu 0.03%
iter 1516: loss 1.7733, time 18.84ms, mfu 0.03%
iter 1517: loss 1.8929, time 18.54ms, mfu 0.03%
iter 1518: loss 1.8044, time 18.73ms, mfu 0.03%
iter 1519: loss 1.8469, time 19.40ms, mfu 0.03%
iter 1520: loss 1.8836, time 18.54ms, mfu 0.03%
iter 1521: loss 1.9134, time 18.74ms, mfu 0.03%
iter 1522: loss 1.9531, time 19.15ms, mfu 0.03%
iter 1523: loss 1.9381, time 19.20ms, mfu 0.03%
iter 1524: loss 1.9120, time 18.82ms, mfu 0.03%
iter 1525: loss 1.8139, time 19.11ms, mfu 0.03%
iter 1526: loss 1.8429, time 19.26ms, mfu 0.03%
iter 1527: loss 1.8522, time 22.32ms, mfu 0.03%
iter 1528: loss 1.8189, time 24.95ms, mfu 0.03%
iter 1529: loss 1.8504, time 20.60ms, mfu 0.02%
iter 1530: loss 1.8367, time 18.29ms, mfu 0.03%
iter 1531: loss 1.8406, time 19.84ms, mfu 0.03%
iter 1532: loss 1.8702, time 19.36ms, mfu 0.03%
iter 1533: loss 1.9198, time 17.93ms, mfu 0.03%
iter 1534: loss 1.8919, time 18.88ms, mfu 0.03%
iter 1535: loss 1.9707, time 18.15ms, mfu 0.03%
iter 1536: loss 1.9561, time 18.48ms, mfu 0.03%
iter 1537: loss 1.9036, time 18.61ms, mfu 0.03%
iter 1538: loss 1.8061, time 18.20ms, mfu 0.03%
iter 1539: loss 1.8339, time 18.72ms, mfu 0.03%
iter 1540: loss 1.8260, time 18.68ms, mfu 0.03%
iter 1541: loss 1.8272, time 18.78ms, mfu 0.03%
iter 1542: loss 1.8718, time 18.89ms, mfu 0.03%
iter 1543: loss 1.8079, time 18.95ms, mfu 0.03%
iter 1544: loss 1.8992, time 19.95ms, mfu 0.03%
iter 1545: loss 1.8868, time 19.54ms, mfu 0.03%
iter 1546: loss 1.8564, time 19.00ms, mfu 0.03%
iter 1547: loss 1.9258, time 18.34ms, mfu 0.03%
iter 1548: loss 1.9248, time 18.31ms, mfu 0.03%
iter 1549: loss 1.9010, time 18.47ms, mfu 0.03%
iter 1550: loss 1.9045, time 17.75ms, mfu 0.03%
iter 1551: loss 1.9945, time 18.94ms, mfu 0.03%
iter 1552: loss 1.8462, time 18.17ms, mfu 0.03%
iter 1553: loss 1.9617, time 18.68ms, mfu 0.03%
iter 1554: loss 1.9210, time 18.49ms, mfu 0.03%
iter 1555: loss 2.0287, time 19.02ms, mfu 0.03%
iter 1556: loss 1.8979, time 20.01ms, mfu 0.03%
iter 1557: loss 1.8771, time 20.07ms, mfu 0.03%
iter 1558: loss 1.9238, time 18.96ms, mfu 0.03%
iter 1559: loss 2.0216, time 18.26ms, mfu 0.03%
iter 1560: loss 1.8542, time 18.79ms, mfu 0.03%
iter 1561: loss 1.9327, time 18.81ms, mfu 0.03%
iter 1562: loss 1.9509, time 18.84ms, mfu 0.03%
iter 1563: loss 1.9002, time 17.48ms, mfu 0.03%
iter 1564: loss 1.8566, time 17.84ms, mfu 0.03%
iter 1565: loss 1.9248, time 18.09ms, mfu 0.03%
iter 1566: loss 1.8762, time 18.54ms, mfu 0.03%
iter 1567: loss 1.7991, time 17.89ms, mfu 0.03%
iter 1568: loss 1.8744, time 18.08ms, mfu 0.03%
iter 1569: loss 1.8990, time 17.26ms, mfu 0.03%
iter 1570: loss 1.8927, time 18.17ms, mfu 0.03%
iter 1571: loss 1.8150, time 18.11ms, mfu 0.03%
iter 1572: loss 1.8689, time 18.92ms, mfu 0.03%
iter 1573: loss 1.8355, time 18.61ms, mfu 0.03%
iter 1574: loss 1.7687, time 18.33ms, mfu 0.03%
iter 1575: loss 2.0269, time 18.80ms, mfu 0.03%
iter 1576: loss 1.8160, time 17.64ms, mfu 0.03%
iter 1577: loss 1.8102, time 17.81ms, mfu 0.03%
iter 1578: loss 1.8306, time 19.43ms, mfu 0.03%
iter 1579: loss 1.8579, time 19.01ms, mfu 0.03%
iter 1580: loss 1.7817, time 19.83ms, mfu 0.03%
iter 1581: loss 1.8963, time 17.60ms, mfu 0.03%
iter 1582: loss 1.7992, time 20.69ms, mfu 0.03%
iter 1583: loss 1.8540, time 22.84ms, mfu 0.03%
iter 1584: loss 1.8004, time 20.58ms, mfu 0.03%
iter 1585: loss 1.8200, time 19.67ms, mfu 0.03%
iter 1586: loss 1.8033, time 18.07ms, mfu 0.03%
iter 1587: loss 1.8147, time 19.78ms, mfu 0.03%
iter 1588: loss 1.9352, time 19.25ms, mfu 0.03%
iter 1589: loss 1.8993, time 18.50ms, mfu 0.03%
iter 1590: loss 1.8474, time 18.95ms, mfu 0.03%
iter 1591: loss 1.8767, time 19.32ms, mfu 0.03%
iter 1592: loss 1.8020, time 20.22ms, mfu 0.03%
iter 1593: loss 1.9050, time 19.24ms, mfu 0.03%
iter 1594: loss 1.8940, time 19.53ms, mfu 0.03%
iter 1595: loss 1.8733, time 20.11ms, mfu 0.03%
iter 1596: loss 1.9241, time 21.50ms, mfu 0.03%
iter 1597: loss 1.8834, time 19.12ms, mfu 0.03%
iter 1598: loss 1.8200, time 17.80ms, mfu 0.03%
iter 1599: loss 1.8985, time 23.38ms, mfu 0.03%
iter 1600: loss 1.7946, time 23.20ms, mfu 0.02%
iter 1601: loss 1.9077, time 22.08ms, mfu 0.02%
iter 1602: loss 1.9758, time 19.15ms, mfu 0.02%
iter 1603: loss 1.7583, time 22.20ms, mfu 0.02%
iter 1604: loss 1.9245, time 20.06ms, mfu 0.02%
iter 1605: loss 1.9767, time 17.79ms, mfu 0.02%
iter 1606: loss 1.8893, time 23.40ms, mfu 0.02%
iter 1607: loss 1.8038, time 39.88ms, mfu 0.02%
iter 1608: loss 1.9259, time 34.25ms, mfu 0.02%
iter 1609: loss 1.8677, time 25.96ms, mfu 0.02%
iter 1610: loss 1.8065, time 23.96ms, mfu 0.02%
iter 1611: loss 1.9465, time 20.48ms, mfu 0.02%
iter 1612: loss 1.7987, time 22.70ms, mfu 0.02%
iter 1613: loss 1.8596, time 20.33ms, mfu 0.02%
iter 1614: loss 1.8589, time 19.60ms, mfu 0.02%
iter 1615: loss 1.9384, time 21.36ms, mfu 0.02%
iter 1616: loss 1.9536, time 20.61ms, mfu 0.02%
iter 1617: loss 1.8517, time 21.24ms, mfu 0.02%
iter 1618: loss 1.9302, time 20.54ms, mfu 0.02%
iter 1619: loss 1.8258, time 19.35ms, mfu 0.02%
iter 1620: loss 1.8918, time 19.02ms, mfu 0.02%
iter 1621: loss 1.9178, time 17.19ms, mfu 0.02%
iter 1622: loss 1.9547, time 17.70ms, mfu 0.02%
iter 1623: loss 1.8202, time 17.92ms, mfu 0.02%
iter 1624: loss 1.8968, time 18.56ms, mfu 0.03%
iter 1625: loss 1.8521, time 18.18ms, mfu 0.03%
iter 1626: loss 1.8461, time 18.32ms, mfu 0.03%
iter 1627: loss 1.9177, time 18.92ms, mfu 0.03%
iter 1628: loss 1.7764, time 18.35ms, mfu 0.03%
iter 1629: loss 1.7714, time 18.02ms, mfu 0.03%
iter 1630: loss 1.9095, time 19.17ms, mfu 0.03%
iter 1631: loss 1.8239, time 17.94ms, mfu 0.03%
iter 1632: loss 1.7903, time 18.15ms, mfu 0.03%
iter 1633: loss 1.9219, time 19.33ms, mfu 0.03%
iter 1634: loss 1.8532, time 19.75ms, mfu 0.03%
iter 1635: loss 1.9128, time 21.10ms, mfu 0.03%
iter 1636: loss 1.8495, time 20.75ms, mfu 0.03%
iter 1637: loss 1.9210, time 20.78ms, mfu 0.03%
iter 1638: loss 1.8893, time 19.50ms, mfu 0.03%
iter 1639: loss 1.8398, time 25.18ms, mfu 0.02%
iter 1640: loss 1.8378, time 24.53ms, mfu 0.02%
iter 1641: loss 1.9279, time 23.09ms, mfu 0.02%
iter 1642: loss 1.7575, time 21.88ms, mfu 0.02%
iter 1643: loss 1.9825, time 20.20ms, mfu 0.02%
iter 1644: loss 1.8848, time 21.90ms, mfu 0.02%
iter 1645: loss 1.7970, time 22.79ms, mfu 0.02%
iter 1646: loss 1.8993, time 24.31ms, mfu 0.02%
iter 1647: loss 1.9586, time 23.99ms, mfu 0.02%
iter 1648: loss 1.9425, time 22.87ms, mfu 0.02%
iter 1649: loss 1.8299, time 19.59ms, mfu 0.02%
iter 1650: loss 1.8706, time 20.28ms, mfu 0.02%
iter 1651: loss 1.7938, time 21.36ms, mfu 0.02%
iter 1652: loss 1.8750, time 22.22ms, mfu 0.02%
iter 1653: loss 1.8001, time 25.42ms, mfu 0.02%
iter 1654: loss 1.9376, time 22.67ms, mfu 0.02%
iter 1655: loss 1.9005, time 20.09ms, mfu 0.02%
iter 1656: loss 1.9878, time 22.34ms, mfu 0.02%
iter 1657: loss 1.8317, time 21.43ms, mfu 0.02%
iter 1658: loss 1.8210, time 20.22ms, mfu 0.02%
iter 1659: loss 1.9204, time 21.67ms, mfu 0.02%
iter 1660: loss 1.8421, time 20.54ms, mfu 0.02%
iter 1661: loss 1.8433, time 21.87ms, mfu 0.02%
iter 1662: loss 1.8875, time 27.37ms, mfu 0.02%
iter 1663: loss 1.8925, time 21.89ms, mfu 0.02%
iter 1664: loss 1.7768, time 21.15ms, mfu 0.02%
iter 1665: loss 2.0284, time 25.57ms, mfu 0.02%
iter 1666: loss 1.7986, time 40.03ms, mfu 0.02%
iter 1667: loss 1.8111, time 23.65ms, mfu 0.02%
iter 1668: loss 1.7480, time 22.26ms, mfu 0.02%
iter 1669: loss 1.8724, time 22.82ms, mfu 0.02%
iter 1670: loss 1.8883, time 19.85ms, mfu 0.02%
iter 1671: loss 1.9473, time 19.31ms, mfu 0.02%
iter 1672: loss 1.8655, time 18.97ms, mfu 0.02%
iter 1673: loss 1.8385, time 22.21ms, mfu 0.02%
iter 1674: loss 1.8604, time 22.32ms, mfu 0.02%
iter 1675: loss 1.9399, time 21.74ms, mfu 0.02%
iter 1676: loss 1.9101, time 22.37ms, mfu 0.02%
iter 1677: loss 1.9094, time 20.07ms, mfu 0.02%
iter 1678: loss 1.9289, time 22.91ms, mfu 0.02%
iter 1679: loss 1.9380, time 21.50ms, mfu 0.02%
iter 1680: loss 1.9203, time 20.41ms, mfu 0.02%
iter 1681: loss 2.0193, time 22.69ms, mfu 0.02%
iter 1682: loss 1.8015, time 20.62ms, mfu 0.02%
iter 1683: loss 1.7891, time 20.82ms, mfu 0.02%
iter 1684: loss 1.9259, time 21.26ms, mfu 0.02%
iter 1685: loss 1.8421, time 20.98ms, mfu 0.02%
iter 1686: loss 1.9128, time 22.58ms, mfu 0.02%
iter 1687: loss 1.8868, time 21.80ms, mfu 0.02%
iter 1688: loss 1.8756, time 21.56ms, mfu 0.02%
iter 1689: loss 1.8593, time 19.53ms, mfu 0.02%
iter 1690: loss 1.8895, time 21.45ms, mfu 0.02%
iter 1691: loss 1.8671, time 24.20ms, mfu 0.02%
iter 1692: loss 1.9651, time 21.47ms, mfu 0.02%
iter 1693: loss 1.8289, time 20.19ms, mfu 0.02%
iter 1694: loss 1.9692, time 19.02ms, mfu 0.02%
iter 1695: loss 1.9169, time 19.70ms, mfu 0.02%
iter 1696: loss 1.9227, time 19.27ms, mfu 0.02%
iter 1697: loss 1.8568, time 20.14ms, mfu 0.02%
iter 1698: loss 1.8598, time 21.15ms, mfu 0.02%
iter 1699: loss 1.8098, time 21.49ms, mfu 0.02%
iter 1700: loss 1.8765, time 21.82ms, mfu 0.02%
iter 1701: loss 1.9750, time 20.04ms, mfu 0.02%
iter 1702: loss 1.7933, time 19.25ms, mfu 0.02%
iter 1703: loss 1.8052, time 21.52ms, mfu 0.02%
iter 1704: loss 1.8812, time 18.89ms, mfu 0.02%
iter 1705: loss 1.8343, time 18.98ms, mfu 0.02%
iter 1706: loss 1.9340, time 18.47ms, mfu 0.02%
iter 1707: loss 1.8857, time 18.69ms, mfu 0.02%
iter 1708: loss 1.8544, time 19.22ms, mfu 0.02%
iter 1709: loss 1.8299, time 19.35ms, mfu 0.03%
iter 1710: loss 1.8360, time 18.97ms, mfu 0.03%
iter 1711: loss 1.9630, time 18.98ms, mfu 0.03%
iter 1712: loss 1.8306, time 20.90ms, mfu 0.03%
iter 1713: loss 1.8388, time 20.52ms, mfu 0.03%
iter 1714: loss 1.8653, time 20.45ms, mfu 0.03%
iter 1715: loss 1.8492, time 18.08ms, mfu 0.03%
iter 1716: loss 1.9330, time 18.80ms, mfu 0.03%
iter 1717: loss 1.8375, time 18.93ms, mfu 0.03%
iter 1718: loss 1.9063, time 18.70ms, mfu 0.03%
iter 1719: loss 1.8042, time 19.53ms, mfu 0.03%
iter 1720: loss 1.7806, time 19.41ms, mfu 0.03%
iter 1721: loss 1.9327, time 18.63ms, mfu 0.03%
iter 1722: loss 1.8618, time 19.24ms, mfu 0.03%
iter 1723: loss 1.8650, time 19.52ms, mfu 0.03%
iter 1724: loss 1.8341, time 17.66ms, mfu 0.03%
iter 1725: loss 1.9147, time 22.80ms, mfu 0.03%
iter 1726: loss 1.8416, time 19.20ms, mfu 0.03%
iter 1727: loss 1.8277, time 19.63ms, mfu 0.03%
iter 1728: loss 1.7944, time 18.80ms, mfu 0.03%
iter 1729: loss 1.8987, time 16.65ms, mfu 0.03%
iter 1730: loss 1.8868, time 17.94ms, mfu 0.03%
iter 1731: loss 1.8086, time 17.71ms, mfu 0.03%
iter 1732: loss 1.8198, time 18.26ms, mfu 0.03%
iter 1733: loss 1.9198, time 18.57ms, mfu 0.03%
iter 1734: loss 1.8169, time 18.87ms, mfu 0.03%
iter 1735: loss 1.6942, time 18.11ms, mfu 0.03%
iter 1736: loss 1.9425, time 17.43ms, mfu 0.03%
iter 1737: loss 1.7925, time 18.57ms, mfu 0.03%
iter 1738: loss 1.8410, time 21.66ms, mfu 0.03%
iter 1739: loss 1.9173, time 19.66ms, mfu 0.03%
iter 1740: loss 1.8290, time 18.01ms, mfu 0.03%
iter 1741: loss 1.8419, time 17.75ms, mfu 0.03%
iter 1742: loss 1.8624, time 18.42ms, mfu 0.03%
iter 1743: loss 1.8355, time 18.01ms, mfu 0.03%
iter 1744: loss 1.9005, time 17.91ms, mfu 0.03%
iter 1745: loss 1.7464, time 19.29ms, mfu 0.03%
iter 1746: loss 1.8542, time 17.93ms, mfu 0.03%
iter 1747: loss 1.8029, time 18.03ms, mfu 0.03%
iter 1748: loss 1.8642, time 17.59ms, mfu 0.03%
iter 1749: loss 1.7857, time 17.84ms, mfu 0.03%
step 1750: train loss 1.8429, val loss 1.9765
saving checkpoint to C:\Users\amitc\OneDrive\Desktop\Research\NanoGpt\nanoGPT\experiments\attention_ablation_8
iter 1750: loss 1.8547, time 267.96ms, mfu 0.02%
iter 1751: loss 2.0130, time 18.38ms, mfu 0.02%
iter 1752: loss 1.8046, time 18.85ms, mfu 0.03%
iter 1753: loss 1.8869, time 18.38ms, mfu 0.03%
iter 1754: loss 1.8988, time 18.39ms, mfu 0.03%
iter 1755: loss 1.8564, time 17.86ms, mfu 0.03%
iter 1756: loss 1.8557, time 18.55ms, mfu 0.03%
iter 1757: loss 1.7590, time 18.29ms, mfu 0.03%
iter 1758: loss 1.8673, time 19.11ms, mfu 0.03%
iter 1759: loss 1.8246, time 19.98ms, mfu 0.03%
iter 1760: loss 1.8538, time 18.29ms, mfu 0.03%
iter 1761: loss 1.8228, time 18.65ms, mfu 0.03%
iter 1762: loss 1.7981, time 23.76ms, mfu 0.03%
iter 1763: loss 1.8582, time 24.02ms, mfu 0.03%
iter 1764: loss 1.9061, time 20.78ms, mfu 0.02%
iter 1765: loss 1.8704, time 20.60ms, mfu 0.02%
iter 1766: loss 1.8390, time 18.66ms, mfu 0.03%
iter 1767: loss 1.8937, time 20.24ms, mfu 0.03%
iter 1768: loss 1.8991, time 19.55ms, mfu 0.03%
iter 1769: loss 1.9408, time 20.10ms, mfu 0.03%
iter 1770: loss 1.8484, time 30.75ms, mfu 0.02%
iter 1771: loss 1.9335, time 25.61ms, mfu 0.02%
iter 1772: loss 1.8636, time 21.40ms, mfu 0.02%
iter 1773: loss 1.8333, time 21.99ms, mfu 0.02%
iter 1774: loss 1.7936, time 22.97ms, mfu 0.02%
iter 1775: loss 1.7421, time 20.73ms, mfu 0.02%
iter 1776: loss 1.8675, time 31.93ms, mfu 0.02%
iter 1777: loss 1.8713, time 22.90ms, mfu 0.02%
iter 1778: loss 1.7330, time 17.23ms, mfu 0.02%
iter 1779: loss 1.8933, time 24.68ms, mfu 0.02%
iter 1780: loss 1.8739, time 19.48ms, mfu 0.02%
iter 1781: loss 1.8029, time 19.51ms, mfu 0.02%
iter 1782: loss 1.8879, time 24.71ms, mfu 0.02%
iter 1783: loss 1.8649, time 22.60ms, mfu 0.02%
iter 1784: loss 1.8815, time 18.66ms, mfu 0.02%
iter 1785: loss 1.7583, time 20.27ms, mfu 0.02%
iter 1786: loss 1.7018, time 18.70ms, mfu 0.02%
iter 1787: loss 1.8583, time 19.24ms, mfu 0.02%
iter 1788: loss 1.8495, time 20.73ms, mfu 0.02%
iter 1789: loss 1.8930, time 20.62ms, mfu 0.02%
iter 1790: loss 1.8057, time 18.75ms, mfu 0.02%
iter 1791: loss 1.9230, time 18.67ms, mfu 0.02%
iter 1792: loss 1.8458, time 21.20ms, mfu 0.02%
iter 1793: loss 1.8927, time 19.97ms, mfu 0.02%
iter 1794: loss 1.8429, time 20.65ms, mfu 0.02%
iter 1795: loss 1.8326, time 20.39ms, mfu 0.02%
iter 1796: loss 1.7847, time 21.33ms, mfu 0.02%
iter 1797: loss 1.7090, time 21.99ms, mfu 0.02%
iter 1798: loss 1.8667, time 23.29ms, mfu 0.02%
iter 1799: loss 1.8415, time 24.53ms, mfu 0.02%
iter 1800: loss 1.8953, time 21.52ms, mfu 0.02%
iter 1801: loss 1.9007, time 20.24ms, mfu 0.02%
iter 1802: loss 1.8248, time 19.48ms, mfu 0.02%
iter 1803: loss 1.8749, time 20.62ms, mfu 0.02%
iter 1804: loss 1.8643, time 20.06ms, mfu 0.02%
iter 1805: loss 1.8832, time 20.23ms, mfu 0.02%
iter 1806: loss 1.7511, time 20.63ms, mfu 0.02%
iter 1807: loss 1.8604, time 20.93ms, mfu 0.02%
iter 1808: loss 1.7663, time 19.20ms, mfu 0.02%
iter 1809: loss 1.8175, time 18.50ms, mfu 0.02%
iter 1810: loss 1.8384, time 18.61ms, mfu 0.02%
iter 1811: loss 1.8569, time 18.32ms, mfu 0.02%
iter 1812: loss 1.8035, time 18.01ms, mfu 0.03%
iter 1813: loss 1.9206, time 17.95ms, mfu 0.03%
iter 1814: loss 1.8472, time 18.08ms, mfu 0.03%
iter 1815: loss 1.8348, time 18.07ms, mfu 0.03%
iter 1816: loss 1.7813, time 18.49ms, mfu 0.03%
iter 1817: loss 1.8407, time 18.61ms, mfu 0.03%
iter 1818: loss 1.7700, time 18.71ms, mfu 0.03%
iter 1819: loss 1.8928, time 18.38ms, mfu 0.03%
iter 1820: loss 1.7922, time 18.16ms, mfu 0.03%
iter 1821: loss 1.8649, time 18.12ms, mfu 0.03%
iter 1822: loss 1.9493, time 18.76ms, mfu 0.03%
iter 1823: loss 1.8674, time 22.09ms, mfu 0.03%
iter 1824: loss 1.8696, time 19.33ms, mfu 0.03%
iter 1825: loss 1.8630, time 18.86ms, mfu 0.03%
iter 1826: loss 1.8458, time 18.06ms, mfu 0.03%
iter 1827: loss 1.7412, time 16.87ms, mfu 0.03%
iter 1828: loss 1.8366, time 18.05ms, mfu 0.03%
iter 1829: loss 1.8390, time 17.38ms, mfu 0.03%
iter 1830: loss 1.8552, time 19.05ms, mfu 0.03%
iter 1831: loss 1.8643, time 19.14ms, mfu 0.03%
iter 1832: loss 1.8401, time 20.73ms, mfu 0.03%
iter 1833: loss 1.9000, time 19.50ms, mfu 0.03%
iter 1834: loss 1.8330, time 37.09ms, mfu 0.03%
iter 1835: loss 1.9339, time 26.26ms, mfu 0.02%
iter 1836: loss 1.9162, time 25.23ms, mfu 0.02%
iter 1837: loss 1.9133, time 22.00ms, mfu 0.02%
iter 1838: loss 1.8604, time 21.33ms, mfu 0.02%
iter 1839: loss 1.7761, time 17.83ms, mfu 0.02%
iter 1840: loss 1.9840, time 20.49ms, mfu 0.02%
iter 1841: loss 1.8330, time 18.55ms, mfu 0.02%
iter 1842: loss 1.7772, time 19.36ms, mfu 0.02%
iter 1843: loss 1.8822, time 19.79ms, mfu 0.02%
iter 1844: loss 1.8570, time 19.68ms, mfu 0.02%
iter 1845: loss 1.9061, time 19.39ms, mfu 0.02%
iter 1846: loss 1.8838, time 19.76ms, mfu 0.02%
iter 1847: loss 1.8028, time 18.16ms, mfu 0.03%
iter 1848: loss 1.8184, time 18.33ms, mfu 0.03%
iter 1849: loss 1.8344, time 18.24ms, mfu 0.03%
iter 1850: loss 1.8265, time 18.62ms, mfu 0.03%
iter 1851: loss 1.8780, time 18.25ms, mfu 0.03%
iter 1852: loss 1.8011, time 18.40ms, mfu 0.03%
iter 1853: loss 1.7288, time 19.30ms, mfu 0.03%
iter 1854: loss 1.9028, time 19.48ms, mfu 0.03%
iter 1855: loss 1.8611, time 18.80ms, mfu 0.03%
iter 1856: loss 1.8595, time 19.80ms, mfu 0.03%
iter 1857: loss 1.7485, time 19.46ms, mfu 0.03%
iter 1858: loss 1.8076, time 18.45ms, mfu 0.03%
iter 1859: loss 1.8135, time 18.65ms, mfu 0.03%
iter 1860: loss 1.8099, time 17.20ms, mfu 0.03%
iter 1861: loss 1.7718, time 18.52ms, mfu 0.03%
iter 1862: loss 1.8252, time 19.16ms, mfu 0.03%
iter 1863: loss 1.8539, time 19.42ms, mfu 0.03%
iter 1864: loss 1.8921, time 18.41ms, mfu 0.03%
iter 1865: loss 1.7676, time 18.61ms, mfu 0.03%
iter 1866: loss 1.8527, time 18.14ms, mfu 0.03%
iter 1867: loss 1.8475, time 17.92ms, mfu 0.03%
iter 1868: loss 1.8278, time 18.57ms, mfu 0.03%
iter 1869: loss 1.8174, time 18.60ms, mfu 0.03%
iter 1870: loss 1.8344, time 19.12ms, mfu 0.03%
iter 1871: loss 1.7279, time 18.43ms, mfu 0.03%
iter 1872: loss 1.7547, time 18.55ms, mfu 0.03%
iter 1873: loss 1.8215, time 20.32ms, mfu 0.03%
iter 1874: loss 1.9238, time 19.51ms, mfu 0.03%
iter 1875: loss 1.8847, time 18.09ms, mfu 0.03%
iter 1876: loss 1.9060, time 18.54ms, mfu 0.03%
iter 1877: loss 2.0220, time 20.46ms, mfu 0.03%
iter 1878: loss 1.8060, time 18.31ms, mfu 0.03%
iter 1879: loss 1.7897, time 18.18ms, mfu 0.03%
iter 1880: loss 1.8183, time 18.29ms, mfu 0.03%
iter 1881: loss 1.8373, time 17.21ms, mfu 0.03%
iter 1882: loss 1.7766, time 18.25ms, mfu 0.03%
iter 1883: loss 1.7863, time 18.44ms, mfu 0.03%
iter 1884: loss 1.8496, time 19.27ms, mfu 0.03%
iter 1885: loss 1.6654, time 20.35ms, mfu 0.03%
iter 1886: loss 1.8162, time 20.83ms, mfu 0.03%
iter 1887: loss 1.8159, time 18.42ms, mfu 0.03%
iter 1888: loss 1.8203, time 17.91ms, mfu 0.03%
iter 1889: loss 2.0081, time 19.32ms, mfu 0.03%
iter 1890: loss 1.8351, time 18.38ms, mfu 0.03%
iter 1891: loss 1.8145, time 18.57ms, mfu 0.03%
iter 1892: loss 1.8436, time 18.14ms, mfu 0.03%
iter 1893: loss 2.0061, time 19.37ms, mfu 0.03%
iter 1894: loss 1.8385, time 18.47ms, mfu 0.03%
iter 1895: loss 1.7636, time 19.06ms, mfu 0.03%
iter 1896: loss 1.7837, time 18.61ms, mfu 0.03%
iter 1897: loss 1.8121, time 18.57ms, mfu 0.03%
iter 1898: loss 1.8446, time 17.64ms, mfu 0.03%
iter 1899: loss 1.8517, time 16.92ms, mfu 0.03%
iter 1900: loss 1.8741, time 17.79ms, mfu 0.03%
iter 1901: loss 1.8232, time 18.19ms, mfu 0.03%
iter 1902: loss 1.8451, time 20.19ms, mfu 0.03%
iter 1903: loss 1.9034, time 18.42ms, mfu 0.03%
iter 1904: loss 1.8577, time 16.74ms, mfu 0.03%
iter 1905: loss 1.7765, time 18.33ms, mfu 0.03%
iter 1906: loss 1.8453, time 17.92ms, mfu 0.03%
iter 1907: loss 1.8751, time 19.06ms, mfu 0.03%
iter 1908: loss 1.8478, time 18.38ms, mfu 0.03%
iter 1909: loss 1.8260, time 18.05ms, mfu 0.03%
iter 1910: loss 1.8882, time 17.65ms, mfu 0.03%
iter 1911: loss 1.9236, time 19.45ms, mfu 0.03%
iter 1912: loss 1.8535, time 18.91ms, mfu 0.03%
iter 1913: loss 1.8808, time 18.29ms, mfu 0.03%
iter 1914: loss 1.8255, time 18.49ms, mfu 0.03%
iter 1915: loss 1.8597, time 17.94ms, mfu 0.03%
iter 1916: loss 1.7405, time 18.11ms, mfu 0.03%
iter 1917: loss 1.8257, time 17.43ms, mfu 0.03%
iter 1918: loss 1.9617, time 17.17ms, mfu 0.03%
iter 1919: loss 1.8509, time 18.71ms, mfu 0.03%
iter 1920: loss 2.0395, time 16.80ms, mfu 0.03%
iter 1921: loss 1.6995, time 18.50ms, mfu 0.03%
iter 1922: loss 1.8317, time 18.92ms, mfu 0.03%
iter 1923: loss 1.7860, time 18.45ms, mfu 0.03%
iter 1924: loss 1.9592, time 18.23ms, mfu 0.03%
iter 1925: loss 1.8583, time 16.82ms, mfu 0.03%
iter 1926: loss 1.8550, time 17.24ms, mfu 0.03%
iter 1927: loss 1.8392, time 17.02ms, mfu 0.03%
iter 1928: loss 1.8020, time 18.89ms, mfu 0.03%
iter 1929: loss 1.9444, time 19.92ms, mfu 0.03%
iter 1930: loss 1.8522, time 19.24ms, mfu 0.03%
iter 1931: loss 1.8784, time 17.76ms, mfu 0.03%
iter 1932: loss 1.9320, time 18.05ms, mfu 0.03%
iter 1933: loss 1.8657, time 18.03ms, mfu 0.03%
iter 1934: loss 1.9427, time 18.22ms, mfu 0.03%
iter 1935: loss 1.8559, time 18.85ms, mfu 0.03%
iter 1936: loss 1.8003, time 18.82ms, mfu 0.03%
iter 1937: loss 1.7870, time 19.26ms, mfu 0.03%
iter 1938: loss 1.8724, time 20.28ms, mfu 0.03%
iter 1939: loss 1.8110, time 18.70ms, mfu 0.03%
iter 1940: loss 1.7971, time 18.42ms, mfu 0.03%
iter 1941: loss 1.8149, time 20.26ms, mfu 0.03%
iter 1942: loss 1.9223, time 19.37ms, mfu 0.03%
iter 1943: loss 1.7329, time 19.02ms, mfu 0.03%
iter 1944: loss 1.8203, time 17.90ms, mfu 0.03%
iter 1945: loss 1.8724, time 19.10ms, mfu 0.03%
iter 1946: loss 1.9712, time 18.67ms, mfu 0.03%
iter 1947: loss 1.9025, time 17.89ms, mfu 0.03%
iter 1948: loss 1.8620, time 18.69ms, mfu 0.03%
iter 1949: loss 1.8633, time 18.45ms, mfu 0.03%
iter 1950: loss 1.8177, time 18.37ms, mfu 0.03%
iter 1951: loss 1.8518, time 19.57ms, mfu 0.03%
iter 1952: loss 1.8284, time 17.58ms, mfu 0.03%
iter 1953: loss 1.7905, time 18.27ms, mfu 0.03%
iter 1954: loss 1.8231, time 19.23ms, mfu 0.03%
iter 1955: loss 1.9167, time 18.61ms, mfu 0.03%
iter 1956: loss 1.8696, time 18.17ms, mfu 0.03%
iter 1957: loss 1.8727, time 18.02ms, mfu 0.03%
iter 1958: loss 1.7666, time 18.52ms, mfu 0.03%
iter 1959: loss 1.8392, time 18.07ms, mfu 0.03%
iter 1960: loss 1.7939, time 18.46ms, mfu 0.03%
iter 1961: loss 1.8836, time 18.34ms, mfu 0.03%
iter 1962: loss 1.9399, time 19.31ms, mfu 0.03%
iter 1963: loss 1.8230, time 18.94ms, mfu 0.03%
iter 1964: loss 1.9215, time 18.65ms, mfu 0.03%
iter 1965: loss 1.8229, time 17.65ms, mfu 0.03%
iter 1966: loss 1.9734, time 18.74ms, mfu 0.03%
iter 1967: loss 1.8352, time 18.84ms, mfu 0.03%
iter 1968: loss 1.9045, time 18.72ms, mfu 0.03%
iter 1969: loss 1.8273, time 18.63ms, mfu 0.03%
iter 1970: loss 1.9212, time 18.53ms, mfu 0.03%
iter 1971: loss 1.9194, time 16.35ms, mfu 0.03%
iter 1972: loss 1.7209, time 17.83ms, mfu 0.03%
iter 1973: loss 1.8663, time 15.98ms, mfu 0.03%
iter 1974: loss 1.7618, time 16.79ms, mfu 0.03%
iter 1975: loss 1.8433, time 18.02ms, mfu 0.03%
iter 1976: loss 1.7704, time 19.23ms, mfu 0.03%
iter 1977: loss 1.8528, time 19.07ms, mfu 0.03%
iter 1978: loss 1.9278, time 18.22ms, mfu 0.03%
iter 1979: loss 1.8425, time 18.06ms, mfu 0.03%
iter 1980: loss 1.7809, time 18.45ms, mfu 0.03%
iter 1981: loss 1.8021, time 18.67ms, mfu 0.03%
iter 1982: loss 1.8101, time 19.85ms, mfu 0.03%
iter 1983: loss 1.7376, time 20.56ms, mfu 0.03%
iter 1984: loss 1.8459, time 19.99ms, mfu 0.03%
iter 1985: loss 1.7733, time 18.52ms, mfu 0.03%
iter 1986: loss 1.8348, time 18.93ms, mfu 0.03%
iter 1987: loss 1.8901, time 17.31ms, mfu 0.03%
iter 1988: loss 1.8073, time 16.77ms, mfu 0.03%
iter 1989: loss 1.8128, time 18.27ms, mfu 0.03%
iter 1990: loss 1.8768, time 18.34ms, mfu 0.03%
iter 1991: loss 1.8729, time 18.20ms, mfu 0.03%
iter 1992: loss 1.8442, time 18.59ms, mfu 0.03%
iter 1993: loss 1.7985, time 18.08ms, mfu 0.03%
iter 1994: loss 1.7587, time 19.08ms, mfu 0.03%
iter 1995: loss 1.7358, time 18.34ms, mfu 0.03%
iter 1996: loss 1.7867, time 19.70ms, mfu 0.03%
iter 1997: loss 1.8104, time 18.50ms, mfu 0.03%
iter 1998: loss 1.9294, time 20.59ms, mfu 0.03%
iter 1999: loss 1.7868, time 19.26ms, mfu 0.03%
step 2000: train loss 1.8466, val loss 1.9583
saving checkpoint to C:\Users\amitc\OneDrive\Desktop\Research\NanoGpt\nanoGPT\experiments\attention_ablation_8
iter 2000: loss 1.8113, time 267.70ms, mfu 0.02%
