Overriding config with config\train_shakespeare_char.py:
# train a miniature character-level shakespeare model
# good for debugging and playing on macbooks and such

out_dir = 'out-shakespeare-char'
eval_interval = 250 # keep frequent because we'll overfit
eval_iters = 200
log_interval = 10 # don't print too too often

# we expect to overfit on this small dataset, so only save when val improves
always_save_checkpoint = False

wandb_log = False # override via command line if you like
wandb_project = 'shakespeare-char'
wandb_run_name = 'mini-gpt'

dataset = 'shakespeare_char'
gradient_accumulation_steps = 1
batch_size = 64
block_size = 256 # context of up to 256 previous characters

# baby GPT model :)
n_layer = 6
n_head = 6
n_embd = 384
dropout = 0.2

learning_rate = 1e-3 # with baby networks can afford to go a bit higher
max_iters = 5000
lr_decay_iters = 5000 # make equal to max_iters usually
min_lr = 1e-4 # learning_rate / 10 usually
beta2 = 0.99 # make a bit bigger because number of tokens per iter is small

warmup_iters = 100 # not super necessary potentially

# on macbook also add
# device = 'cpu'  # run on cpu only
# compile = False # do not torch compile the model

Overriding: device = cpu
Overriding: compile = False
Overriding: eval_iters = 20
Overriding: log_interval = 1
Overriding: block_size = 64
Overriding: batch_size = 12
Overriding: n_layer = 2
Overriding: n_head = 4
Overriding: n_embd = 112
Overriding: max_iters = 2000
Overriding: lr_decay_iters = 2000
Overriding: dropout = 0.0
Overriding: out_dir = C:\Users\amitc\OneDrive\Desktop\Research\NanoGpt\nanoGPT\experiments\exp003_depth2
tokens per iteration will be: 768
found vocab_size = 65 (inside data\shakespeare_char\meta.pkl)
Initializing a new model from scratch
number of parameters: 0.31M
C:\Users\amitc\OneDrive\Desktop\Research\NanoGpt\nanoGPT\train.py:196: FutureWarning: `torch.cuda.amp.GradScaler(args...)` is deprecated. Please use `torch.amp.GradScaler('cuda', args...)` instead.
  scaler = torch.cuda.amp.GradScaler(enabled=(dtype == 'float16'))
C:\Users\amitc\AppData\Roaming\Python\Python314\site-packages\torch\cuda\amp\grad_scaler.py:31: UserWarning: torch.cuda.amp.GradScaler is enabled, but CUDA is not available.  Disabling.
  super().__init__(
num decayed parameter tensors: 10, with 315,504 parameters
num non-decayed parameter tensors: 5, with 560 parameters
using fused AdamW: False
step 0: train loss 4.2051, val loss 4.2040
iter 0: loss 4.1939, time 267.73ms, mfu -100.00%
iter 1: loss 4.1991, time 23.03ms, mfu -100.00%
iter 2: loss 4.1986, time 16.90ms, mfu -100.00%
iter 3: loss 4.1729, time 17.11ms, mfu -100.00%
iter 4: loss 4.1725, time 17.06ms, mfu -100.00%
iter 5: loss 4.1242, time 16.66ms, mfu 0.03%
iter 6: loss 4.0973, time 17.39ms, mfu 0.03%
iter 7: loss 4.0641, time 16.96ms, mfu 0.03%
iter 8: loss 4.0069, time 16.44ms, mfu 0.03%
iter 9: loss 3.9822, time 16.27ms, mfu 0.03%
iter 10: loss 3.9067, time 17.56ms, mfu 0.03%
iter 11: loss 3.8857, time 17.12ms, mfu 0.03%
iter 12: loss 3.8651, time 16.74ms, mfu 0.03%
iter 13: loss 3.8315, time 16.20ms, mfu 0.03%
iter 14: loss 3.7901, time 16.29ms, mfu 0.03%
iter 15: loss 3.8198, time 19.05ms, mfu 0.03%
iter 16: loss 3.7498, time 15.33ms, mfu 0.03%
iter 17: loss 3.7593, time 14.99ms, mfu 0.03%
iter 18: loss 3.7142, time 15.69ms, mfu 0.03%
iter 19: loss 3.7350, time 16.59ms, mfu 0.03%
iter 20: loss 3.6910, time 16.26ms, mfu 0.03%
iter 21: loss 3.6987, time 16.38ms, mfu 0.03%
iter 22: loss 3.6679, time 16.96ms, mfu 0.03%
iter 23: loss 3.6350, time 18.53ms, mfu 0.03%
iter 24: loss 3.6265, time 18.65ms, mfu 0.03%
iter 25: loss 3.5806, time 18.51ms, mfu 0.03%
iter 26: loss 3.6072, time 18.16ms, mfu 0.03%
iter 27: loss 3.6768, time 17.16ms, mfu 0.03%
iter 28: loss 3.4851, time 17.50ms, mfu 0.03%
iter 29: loss 3.4990, time 16.92ms, mfu 0.03%
iter 30: loss 3.4685, time 15.34ms, mfu 0.03%
iter 31: loss 3.4155, time 16.89ms, mfu 0.03%
iter 32: loss 3.3944, time 16.37ms, mfu 0.03%
iter 33: loss 3.3445, time 16.48ms, mfu 0.03%
iter 34: loss 3.3749, time 16.39ms, mfu 0.03%
iter 35: loss 3.3318, time 16.33ms, mfu 0.03%
iter 36: loss 3.2537, time 16.58ms, mfu 0.03%
iter 37: loss 3.2426, time 14.96ms, mfu 0.03%
iter 38: loss 3.2587, time 14.90ms, mfu 0.03%
iter 39: loss 3.2206, time 15.19ms, mfu 0.03%
iter 40: loss 3.2450, time 15.01ms, mfu 0.03%
iter 41: loss 3.1852, time 16.09ms, mfu 0.03%
iter 42: loss 3.1835, time 14.88ms, mfu 0.03%
iter 43: loss 3.2150, time 15.88ms, mfu 0.03%
iter 44: loss 3.1508, time 16.58ms, mfu 0.03%
iter 45: loss 3.1119, time 17.92ms, mfu 0.03%
iter 46: loss 3.1155, time 15.76ms, mfu 0.03%
iter 47: loss 3.0681, time 16.13ms, mfu 0.03%
iter 48: loss 3.0874, time 17.13ms, mfu 0.03%
iter 49: loss 3.0245, time 16.65ms, mfu 0.03%
iter 50: loss 3.0098, time 16.66ms, mfu 0.03%
iter 51: loss 2.9813, time 15.97ms, mfu 0.03%
iter 52: loss 3.0288, time 16.27ms, mfu 0.03%
iter 53: loss 3.0515, time 16.32ms, mfu 0.03%
iter 54: loss 2.9711, time 14.78ms, mfu 0.03%
iter 55: loss 2.9489, time 15.93ms, mfu 0.03%
iter 56: loss 2.9171, time 16.35ms, mfu 0.03%
iter 57: loss 2.9153, time 17.12ms, mfu 0.03%
iter 58: loss 2.9304, time 15.02ms, mfu 0.03%
iter 59: loss 2.8572, time 15.07ms, mfu 0.03%
iter 60: loss 2.8807, time 16.52ms, mfu 0.03%
iter 61: loss 2.8492, time 15.09ms, mfu 0.03%
iter 62: loss 2.8136, time 16.19ms, mfu 0.03%
iter 63: loss 2.8709, time 16.62ms, mfu 0.03%
iter 64: loss 2.8707, time 44.68ms, mfu 0.03%
iter 65: loss 2.8794, time 20.60ms, mfu 0.03%
iter 66: loss 2.8549, time 16.64ms, mfu 0.03%
iter 67: loss 2.7767, time 15.02ms, mfu 0.03%
iter 68: loss 2.8216, time 19.00ms, mfu 0.03%
iter 69: loss 2.7580, time 23.60ms, mfu 0.03%
iter 70: loss 2.7654, time 16.87ms, mfu 0.03%
iter 71: loss 2.7237, time 16.61ms, mfu 0.03%
iter 72: loss 2.7831, time 16.74ms, mfu 0.03%
iter 73: loss 2.7627, time 15.19ms, mfu 0.03%
iter 74: loss 2.7541, time 14.99ms, mfu 0.03%
iter 75: loss 2.7656, time 16.69ms, mfu 0.03%
iter 76: loss 2.7760, time 15.81ms, mfu 0.03%
iter 77: loss 2.7013, time 15.64ms, mfu 0.03%
iter 78: loss 2.7469, time 15.48ms, mfu 0.03%
iter 79: loss 2.6560, time 16.31ms, mfu 0.03%
iter 80: loss 2.6979, time 16.35ms, mfu 0.03%
iter 81: loss 2.7650, time 16.44ms, mfu 0.03%
iter 82: loss 2.6538, time 16.63ms, mfu 0.03%
iter 83: loss 2.6731, time 16.92ms, mfu 0.03%
iter 84: loss 2.6515, time 16.52ms, mfu 0.03%
iter 85: loss 2.6662, time 16.50ms, mfu 0.03%
iter 86: loss 2.7060, time 16.62ms, mfu 0.03%
iter 87: loss 2.6907, time 16.28ms, mfu 0.03%
iter 88: loss 2.6232, time 16.41ms, mfu 0.03%
iter 89: loss 2.6914, time 15.90ms, mfu 0.03%
iter 90: loss 2.6598, time 15.56ms, mfu 0.03%
iter 91: loss 2.5986, time 17.05ms, mfu 0.03%
iter 92: loss 2.6097, time 16.76ms, mfu 0.03%
iter 93: loss 2.7174, time 16.43ms, mfu 0.03%
iter 94: loss 2.6725, time 16.87ms, mfu 0.03%
iter 95: loss 2.6304, time 16.46ms, mfu 0.03%
iter 96: loss 2.6495, time 16.85ms, mfu 0.03%
iter 97: loss 2.6447, time 16.34ms, mfu 0.03%
iter 98: loss 2.6094, time 16.77ms, mfu 0.03%
iter 99: loss 2.6151, time 16.92ms, mfu 0.03%
iter 100: loss 2.6150, time 16.36ms, mfu 0.03%
iter 101: loss 2.5854, time 16.53ms, mfu 0.03%
iter 102: loss 2.6501, time 16.53ms, mfu 0.03%
iter 103: loss 2.5869, time 17.32ms, mfu 0.03%
iter 104: loss 2.5945, time 16.82ms, mfu 0.03%
iter 105: loss 2.5743, time 17.62ms, mfu 0.03%
iter 106: loss 2.6177, time 16.78ms, mfu 0.03%
iter 107: loss 2.6265, time 17.89ms, mfu 0.03%
iter 108: loss 2.6334, time 19.24ms, mfu 0.03%
iter 109: loss 2.6552, time 18.17ms, mfu 0.03%
iter 110: loss 2.6497, time 20.96ms, mfu 0.03%
iter 111: loss 2.6226, time 18.39ms, mfu 0.03%
iter 112: loss 2.5813, time 19.05ms, mfu 0.03%
iter 113: loss 2.5419, time 19.12ms, mfu 0.03%
iter 114: loss 2.5812, time 19.22ms, mfu 0.03%
iter 115: loss 2.6063, time 19.05ms, mfu 0.03%
iter 116: loss 2.5910, time 18.85ms, mfu 0.03%
iter 117: loss 2.4891, time 20.02ms, mfu 0.03%
iter 118: loss 2.5897, time 21.38ms, mfu 0.03%
iter 119: loss 2.5261, time 18.26ms, mfu 0.03%
iter 120: loss 2.6031, time 16.40ms, mfu 0.03%
iter 121: loss 2.5247, time 16.02ms, mfu 0.03%
iter 122: loss 2.6215, time 16.46ms, mfu 0.03%
iter 123: loss 2.5585, time 15.58ms, mfu 0.03%
iter 124: loss 2.5320, time 16.58ms, mfu 0.03%
iter 125: loss 2.5714, time 16.54ms, mfu 0.03%
iter 126: loss 2.5289, time 16.24ms, mfu 0.03%
iter 127: loss 2.6562, time 16.62ms, mfu 0.03%
iter 128: loss 2.5114, time 16.85ms, mfu 0.03%
iter 129: loss 2.5638, time 16.16ms, mfu 0.03%
iter 130: loss 2.5164, time 17.08ms, mfu 0.03%
iter 131: loss 2.6139, time 16.42ms, mfu 0.03%
iter 132: loss 2.5306, time 16.46ms, mfu 0.03%
iter 133: loss 2.5643, time 18.02ms, mfu 0.03%
iter 134: loss 2.5400, time 16.52ms, mfu 0.03%
iter 135: loss 2.5199, time 16.50ms, mfu 0.03%
iter 136: loss 2.5130, time 16.49ms, mfu 0.03%
iter 137: loss 2.5991, time 16.54ms, mfu 0.03%
iter 138: loss 2.5552, time 15.65ms, mfu 0.03%
iter 139: loss 2.5467, time 16.69ms, mfu 0.03%
iter 140: loss 2.4549, time 16.44ms, mfu 0.03%
iter 141: loss 2.5285, time 16.58ms, mfu 0.03%
iter 142: loss 2.4576, time 16.30ms, mfu 0.03%
iter 143: loss 2.5882, time 15.86ms, mfu 0.03%
iter 144: loss 2.6249, time 16.65ms, mfu 0.03%
iter 145: loss 2.5449, time 15.99ms, mfu 0.03%
iter 146: loss 2.5670, time 16.28ms, mfu 0.03%
iter 147: loss 2.4963, time 17.82ms, mfu 0.03%
iter 148: loss 2.5607, time 16.49ms, mfu 0.03%
iter 149: loss 2.5784, time 16.17ms, mfu 0.03%
iter 150: loss 2.5714, time 18.38ms, mfu 0.03%
iter 151: loss 2.4290, time 17.09ms, mfu 0.03%
iter 152: loss 2.5568, time 16.40ms, mfu 0.03%
iter 153: loss 2.5440, time 17.48ms, mfu 0.03%
iter 154: loss 2.5603, time 16.76ms, mfu 0.03%
iter 155: loss 2.6142, time 16.60ms, mfu 0.03%
iter 156: loss 2.4072, time 16.52ms, mfu 0.03%
iter 157: loss 2.5076, time 16.64ms, mfu 0.03%
iter 158: loss 2.5058, time 16.78ms, mfu 0.03%
iter 159: loss 2.6192, time 16.22ms, mfu 0.03%
iter 160: loss 2.4631, time 14.93ms, mfu 0.03%
iter 161: loss 2.4942, time 17.49ms, mfu 0.03%
iter 162: loss 2.5238, time 16.49ms, mfu 0.03%
iter 163: loss 2.5306, time 16.22ms, mfu 0.03%
iter 164: loss 2.4901, time 15.13ms, mfu 0.03%
iter 165: loss 2.5395, time 15.35ms, mfu 0.03%
iter 166: loss 2.5510, time 16.34ms, mfu 0.03%
iter 167: loss 2.4749, time 16.51ms, mfu 0.03%
iter 168: loss 2.5863, time 15.63ms, mfu 0.03%
iter 169: loss 2.5273, time 14.85ms, mfu 0.03%
iter 170: loss 2.4929, time 15.32ms, mfu 0.03%
iter 171: loss 2.5542, time 15.71ms, mfu 0.03%
iter 172: loss 2.5340, time 15.05ms, mfu 0.03%
iter 173: loss 2.4920, time 18.29ms, mfu 0.03%
iter 174: loss 2.5050, time 19.47ms, mfu 0.03%
iter 175: loss 2.5105, time 17.26ms, mfu 0.03%
iter 176: loss 2.5008, time 17.60ms, mfu 0.03%
iter 177: loss 2.4565, time 15.87ms, mfu 0.03%
iter 178: loss 2.5472, time 15.69ms, mfu 0.03%
iter 179: loss 2.5819, time 18.38ms, mfu 0.03%
iter 180: loss 2.5078, time 19.26ms, mfu 0.03%
iter 181: loss 2.5213, time 18.25ms, mfu 0.03%
iter 182: loss 2.4733, time 17.45ms, mfu 0.03%
iter 183: loss 2.4756, time 17.22ms, mfu 0.03%
iter 184: loss 2.5281, time 17.41ms, mfu 0.03%
iter 185: loss 2.5967, time 17.69ms, mfu 0.03%
iter 186: loss 2.4686, time 17.24ms, mfu 0.03%
iter 187: loss 2.5140, time 18.28ms, mfu 0.03%
iter 188: loss 2.4804, time 16.91ms, mfu 0.03%
iter 189: loss 2.4842, time 16.46ms, mfu 0.03%
iter 190: loss 2.4476, time 16.13ms, mfu 0.03%
iter 191: loss 2.4884, time 16.71ms, mfu 0.03%
iter 192: loss 2.6160, time 16.30ms, mfu 0.03%
iter 193: loss 2.4348, time 16.53ms, mfu 0.03%
iter 194: loss 2.3998, time 16.45ms, mfu 0.03%
iter 195: loss 2.5040, time 16.52ms, mfu 0.03%
iter 196: loss 2.4417, time 16.39ms, mfu 0.03%
iter 197: loss 2.3871, time 16.18ms, mfu 0.03%
iter 198: loss 2.4909, time 14.54ms, mfu 0.03%
iter 199: loss 2.4480, time 14.21ms, mfu 0.03%
iter 200: loss 2.4185, time 14.10ms, mfu 0.03%
iter 201: loss 2.4602, time 14.37ms, mfu 0.03%
iter 202: loss 2.4499, time 14.10ms, mfu 0.03%
iter 203: loss 2.5632, time 16.71ms, mfu 0.03%
iter 204: loss 2.4972, time 16.62ms, mfu 0.03%
iter 205: loss 2.5193, time 16.44ms, mfu 0.03%
iter 206: loss 2.4913, time 17.01ms, mfu 0.03%
iter 207: loss 2.5334, time 16.77ms, mfu 0.03%
iter 208: loss 2.5134, time 15.76ms, mfu 0.03%
iter 209: loss 2.4425, time 16.45ms, mfu 0.03%
iter 210: loss 2.4962, time 19.04ms, mfu 0.03%
iter 211: loss 2.4454, time 17.55ms, mfu 0.03%
iter 212: loss 2.4388, time 17.28ms, mfu 0.03%
iter 213: loss 2.4333, time 18.36ms, mfu 0.03%
iter 214: loss 2.5525, time 17.29ms, mfu 0.03%
iter 215: loss 2.5011, time 17.89ms, mfu 0.03%
iter 216: loss 2.5161, time 19.50ms, mfu 0.03%
iter 217: loss 2.4481, time 17.52ms, mfu 0.03%
iter 218: loss 2.3494, time 17.52ms, mfu 0.03%
iter 219: loss 2.4295, time 17.69ms, mfu 0.03%
iter 220: loss 2.4107, time 17.34ms, mfu 0.03%
iter 221: loss 2.4258, time 16.65ms, mfu 0.03%
iter 222: loss 2.4245, time 16.18ms, mfu 0.03%
iter 223: loss 2.4580, time 16.31ms, mfu 0.03%
iter 224: loss 2.4348, time 16.42ms, mfu 0.03%
iter 225: loss 2.4685, time 15.95ms, mfu 0.03%
iter 226: loss 2.3493, time 14.58ms, mfu 0.03%
iter 227: loss 2.4791, time 17.16ms, mfu 0.03%
iter 228: loss 2.4543, time 16.54ms, mfu 0.03%
iter 229: loss 2.4598, time 16.70ms, mfu 0.03%
iter 230: loss 2.4797, time 36.89ms, mfu 0.03%
iter 231: loss 2.4840, time 21.37ms, mfu 0.03%
iter 232: loss 2.4374, time 17.36ms, mfu 0.03%
iter 233: loss 2.4790, time 14.58ms, mfu 0.03%
iter 234: loss 2.6015, time 14.26ms, mfu 0.03%
iter 235: loss 2.4181, time 15.59ms, mfu 0.03%
iter 236: loss 2.5092, time 16.48ms, mfu 0.03%
iter 237: loss 2.4468, time 16.40ms, mfu 0.03%
iter 238: loss 2.5180, time 15.67ms, mfu 0.03%
iter 239: loss 2.4477, time 16.59ms, mfu 0.03%
iter 240: loss 2.4807, time 16.45ms, mfu 0.03%
iter 241: loss 2.5387, time 16.95ms, mfu 0.03%
iter 242: loss 2.5242, time 14.11ms, mfu 0.03%
iter 243: loss 2.5197, time 17.25ms, mfu 0.03%
iter 244: loss 2.5113, time 15.49ms, mfu 0.03%
iter 245: loss 2.3934, time 16.33ms, mfu 0.03%
iter 246: loss 2.4745, time 16.45ms, mfu 0.03%
iter 247: loss 2.4734, time 16.81ms, mfu 0.03%
iter 248: loss 2.4326, time 16.19ms, mfu 0.03%
iter 249: loss 2.5054, time 16.27ms, mfu 0.03%
step 250: train loss 2.4747, val loss 2.4818
saving checkpoint to C:\Users\amitc\OneDrive\Desktop\Research\NanoGpt\nanoGPT\experiments\exp003_depth2
iter 250: loss 2.4230, time 231.27ms, mfu 0.03%
iter 251: loss 2.4672, time 15.53ms, mfu 0.03%
iter 252: loss 2.4650, time 15.78ms, mfu 0.03%
iter 253: loss 2.4660, time 16.77ms, mfu 0.03%
iter 254: loss 2.5253, time 16.46ms, mfu 0.03%
iter 255: loss 2.4759, time 16.27ms, mfu 0.03%
iter 256: loss 2.4763, time 14.58ms, mfu 0.03%
iter 257: loss 2.4559, time 14.79ms, mfu 0.03%
iter 258: loss 2.3733, time 15.82ms, mfu 0.03%
iter 259: loss 2.3963, time 15.15ms, mfu 0.03%
iter 260: loss 2.4244, time 13.73ms, mfu 0.03%
iter 261: loss 2.4128, time 16.45ms, mfu 0.03%
iter 262: loss 2.4974, time 15.06ms, mfu 0.03%
iter 263: loss 2.4170, time 15.08ms, mfu 0.03%
iter 264: loss 2.4545, time 16.52ms, mfu 0.03%
iter 265: loss 2.4396, time 16.64ms, mfu 0.03%
iter 266: loss 2.4918, time 16.95ms, mfu 0.03%
iter 267: loss 2.3862, time 17.18ms, mfu 0.03%
iter 268: loss 2.4081, time 16.03ms, mfu 0.03%
iter 269: loss 2.4585, time 16.20ms, mfu 0.03%
iter 270: loss 2.4910, time 16.57ms, mfu 0.03%
iter 271: loss 2.4660, time 15.63ms, mfu 0.03%
iter 272: loss 2.4044, time 15.92ms, mfu 0.03%
iter 273: loss 2.4642, time 15.38ms, mfu 0.03%
iter 274: loss 2.4918, time 15.60ms, mfu 0.03%
iter 275: loss 2.4447, time 15.73ms, mfu 0.03%
iter 276: loss 2.4341, time 16.46ms, mfu 0.03%
iter 277: loss 2.4855, time 16.38ms, mfu 0.03%
iter 278: loss 2.4591, time 16.46ms, mfu 0.03%
iter 279: loss 2.4441, time 16.32ms, mfu 0.03%
iter 280: loss 2.4081, time 16.47ms, mfu 0.03%
iter 281: loss 2.5052, time 16.45ms, mfu 0.03%
iter 282: loss 2.4004, time 16.94ms, mfu 0.03%
iter 283: loss 2.5033, time 16.35ms, mfu 0.03%
iter 284: loss 2.3917, time 16.60ms, mfu 0.03%
iter 285: loss 2.5255, time 17.21ms, mfu 0.03%
iter 286: loss 2.4825, time 17.09ms, mfu 0.03%
iter 287: loss 2.4366, time 17.95ms, mfu 0.03%
iter 288: loss 2.3477, time 19.38ms, mfu 0.03%
iter 289: loss 2.4095, time 18.17ms, mfu 0.03%
iter 290: loss 2.5288, time 17.42ms, mfu 0.03%
iter 291: loss 2.4555, time 17.20ms, mfu 0.03%
iter 292: loss 2.4234, time 17.46ms, mfu 0.03%
iter 293: loss 2.5047, time 17.42ms, mfu 0.03%
iter 294: loss 2.3913, time 18.06ms, mfu 0.03%
iter 295: loss 2.4248, time 18.69ms, mfu 0.03%
iter 296: loss 2.4509, time 17.94ms, mfu 0.03%
iter 297: loss 2.4830, time 17.60ms, mfu 0.03%
iter 298: loss 2.4013, time 17.23ms, mfu 0.03%
iter 299: loss 2.4040, time 16.11ms, mfu 0.03%
iter 300: loss 2.4737, time 16.44ms, mfu 0.03%
iter 301: loss 2.4199, time 15.33ms, mfu 0.03%
iter 302: loss 2.4152, time 17.31ms, mfu 0.03%
iter 303: loss 2.4238, time 18.13ms, mfu 0.03%
iter 304: loss 2.3950, time 16.91ms, mfu 0.03%
iter 305: loss 2.4815, time 15.65ms, mfu 0.03%
iter 306: loss 2.4696, time 15.22ms, mfu 0.03%
iter 307: loss 2.4730, time 15.71ms, mfu 0.03%
iter 308: loss 2.5183, time 16.40ms, mfu 0.03%
iter 309: loss 2.4080, time 16.39ms, mfu 0.03%
iter 310: loss 2.4315, time 16.10ms, mfu 0.03%
iter 311: loss 2.5236, time 16.57ms, mfu 0.03%
iter 312: loss 2.4018, time 16.85ms, mfu 0.03%
iter 313: loss 2.4179, time 16.42ms, mfu 0.03%
iter 314: loss 2.3544, time 16.64ms, mfu 0.03%
iter 315: loss 2.4250, time 16.32ms, mfu 0.03%
iter 316: loss 2.4666, time 17.10ms, mfu 0.03%
iter 317: loss 2.3702, time 17.10ms, mfu 0.03%
iter 318: loss 2.4036, time 17.31ms, mfu 0.03%
iter 319: loss 2.4325, time 15.25ms, mfu 0.03%
iter 320: loss 2.3936, time 16.37ms, mfu 0.03%
iter 321: loss 2.4322, time 17.03ms, mfu 0.03%
iter 322: loss 2.4805, time 16.55ms, mfu 0.03%
iter 323: loss 2.4650, time 17.54ms, mfu 0.03%
iter 324: loss 2.4017, time 16.59ms, mfu 0.03%
iter 325: loss 2.3785, time 15.84ms, mfu 0.03%
iter 326: loss 2.4743, time 16.16ms, mfu 0.03%
iter 327: loss 2.4914, time 16.33ms, mfu 0.03%
iter 328: loss 2.4087, time 16.19ms, mfu 0.03%
iter 329: loss 2.4271, time 17.21ms, mfu 0.03%
iter 330: loss 2.4101, time 16.91ms, mfu 0.03%
iter 331: loss 2.4044, time 17.00ms, mfu 0.03%
iter 332: loss 2.3629, time 16.55ms, mfu 0.03%
iter 333: loss 2.4245, time 16.35ms, mfu 0.03%
iter 334: loss 2.3829, time 16.09ms, mfu 0.03%
iter 335: loss 2.4537, time 15.63ms, mfu 0.03%
iter 336: loss 2.4297, time 16.67ms, mfu 0.03%
iter 337: loss 2.3916, time 16.72ms, mfu 0.03%
iter 338: loss 2.4526, time 16.44ms, mfu 0.03%
iter 339: loss 2.3409, time 16.72ms, mfu 0.03%
iter 340: loss 2.3731, time 16.81ms, mfu 0.03%
iter 341: loss 2.4238, time 16.18ms, mfu 0.03%
iter 342: loss 2.4403, time 16.63ms, mfu 0.03%
iter 343: loss 2.3480, time 16.23ms, mfu 0.03%
iter 344: loss 2.4344, time 16.35ms, mfu 0.03%
iter 345: loss 2.4940, time 16.47ms, mfu 0.03%
iter 346: loss 2.4548, time 16.62ms, mfu 0.03%
iter 347: loss 2.3916, time 16.28ms, mfu 0.03%
iter 348: loss 2.3743, time 17.03ms, mfu 0.03%
iter 349: loss 2.4240, time 16.44ms, mfu 0.03%
iter 350: loss 2.3408, time 16.01ms, mfu 0.03%
iter 351: loss 2.3639, time 16.90ms, mfu 0.03%
iter 352: loss 2.3492, time 16.89ms, mfu 0.03%
iter 353: loss 2.3523, time 16.37ms, mfu 0.03%
iter 354: loss 2.4783, time 17.70ms, mfu 0.03%
iter 355: loss 2.3092, time 14.61ms, mfu 0.03%
iter 356: loss 2.3473, time 13.93ms, mfu 0.03%
iter 357: loss 2.4068, time 14.02ms, mfu 0.03%
iter 358: loss 2.3036, time 16.72ms, mfu 0.03%
iter 359: loss 2.3794, time 16.68ms, mfu 0.03%
iter 360: loss 2.4362, time 16.50ms, mfu 0.03%
iter 361: loss 2.3591, time 14.17ms, mfu 0.03%
iter 362: loss 2.3297, time 16.39ms, mfu 0.03%
iter 363: loss 2.4194, time 15.09ms, mfu 0.03%
iter 364: loss 2.3773, time 15.03ms, mfu 0.03%
iter 365: loss 2.4176, time 16.88ms, mfu 0.03%
iter 366: loss 2.3675, time 16.54ms, mfu 0.03%
iter 367: loss 2.4396, time 16.48ms, mfu 0.03%
iter 368: loss 2.3802, time 16.26ms, mfu 0.03%
iter 369: loss 2.4108, time 16.20ms, mfu 0.03%
iter 370: loss 2.3723, time 16.49ms, mfu 0.03%
iter 371: loss 2.4655, time 16.18ms, mfu 0.03%
iter 372: loss 2.3253, time 16.33ms, mfu 0.03%
iter 373: loss 2.4116, time 16.54ms, mfu 0.03%
iter 374: loss 2.4461, time 16.47ms, mfu 0.03%
iter 375: loss 2.4377, time 16.82ms, mfu 0.03%
iter 376: loss 2.3352, time 16.45ms, mfu 0.03%
iter 377: loss 2.3501, time 16.42ms, mfu 0.03%
iter 378: loss 2.4127, time 16.65ms, mfu 0.03%
iter 379: loss 2.4369, time 16.62ms, mfu 0.03%
iter 380: loss 2.3974, time 16.38ms, mfu 0.03%
iter 381: loss 2.4268, time 16.41ms, mfu 0.03%
iter 382: loss 2.3496, time 16.66ms, mfu 0.03%
iter 383: loss 2.4074, time 16.70ms, mfu 0.03%
iter 384: loss 2.4141, time 14.60ms, mfu 0.03%
iter 385: loss 2.4111, time 16.25ms, mfu 0.03%
iter 386: loss 2.3832, time 15.91ms, mfu 0.03%
iter 387: loss 2.3561, time 14.47ms, mfu 0.03%
iter 388: loss 2.4363, time 14.70ms, mfu 0.03%
iter 389: loss 2.3169, time 14.09ms, mfu 0.03%
iter 390: loss 2.3601, time 16.66ms, mfu 0.03%
iter 391: loss 2.3892, time 16.55ms, mfu 0.03%
iter 392: loss 2.3584, time 16.90ms, mfu 0.03%
iter 393: loss 2.3892, time 16.69ms, mfu 0.03%
iter 394: loss 2.3566, time 16.53ms, mfu 0.03%
iter 395: loss 2.3201, time 16.60ms, mfu 0.03%
iter 396: loss 2.3111, time 16.82ms, mfu 0.03%
iter 397: loss 2.3989, time 16.42ms, mfu 0.03%
iter 398: loss 2.4467, time 16.34ms, mfu 0.03%
iter 399: loss 2.3689, time 16.27ms, mfu 0.03%
iter 400: loss 2.3495, time 16.84ms, mfu 0.03%
iter 401: loss 2.3355, time 17.00ms, mfu 0.03%
iter 402: loss 2.3891, time 17.19ms, mfu 0.03%
iter 403: loss 2.3982, time 17.47ms, mfu 0.03%
iter 404: loss 2.3065, time 17.63ms, mfu 0.03%
iter 405: loss 2.3802, time 18.97ms, mfu 0.03%
iter 406: loss 2.3934, time 17.79ms, mfu 0.03%
iter 407: loss 2.3453, time 17.40ms, mfu 0.03%
iter 408: loss 2.3622, time 17.52ms, mfu 0.03%
iter 409: loss 2.3115, time 17.08ms, mfu 0.03%
iter 410: loss 2.3556, time 17.04ms, mfu 0.03%
iter 411: loss 2.3504, time 16.87ms, mfu 0.03%
iter 412: loss 2.3596, time 17.34ms, mfu 0.03%
iter 413: loss 2.3777, time 16.66ms, mfu 0.03%
iter 414: loss 2.3185, time 16.43ms, mfu 0.03%
iter 415: loss 2.3146, time 16.65ms, mfu 0.03%
iter 416: loss 2.3009, time 16.97ms, mfu 0.03%
iter 417: loss 2.3655, time 17.13ms, mfu 0.03%
iter 418: loss 2.3327, time 16.34ms, mfu 0.03%
iter 419: loss 2.3076, time 16.58ms, mfu 0.03%
iter 420: loss 2.3894, time 15.46ms, mfu 0.03%
iter 421: loss 2.3518, time 15.25ms, mfu 0.03%
iter 422: loss 2.3854, time 16.02ms, mfu 0.03%
iter 423: loss 2.2458, time 15.73ms, mfu 0.03%
iter 424: loss 2.3583, time 16.63ms, mfu 0.03%
iter 425: loss 2.3458, time 16.29ms, mfu 0.03%
iter 426: loss 2.2622, time 16.90ms, mfu 0.03%
iter 427: loss 2.4058, time 16.61ms, mfu 0.03%
iter 428: loss 2.3242, time 16.74ms, mfu 0.03%
iter 429: loss 2.2899, time 16.64ms, mfu 0.03%
iter 430: loss 2.3636, time 15.76ms, mfu 0.03%
iter 431: loss 2.3148, time 17.77ms, mfu 0.03%
iter 432: loss 2.3470, time 16.91ms, mfu 0.03%
iter 433: loss 2.2841, time 16.57ms, mfu 0.03%
iter 434: loss 2.3897, time 16.67ms, mfu 0.03%
iter 435: loss 2.3344, time 17.23ms, mfu 0.03%
iter 436: loss 2.3401, time 16.64ms, mfu 0.03%
iter 437: loss 2.3232, time 17.71ms, mfu 0.03%
iter 438: loss 2.3180, time 17.49ms, mfu 0.03%
iter 439: loss 2.2844, time 16.86ms, mfu 0.03%
iter 440: loss 2.4393, time 18.22ms, mfu 0.03%
iter 441: loss 2.3074, time 17.66ms, mfu 0.03%
iter 442: loss 2.2470, time 17.62ms, mfu 0.03%
iter 443: loss 2.3122, time 18.21ms, mfu 0.03%
iter 444: loss 2.3148, time 18.10ms, mfu 0.03%
iter 445: loss 2.2905, time 17.64ms, mfu 0.03%
iter 446: loss 2.4062, time 17.84ms, mfu 0.03%
iter 447: loss 2.3427, time 17.31ms, mfu 0.03%
iter 448: loss 2.3668, time 17.41ms, mfu 0.03%
iter 449: loss 2.3109, time 17.26ms, mfu 0.03%
iter 450: loss 2.3294, time 17.15ms, mfu 0.03%
iter 451: loss 2.3298, time 15.48ms, mfu 0.03%
iter 452: loss 2.2757, time 15.73ms, mfu 0.03%
iter 453: loss 2.3463, time 16.14ms, mfu 0.03%
iter 454: loss 2.2775, time 16.93ms, mfu 0.03%
iter 455: loss 2.3062, time 16.50ms, mfu 0.03%
iter 456: loss 2.3281, time 17.37ms, mfu 0.03%
iter 457: loss 2.2775, time 15.42ms, mfu 0.03%
iter 458: loss 2.3802, time 15.34ms, mfu 0.03%
iter 459: loss 2.2847, time 16.51ms, mfu 0.03%
iter 460: loss 2.2871, time 16.63ms, mfu 0.03%
iter 461: loss 2.3566, time 16.63ms, mfu 0.03%
iter 462: loss 2.2537, time 16.51ms, mfu 0.03%
iter 463: loss 2.3254, time 16.46ms, mfu 0.03%
iter 464: loss 2.3066, time 16.44ms, mfu 0.03%
iter 465: loss 2.2861, time 16.61ms, mfu 0.03%
iter 466: loss 2.3748, time 16.60ms, mfu 0.03%
iter 467: loss 2.2728, time 16.53ms, mfu 0.03%
iter 468: loss 2.3502, time 16.92ms, mfu 0.03%
iter 469: loss 2.3232, time 16.60ms, mfu 0.03%
iter 470: loss 2.3405, time 15.32ms, mfu 0.03%
iter 471: loss 2.4225, time 17.20ms, mfu 0.03%
iter 472: loss 2.3100, time 17.36ms, mfu 0.03%
iter 473: loss 2.2905, time 17.74ms, mfu 0.03%
iter 474: loss 2.3247, time 18.22ms, mfu 0.03%
iter 475: loss 2.3969, time 19.42ms, mfu 0.03%
iter 476: loss 2.2983, time 17.67ms, mfu 0.03%
iter 477: loss 2.2893, time 17.42ms, mfu 0.03%
iter 478: loss 2.2256, time 19.06ms, mfu 0.03%
iter 479: loss 2.2251, time 17.96ms, mfu 0.03%
iter 480: loss 2.3097, time 18.07ms, mfu 0.03%
iter 481: loss 2.3018, time 18.10ms, mfu 0.03%
iter 482: loss 2.3438, time 18.10ms, mfu 0.03%
iter 483: loss 2.2871, time 17.87ms, mfu 0.03%
iter 484: loss 2.3051, time 18.36ms, mfu 0.03%
iter 485: loss 2.3992, time 19.31ms, mfu 0.03%
iter 486: loss 2.2977, time 19.03ms, mfu 0.03%
iter 487: loss 2.2294, time 18.61ms, mfu 0.03%
iter 488: loss 2.3555, time 18.15ms, mfu 0.03%
iter 489: loss 2.2754, time 19.32ms, mfu 0.03%
iter 490: loss 2.3562, time 18.70ms, mfu 0.03%
iter 491: loss 2.3088, time 19.70ms, mfu 0.03%
iter 492: loss 2.2707, time 18.81ms, mfu 0.03%
iter 493: loss 2.2949, time 18.64ms, mfu 0.03%
iter 494: loss 2.2396, time 18.81ms, mfu 0.03%
iter 495: loss 2.3021, time 17.77ms, mfu 0.03%
iter 496: loss 2.2779, time 16.57ms, mfu 0.03%
iter 497: loss 2.3150, time 16.49ms, mfu 0.03%
iter 498: loss 2.3476, time 17.06ms, mfu 0.03%
iter 499: loss 2.3556, time 16.57ms, mfu 0.03%
step 500: train loss 2.2837, val loss 2.2922
saving checkpoint to C:\Users\amitc\OneDrive\Desktop\Research\NanoGpt\nanoGPT\experiments\exp003_depth2
iter 500: loss 2.2391, time 245.62ms, mfu 0.03%
iter 501: loss 2.3055, time 16.72ms, mfu 0.03%
iter 502: loss 2.4586, time 16.63ms, mfu 0.03%
iter 503: loss 2.2947, time 16.42ms, mfu 0.03%
iter 504: loss 2.2580, time 16.04ms, mfu 0.03%
iter 505: loss 2.3052, time 17.19ms, mfu 0.03%
iter 506: loss 2.2950, time 17.32ms, mfu 0.03%
iter 507: loss 2.2657, time 17.40ms, mfu 0.03%
iter 508: loss 2.2947, time 17.53ms, mfu 0.03%
iter 509: loss 2.2661, time 18.04ms, mfu 0.03%
iter 510: loss 2.2653, time 16.87ms, mfu 0.03%
iter 511: loss 2.3042, time 18.77ms, mfu 0.03%
iter 512: loss 2.2795, time 18.30ms, mfu 0.03%
iter 513: loss 2.2463, time 17.84ms, mfu 0.03%
iter 514: loss 2.2979, time 17.48ms, mfu 0.03%
iter 515: loss 2.2661, time 17.31ms, mfu 0.03%
iter 516: loss 2.3193, time 17.95ms, mfu 0.03%
iter 517: loss 2.2922, time 18.27ms, mfu 0.03%
iter 518: loss 2.2742, time 19.17ms, mfu 0.03%
iter 519: loss 2.2515, time 17.79ms, mfu 0.03%
iter 520: loss 2.2908, time 17.73ms, mfu 0.03%
iter 521: loss 2.2850, time 17.91ms, mfu 0.03%
iter 522: loss 2.2407, time 17.92ms, mfu 0.03%
iter 523: loss 2.1697, time 17.98ms, mfu 0.03%
iter 524: loss 2.2258, time 17.38ms, mfu 0.03%
iter 525: loss 2.3344, time 17.06ms, mfu 0.03%
iter 526: loss 2.3323, time 16.39ms, mfu 0.03%
iter 527: loss 2.1875, time 16.20ms, mfu 0.03%
iter 528: loss 2.2241, time 16.13ms, mfu 0.03%
iter 529: loss 2.1964, time 16.08ms, mfu 0.03%
iter 530: loss 2.3491, time 16.39ms, mfu 0.03%
iter 531: loss 2.3115, time 16.32ms, mfu 0.03%
iter 532: loss 2.2967, time 16.29ms, mfu 0.03%
iter 533: loss 2.2320, time 16.93ms, mfu 0.03%
iter 534: loss 2.2359, time 16.38ms, mfu 0.03%
iter 535: loss 2.2483, time 17.08ms, mfu 0.03%
iter 536: loss 2.2116, time 16.29ms, mfu 0.03%
iter 537: loss 2.2380, time 16.53ms, mfu 0.03%
iter 538: loss 2.2479, time 16.38ms, mfu 0.03%
iter 539: loss 2.3733, time 16.37ms, mfu 0.03%
iter 540: loss 2.2054, time 16.40ms, mfu 0.03%
iter 541: loss 2.3003, time 16.88ms, mfu 0.03%
iter 542: loss 2.2372, time 16.61ms, mfu 0.03%
iter 543: loss 2.2519, time 16.79ms, mfu 0.03%
iter 544: loss 2.2644, time 16.78ms, mfu 0.03%
iter 545: loss 2.2561, time 16.47ms, mfu 0.03%
iter 546: loss 2.2922, time 16.52ms, mfu 0.03%
iter 547: loss 2.3130, time 17.32ms, mfu 0.03%
iter 548: loss 2.2701, time 16.45ms, mfu 0.03%
iter 549: loss 2.2079, time 14.55ms, mfu 0.03%
iter 550: loss 2.2792, time 16.83ms, mfu 0.03%
iter 551: loss 2.2527, time 16.49ms, mfu 0.03%
iter 552: loss 2.1955, time 16.47ms, mfu 0.03%
iter 553: loss 2.3184, time 16.74ms, mfu 0.03%
iter 554: loss 2.3168, time 16.53ms, mfu 0.03%
iter 555: loss 2.3132, time 16.67ms, mfu 0.03%
iter 556: loss 2.2635, time 16.67ms, mfu 0.03%
iter 557: loss 2.2202, time 16.65ms, mfu 0.03%
iter 558: loss 2.2118, time 16.59ms, mfu 0.03%
iter 559: loss 2.1744, time 16.87ms, mfu 0.03%
iter 560: loss 2.2048, time 16.63ms, mfu 0.03%
iter 561: loss 2.2608, time 16.56ms, mfu 0.03%
iter 562: loss 2.3151, time 16.44ms, mfu 0.03%
iter 563: loss 2.2270, time 16.52ms, mfu 0.03%
iter 564: loss 2.2315, time 16.88ms, mfu 0.03%
iter 565: loss 2.1661, time 16.49ms, mfu 0.03%
iter 566: loss 2.3048, time 16.84ms, mfu 0.03%
iter 567: loss 2.1789, time 16.39ms, mfu 0.03%
iter 568: loss 2.2544, time 16.28ms, mfu 0.03%
iter 569: loss 2.2563, time 16.24ms, mfu 0.03%
iter 570: loss 2.3179, time 18.91ms, mfu 0.03%
iter 571: loss 2.1845, time 17.62ms, mfu 0.03%
iter 572: loss 2.2550, time 17.60ms, mfu 0.03%
iter 573: loss 2.2000, time 17.04ms, mfu 0.03%
iter 574: loss 2.1871, time 17.73ms, mfu 0.03%
iter 575: loss 2.2248, time 17.17ms, mfu 0.03%
iter 576: loss 2.1529, time 17.41ms, mfu 0.03%
iter 577: loss 2.3790, time 20.84ms, mfu 0.03%
iter 578: loss 2.2148, time 20.09ms, mfu 0.03%
iter 579: loss 2.2651, time 17.99ms, mfu 0.03%
iter 580: loss 2.2263, time 15.81ms, mfu 0.03%
iter 581: loss 2.2886, time 17.78ms, mfu 0.03%
iter 582: loss 2.1971, time 17.05ms, mfu 0.03%
iter 583: loss 2.1497, time 17.02ms, mfu 0.03%
iter 584: loss 2.2190, time 16.66ms, mfu 0.03%
iter 585: loss 2.2057, time 17.08ms, mfu 0.03%
iter 586: loss 2.2661, time 17.01ms, mfu 0.03%
iter 587: loss 2.2730, time 18.14ms, mfu 0.03%
iter 588: loss 2.3010, time 19.72ms, mfu 0.03%
iter 589: loss 2.2580, time 18.35ms, mfu 0.03%
iter 590: loss 2.2801, time 18.56ms, mfu 0.03%
iter 591: loss 2.3185, time 19.53ms, mfu 0.03%
iter 592: loss 2.3087, time 51.57ms, mfu 0.03%
iter 593: loss 2.2453, time 28.89ms, mfu 0.03%
iter 594: loss 2.2994, time 20.15ms, mfu 0.03%
iter 595: loss 2.3661, time 20.86ms, mfu 0.03%
iter 596: loss 2.1961, time 23.77ms, mfu 0.02%
iter 597: loss 2.2889, time 20.69ms, mfu 0.02%
iter 598: loss 2.2333, time 17.90ms, mfu 0.02%
iter 599: loss 2.1753, time 17.42ms, mfu 0.03%
iter 600: loss 2.2886, time 17.88ms, mfu 0.03%
iter 601: loss 2.2378, time 17.10ms, mfu 0.03%
iter 602: loss 2.1525, time 17.10ms, mfu 0.03%
iter 603: loss 2.2547, time 17.53ms, mfu 0.03%
iter 604: loss 2.2445, time 17.27ms, mfu 0.03%
iter 605: loss 2.2848, time 16.92ms, mfu 0.03%
iter 606: loss 2.2260, time 16.76ms, mfu 0.03%
iter 607: loss 2.2654, time 17.05ms, mfu 0.03%
iter 608: loss 2.2539, time 17.09ms, mfu 0.03%
iter 609: loss 2.2191, time 16.81ms, mfu 0.03%
iter 610: loss 2.2570, time 16.86ms, mfu 0.03%
iter 611: loss 2.2492, time 16.79ms, mfu 0.03%
iter 612: loss 2.2959, time 16.77ms, mfu 0.03%
iter 613: loss 2.1771, time 16.49ms, mfu 0.03%
iter 614: loss 2.2100, time 16.65ms, mfu 0.03%
iter 615: loss 2.2940, time 17.22ms, mfu 0.03%
iter 616: loss 2.2461, time 16.73ms, mfu 0.03%
iter 617: loss 2.1798, time 16.86ms, mfu 0.03%
iter 618: loss 2.2518, time 16.72ms, mfu 0.03%
iter 619: loss 2.1961, time 17.03ms, mfu 0.03%
iter 620: loss 2.1751, time 17.08ms, mfu 0.03%
iter 621: loss 2.2264, time 17.57ms, mfu 0.03%
iter 622: loss 2.1790, time 16.28ms, mfu 0.03%
iter 623: loss 2.2848, time 18.21ms, mfu 0.03%
iter 624: loss 2.2052, time 17.24ms, mfu 0.03%
iter 625: loss 2.2039, time 17.20ms, mfu 0.03%
iter 626: loss 2.2638, time 17.21ms, mfu 0.03%
iter 627: loss 2.1281, time 19.30ms, mfu 0.03%
iter 628: loss 2.2100, time 17.74ms, mfu 0.03%
iter 629: loss 2.1729, time 17.19ms, mfu 0.03%
iter 630: loss 2.2610, time 17.16ms, mfu 0.03%
iter 631: loss 2.2457, time 17.76ms, mfu 0.03%
iter 632: loss 2.2178, time 17.26ms, mfu 0.03%
iter 633: loss 2.1666, time 16.66ms, mfu 0.03%
iter 634: loss 2.2786, time 17.29ms, mfu 0.03%
iter 635: loss 2.1781, time 15.22ms, mfu 0.03%
iter 636: loss 2.2553, time 14.54ms, mfu 0.03%
iter 637: loss 2.3281, time 15.54ms, mfu 0.03%
iter 638: loss 2.1913, time 16.73ms, mfu 0.03%
iter 639: loss 2.3265, time 16.78ms, mfu 0.03%
iter 640: loss 2.1632, time 16.56ms, mfu 0.03%
iter 641: loss 2.2270, time 16.58ms, mfu 0.03%
iter 642: loss 2.1575, time 16.85ms, mfu 0.03%
iter 643: loss 2.2691, time 16.81ms, mfu 0.03%
iter 644: loss 2.2427, time 16.63ms, mfu 0.03%
iter 645: loss 2.1825, time 16.58ms, mfu 0.03%
iter 646: loss 2.2733, time 16.21ms, mfu 0.03%
iter 647: loss 2.1916, time 16.80ms, mfu 0.03%
iter 648: loss 2.2445, time 16.73ms, mfu 0.03%
iter 649: loss 2.2145, time 16.73ms, mfu 0.03%
iter 650: loss 2.1672, time 16.62ms, mfu 0.03%
iter 651: loss 2.2427, time 17.35ms, mfu 0.03%
iter 652: loss 2.2439, time 17.39ms, mfu 0.03%
iter 653: loss 2.1824, time 17.26ms, mfu 0.03%
iter 654: loss 2.2457, time 16.59ms, mfu 0.03%
iter 655: loss 2.2323, time 16.85ms, mfu 0.03%
iter 656: loss 2.0832, time 16.35ms, mfu 0.03%
iter 657: loss 2.1782, time 16.02ms, mfu 0.03%
iter 658: loss 2.2543, time 16.65ms, mfu 0.03%
iter 659: loss 2.1326, time 15.68ms, mfu 0.03%
iter 660: loss 2.1977, time 16.52ms, mfu 0.03%
iter 661: loss 2.1271, time 16.14ms, mfu 0.03%
iter 662: loss 2.2491, time 17.44ms, mfu 0.03%
iter 663: loss 2.1583, time 16.03ms, mfu 0.03%
iter 664: loss 2.1338, time 15.54ms, mfu 0.03%
iter 665: loss 2.1288, time 15.78ms, mfu 0.03%
iter 666: loss 2.1985, time 16.81ms, mfu 0.03%
iter 667: loss 2.2145, time 16.65ms, mfu 0.03%
iter 668: loss 2.1123, time 16.50ms, mfu 0.03%
iter 669: loss 2.2387, time 16.53ms, mfu 0.03%
iter 670: loss 2.1372, time 16.70ms, mfu 0.03%
iter 671: loss 2.1319, time 16.56ms, mfu 0.03%
iter 672: loss 2.1779, time 16.36ms, mfu 0.03%
iter 673: loss 2.0649, time 16.86ms, mfu 0.03%
iter 674: loss 2.2489, time 16.47ms, mfu 0.03%
iter 675: loss 2.2432, time 17.94ms, mfu 0.03%
iter 676: loss 2.2224, time 31.56ms, mfu 0.03%
iter 677: loss 2.1618, time 23.90ms, mfu 0.03%
iter 678: loss 2.1864, time 19.53ms, mfu 0.03%
iter 679: loss 2.1247, time 15.74ms, mfu 0.03%
iter 680: loss 2.1884, time 15.51ms, mfu 0.03%
iter 681: loss 2.2121, time 16.94ms, mfu 0.03%
iter 682: loss 2.2362, time 16.70ms, mfu 0.03%
iter 683: loss 2.0479, time 16.35ms, mfu 0.03%
iter 684: loss 2.1147, time 16.54ms, mfu 0.03%
iter 685: loss 2.2430, time 16.89ms, mfu 0.03%
iter 686: loss 2.1683, time 16.64ms, mfu 0.03%
iter 687: loss 2.1405, time 17.00ms, mfu 0.03%
iter 688: loss 2.2359, time 16.14ms, mfu 0.03%
iter 689: loss 2.1848, time 16.02ms, mfu 0.03%
iter 690: loss 2.2287, time 17.19ms, mfu 0.03%
iter 691: loss 2.1853, time 16.60ms, mfu 0.03%
iter 692: loss 2.2447, time 16.77ms, mfu 0.03%
iter 693: loss 2.2128, time 16.36ms, mfu 0.03%
iter 694: loss 2.1635, time 16.54ms, mfu 0.03%
iter 695: loss 2.1429, time 16.06ms, mfu 0.03%
iter 696: loss 2.2653, time 16.38ms, mfu 0.03%
iter 697: loss 2.1284, time 16.58ms, mfu 0.03%
iter 698: loss 2.2133, time 16.48ms, mfu 0.03%
iter 699: loss 2.2233, time 16.33ms, mfu 0.03%
iter 700: loss 2.3601, time 16.24ms, mfu 0.03%
iter 701: loss 2.2456, time 16.38ms, mfu 0.03%
iter 702: loss 2.1288, time 15.48ms, mfu 0.03%
iter 703: loss 2.2627, time 15.00ms, mfu 0.03%
iter 704: loss 2.1532, time 15.04ms, mfu 0.03%
iter 705: loss 2.1953, time 14.87ms, mfu 0.03%
iter 706: loss 2.2430, time 16.25ms, mfu 0.03%
iter 707: loss 2.1638, time 16.26ms, mfu 0.03%
iter 708: loss 2.1206, time 16.62ms, mfu 0.03%
iter 709: loss 2.0984, time 16.66ms, mfu 0.03%
iter 710: loss 2.1256, time 16.37ms, mfu 0.03%
iter 711: loss 2.1614, time 16.65ms, mfu 0.03%
iter 712: loss 2.1736, time 16.94ms, mfu 0.03%
iter 713: loss 2.2146, time 16.77ms, mfu 0.03%
iter 714: loss 2.2533, time 16.48ms, mfu 0.03%
iter 715: loss 2.0521, time 16.35ms, mfu 0.03%
iter 716: loss 2.1781, time 16.77ms, mfu 0.03%
iter 717: loss 2.1513, time 17.72ms, mfu 0.03%
iter 718: loss 2.2296, time 16.68ms, mfu 0.03%
iter 719: loss 2.1421, time 16.69ms, mfu 0.03%
iter 720: loss 2.1952, time 16.35ms, mfu 0.03%
iter 721: loss 2.1421, time 16.44ms, mfu 0.03%
iter 722: loss 2.1648, time 14.58ms, mfu 0.03%
iter 723: loss 2.2032, time 15.99ms, mfu 0.03%
iter 724: loss 2.1057, time 14.93ms, mfu 0.03%
iter 725: loss 2.2075, time 15.35ms, mfu 0.03%
iter 726: loss 2.0751, time 15.02ms, mfu 0.03%
iter 727: loss 2.1560, time 15.02ms, mfu 0.03%
iter 728: loss 2.1497, time 16.11ms, mfu 0.03%
iter 729: loss 2.1962, time 17.24ms, mfu 0.03%
iter 730: loss 2.1314, time 18.26ms, mfu 0.03%
iter 731: loss 2.2020, time 17.43ms, mfu 0.03%
iter 732: loss 2.1380, time 17.90ms, mfu 0.03%
iter 733: loss 2.1795, time 14.91ms, mfu 0.03%
iter 734: loss 2.1419, time 16.67ms, mfu 0.03%
iter 735: loss 2.1258, time 16.87ms, mfu 0.03%
iter 736: loss 2.2817, time 16.51ms, mfu 0.03%
iter 737: loss 2.0909, time 16.62ms, mfu 0.03%
iter 738: loss 2.1209, time 16.73ms, mfu 0.03%
iter 739: loss 2.0931, time 17.21ms, mfu 0.03%
iter 740: loss 2.2912, time 16.59ms, mfu 0.03%
iter 741: loss 2.1060, time 16.74ms, mfu 0.03%
iter 742: loss 2.2008, time 16.53ms, mfu 0.03%
iter 743: loss 2.1500, time 15.73ms, mfu 0.03%
iter 744: loss 2.1803, time 15.34ms, mfu 0.03%
iter 745: loss 2.0542, time 15.46ms, mfu 0.03%
iter 746: loss 2.1888, time 15.53ms, mfu 0.03%
iter 747: loss 2.2224, time 17.02ms, mfu 0.03%
iter 748: loss 2.2001, time 16.54ms, mfu 0.03%
iter 749: loss 2.2224, time 16.45ms, mfu 0.03%
step 750: train loss 2.1629, val loss 2.2073
saving checkpoint to C:\Users\amitc\OneDrive\Desktop\Research\NanoGpt\nanoGPT\experiments\exp003_depth2
iter 750: loss 2.1404, time 225.81ms, mfu 0.03%
iter 751: loss 2.1395, time 16.13ms, mfu 0.03%
iter 752: loss 2.1525, time 14.38ms, mfu 0.03%
iter 753: loss 2.0886, time 14.03ms, mfu 0.03%
iter 754: loss 2.1531, time 14.38ms, mfu 0.03%
iter 755: loss 2.1609, time 16.68ms, mfu 0.03%
iter 756: loss 2.1953, time 15.52ms, mfu 0.03%
iter 757: loss 2.0909, time 15.23ms, mfu 0.03%
iter 758: loss 2.1924, time 15.25ms, mfu 0.03%
iter 759: loss 2.1663, time 16.49ms, mfu 0.03%
iter 760: loss 2.1807, time 16.46ms, mfu 0.03%
iter 761: loss 2.1209, time 16.42ms, mfu 0.03%
iter 762: loss 2.1188, time 16.92ms, mfu 0.03%
iter 763: loss 2.1242, time 16.89ms, mfu 0.03%
iter 764: loss 2.1436, time 16.95ms, mfu 0.03%
iter 765: loss 2.1604, time 17.11ms, mfu 0.03%
iter 766: loss 2.0816, time 16.66ms, mfu 0.03%
iter 767: loss 2.1202, time 16.48ms, mfu 0.03%
iter 768: loss 2.0444, time 18.75ms, mfu 0.03%
iter 769: loss 2.1057, time 16.67ms, mfu 0.03%
iter 770: loss 2.1726, time 16.45ms, mfu 0.03%
iter 771: loss 2.1601, time 16.73ms, mfu 0.03%
iter 772: loss 2.2107, time 14.14ms, mfu 0.03%
iter 773: loss 2.1337, time 16.35ms, mfu 0.03%
iter 774: loss 2.0659, time 16.55ms, mfu 0.03%
iter 775: loss 2.1670, time 16.25ms, mfu 0.03%
iter 776: loss 2.1490, time 18.29ms, mfu 0.03%
iter 777: loss 2.1582, time 16.65ms, mfu 0.03%
iter 778: loss 2.1814, time 16.78ms, mfu 0.03%
iter 779: loss 2.1003, time 16.70ms, mfu 0.03%
iter 780: loss 2.2202, time 16.56ms, mfu 0.03%
iter 781: loss 2.1171, time 16.95ms, mfu 0.03%
iter 782: loss 2.1640, time 16.54ms, mfu 0.03%
iter 783: loss 2.1902, time 16.75ms, mfu 0.03%
iter 784: loss 2.1339, time 16.15ms, mfu 0.03%
iter 785: loss 2.1380, time 15.60ms, mfu 0.03%
iter 786: loss 2.0935, time 16.44ms, mfu 0.03%
iter 787: loss 2.1618, time 16.47ms, mfu 0.03%
iter 788: loss 2.0829, time 16.40ms, mfu 0.03%
iter 789: loss 2.1470, time 16.68ms, mfu 0.03%
iter 790: loss 2.0967, time 16.44ms, mfu 0.03%
iter 791: loss 2.1948, time 16.56ms, mfu 0.03%
iter 792: loss 2.1198, time 16.42ms, mfu 0.03%
iter 793: loss 2.1195, time 16.53ms, mfu 0.03%
iter 794: loss 2.0750, time 16.30ms, mfu 0.03%
iter 795: loss 2.2158, time 16.34ms, mfu 0.03%
iter 796: loss 2.1031, time 15.23ms, mfu 0.03%
iter 797: loss 2.1163, time 14.91ms, mfu 0.03%
iter 798: loss 2.0634, time 15.57ms, mfu 0.03%
iter 799: loss 2.1885, time 15.51ms, mfu 0.03%
iter 800: loss 2.1049, time 15.32ms, mfu 0.03%
iter 801: loss 2.1200, time 17.27ms, mfu 0.03%
iter 802: loss 2.1380, time 16.67ms, mfu 0.03%
iter 803: loss 2.1110, time 16.44ms, mfu 0.03%
iter 804: loss 2.1220, time 16.49ms, mfu 0.03%
iter 805: loss 2.1949, time 17.06ms, mfu 0.03%
iter 806: loss 2.0745, time 17.69ms, mfu 0.03%
iter 807: loss 2.0650, time 16.79ms, mfu 0.03%
iter 808: loss 2.1277, time 16.60ms, mfu 0.03%
iter 809: loss 2.0620, time 15.60ms, mfu 0.03%
iter 810: loss 2.1097, time 16.32ms, mfu 0.03%
iter 811: loss 2.1520, time 16.71ms, mfu 0.03%
iter 812: loss 2.1068, time 16.50ms, mfu 0.03%
iter 813: loss 2.0974, time 15.52ms, mfu 0.03%
iter 814: loss 2.0925, time 16.40ms, mfu 0.03%
iter 815: loss 2.1825, time 16.54ms, mfu 0.03%
iter 816: loss 2.1749, time 16.46ms, mfu 0.03%
iter 817: loss 2.1333, time 16.46ms, mfu 0.03%
iter 818: loss 2.1606, time 16.69ms, mfu 0.03%
iter 819: loss 2.0906, time 16.31ms, mfu 0.03%
iter 820: loss 2.0521, time 16.12ms, mfu 0.03%
iter 821: loss 2.0850, time 16.28ms, mfu 0.03%
iter 822: loss 2.1559, time 16.80ms, mfu 0.03%
iter 823: loss 2.0321, time 16.00ms, mfu 0.03%
iter 824: loss 2.1362, time 16.39ms, mfu 0.03%
iter 825: loss 2.2142, time 16.35ms, mfu 0.03%
iter 826: loss 2.2247, time 16.40ms, mfu 0.03%
iter 827: loss 2.1285, time 16.44ms, mfu 0.03%
iter 828: loss 2.1077, time 16.37ms, mfu 0.03%
iter 829: loss 2.0471, time 15.52ms, mfu 0.03%
iter 830: loss 2.1309, time 15.01ms, mfu 0.03%
iter 831: loss 2.0812, time 15.00ms, mfu 0.03%
iter 832: loss 2.1144, time 16.50ms, mfu 0.03%
iter 833: loss 2.1103, time 15.36ms, mfu 0.03%
iter 834: loss 2.0579, time 15.97ms, mfu 0.03%
iter 835: loss 2.1247, time 16.48ms, mfu 0.03%
iter 836: loss 2.1619, time 16.67ms, mfu 0.03%
iter 837: loss 2.0994, time 16.43ms, mfu 0.03%
iter 838: loss 2.1253, time 16.18ms, mfu 0.03%
iter 839: loss 2.1052, time 16.42ms, mfu 0.03%
iter 840: loss 2.1340, time 15.17ms, mfu 0.03%
iter 841: loss 2.1575, time 16.08ms, mfu 0.03%
iter 842: loss 2.1386, time 15.31ms, mfu 0.03%
iter 843: loss 2.1169, time 16.63ms, mfu 0.03%
iter 844: loss 2.1104, time 14.42ms, mfu 0.03%
iter 845: loss 2.1169, time 14.48ms, mfu 0.03%
iter 846: loss 2.0618, time 14.49ms, mfu 0.03%
iter 847: loss 2.1981, time 14.46ms, mfu 0.03%
iter 848: loss 2.0121, time 15.40ms, mfu 0.03%
iter 849: loss 2.1613, time 15.68ms, mfu 0.03%
iter 850: loss 2.1405, time 15.99ms, mfu 0.03%
iter 851: loss 2.1283, time 16.68ms, mfu 0.03%
iter 852: loss 2.1017, time 16.31ms, mfu 0.03%
iter 853: loss 2.0632, time 16.63ms, mfu 0.03%
iter 854: loss 2.0661, time 15.71ms, mfu 0.03%
iter 855: loss 2.1512, time 16.83ms, mfu 0.03%
iter 856: loss 2.1177, time 16.16ms, mfu 0.03%
iter 857: loss 2.0270, time 16.75ms, mfu 0.03%
iter 858: loss 2.1447, time 16.58ms, mfu 0.03%
iter 859: loss 2.0840, time 16.67ms, mfu 0.03%
iter 860: loss 2.0219, time 16.59ms, mfu 0.03%
iter 861: loss 2.0317, time 16.60ms, mfu 0.03%
iter 862: loss 2.0443, time 16.83ms, mfu 0.03%
iter 863: loss 2.0371, time 16.63ms, mfu 0.03%
iter 864: loss 2.0482, time 16.54ms, mfu 0.03%
iter 865: loss 2.0858, time 15.80ms, mfu 0.03%
iter 866: loss 2.1391, time 16.51ms, mfu 0.03%
iter 867: loss 2.0566, time 16.38ms, mfu 0.03%
iter 868: loss 2.1339, time 16.22ms, mfu 0.03%
iter 869: loss 2.1423, time 16.37ms, mfu 0.03%
iter 870: loss 2.0295, time 16.37ms, mfu 0.03%
iter 871: loss 2.0054, time 16.18ms, mfu 0.03%
iter 872: loss 2.0311, time 16.50ms, mfu 0.03%
iter 873: loss 2.0755, time 16.32ms, mfu 0.03%
iter 874: loss 2.0505, time 15.17ms, mfu 0.03%
iter 875: loss 2.1997, time 15.07ms, mfu 0.03%
iter 876: loss 2.0415, time 16.24ms, mfu 0.03%
iter 877: loss 2.0727, time 13.42ms, mfu 0.03%
iter 878: loss 2.1183, time 13.36ms, mfu 0.03%
iter 879: loss 2.0515, time 15.23ms, mfu 0.03%
iter 880: loss 2.1295, time 14.92ms, mfu 0.03%
iter 881: loss 2.1262, time 15.07ms, mfu 0.03%
iter 882: loss 2.0961, time 30.69ms, mfu 0.03%
iter 883: loss 2.1220, time 29.08ms, mfu 0.03%
iter 884: loss 2.1302, time 19.80ms, mfu 0.03%
iter 885: loss 2.0792, time 18.51ms, mfu 0.03%
iter 886: loss 2.1364, time 19.16ms, mfu 0.03%
iter 887: loss 2.1050, time 18.02ms, mfu 0.03%
iter 888: loss 2.0674, time 17.96ms, mfu 0.03%
iter 889: loss 2.0207, time 15.78ms, mfu 0.03%
iter 890: loss 2.0956, time 15.73ms, mfu 0.03%
iter 891: loss 2.1741, time 16.71ms, mfu 0.03%
iter 892: loss 2.0209, time 17.45ms, mfu 0.03%
iter 893: loss 2.0861, time 16.86ms, mfu 0.03%
iter 894: loss 2.2363, time 16.95ms, mfu 0.03%
iter 895: loss 2.0451, time 16.81ms, mfu 0.03%
iter 896: loss 2.0984, time 17.04ms, mfu 0.03%
iter 897: loss 2.1123, time 15.84ms, mfu 0.03%
iter 898: loss 2.0766, time 16.08ms, mfu 0.03%
iter 899: loss 2.0925, time 16.69ms, mfu 0.03%
iter 900: loss 2.0624, time 16.90ms, mfu 0.03%
iter 901: loss 2.1144, time 16.89ms, mfu 0.03%
iter 902: loss 2.1273, time 15.12ms, mfu 0.03%
iter 903: loss 2.0225, time 17.59ms, mfu 0.03%
iter 904: loss 2.1715, time 18.70ms, mfu 0.03%
iter 905: loss 2.0369, time 18.20ms, mfu 0.03%
iter 906: loss 2.0636, time 16.46ms, mfu 0.03%
iter 907: loss 2.1730, time 16.22ms, mfu 0.03%
iter 908: loss 2.1295, time 16.43ms, mfu 0.03%
iter 909: loss 2.0785, time 16.08ms, mfu 0.03%
iter 910: loss 2.0539, time 16.55ms, mfu 0.03%
iter 911: loss 2.1254, time 16.28ms, mfu 0.03%
iter 912: loss 2.0144, time 16.25ms, mfu 0.03%
iter 913: loss 2.0680, time 16.34ms, mfu 0.03%
iter 914: loss 2.0104, time 15.82ms, mfu 0.03%
iter 915: loss 2.0739, time 16.53ms, mfu 0.03%
iter 916: loss 2.0917, time 16.67ms, mfu 0.03%
iter 917: loss 1.9772, time 15.63ms, mfu 0.03%
iter 918: loss 2.1190, time 15.01ms, mfu 0.03%
iter 919: loss 2.0691, time 16.36ms, mfu 0.03%
iter 920: loss 2.1147, time 15.19ms, mfu 0.03%
iter 921: loss 2.1623, time 15.53ms, mfu 0.03%
iter 922: loss 2.0523, time 15.54ms, mfu 0.03%
iter 923: loss 2.0300, time 16.70ms, mfu 0.03%
iter 924: loss 2.1611, time 15.62ms, mfu 0.03%
iter 925: loss 1.9963, time 16.91ms, mfu 0.03%
iter 926: loss 2.0648, time 16.21ms, mfu 0.03%
iter 927: loss 2.0641, time 16.31ms, mfu 0.03%
iter 928: loss 1.9871, time 15.26ms, mfu 0.03%
iter 929: loss 2.0488, time 14.98ms, mfu 0.03%
iter 930: loss 2.0806, time 16.93ms, mfu 0.03%
iter 931: loss 2.0103, time 16.54ms, mfu 0.03%
iter 932: loss 2.0885, time 16.44ms, mfu 0.03%
iter 933: loss 2.1091, time 16.59ms, mfu 0.03%
iter 934: loss 2.0733, time 14.94ms, mfu 0.03%
iter 935: loss 2.0808, time 14.97ms, mfu 0.03%
iter 936: loss 1.9486, time 14.96ms, mfu 0.03%
iter 937: loss 2.0238, time 14.86ms, mfu 0.03%
iter 938: loss 2.0340, time 14.85ms, mfu 0.03%
iter 939: loss 2.0805, time 15.22ms, mfu 0.03%
iter 940: loss 2.0169, time 15.05ms, mfu 0.03%
iter 941: loss 2.1576, time 15.47ms, mfu 0.03%
iter 942: loss 1.9891, time 16.64ms, mfu 0.03%
iter 943: loss 2.0247, time 16.26ms, mfu 0.03%
iter 944: loss 2.0325, time 16.91ms, mfu 0.03%
iter 945: loss 2.1545, time 17.01ms, mfu 0.03%
iter 946: loss 2.0868, time 16.68ms, mfu 0.03%
iter 947: loss 2.0586, time 18.80ms, mfu 0.03%
iter 948: loss 2.0390, time 17.60ms, mfu 0.03%
iter 949: loss 2.1207, time 17.04ms, mfu 0.03%
iter 950: loss 2.0984, time 16.77ms, mfu 0.03%
iter 951: loss 2.0442, time 17.37ms, mfu 0.03%
iter 952: loss 1.9816, time 17.16ms, mfu 0.03%
iter 953: loss 2.0292, time 16.96ms, mfu 0.03%
iter 954: loss 2.0421, time 16.83ms, mfu 0.03%
iter 955: loss 2.0601, time 16.38ms, mfu 0.03%
iter 956: loss 2.0521, time 17.06ms, mfu 0.03%
iter 957: loss 2.0580, time 17.42ms, mfu 0.03%
iter 958: loss 2.0637, time 16.78ms, mfu 0.03%
iter 959: loss 2.0949, time 16.84ms, mfu 0.03%
iter 960: loss 2.0284, time 16.99ms, mfu 0.03%
iter 961: loss 2.1076, time 17.16ms, mfu 0.03%
iter 962: loss 2.0503, time 16.97ms, mfu 0.03%
iter 963: loss 2.0533, time 17.59ms, mfu 0.03%
iter 964: loss 2.0994, time 16.85ms, mfu 0.03%
iter 965: loss 1.9835, time 16.97ms, mfu 0.03%
iter 966: loss 2.0482, time 17.57ms, mfu 0.03%
iter 967: loss 2.1486, time 17.09ms, mfu 0.03%
iter 968: loss 2.0471, time 17.08ms, mfu 0.03%
iter 969: loss 2.0934, time 17.00ms, mfu 0.03%
iter 970: loss 1.9585, time 18.69ms, mfu 0.03%
iter 971: loss 1.9616, time 17.58ms, mfu 0.03%
iter 972: loss 2.0247, time 19.02ms, mfu 0.03%
iter 973: loss 2.0725, time 17.60ms, mfu 0.03%
iter 974: loss 1.9833, time 20.04ms, mfu 0.03%
iter 975: loss 2.0291, time 19.77ms, mfu 0.03%
iter 976: loss 2.1327, time 18.07ms, mfu 0.03%
iter 977: loss 1.9906, time 19.48ms, mfu 0.03%
iter 978: loss 2.0867, time 21.13ms, mfu 0.03%
iter 979: loss 1.9969, time 17.30ms, mfu 0.03%
iter 980: loss 2.1125, time 17.25ms, mfu 0.03%
iter 981: loss 2.0527, time 17.35ms, mfu 0.03%
iter 982: loss 2.0817, time 22.35ms, mfu 0.03%
iter 983: loss 1.9906, time 16.83ms, mfu 0.03%
iter 984: loss 2.0765, time 16.01ms, mfu 0.03%
iter 985: loss 2.1645, time 17.60ms, mfu 0.03%
iter 986: loss 2.1409, time 17.32ms, mfu 0.03%
iter 987: loss 2.0302, time 16.76ms, mfu 0.03%
iter 988: loss 2.0112, time 16.27ms, mfu 0.03%
iter 989: loss 2.0751, time 15.84ms, mfu 0.03%
iter 990: loss 2.2246, time 15.59ms, mfu 0.03%
iter 991: loss 2.0101, time 15.48ms, mfu 0.03%
iter 992: loss 1.9561, time 16.51ms, mfu 0.03%
iter 993: loss 2.0045, time 16.53ms, mfu 0.03%
iter 994: loss 2.1196, time 16.41ms, mfu 0.03%
iter 995: loss 2.1251, time 16.63ms, mfu 0.03%
iter 996: loss 2.1629, time 16.54ms, mfu 0.03%
iter 997: loss 2.1294, time 15.92ms, mfu 0.03%
iter 998: loss 1.9369, time 15.49ms, mfu 0.03%
iter 999: loss 2.0812, time 16.54ms, mfu 0.03%
step 1000: train loss 2.0517, val loss 2.1222
saving checkpoint to C:\Users\amitc\OneDrive\Desktop\Research\NanoGpt\nanoGPT\experiments\exp003_depth2
iter 1000: loss 2.0360, time 236.35ms, mfu 0.03%
iter 1001: loss 2.0225, time 17.01ms, mfu 0.03%
iter 1002: loss 2.1599, time 17.01ms, mfu 0.03%
iter 1003: loss 2.0207, time 17.90ms, mfu 0.03%
iter 1004: loss 2.0757, time 16.71ms, mfu 0.03%
iter 1005: loss 2.0244, time 16.45ms, mfu 0.03%
iter 1006: loss 2.0282, time 16.32ms, mfu 0.03%
iter 1007: loss 2.0625, time 15.90ms, mfu 0.03%
iter 1008: loss 2.1248, time 15.05ms, mfu 0.03%
iter 1009: loss 1.9354, time 16.38ms, mfu 0.03%
iter 1010: loss 2.0912, time 16.53ms, mfu 0.03%
iter 1011: loss 1.9804, time 15.78ms, mfu 0.03%
iter 1012: loss 1.9988, time 16.08ms, mfu 0.03%
iter 1013: loss 1.9962, time 16.59ms, mfu 0.03%
iter 1014: loss 2.0796, time 16.41ms, mfu 0.03%
iter 1015: loss 2.1909, time 16.48ms, mfu 0.03%
iter 1016: loss 1.9819, time 16.31ms, mfu 0.03%
iter 1017: loss 1.9511, time 16.48ms, mfu 0.03%
iter 1018: loss 1.9497, time 16.26ms, mfu 0.03%
iter 1019: loss 1.9990, time 15.86ms, mfu 0.03%
iter 1020: loss 1.9406, time 16.02ms, mfu 0.03%
iter 1021: loss 2.0019, time 14.22ms, mfu 0.03%
iter 1022: loss 2.0074, time 14.41ms, mfu 0.03%
iter 1023: loss 2.0902, time 15.09ms, mfu 0.03%
iter 1024: loss 1.9441, time 16.19ms, mfu 0.03%
iter 1025: loss 2.0393, time 16.53ms, mfu 0.03%
iter 1026: loss 2.0917, time 16.84ms, mfu 0.03%
iter 1027: loss 1.9212, time 16.26ms, mfu 0.03%
iter 1028: loss 1.9515, time 16.26ms, mfu 0.03%
iter 1029: loss 2.0630, time 17.04ms, mfu 0.03%
iter 1030: loss 1.9762, time 16.26ms, mfu 0.03%
iter 1031: loss 2.0910, time 15.73ms, mfu 0.03%
iter 1032: loss 2.0599, time 15.28ms, mfu 0.03%
iter 1033: loss 2.0957, time 15.24ms, mfu 0.03%
iter 1034: loss 1.9760, time 15.11ms, mfu 0.03%
iter 1035: loss 2.0534, time 16.17ms, mfu 0.03%
iter 1036: loss 1.9578, time 15.37ms, mfu 0.03%
iter 1037: loss 2.0934, time 15.88ms, mfu 0.03%
iter 1038: loss 2.0136, time 16.77ms, mfu 0.03%
iter 1039: loss 1.9925, time 16.37ms, mfu 0.03%
iter 1040: loss 2.0161, time 16.48ms, mfu 0.03%
iter 1041: loss 2.0466, time 16.36ms, mfu 0.03%
iter 1042: loss 2.0884, time 16.34ms, mfu 0.03%
iter 1043: loss 2.0596, time 16.37ms, mfu 0.03%
iter 1044: loss 2.0693, time 16.28ms, mfu 0.03%
iter 1045: loss 2.0382, time 16.31ms, mfu 0.03%
iter 1046: loss 1.9509, time 16.46ms, mfu 0.03%
iter 1047: loss 1.9662, time 16.36ms, mfu 0.03%
iter 1048: loss 2.0594, time 15.74ms, mfu 0.03%
iter 1049: loss 2.0639, time 15.61ms, mfu 0.03%
iter 1050: loss 2.0060, time 16.06ms, mfu 0.03%
iter 1051: loss 2.0719, time 16.58ms, mfu 0.03%
iter 1052: loss 2.0302, time 16.91ms, mfu 0.03%
iter 1053: loss 2.0547, time 16.26ms, mfu 0.03%
iter 1054: loss 2.0436, time 27.61ms, mfu 0.03%
iter 1055: loss 2.1215, time 24.60ms, mfu 0.03%
iter 1056: loss 2.0505, time 16.63ms, mfu 0.03%
iter 1057: loss 2.0574, time 16.70ms, mfu 0.03%
iter 1058: loss 2.0467, time 15.90ms, mfu 0.03%
iter 1059: loss 2.0522, time 15.38ms, mfu 0.03%
iter 1060: loss 2.0419, time 16.71ms, mfu 0.03%
iter 1061: loss 2.0078, time 16.71ms, mfu 0.03%
iter 1062: loss 2.0628, time 16.80ms, mfu 0.03%
iter 1063: loss 2.1499, time 16.80ms, mfu 0.03%
iter 1064: loss 2.0484, time 16.31ms, mfu 0.03%
iter 1065: loss 1.9763, time 16.40ms, mfu 0.03%
iter 1066: loss 2.1064, time 16.37ms, mfu 0.03%
iter 1067: loss 1.9711, time 16.63ms, mfu 0.03%
iter 1068: loss 1.9363, time 16.57ms, mfu 0.03%
iter 1069: loss 1.9672, time 16.06ms, mfu 0.03%
iter 1070: loss 1.9615, time 14.85ms, mfu 0.03%
iter 1071: loss 2.0500, time 15.37ms, mfu 0.03%
iter 1072: loss 1.9461, time 15.23ms, mfu 0.03%
iter 1073: loss 2.0079, time 16.44ms, mfu 0.03%
iter 1074: loss 2.0327, time 17.11ms, mfu 0.03%
iter 1075: loss 2.0193, time 16.28ms, mfu 0.03%
iter 1076: loss 2.0227, time 16.23ms, mfu 0.03%
iter 1077: loss 1.9801, time 16.07ms, mfu 0.03%
iter 1078: loss 2.0139, time 16.19ms, mfu 0.03%
iter 1079: loss 2.0023, time 17.36ms, mfu 0.03%
iter 1080: loss 1.9107, time 16.22ms, mfu 0.03%
iter 1081: loss 1.9529, time 16.48ms, mfu 0.03%
iter 1082: loss 1.9988, time 14.27ms, mfu 0.03%
iter 1083: loss 2.0810, time 14.12ms, mfu 0.03%
iter 1084: loss 2.0347, time 14.05ms, mfu 0.03%
iter 1085: loss 2.0153, time 14.29ms, mfu 0.03%
iter 1086: loss 1.9913, time 15.45ms, mfu 0.03%
iter 1087: loss 1.9734, time 16.51ms, mfu 0.03%
iter 1088: loss 1.9864, time 16.23ms, mfu 0.03%
iter 1089: loss 1.9724, time 16.76ms, mfu 0.03%
iter 1090: loss 2.0727, time 16.45ms, mfu 0.03%
iter 1091: loss 2.1283, time 16.41ms, mfu 0.03%
iter 1092: loss 1.9731, time 16.43ms, mfu 0.03%
iter 1093: loss 1.8934, time 18.99ms, mfu 0.03%
iter 1094: loss 2.0234, time 25.51ms, mfu 0.03%
iter 1095: loss 2.0516, time 18.40ms, mfu 0.03%
iter 1096: loss 2.0467, time 16.49ms, mfu 0.03%
iter 1097: loss 2.1130, time 16.41ms, mfu 0.03%
iter 1098: loss 2.0413, time 16.74ms, mfu 0.03%
iter 1099: loss 2.0030, time 16.39ms, mfu 0.03%
iter 1100: loss 2.0308, time 16.47ms, mfu 0.03%
iter 1101: loss 1.9841, time 16.67ms, mfu 0.03%
iter 1102: loss 2.0067, time 16.27ms, mfu 0.03%
iter 1103: loss 1.9685, time 16.65ms, mfu 0.03%
iter 1104: loss 2.0316, time 16.20ms, mfu 0.03%
iter 1105: loss 2.0015, time 16.49ms, mfu 0.03%
iter 1106: loss 2.0675, time 16.22ms, mfu 0.03%
iter 1107: loss 2.0678, time 16.59ms, mfu 0.03%
iter 1108: loss 1.9387, time 16.52ms, mfu 0.03%
iter 1109: loss 2.0260, time 16.57ms, mfu 0.03%
iter 1110: loss 1.9629, time 16.71ms, mfu 0.03%
iter 1111: loss 2.0066, time 17.13ms, mfu 0.03%
iter 1112: loss 1.8824, time 17.02ms, mfu 0.03%
iter 1113: loss 1.9888, time 17.25ms, mfu 0.03%
iter 1114: loss 2.0423, time 17.09ms, mfu 0.03%
iter 1115: loss 2.1198, time 15.85ms, mfu 0.03%
iter 1116: loss 2.0661, time 18.64ms, mfu 0.03%
iter 1117: loss 2.0339, time 17.33ms, mfu 0.03%
iter 1118: loss 2.0142, time 18.93ms, mfu 0.03%
iter 1119: loss 1.9856, time 17.98ms, mfu 0.03%
iter 1120: loss 1.9885, time 18.23ms, mfu 0.03%
iter 1121: loss 1.9549, time 17.90ms, mfu 0.03%
iter 1122: loss 1.9757, time 17.15ms, mfu 0.03%
iter 1123: loss 2.0244, time 16.99ms, mfu 0.03%
iter 1124: loss 1.9896, time 18.66ms, mfu 0.03%
iter 1125: loss 1.9635, time 20.37ms, mfu 0.03%
iter 1126: loss 2.0162, time 18.33ms, mfu 0.03%
iter 1127: loss 2.0481, time 18.05ms, mfu 0.03%
iter 1128: loss 2.0348, time 17.37ms, mfu 0.03%
iter 1129: loss 2.1215, time 16.97ms, mfu 0.03%
iter 1130: loss 2.0405, time 16.84ms, mfu 0.03%
iter 1131: loss 2.0257, time 16.97ms, mfu 0.03%
iter 1132: loss 2.0347, time 16.80ms, mfu 0.03%
iter 1133: loss 1.9807, time 16.45ms, mfu 0.03%
iter 1134: loss 1.9747, time 17.05ms, mfu 0.03%
iter 1135: loss 2.0583, time 16.48ms, mfu 0.03%
iter 1136: loss 2.0308, time 18.38ms, mfu 0.03%
iter 1137: loss 2.0418, time 17.46ms, mfu 0.03%
iter 1138: loss 2.0369, time 16.91ms, mfu 0.03%
iter 1139: loss 1.9718, time 16.47ms, mfu 0.03%
iter 1140: loss 1.9808, time 16.75ms, mfu 0.03%
iter 1141: loss 2.0987, time 17.27ms, mfu 0.03%
iter 1142: loss 1.9705, time 16.94ms, mfu 0.03%
iter 1143: loss 1.9720, time 17.00ms, mfu 0.03%
iter 1144: loss 1.9002, time 16.99ms, mfu 0.03%
iter 1145: loss 2.0421, time 16.69ms, mfu 0.03%
iter 1146: loss 2.0482, time 16.60ms, mfu 0.03%
iter 1147: loss 2.0825, time 16.88ms, mfu 0.03%
iter 1148: loss 1.9528, time 16.57ms, mfu 0.03%
iter 1149: loss 2.0194, time 16.61ms, mfu 0.03%
iter 1150: loss 1.9256, time 17.29ms, mfu 0.03%
iter 1151: loss 1.9219, time 16.64ms, mfu 0.03%
iter 1152: loss 1.9578, time 16.61ms, mfu 0.03%
iter 1153: loss 1.9384, time 16.44ms, mfu 0.03%
iter 1154: loss 2.0311, time 16.67ms, mfu 0.03%
iter 1155: loss 1.9660, time 16.78ms, mfu 0.03%
iter 1156: loss 1.9201, time 17.41ms, mfu 0.03%
iter 1157: loss 2.0355, time 16.77ms, mfu 0.03%
iter 1158: loss 2.0055, time 17.03ms, mfu 0.03%
iter 1159: loss 2.0314, time 16.93ms, mfu 0.03%
iter 1160: loss 1.8789, time 16.90ms, mfu 0.03%
iter 1161: loss 2.0535, time 17.10ms, mfu 0.03%
iter 1162: loss 1.9329, time 16.72ms, mfu 0.03%
iter 1163: loss 1.9232, time 16.77ms, mfu 0.03%
iter 1164: loss 1.9693, time 16.91ms, mfu 0.03%
iter 1165: loss 2.0274, time 16.77ms, mfu 0.03%
iter 1166: loss 2.0269, time 16.76ms, mfu 0.03%
iter 1167: loss 2.0491, time 16.58ms, mfu 0.03%
iter 1168: loss 2.1042, time 16.99ms, mfu 0.03%
iter 1169: loss 1.9931, time 16.70ms, mfu 0.03%
iter 1170: loss 1.9031, time 17.06ms, mfu 0.03%
iter 1171: loss 1.9566, time 16.72ms, mfu 0.03%
iter 1172: loss 2.0516, time 17.34ms, mfu 0.03%
iter 1173: loss 1.9750, time 16.79ms, mfu 0.03%
iter 1174: loss 1.9560, time 16.70ms, mfu 0.03%
iter 1175: loss 1.9998, time 16.43ms, mfu 0.03%
iter 1176: loss 2.0425, time 16.76ms, mfu 0.03%
iter 1177: loss 2.1205, time 16.58ms, mfu 0.03%
iter 1178: loss 1.9163, time 16.80ms, mfu 0.03%
iter 1179: loss 2.0123, time 16.92ms, mfu 0.03%
iter 1180: loss 2.0663, time 16.53ms, mfu 0.03%
iter 1181: loss 1.9549, time 16.85ms, mfu 0.03%
iter 1182: loss 1.9744, time 16.63ms, mfu 0.03%
iter 1183: loss 1.9159, time 16.57ms, mfu 0.03%
iter 1184: loss 2.0277, time 16.74ms, mfu 0.03%
iter 1185: loss 1.9697, time 16.98ms, mfu 0.03%
iter 1186: loss 1.8800, time 16.61ms, mfu 0.03%
iter 1187: loss 2.0710, time 16.49ms, mfu 0.03%
iter 1188: loss 1.9796, time 15.93ms, mfu 0.03%
iter 1189: loss 1.9161, time 15.57ms, mfu 0.03%
iter 1190: loss 1.9094, time 15.54ms, mfu 0.03%
iter 1191: loss 1.9308, time 15.64ms, mfu 0.03%
iter 1192: loss 2.0055, time 15.39ms, mfu 0.03%
iter 1193: loss 1.9538, time 15.55ms, mfu 0.03%
iter 1194: loss 2.0245, time 15.40ms, mfu 0.03%
iter 1195: loss 1.9863, time 14.82ms, mfu 0.03%
iter 1196: loss 2.0072, time 14.00ms, mfu 0.03%
iter 1197: loss 1.9964, time 16.53ms, mfu 0.03%
iter 1198: loss 2.0365, time 16.62ms, mfu 0.03%
iter 1199: loss 1.9653, time 16.74ms, mfu 0.03%
iter 1200: loss 1.9771, time 16.70ms, mfu 0.03%
iter 1201: loss 1.9897, time 16.75ms, mfu 0.03%
iter 1202: loss 1.9584, time 16.35ms, mfu 0.03%
iter 1203: loss 1.8370, time 16.64ms, mfu 0.03%
iter 1204: loss 2.0520, time 16.58ms, mfu 0.03%
iter 1205: loss 2.0202, time 16.65ms, mfu 0.03%
iter 1206: loss 2.0069, time 16.47ms, mfu 0.03%
iter 1207: loss 2.0864, time 16.72ms, mfu 0.03%
iter 1208: loss 1.9941, time 16.71ms, mfu 0.03%
iter 1209: loss 1.9054, time 17.25ms, mfu 0.03%
iter 1210: loss 1.9442, time 17.35ms, mfu 0.03%
iter 1211: loss 1.9581, time 16.93ms, mfu 0.03%
iter 1212: loss 1.9298, time 16.90ms, mfu 0.03%
iter 1213: loss 1.9456, time 18.72ms, mfu 0.03%
iter 1214: loss 1.9451, time 17.03ms, mfu 0.03%
iter 1215: loss 1.8708, time 17.35ms, mfu 0.03%
iter 1216: loss 1.9147, time 17.71ms, mfu 0.03%
iter 1217: loss 1.8523, time 16.72ms, mfu 0.03%
iter 1218: loss 1.9889, time 16.68ms, mfu 0.03%
iter 1219: loss 1.9562, time 16.08ms, mfu 0.03%
iter 1220: loss 1.9798, time 14.43ms, mfu 0.03%
iter 1221: loss 2.0233, time 15.67ms, mfu 0.03%
iter 1222: loss 1.8973, time 16.45ms, mfu 0.03%
iter 1223: loss 1.8747, time 16.47ms, mfu 0.03%
iter 1224: loss 1.9886, time 16.47ms, mfu 0.03%
iter 1225: loss 1.9714, time 16.40ms, mfu 0.03%
iter 1226: loss 1.9341, time 16.52ms, mfu 0.03%
iter 1227: loss 1.9422, time 16.22ms, mfu 0.03%
iter 1228: loss 1.9489, time 16.66ms, mfu 0.03%
iter 1229: loss 1.9562, time 16.39ms, mfu 0.03%
iter 1230: loss 1.9381, time 16.50ms, mfu 0.03%
iter 1231: loss 2.0118, time 16.82ms, mfu 0.03%
iter 1232: loss 1.8049, time 16.95ms, mfu 0.03%
iter 1233: loss 1.9144, time 16.86ms, mfu 0.03%
iter 1234: loss 1.9262, time 16.20ms, mfu 0.03%
iter 1235: loss 1.9217, time 17.29ms, mfu 0.03%
iter 1236: loss 1.9201, time 17.08ms, mfu 0.03%
iter 1237: loss 1.9834, time 17.13ms, mfu 0.03%
iter 1238: loss 1.9368, time 17.35ms, mfu 0.03%
iter 1239: loss 1.9671, time 17.85ms, mfu 0.03%
iter 1240: loss 2.0280, time 19.01ms, mfu 0.03%
iter 1241: loss 1.9495, time 17.69ms, mfu 0.03%
iter 1242: loss 1.9293, time 16.76ms, mfu 0.03%
iter 1243: loss 1.9206, time 16.07ms, mfu 0.03%
iter 1244: loss 1.9467, time 16.62ms, mfu 0.03%
iter 1245: loss 1.8634, time 16.37ms, mfu 0.03%
iter 1246: loss 2.0158, time 16.15ms, mfu 0.03%
iter 1247: loss 2.0501, time 16.76ms, mfu 0.03%
iter 1248: loss 1.9311, time 16.41ms, mfu 0.03%
iter 1249: loss 2.0244, time 16.71ms, mfu 0.03%
step 1250: train loss 1.9727, val loss 2.0488
saving checkpoint to C:\Users\amitc\OneDrive\Desktop\Research\NanoGpt\nanoGPT\experiments\exp003_depth2
iter 1250: loss 1.9290, time 230.52ms, mfu 0.03%
iter 1251: loss 1.9771, time 16.21ms, mfu 0.03%
iter 1252: loss 1.9831, time 16.26ms, mfu 0.03%
iter 1253: loss 1.9928, time 17.47ms, mfu 0.03%
iter 1254: loss 1.8614, time 15.89ms, mfu 0.03%
iter 1255: loss 1.9670, time 15.17ms, mfu 0.03%
iter 1256: loss 1.7937, time 15.16ms, mfu 0.03%
iter 1257: loss 1.9317, time 15.64ms, mfu 0.03%
iter 1258: loss 2.0177, time 14.94ms, mfu 0.03%
iter 1259: loss 1.9112, time 15.66ms, mfu 0.03%
iter 1260: loss 1.9284, time 15.51ms, mfu 0.03%
iter 1261: loss 1.9066, time 16.76ms, mfu 0.03%
iter 1262: loss 2.0538, time 16.76ms, mfu 0.03%
iter 1263: loss 1.9195, time 16.19ms, mfu 0.03%
iter 1264: loss 1.8718, time 15.93ms, mfu 0.03%
iter 1265: loss 1.9952, time 15.80ms, mfu 0.03%
iter 1266: loss 1.9578, time 16.13ms, mfu 0.03%
iter 1267: loss 1.9448, time 16.07ms, mfu 0.03%
iter 1268: loss 1.9783, time 16.43ms, mfu 0.03%
iter 1269: loss 1.9547, time 16.47ms, mfu 0.03%
iter 1270: loss 1.9077, time 16.74ms, mfu 0.03%
iter 1271: loss 1.9695, time 16.60ms, mfu 0.03%
iter 1272: loss 1.9365, time 16.30ms, mfu 0.03%
iter 1273: loss 2.0053, time 16.16ms, mfu 0.03%
iter 1274: loss 1.9002, time 16.12ms, mfu 0.03%
iter 1275: loss 1.9011, time 16.27ms, mfu 0.03%
iter 1276: loss 1.8970, time 16.16ms, mfu 0.03%
iter 1277: loss 1.9233, time 16.60ms, mfu 0.03%
iter 1278: loss 1.9427, time 16.34ms, mfu 0.03%
iter 1279: loss 2.0549, time 16.53ms, mfu 0.03%
iter 1280: loss 1.9457, time 15.05ms, mfu 0.03%
iter 1281: loss 1.9354, time 15.94ms, mfu 0.03%
iter 1282: loss 1.8832, time 16.42ms, mfu 0.03%
iter 1283: loss 1.9953, time 15.69ms, mfu 0.03%
iter 1284: loss 1.9806, time 15.61ms, mfu 0.03%
iter 1285: loss 1.8447, time 17.12ms, mfu 0.03%
iter 1286: loss 1.9242, time 16.51ms, mfu 0.03%
iter 1287: loss 1.9632, time 15.17ms, mfu 0.03%
iter 1288: loss 1.8266, time 15.22ms, mfu 0.03%
iter 1289: loss 1.9004, time 15.15ms, mfu 0.03%
iter 1290: loss 2.1038, time 16.80ms, mfu 0.03%
iter 1291: loss 1.9702, time 16.40ms, mfu 0.03%
iter 1292: loss 2.0625, time 16.36ms, mfu 0.03%
iter 1293: loss 1.9743, time 16.42ms, mfu 0.03%
iter 1294: loss 1.9521, time 16.47ms, mfu 0.03%
iter 1295: loss 2.0507, time 16.54ms, mfu 0.03%
iter 1296: loss 1.9191, time 16.33ms, mfu 0.03%
iter 1297: loss 1.9506, time 15.30ms, mfu 0.03%
iter 1298: loss 2.0138, time 15.69ms, mfu 0.03%
iter 1299: loss 1.8911, time 16.49ms, mfu 0.03%
iter 1300: loss 1.9428, time 16.63ms, mfu 0.03%
iter 1301: loss 1.9166, time 16.48ms, mfu 0.03%
iter 1302: loss 1.8888, time 16.59ms, mfu 0.03%
iter 1303: loss 1.9971, time 16.60ms, mfu 0.03%
iter 1304: loss 1.9499, time 16.39ms, mfu 0.03%
iter 1305: loss 1.8773, time 16.28ms, mfu 0.03%
iter 1306: loss 2.0697, time 16.62ms, mfu 0.03%
iter 1307: loss 2.0014, time 16.47ms, mfu 0.03%
iter 1308: loss 1.9363, time 16.63ms, mfu 0.03%
iter 1309: loss 1.8736, time 16.48ms, mfu 0.03%
iter 1310: loss 1.9876, time 14.82ms, mfu 0.03%
iter 1311: loss 1.9210, time 16.24ms, mfu 0.03%
iter 1312: loss 2.0047, time 16.35ms, mfu 0.03%
iter 1313: loss 1.8832, time 16.44ms, mfu 0.03%
iter 1314: loss 1.8929, time 16.14ms, mfu 0.03%
iter 1315: loss 1.9388, time 16.56ms, mfu 0.03%
iter 1316: loss 1.8936, time 16.55ms, mfu 0.03%
iter 1317: loss 1.9348, time 16.36ms, mfu 0.03%
iter 1318: loss 1.9876, time 15.12ms, mfu 0.03%
iter 1319: loss 1.9203, time 15.01ms, mfu 0.03%
iter 1320: loss 1.9820, time 16.63ms, mfu 0.03%
iter 1321: loss 1.8544, time 16.68ms, mfu 0.03%
iter 1322: loss 1.9511, time 17.12ms, mfu 0.03%
iter 1323: loss 1.9086, time 17.45ms, mfu 0.03%
iter 1324: loss 2.0152, time 15.52ms, mfu 0.03%
iter 1325: loss 1.9388, time 18.77ms, mfu 0.03%
iter 1326: loss 1.9599, time 20.55ms, mfu 0.03%
iter 1327: loss 1.8665, time 17.07ms, mfu 0.03%
iter 1328: loss 1.9415, time 17.33ms, mfu 0.03%
iter 1329: loss 1.8221, time 17.98ms, mfu 0.03%
iter 1330: loss 2.0077, time 16.77ms, mfu 0.03%
iter 1331: loss 1.9447, time 16.91ms, mfu 0.03%
iter 1332: loss 1.9201, time 16.70ms, mfu 0.03%
iter 1333: loss 1.9377, time 16.30ms, mfu 0.03%
iter 1334: loss 1.9497, time 16.49ms, mfu 0.03%
iter 1335: loss 1.9126, time 16.45ms, mfu 0.03%
iter 1336: loss 1.9687, time 16.68ms, mfu 0.03%
iter 1337: loss 1.9546, time 16.69ms, mfu 0.03%
iter 1338: loss 1.9409, time 16.88ms, mfu 0.03%
iter 1339: loss 2.0646, time 16.67ms, mfu 0.03%
iter 1340: loss 1.8893, time 16.65ms, mfu 0.03%
iter 1341: loss 1.9159, time 16.27ms, mfu 0.03%
iter 1342: loss 1.9680, time 16.80ms, mfu 0.03%
iter 1343: loss 1.9043, time 16.45ms, mfu 0.03%
iter 1344: loss 1.9374, time 16.67ms, mfu 0.03%
iter 1345: loss 1.9471, time 16.51ms, mfu 0.03%
iter 1346: loss 1.8861, time 16.64ms, mfu 0.03%
iter 1347: loss 1.9306, time 16.53ms, mfu 0.03%
iter 1348: loss 1.8971, time 16.70ms, mfu 0.03%
iter 1349: loss 1.9076, time 16.87ms, mfu 0.03%
iter 1350: loss 1.9130, time 16.49ms, mfu 0.03%
iter 1351: loss 1.9549, time 17.13ms, mfu 0.03%
iter 1352: loss 1.9583, time 16.76ms, mfu 0.03%
iter 1353: loss 2.0530, time 16.71ms, mfu 0.03%
iter 1354: loss 1.9104, time 16.85ms, mfu 0.03%
iter 1355: loss 1.9980, time 16.50ms, mfu 0.03%
iter 1356: loss 1.9413, time 16.51ms, mfu 0.03%
iter 1357: loss 2.0194, time 16.51ms, mfu 0.03%
iter 1358: loss 1.8759, time 16.25ms, mfu 0.03%
iter 1359: loss 1.9825, time 16.39ms, mfu 0.03%
iter 1360: loss 1.9256, time 16.69ms, mfu 0.03%
iter 1361: loss 2.0423, time 16.55ms, mfu 0.03%
iter 1362: loss 1.9900, time 16.48ms, mfu 0.03%
iter 1363: loss 1.9929, time 16.24ms, mfu 0.03%
iter 1364: loss 1.9139, time 16.54ms, mfu 0.03%
iter 1365: loss 1.8733, time 16.55ms, mfu 0.03%
iter 1366: loss 1.9248, time 16.56ms, mfu 0.03%
iter 1367: loss 1.9611, time 16.33ms, mfu 0.03%
iter 1368: loss 1.9981, time 16.36ms, mfu 0.03%
iter 1369: loss 1.8184, time 16.25ms, mfu 0.03%
iter 1370: loss 1.9288, time 16.51ms, mfu 0.03%
iter 1371: loss 1.9805, time 16.19ms, mfu 0.03%
iter 1372: loss 2.0355, time 16.31ms, mfu 0.03%
iter 1373: loss 1.8845, time 16.47ms, mfu 0.03%
iter 1374: loss 1.9376, time 17.05ms, mfu 0.03%
iter 1375: loss 1.8273, time 16.64ms, mfu 0.03%
iter 1376: loss 1.9955, time 16.78ms, mfu 0.03%
iter 1377: loss 1.9153, time 16.56ms, mfu 0.03%
iter 1378: loss 1.8572, time 16.57ms, mfu 0.03%
iter 1379: loss 1.9396, time 16.57ms, mfu 0.03%
iter 1380: loss 1.9960, time 16.48ms, mfu 0.03%
iter 1381: loss 1.8715, time 16.46ms, mfu 0.03%
iter 1382: loss 1.8938, time 16.72ms, mfu 0.03%
iter 1383: loss 1.9137, time 16.46ms, mfu 0.03%
iter 1384: loss 2.0144, time 16.81ms, mfu 0.03%
iter 1385: loss 1.8156, time 16.62ms, mfu 0.03%
iter 1386: loss 1.9399, time 16.74ms, mfu 0.03%
iter 1387: loss 1.8589, time 16.66ms, mfu 0.03%
iter 1388: loss 2.0011, time 15.57ms, mfu 0.03%
iter 1389: loss 1.9176, time 15.42ms, mfu 0.03%
iter 1390: loss 1.9940, time 15.59ms, mfu 0.03%
iter 1391: loss 1.9845, time 15.45ms, mfu 0.03%
iter 1392: loss 1.9874, time 16.47ms, mfu 0.03%
iter 1393: loss 2.0304, time 16.52ms, mfu 0.03%
iter 1394: loss 1.9753, time 16.39ms, mfu 0.03%
iter 1395: loss 1.9226, time 15.00ms, mfu 0.03%
iter 1396: loss 1.9842, time 15.26ms, mfu 0.03%
iter 1397: loss 1.9880, time 15.21ms, mfu 0.03%
iter 1398: loss 1.9990, time 15.68ms, mfu 0.03%
iter 1399: loss 1.9225, time 16.36ms, mfu 0.03%
iter 1400: loss 1.7512, time 16.34ms, mfu 0.03%
iter 1401: loss 1.8763, time 16.57ms, mfu 0.03%
iter 1402: loss 1.8317, time 16.73ms, mfu 0.03%
iter 1403: loss 2.0217, time 16.52ms, mfu 0.03%
iter 1404: loss 1.9491, time 15.85ms, mfu 0.03%
iter 1405: loss 1.8670, time 14.41ms, mfu 0.03%
iter 1406: loss 1.8759, time 15.60ms, mfu 0.03%
iter 1407: loss 1.9672, time 16.45ms, mfu 0.03%
iter 1408: loss 1.9600, time 16.54ms, mfu 0.03%
iter 1409: loss 1.9461, time 16.59ms, mfu 0.03%
iter 1410: loss 1.9701, time 16.45ms, mfu 0.03%
iter 1411: loss 1.9336, time 16.41ms, mfu 0.03%
iter 1412: loss 1.9698, time 17.40ms, mfu 0.03%
iter 1413: loss 1.9293, time 16.71ms, mfu 0.03%
iter 1414: loss 1.8448, time 17.12ms, mfu 0.03%
iter 1415: loss 1.9111, time 16.20ms, mfu 0.03%
iter 1416: loss 1.9531, time 16.41ms, mfu 0.03%
iter 1417: loss 1.9388, time 16.47ms, mfu 0.03%
iter 1418: loss 1.9478, time 16.57ms, mfu 0.03%
iter 1419: loss 2.0156, time 16.49ms, mfu 0.03%
iter 1420: loss 1.7961, time 16.32ms, mfu 0.03%
iter 1421: loss 1.8527, time 17.08ms, mfu 0.03%
iter 1422: loss 1.8657, time 16.15ms, mfu 0.03%
iter 1423: loss 1.8836, time 16.53ms, mfu 0.03%
iter 1424: loss 1.9825, time 16.32ms, mfu 0.03%
iter 1425: loss 2.0631, time 14.98ms, mfu 0.03%
iter 1426: loss 1.8791, time 14.94ms, mfu 0.03%
iter 1427: loss 1.8378, time 16.36ms, mfu 0.03%
iter 1428: loss 1.8393, time 15.67ms, mfu 0.03%
iter 1429: loss 1.9076, time 15.46ms, mfu 0.03%
iter 1430: loss 1.8695, time 15.63ms, mfu 0.03%
iter 1431: loss 2.0139, time 16.75ms, mfu 0.03%
iter 1432: loss 1.8933, time 16.30ms, mfu 0.03%
iter 1433: loss 1.8247, time 16.77ms, mfu 0.03%
iter 1434: loss 1.8267, time 15.73ms, mfu 0.03%
iter 1435: loss 1.8715, time 16.37ms, mfu 0.03%
iter 1436: loss 1.9163, time 16.84ms, mfu 0.03%
iter 1437: loss 1.9764, time 16.41ms, mfu 0.03%
iter 1438: loss 1.9862, time 16.62ms, mfu 0.03%
iter 1439: loss 1.8566, time 16.28ms, mfu 0.03%
iter 1440: loss 1.8858, time 16.46ms, mfu 0.03%
iter 1441: loss 1.9213, time 16.29ms, mfu 0.03%
iter 1442: loss 1.8246, time 16.27ms, mfu 0.03%
iter 1443: loss 1.8388, time 14.46ms, mfu 0.03%
iter 1444: loss 1.8224, time 17.13ms, mfu 0.03%
iter 1445: loss 1.9668, time 16.07ms, mfu 0.03%
iter 1446: loss 1.8565, time 15.42ms, mfu 0.03%
iter 1447: loss 1.9348, time 16.43ms, mfu 0.03%
iter 1448: loss 1.8752, time 16.39ms, mfu 0.03%
iter 1449: loss 1.9533, time 16.30ms, mfu 0.03%
iter 1450: loss 1.9510, time 16.39ms, mfu 0.03%
iter 1451: loss 1.8542, time 16.35ms, mfu 0.03%
iter 1452: loss 1.8243, time 16.53ms, mfu 0.03%
iter 1453: loss 1.8502, time 16.45ms, mfu 0.03%
iter 1454: loss 1.9385, time 16.53ms, mfu 0.03%
iter 1455: loss 1.9006, time 16.31ms, mfu 0.03%
iter 1456: loss 2.0069, time 16.58ms, mfu 0.03%
iter 1457: loss 1.9903, time 16.33ms, mfu 0.03%
iter 1458: loss 1.9493, time 16.28ms, mfu 0.03%
iter 1459: loss 2.0138, time 16.39ms, mfu 0.03%
iter 1460: loss 1.8577, time 16.55ms, mfu 0.03%
iter 1461: loss 1.8635, time 16.60ms, mfu 0.03%
iter 1462: loss 1.9890, time 16.45ms, mfu 0.03%
iter 1463: loss 1.8996, time 16.35ms, mfu 0.03%
iter 1464: loss 1.7885, time 16.22ms, mfu 0.03%
iter 1465: loss 1.8800, time 16.53ms, mfu 0.03%
iter 1466: loss 1.9443, time 14.08ms, mfu 0.03%
iter 1467: loss 1.9448, time 14.09ms, mfu 0.03%
iter 1468: loss 1.9908, time 14.52ms, mfu 0.03%
iter 1469: loss 1.8670, time 16.52ms, mfu 0.03%
iter 1470: loss 1.9133, time 16.13ms, mfu 0.03%
iter 1471: loss 1.8833, time 15.12ms, mfu 0.03%
iter 1472: loss 1.9456, time 14.85ms, mfu 0.03%
iter 1473: loss 2.0912, time 16.86ms, mfu 0.03%
iter 1474: loss 1.8983, time 17.15ms, mfu 0.03%
iter 1475: loss 1.8871, time 17.36ms, mfu 0.03%
iter 1476: loss 1.9181, time 17.35ms, mfu 0.03%
iter 1477: loss 1.9571, time 15.96ms, mfu 0.03%
iter 1478: loss 1.9088, time 14.77ms, mfu 0.03%
iter 1479: loss 1.8089, time 17.14ms, mfu 0.03%
iter 1480: loss 1.9130, time 17.01ms, mfu 0.03%
iter 1481: loss 1.9471, time 17.15ms, mfu 0.03%
iter 1482: loss 1.9265, time 17.11ms, mfu 0.03%
iter 1483: loss 1.9150, time 16.56ms, mfu 0.03%
iter 1484: loss 1.8101, time 17.01ms, mfu 0.03%
iter 1485: loss 1.9687, time 17.35ms, mfu 0.03%
iter 1486: loss 1.9170, time 17.07ms, mfu 0.03%
iter 1487: loss 1.8854, time 18.00ms, mfu 0.03%
iter 1488: loss 1.9433, time 17.08ms, mfu 0.03%
iter 1489: loss 1.8686, time 16.94ms, mfu 0.03%
iter 1490: loss 1.9136, time 17.28ms, mfu 0.03%
iter 1491: loss 1.9131, time 17.62ms, mfu 0.03%
iter 1492: loss 1.8636, time 17.60ms, mfu 0.03%
iter 1493: loss 1.9685, time 19.51ms, mfu 0.03%
iter 1494: loss 1.8477, time 18.01ms, mfu 0.03%
iter 1495: loss 1.8744, time 17.93ms, mfu 0.03%
iter 1496: loss 1.9093, time 16.88ms, mfu 0.03%
iter 1497: loss 1.9416, time 18.36ms, mfu 0.03%
iter 1498: loss 1.8514, time 21.59ms, mfu 0.03%
iter 1499: loss 1.7945, time 19.12ms, mfu 0.03%
step 1500: train loss 1.8975, val loss 1.9837
saving checkpoint to C:\Users\amitc\OneDrive\Desktop\Research\NanoGpt\nanoGPT\experiments\exp003_depth2
iter 1500: loss 1.9713, time 254.20ms, mfu 0.03%
iter 1501: loss 2.0884, time 15.92ms, mfu 0.03%
iter 1502: loss 1.8462, time 18.18ms, mfu 0.03%
iter 1503: loss 1.9042, time 16.66ms, mfu 0.03%
iter 1504: loss 1.8576, time 16.71ms, mfu 0.03%
iter 1505: loss 1.7885, time 17.54ms, mfu 0.03%
iter 1506: loss 1.9372, time 16.37ms, mfu 0.03%
iter 1507: loss 1.9262, time 16.59ms, mfu 0.03%
iter 1508: loss 1.8764, time 16.16ms, mfu 0.03%
iter 1509: loss 1.8837, time 16.38ms, mfu 0.03%
iter 1510: loss 1.9090, time 15.07ms, mfu 0.03%
iter 1511: loss 1.8063, time 15.34ms, mfu 0.03%
iter 1512: loss 1.9294, time 16.16ms, mfu 0.03%
iter 1513: loss 1.8556, time 15.08ms, mfu 0.03%
iter 1514: loss 1.8427, time 19.79ms, mfu 0.03%
iter 1515: loss 1.8596, time 16.50ms, mfu 0.03%
iter 1516: loss 1.7415, time 14.86ms, mfu 0.03%
iter 1517: loss 1.8782, time 15.12ms, mfu 0.03%
iter 1518: loss 1.7812, time 15.13ms, mfu 0.03%
iter 1519: loss 1.8354, time 16.98ms, mfu 0.03%
iter 1520: loss 1.8544, time 17.03ms, mfu 0.03%
iter 1521: loss 1.9204, time 19.97ms, mfu 0.03%
iter 1522: loss 1.9672, time 19.61ms, mfu 0.03%
iter 1523: loss 1.9500, time 17.05ms, mfu 0.03%
iter 1524: loss 1.8928, time 17.95ms, mfu 0.03%
iter 1525: loss 1.8014, time 17.53ms, mfu 0.03%
iter 1526: loss 1.8248, time 15.28ms, mfu 0.03%
iter 1527: loss 1.8289, time 17.40ms, mfu 0.03%
iter 1528: loss 1.7935, time 16.72ms, mfu 0.03%
iter 1529: loss 1.8405, time 15.44ms, mfu 0.03%
iter 1530: loss 1.8203, time 15.17ms, mfu 0.03%
iter 1531: loss 1.8258, time 17.13ms, mfu 0.03%
iter 1532: loss 1.8685, time 15.11ms, mfu 0.03%
iter 1533: loss 1.8944, time 16.06ms, mfu 0.03%
iter 1534: loss 1.8630, time 16.69ms, mfu 0.03%
iter 1535: loss 1.9735, time 16.82ms, mfu 0.03%
iter 1536: loss 1.9607, time 16.66ms, mfu 0.03%
iter 1537: loss 1.8973, time 16.85ms, mfu 0.03%
iter 1538: loss 1.7876, time 16.50ms, mfu 0.03%
iter 1539: loss 1.8157, time 16.64ms, mfu 0.03%
iter 1540: loss 1.8234, time 16.52ms, mfu 0.03%
iter 1541: loss 1.8320, time 16.56ms, mfu 0.03%
iter 1542: loss 1.8519, time 15.18ms, mfu 0.03%
iter 1543: loss 1.7952, time 15.63ms, mfu 0.03%
iter 1544: loss 1.8704, time 16.91ms, mfu 0.03%
iter 1545: loss 1.9175, time 16.93ms, mfu 0.03%
iter 1546: loss 1.8455, time 16.70ms, mfu 0.03%
iter 1547: loss 1.9296, time 15.17ms, mfu 0.03%
iter 1548: loss 1.9198, time 14.96ms, mfu 0.03%
iter 1549: loss 1.8910, time 15.03ms, mfu 0.03%
iter 1550: loss 1.9052, time 16.65ms, mfu 0.03%
iter 1551: loss 2.0019, time 16.37ms, mfu 0.03%
iter 1552: loss 1.8424, time 14.78ms, mfu 0.03%
iter 1553: loss 1.9856, time 15.89ms, mfu 0.03%
iter 1554: loss 1.9340, time 16.79ms, mfu 0.03%
iter 1555: loss 2.0207, time 16.62ms, mfu 0.03%
iter 1556: loss 1.9226, time 16.50ms, mfu 0.03%
iter 1557: loss 1.8716, time 16.65ms, mfu 0.03%
iter 1558: loss 1.9146, time 16.28ms, mfu 0.03%
iter 1559: loss 2.0083, time 16.67ms, mfu 0.03%
iter 1560: loss 1.8418, time 15.72ms, mfu 0.03%
iter 1561: loss 1.9119, time 15.26ms, mfu 0.03%
iter 1562: loss 1.9533, time 16.34ms, mfu 0.03%
iter 1563: loss 1.8796, time 16.49ms, mfu 0.03%
iter 1564: loss 1.8514, time 16.35ms, mfu 0.03%
iter 1565: loss 1.9126, time 16.59ms, mfu 0.03%
iter 1566: loss 1.8623, time 16.39ms, mfu 0.03%
iter 1567: loss 1.7987, time 16.76ms, mfu 0.03%
iter 1568: loss 1.8582, time 16.67ms, mfu 0.03%
iter 1569: loss 1.9030, time 16.49ms, mfu 0.03%
iter 1570: loss 1.8858, time 16.67ms, mfu 0.03%
iter 1571: loss 1.8195, time 16.49ms, mfu 0.03%
iter 1572: loss 1.8687, time 16.99ms, mfu 0.03%
iter 1573: loss 1.8258, time 15.37ms, mfu 0.03%
iter 1574: loss 1.7465, time 14.28ms, mfu 0.03%
iter 1575: loss 2.0082, time 14.21ms, mfu 0.03%
iter 1576: loss 1.8048, time 14.27ms, mfu 0.03%
iter 1577: loss 1.8009, time 16.73ms, mfu 0.03%
iter 1578: loss 1.8038, time 16.39ms, mfu 0.03%
iter 1579: loss 1.8617, time 16.35ms, mfu 0.03%
iter 1580: loss 1.7630, time 17.09ms, mfu 0.03%
iter 1581: loss 1.8985, time 16.50ms, mfu 0.03%
iter 1582: loss 1.7877, time 15.03ms, mfu 0.03%
iter 1583: loss 1.8629, time 15.85ms, mfu 0.03%
iter 1584: loss 1.7905, time 14.07ms, mfu 0.03%
iter 1585: loss 1.7963, time 17.38ms, mfu 0.03%
iter 1586: loss 1.8264, time 14.46ms, mfu 0.03%
iter 1587: loss 1.8034, time 14.39ms, mfu 0.03%
iter 1588: loss 1.9289, time 16.78ms, mfu 0.03%
iter 1589: loss 1.9067, time 15.18ms, mfu 0.03%
iter 1590: loss 1.8219, time 16.67ms, mfu 0.03%
iter 1591: loss 1.8573, time 16.56ms, mfu 0.03%
iter 1592: loss 1.8089, time 16.02ms, mfu 0.03%
iter 1593: loss 1.9224, time 15.59ms, mfu 0.03%
iter 1594: loss 1.8895, time 16.37ms, mfu 0.03%
iter 1595: loss 1.8645, time 16.82ms, mfu 0.03%
iter 1596: loss 1.9096, time 15.95ms, mfu 0.03%
iter 1597: loss 1.8554, time 15.09ms, mfu 0.03%
iter 1598: loss 1.8330, time 14.87ms, mfu 0.03%
iter 1599: loss 1.8647, time 16.54ms, mfu 0.03%
iter 1600: loss 1.7646, time 16.03ms, mfu 0.03%
iter 1601: loss 1.8795, time 14.94ms, mfu 0.03%
iter 1602: loss 1.9584, time 15.74ms, mfu 0.03%
iter 1603: loss 1.7447, time 16.16ms, mfu 0.03%
iter 1604: loss 1.9359, time 16.87ms, mfu 0.03%
iter 1605: loss 1.9343, time 14.95ms, mfu 0.03%
iter 1606: loss 1.8833, time 15.93ms, mfu 0.03%
iter 1607: loss 1.7808, time 16.02ms, mfu 0.03%
iter 1608: loss 1.9363, time 15.44ms, mfu 0.03%
iter 1609: loss 1.8224, time 15.58ms, mfu 0.03%
iter 1610: loss 1.7877, time 15.65ms, mfu 0.03%
iter 1611: loss 1.9189, time 15.76ms, mfu 0.03%
iter 1612: loss 1.8039, time 16.14ms, mfu 0.03%
iter 1613: loss 1.8591, time 16.43ms, mfu 0.03%
iter 1614: loss 1.8497, time 16.31ms, mfu 0.03%
iter 1615: loss 1.9302, time 16.65ms, mfu 0.03%
iter 1616: loss 1.9493, time 16.87ms, mfu 0.03%
iter 1617: loss 1.8464, time 16.87ms, mfu 0.03%
iter 1618: loss 1.9235, time 16.73ms, mfu 0.03%
iter 1619: loss 1.8354, time 16.30ms, mfu 0.03%
iter 1620: loss 1.8769, time 16.34ms, mfu 0.03%
iter 1621: loss 1.9301, time 16.41ms, mfu 0.03%
iter 1622: loss 1.9725, time 16.55ms, mfu 0.03%
iter 1623: loss 1.8211, time 16.79ms, mfu 0.03%
iter 1624: loss 1.8884, time 16.35ms, mfu 0.03%
iter 1625: loss 1.8607, time 16.27ms, mfu 0.03%
iter 1626: loss 1.8304, time 16.42ms, mfu 0.03%
iter 1627: loss 1.9223, time 16.26ms, mfu 0.03%
iter 1628: loss 1.7737, time 16.58ms, mfu 0.03%
iter 1629: loss 1.7798, time 16.40ms, mfu 0.03%
iter 1630: loss 1.8983, time 16.45ms, mfu 0.03%
iter 1631: loss 1.8199, time 16.49ms, mfu 0.03%
iter 1632: loss 1.7718, time 16.39ms, mfu 0.03%
iter 1633: loss 1.9420, time 16.40ms, mfu 0.03%
iter 1634: loss 1.8427, time 16.50ms, mfu 0.03%
iter 1635: loss 1.9233, time 16.58ms, mfu 0.03%
iter 1636: loss 1.8333, time 17.05ms, mfu 0.03%
iter 1637: loss 1.9443, time 16.04ms, mfu 0.03%
iter 1638: loss 1.9013, time 16.89ms, mfu 0.03%
iter 1639: loss 1.8257, time 16.94ms, mfu 0.03%
iter 1640: loss 1.8471, time 16.81ms, mfu 0.03%
iter 1641: loss 1.9288, time 16.84ms, mfu 0.03%
iter 1642: loss 1.7336, time 16.66ms, mfu 0.03%
iter 1643: loss 1.9659, time 16.69ms, mfu 0.03%
iter 1644: loss 1.8713, time 16.42ms, mfu 0.03%
iter 1645: loss 1.8152, time 16.49ms, mfu 0.03%
iter 1646: loss 1.9063, time 16.69ms, mfu 0.03%
iter 1647: loss 1.9789, time 16.15ms, mfu 0.03%
iter 1648: loss 1.9400, time 16.10ms, mfu 0.03%
iter 1649: loss 1.8186, time 16.42ms, mfu 0.03%
iter 1650: loss 1.8782, time 16.42ms, mfu 0.03%
iter 1651: loss 1.7704, time 16.45ms, mfu 0.03%
iter 1652: loss 1.8529, time 16.62ms, mfu 0.03%
iter 1653: loss 1.7869, time 16.43ms, mfu 0.03%
iter 1654: loss 1.9270, time 15.85ms, mfu 0.03%
iter 1655: loss 1.8730, time 16.45ms, mfu 0.03%
iter 1656: loss 1.9459, time 16.42ms, mfu 0.03%
iter 1657: loss 1.7751, time 16.67ms, mfu 0.03%
iter 1658: loss 1.8051, time 16.38ms, mfu 0.03%
iter 1659: loss 1.9087, time 16.61ms, mfu 0.03%
iter 1660: loss 1.8078, time 16.37ms, mfu 0.03%
iter 1661: loss 1.8094, time 16.77ms, mfu 0.03%
iter 1662: loss 1.8664, time 15.76ms, mfu 0.03%
iter 1663: loss 1.8892, time 16.47ms, mfu 0.03%
iter 1664: loss 1.7639, time 16.31ms, mfu 0.03%
iter 1665: loss 2.0151, time 15.67ms, mfu 0.03%
iter 1666: loss 1.7829, time 14.99ms, mfu 0.03%
iter 1667: loss 1.7950, time 18.11ms, mfu 0.03%
iter 1668: loss 1.7409, time 17.45ms, mfu 0.03%
iter 1669: loss 1.8616, time 16.65ms, mfu 0.03%
iter 1670: loss 1.8685, time 16.38ms, mfu 0.03%
iter 1671: loss 1.9491, time 17.57ms, mfu 0.03%
iter 1672: loss 1.8419, time 16.42ms, mfu 0.03%
iter 1673: loss 1.8404, time 16.60ms, mfu 0.03%
iter 1674: loss 1.8740, time 14.75ms, mfu 0.03%
iter 1675: loss 1.9305, time 16.14ms, mfu 0.03%
iter 1676: loss 1.8947, time 17.00ms, mfu 0.03%
iter 1677: loss 1.9115, time 16.53ms, mfu 0.03%
iter 1678: loss 1.9131, time 16.51ms, mfu 0.03%
iter 1679: loss 1.9456, time 16.58ms, mfu 0.03%
iter 1680: loss 1.9068, time 16.47ms, mfu 0.03%
iter 1681: loss 1.9940, time 16.56ms, mfu 0.03%
iter 1682: loss 1.7981, time 16.35ms, mfu 0.03%
iter 1683: loss 1.7853, time 17.09ms, mfu 0.03%
iter 1684: loss 1.9322, time 16.34ms, mfu 0.03%
iter 1685: loss 1.8453, time 18.07ms, mfu 0.03%
iter 1686: loss 1.9033, time 17.02ms, mfu 0.03%
iter 1687: loss 1.8637, time 16.65ms, mfu 0.03%
iter 1688: loss 1.8727, time 16.51ms, mfu 0.03%
iter 1689: loss 1.8562, time 16.61ms, mfu 0.03%
iter 1690: loss 1.8906, time 16.35ms, mfu 0.03%
iter 1691: loss 1.8780, time 16.46ms, mfu 0.03%
iter 1692: loss 1.9688, time 17.25ms, mfu 0.03%
iter 1693: loss 1.8328, time 16.34ms, mfu 0.03%
iter 1694: loss 1.9901, time 16.46ms, mfu 0.03%
iter 1695: loss 1.8976, time 16.67ms, mfu 0.03%
iter 1696: loss 1.9244, time 16.41ms, mfu 0.03%
iter 1697: loss 1.8616, time 16.38ms, mfu 0.03%
iter 1698: loss 1.8605, time 16.56ms, mfu 0.03%
iter 1699: loss 1.7760, time 16.38ms, mfu 0.03%
iter 1700: loss 1.8621, time 16.25ms, mfu 0.03%
iter 1701: loss 1.9838, time 16.50ms, mfu 0.03%
iter 1702: loss 1.7837, time 17.06ms, mfu 0.03%
iter 1703: loss 1.8216, time 16.21ms, mfu 0.03%
iter 1704: loss 1.8906, time 16.38ms, mfu 0.03%
iter 1705: loss 1.8331, time 16.42ms, mfu 0.03%
iter 1706: loss 1.9147, time 15.20ms, mfu 0.03%
iter 1707: loss 1.9145, time 17.07ms, mfu 0.03%
iter 1708: loss 1.8485, time 16.33ms, mfu 0.03%
iter 1709: loss 1.8233, time 16.33ms, mfu 0.03%
iter 1710: loss 1.8301, time 16.31ms, mfu 0.03%
iter 1711: loss 1.9622, time 17.28ms, mfu 0.03%
iter 1712: loss 1.8334, time 17.19ms, mfu 0.03%
iter 1713: loss 1.8380, time 16.53ms, mfu 0.03%
iter 1714: loss 1.8871, time 16.14ms, mfu 0.03%
iter 1715: loss 1.8215, time 15.87ms, mfu 0.03%
iter 1716: loss 1.9130, time 15.50ms, mfu 0.03%
iter 1717: loss 1.8282, time 16.38ms, mfu 0.03%
iter 1718: loss 1.8767, time 16.41ms, mfu 0.03%
iter 1719: loss 1.8020, time 16.38ms, mfu 0.03%
iter 1720: loss 1.7740, time 16.59ms, mfu 0.03%
iter 1721: loss 1.9232, time 16.27ms, mfu 0.03%
iter 1722: loss 1.8538, time 16.46ms, mfu 0.03%
iter 1723: loss 1.8401, time 16.36ms, mfu 0.03%
iter 1724: loss 1.7966, time 16.29ms, mfu 0.03%
iter 1725: loss 1.8810, time 16.59ms, mfu 0.03%
iter 1726: loss 1.8213, time 16.21ms, mfu 0.03%
iter 1727: loss 1.8058, time 16.26ms, mfu 0.03%
iter 1728: loss 1.7691, time 17.10ms, mfu 0.03%
iter 1729: loss 1.8955, time 15.92ms, mfu 0.03%
iter 1730: loss 1.9113, time 14.35ms, mfu 0.03%
iter 1731: loss 1.7978, time 16.64ms, mfu 0.03%
iter 1732: loss 1.8138, time 16.71ms, mfu 0.03%
iter 1733: loss 1.8834, time 16.59ms, mfu 0.03%
iter 1734: loss 1.8100, time 15.98ms, mfu 0.03%
iter 1735: loss 1.6791, time 15.71ms, mfu 0.03%
iter 1736: loss 1.9417, time 17.39ms, mfu 0.03%
iter 1737: loss 1.8124, time 17.54ms, mfu 0.03%
iter 1738: loss 1.8379, time 16.84ms, mfu 0.03%
iter 1739: loss 1.8964, time 17.22ms, mfu 0.03%
iter 1740: loss 1.8356, time 16.56ms, mfu 0.03%
iter 1741: loss 1.8263, time 16.69ms, mfu 0.03%
iter 1742: loss 1.8311, time 16.88ms, mfu 0.03%
iter 1743: loss 1.8266, time 22.06ms, mfu 0.03%
iter 1744: loss 1.8924, time 15.66ms, mfu 0.03%
iter 1745: loss 1.7255, time 15.75ms, mfu 0.03%
iter 1746: loss 1.8548, time 15.39ms, mfu 0.03%
iter 1747: loss 1.7741, time 16.66ms, mfu 0.03%
iter 1748: loss 1.8726, time 16.11ms, mfu 0.03%
iter 1749: loss 1.7672, time 16.91ms, mfu 0.03%
step 1750: train loss 1.8359, val loss 1.9737
saving checkpoint to C:\Users\amitc\OneDrive\Desktop\Research\NanoGpt\nanoGPT\experiments\exp003_depth2
iter 1750: loss 1.8733, time 233.34ms, mfu 0.03%
iter 1751: loss 2.0169, time 16.19ms, mfu 0.03%
iter 1752: loss 1.7925, time 16.80ms, mfu 0.03%
iter 1753: loss 1.8814, time 15.44ms, mfu 0.03%
iter 1754: loss 1.8819, time 16.53ms, mfu 0.03%
iter 1755: loss 1.8279, time 16.91ms, mfu 0.03%
iter 1756: loss 1.8426, time 16.45ms, mfu 0.03%
iter 1757: loss 1.7544, time 16.42ms, mfu 0.03%
iter 1758: loss 1.8555, time 16.36ms, mfu 0.03%
iter 1759: loss 1.8280, time 16.07ms, mfu 0.03%
iter 1760: loss 1.8418, time 15.04ms, mfu 0.03%
iter 1761: loss 1.8172, time 16.62ms, mfu 0.03%
iter 1762: loss 1.7946, time 16.50ms, mfu 0.03%
iter 1763: loss 1.8612, time 16.26ms, mfu 0.03%
iter 1764: loss 1.8891, time 16.40ms, mfu 0.03%
iter 1765: loss 1.8604, time 16.42ms, mfu 0.03%
iter 1766: loss 1.8405, time 15.59ms, mfu 0.03%
iter 1767: loss 1.8880, time 16.39ms, mfu 0.03%
iter 1768: loss 1.9136, time 16.34ms, mfu 0.03%
iter 1769: loss 1.9415, time 16.37ms, mfu 0.03%
iter 1770: loss 1.8640, time 15.61ms, mfu 0.03%
iter 1771: loss 1.9395, time 15.72ms, mfu 0.03%
iter 1772: loss 1.8564, time 16.38ms, mfu 0.03%
iter 1773: loss 1.8467, time 16.45ms, mfu 0.03%
iter 1774: loss 1.7634, time 15.14ms, mfu 0.03%
iter 1775: loss 1.7289, time 14.96ms, mfu 0.03%
iter 1776: loss 1.8581, time 15.53ms, mfu 0.03%
iter 1777: loss 1.8776, time 16.84ms, mfu 0.03%
iter 1778: loss 1.7327, time 16.56ms, mfu 0.03%
iter 1779: loss 1.9114, time 16.59ms, mfu 0.03%
iter 1780: loss 1.8940, time 16.38ms, mfu 0.03%
iter 1781: loss 1.7805, time 14.24ms, mfu 0.03%
iter 1782: loss 1.8822, time 14.09ms, mfu 0.03%
iter 1783: loss 1.8675, time 15.56ms, mfu 0.03%
iter 1784: loss 1.8819, time 15.13ms, mfu 0.03%
iter 1785: loss 1.7439, time 14.99ms, mfu 0.03%
iter 1786: loss 1.7186, time 16.41ms, mfu 0.03%
iter 1787: loss 1.8717, time 16.67ms, mfu 0.03%
iter 1788: loss 1.8465, time 17.07ms, mfu 0.03%
iter 1789: loss 1.9008, time 16.58ms, mfu 0.03%
iter 1790: loss 1.8029, time 14.22ms, mfu 0.03%
iter 1791: loss 1.9237, time 14.08ms, mfu 0.03%
iter 1792: loss 1.8399, time 16.40ms, mfu 0.03%
iter 1793: loss 1.9112, time 16.78ms, mfu 0.03%
iter 1794: loss 1.8570, time 16.30ms, mfu 0.03%
iter 1795: loss 1.8158, time 16.28ms, mfu 0.03%
iter 1796: loss 1.7803, time 16.43ms, mfu 0.03%
iter 1797: loss 1.6940, time 16.86ms, mfu 0.03%
iter 1798: loss 1.8572, time 16.68ms, mfu 0.03%
iter 1799: loss 1.8461, time 16.69ms, mfu 0.03%
iter 1800: loss 1.9069, time 16.42ms, mfu 0.03%
iter 1801: loss 1.8831, time 16.41ms, mfu 0.03%
iter 1802: loss 1.8238, time 16.37ms, mfu 0.03%
iter 1803: loss 1.8904, time 16.44ms, mfu 0.03%
iter 1804: loss 1.8831, time 16.51ms, mfu 0.03%
iter 1805: loss 1.8770, time 16.63ms, mfu 0.03%
iter 1806: loss 1.7251, time 16.33ms, mfu 0.03%
iter 1807: loss 1.8454, time 16.26ms, mfu 0.03%
iter 1808: loss 1.7623, time 16.45ms, mfu 0.03%
iter 1809: loss 1.8157, time 16.49ms, mfu 0.03%
iter 1810: loss 1.8251, time 16.42ms, mfu 0.03%
iter 1811: loss 1.8788, time 17.43ms, mfu 0.03%
iter 1812: loss 1.8010, time 17.35ms, mfu 0.03%
iter 1813: loss 1.8922, time 16.56ms, mfu 0.03%
iter 1814: loss 1.8454, time 16.43ms, mfu 0.03%
iter 1815: loss 1.8511, time 16.70ms, mfu 0.03%
iter 1816: loss 1.7699, time 16.67ms, mfu 0.03%
iter 1817: loss 1.8256, time 16.54ms, mfu 0.03%
iter 1818: loss 1.7552, time 16.55ms, mfu 0.03%
iter 1819: loss 1.8684, time 16.36ms, mfu 0.03%
iter 1820: loss 1.7866, time 16.89ms, mfu 0.03%
iter 1821: loss 1.8732, time 16.58ms, mfu 0.03%
iter 1822: loss 1.9597, time 16.62ms, mfu 0.03%
iter 1823: loss 1.8570, time 16.55ms, mfu 0.03%
iter 1824: loss 1.8705, time 16.85ms, mfu 0.03%
iter 1825: loss 1.8396, time 14.27ms, mfu 0.03%
iter 1826: loss 1.8528, time 14.20ms, mfu 0.03%
iter 1827: loss 1.7306, time 14.32ms, mfu 0.03%
iter 1828: loss 1.8497, time 14.22ms, mfu 0.03%
iter 1829: loss 1.8406, time 14.18ms, mfu 0.03%
iter 1830: loss 1.8395, time 14.08ms, mfu 0.03%
iter 1831: loss 1.8788, time 14.36ms, mfu 0.03%
iter 1832: loss 1.8320, time 14.56ms, mfu 0.03%
iter 1833: loss 1.9218, time 14.31ms, mfu 0.03%
iter 1834: loss 1.8378, time 14.18ms, mfu 0.03%
iter 1835: loss 1.9263, time 16.31ms, mfu 0.03%
iter 1836: loss 1.8839, time 16.47ms, mfu 0.03%
iter 1837: loss 1.9380, time 16.26ms, mfu 0.03%
iter 1838: loss 1.8567, time 16.55ms, mfu 0.03%
iter 1839: loss 1.7623, time 15.21ms, mfu 0.03%
iter 1840: loss 1.9826, time 16.16ms, mfu 0.03%
iter 1841: loss 1.8216, time 16.39ms, mfu 0.03%
iter 1842: loss 1.7708, time 16.50ms, mfu 0.03%
iter 1843: loss 1.8898, time 16.38ms, mfu 0.03%
iter 1844: loss 1.8472, time 16.68ms, mfu 0.03%
iter 1845: loss 1.9093, time 14.98ms, mfu 0.03%
iter 1846: loss 1.8728, time 15.27ms, mfu 0.03%
iter 1847: loss 1.7998, time 16.42ms, mfu 0.03%
iter 1848: loss 1.7971, time 16.66ms, mfu 0.03%
iter 1849: loss 1.8420, time 14.92ms, mfu 0.03%
iter 1850: loss 1.8293, time 15.55ms, mfu 0.03%
iter 1851: loss 1.8744, time 16.86ms, mfu 0.03%
iter 1852: loss 1.8086, time 16.27ms, mfu 0.03%
iter 1853: loss 1.7117, time 16.30ms, mfu 0.03%
iter 1854: loss 1.9334, time 16.54ms, mfu 0.03%
iter 1855: loss 1.8432, time 16.25ms, mfu 0.03%
iter 1856: loss 1.8650, time 16.66ms, mfu 0.03%
iter 1857: loss 1.7095, time 16.55ms, mfu 0.03%
iter 1858: loss 1.8306, time 15.79ms, mfu 0.03%
iter 1859: loss 1.8052, time 17.35ms, mfu 0.03%
iter 1860: loss 1.8260, time 18.35ms, mfu 0.03%
iter 1861: loss 1.7796, time 16.58ms, mfu 0.03%
iter 1862: loss 1.8085, time 16.83ms, mfu 0.03%
iter 1863: loss 1.8501, time 16.83ms, mfu 0.03%
iter 1864: loss 1.9150, time 16.82ms, mfu 0.03%
iter 1865: loss 1.7722, time 17.19ms, mfu 0.03%
iter 1866: loss 1.8483, time 17.66ms, mfu 0.03%
iter 1867: loss 1.8238, time 17.55ms, mfu 0.03%
iter 1868: loss 1.8413, time 17.36ms, mfu 0.03%
iter 1869: loss 1.8089, time 17.53ms, mfu 0.03%
iter 1870: loss 1.8108, time 16.57ms, mfu 0.03%
iter 1871: loss 1.7084, time 16.84ms, mfu 0.03%
iter 1872: loss 1.7693, time 16.87ms, mfu 0.03%
iter 1873: loss 1.8184, time 17.14ms, mfu 0.03%
iter 1874: loss 1.9044, time 15.02ms, mfu 0.03%
iter 1875: loss 1.8790, time 17.06ms, mfu 0.03%
iter 1876: loss 1.9146, time 17.70ms, mfu 0.03%
iter 1877: loss 2.0211, time 17.07ms, mfu 0.03%
iter 1878: loss 1.7912, time 40.33ms, mfu 0.03%
iter 1879: loss 1.7834, time 24.48ms, mfu 0.03%
iter 1880: loss 1.8301, time 17.99ms, mfu 0.03%
iter 1881: loss 1.8158, time 16.69ms, mfu 0.03%
iter 1882: loss 1.7892, time 15.42ms, mfu 0.03%
iter 1883: loss 1.8062, time 16.18ms, mfu 0.03%
iter 1884: loss 1.8421, time 15.25ms, mfu 0.03%
iter 1885: loss 1.6659, time 15.01ms, mfu 0.03%
iter 1886: loss 1.8124, time 15.50ms, mfu 0.03%
iter 1887: loss 1.7988, time 16.13ms, mfu 0.03%
iter 1888: loss 1.8233, time 16.83ms, mfu 0.03%
iter 1889: loss 1.9837, time 16.72ms, mfu 0.03%
iter 1890: loss 1.8256, time 17.38ms, mfu 0.03%
iter 1891: loss 1.8130, time 17.41ms, mfu 0.03%
iter 1892: loss 1.8296, time 17.49ms, mfu 0.03%
iter 1893: loss 2.0049, time 19.38ms, mfu 0.03%
iter 1894: loss 1.8334, time 17.62ms, mfu 0.03%
iter 1895: loss 1.7483, time 17.74ms, mfu 0.03%
iter 1896: loss 1.7492, time 18.00ms, mfu 0.03%
iter 1897: loss 1.8043, time 15.47ms, mfu 0.03%
iter 1898: loss 1.8565, time 17.66ms, mfu 0.03%
iter 1899: loss 1.8386, time 17.60ms, mfu 0.03%
iter 1900: loss 1.8479, time 17.91ms, mfu 0.03%
iter 1901: loss 1.8212, time 16.54ms, mfu 0.03%
iter 1902: loss 1.8585, time 15.91ms, mfu 0.03%
iter 1903: loss 1.9084, time 16.64ms, mfu 0.03%
iter 1904: loss 1.8661, time 16.07ms, mfu 0.03%
iter 1905: loss 1.7876, time 15.59ms, mfu 0.03%
iter 1906: loss 1.8304, time 17.57ms, mfu 0.03%
iter 1907: loss 1.8761, time 16.32ms, mfu 0.03%
iter 1908: loss 1.8399, time 16.54ms, mfu 0.03%
iter 1909: loss 1.8354, time 15.54ms, mfu 0.03%
iter 1910: loss 1.8695, time 15.60ms, mfu 0.03%
iter 1911: loss 1.9288, time 15.19ms, mfu 0.03%
iter 1912: loss 1.8443, time 16.41ms, mfu 0.03%
iter 1913: loss 1.8693, time 16.68ms, mfu 0.03%
iter 1914: loss 1.8317, time 16.36ms, mfu 0.03%
iter 1915: loss 1.8632, time 15.53ms, mfu 0.03%
iter 1916: loss 1.7381, time 15.87ms, mfu 0.03%
iter 1917: loss 1.8334, time 16.41ms, mfu 0.03%
iter 1918: loss 1.9687, time 16.54ms, mfu 0.03%
iter 1919: loss 1.8338, time 16.71ms, mfu 0.03%
iter 1920: loss 2.0285, time 16.73ms, mfu 0.03%
iter 1921: loss 1.6993, time 15.72ms, mfu 0.03%
iter 1922: loss 1.8112, time 15.28ms, mfu 0.03%
iter 1923: loss 1.7958, time 17.73ms, mfu 0.03%
iter 1924: loss 1.9312, time 16.57ms, mfu 0.03%
iter 1925: loss 1.8579, time 16.50ms, mfu 0.03%
iter 1926: loss 1.8606, time 15.32ms, mfu 0.03%
iter 1927: loss 1.8311, time 15.33ms, mfu 0.03%
iter 1928: loss 1.8086, time 16.35ms, mfu 0.03%
iter 1929: loss 1.9112, time 16.58ms, mfu 0.03%
iter 1930: loss 1.8405, time 16.29ms, mfu 0.03%
iter 1931: loss 1.8731, time 17.08ms, mfu 0.03%
iter 1932: loss 1.9413, time 16.64ms, mfu 0.03%
iter 1933: loss 1.8701, time 16.63ms, mfu 0.03%
iter 1934: loss 1.9482, time 16.85ms, mfu 0.03%
iter 1935: loss 1.8412, time 16.67ms, mfu 0.03%
iter 1936: loss 1.7842, time 16.57ms, mfu 0.03%
iter 1937: loss 1.7925, time 16.84ms, mfu 0.03%
iter 1938: loss 1.8739, time 17.10ms, mfu 0.03%
iter 1939: loss 1.8100, time 18.30ms, mfu 0.03%
iter 1940: loss 1.8050, time 17.62ms, mfu 0.03%
iter 1941: loss 1.8278, time 18.29ms, mfu 0.03%
iter 1942: loss 1.9059, time 17.50ms, mfu 0.03%
iter 1943: loss 1.7194, time 18.19ms, mfu 0.03%
iter 1944: loss 1.7950, time 18.16ms, mfu 0.03%
iter 1945: loss 1.8737, time 17.63ms, mfu 0.03%
iter 1946: loss 1.9347, time 17.53ms, mfu 0.03%
iter 1947: loss 1.9102, time 17.31ms, mfu 0.03%
iter 1948: loss 1.8544, time 17.52ms, mfu 0.03%
iter 1949: loss 1.8465, time 18.03ms, mfu 0.03%
iter 1950: loss 1.8013, time 17.40ms, mfu 0.03%
iter 1951: loss 1.8434, time 19.39ms, mfu 0.03%
iter 1952: loss 1.8025, time 17.30ms, mfu 0.03%
iter 1953: loss 1.7914, time 16.48ms, mfu 0.03%
iter 1954: loss 1.7957, time 15.89ms, mfu 0.03%
iter 1955: loss 1.9130, time 16.58ms, mfu 0.03%
iter 1956: loss 1.8620, time 16.57ms, mfu 0.03%
iter 1957: loss 1.8458, time 16.40ms, mfu 0.03%
iter 1958: loss 1.7701, time 16.86ms, mfu 0.03%
iter 1959: loss 1.8245, time 16.70ms, mfu 0.03%
iter 1960: loss 1.7932, time 16.43ms, mfu 0.03%
iter 1961: loss 1.8498, time 16.37ms, mfu 0.03%
iter 1962: loss 1.9434, time 14.89ms, mfu 0.03%
iter 1963: loss 1.8235, time 14.20ms, mfu 0.03%
iter 1964: loss 1.9152, time 13.98ms, mfu 0.03%
iter 1965: loss 1.8119, time 15.04ms, mfu 0.03%
iter 1966: loss 1.9650, time 15.17ms, mfu 0.03%
iter 1967: loss 1.8242, time 16.83ms, mfu 0.03%
iter 1968: loss 1.8633, time 16.55ms, mfu 0.03%
iter 1969: loss 1.8352, time 16.48ms, mfu 0.03%
iter 1970: loss 1.9137, time 16.62ms, mfu 0.03%
iter 1971: loss 1.9006, time 15.20ms, mfu 0.03%
iter 1972: loss 1.7417, time 16.66ms, mfu 0.03%
iter 1973: loss 1.8604, time 16.44ms, mfu 0.03%
iter 1974: loss 1.7689, time 17.20ms, mfu 0.03%
iter 1975: loss 1.8587, time 16.70ms, mfu 0.03%
iter 1976: loss 1.7768, time 17.43ms, mfu 0.03%
iter 1977: loss 1.8162, time 16.37ms, mfu 0.03%
iter 1978: loss 1.9470, time 16.86ms, mfu 0.03%
iter 1979: loss 1.8579, time 16.39ms, mfu 0.03%
iter 1980: loss 1.7932, time 16.47ms, mfu 0.03%
iter 1981: loss 1.7836, time 16.61ms, mfu 0.03%
iter 1982: loss 1.7843, time 16.43ms, mfu 0.03%
iter 1983: loss 1.7472, time 16.46ms, mfu 0.03%
iter 1984: loss 1.8196, time 16.69ms, mfu 0.03%
iter 1985: loss 1.7708, time 16.43ms, mfu 0.03%
iter 1986: loss 1.8575, time 16.61ms, mfu 0.03%
iter 1987: loss 1.9007, time 15.65ms, mfu 0.03%
iter 1988: loss 1.8062, time 14.73ms, mfu 0.03%
iter 1989: loss 1.8061, time 16.62ms, mfu 0.03%
iter 1990: loss 1.8744, time 16.56ms, mfu 0.03%
iter 1991: loss 1.8817, time 16.60ms, mfu 0.03%
iter 1992: loss 1.8342, time 17.03ms, mfu 0.03%
iter 1993: loss 1.8098, time 16.97ms, mfu 0.03%
iter 1994: loss 1.7538, time 16.86ms, mfu 0.03%
iter 1995: loss 1.7370, time 17.33ms, mfu 0.03%
iter 1996: loss 1.7886, time 16.78ms, mfu 0.03%
iter 1997: loss 1.8091, time 16.57ms, mfu 0.03%
iter 1998: loss 1.9145, time 16.67ms, mfu 0.03%
iter 1999: loss 1.7761, time 16.16ms, mfu 0.03%
step 2000: train loss 1.8395, val loss 1.9495
saving checkpoint to C:\Users\amitc\OneDrive\Desktop\Research\NanoGpt\nanoGPT\experiments\exp003_depth2
iter 2000: loss 1.7930, time 245.72ms, mfu 0.03%
