Overriding config with .\config\train_shakespeare_char.py:
# train a miniature character-level shakespeare model
# good for debugging and playing on macbooks and such

out_dir = 'out-shakespeare-char'
eval_interval = 250 # keep frequent because we'll overfit
eval_iters = 200
log_interval = 10 # don't print too too often

# we expect to overfit on this small dataset, so only save when val improves
always_save_checkpoint = False

wandb_log = False # override via command line if you like
wandb_project = 'shakespeare-char'
wandb_run_name = 'mini-gpt'

dataset = 'shakespeare_char'
gradient_accumulation_steps = 1
batch_size = 64
block_size = 256 # context of up to 256 previous characters

# baby GPT model :)
n_layer = 6
n_head = 6
n_embd = 384
dropout = 0.2

learning_rate = 1e-3 # with baby networks can afford to go a bit higher
max_iters = 5000
lr_decay_iters = 5000 # make equal to max_iters usually
min_lr = 1e-4 # learning_rate / 10 usually
beta2 = 0.99 # make a bit bigger because number of tokens per iter is small

warmup_iters = 100 # not super necessary potentially

# on macbook also add
# device = 'cpu'  # run on cpu only
# compile = False # do not torch compile the model

Overriding: device = cpu
Overriding: compile = False
Overriding: init_from = scratch
Overriding: eval_iters = 20
Overriding: log_interval = 1
Overriding: block_size = 64
Overriding: batch_size = 12
Overriding: n_layer = 2
Overriding: n_head = 7
Overriding: n_embd = 112
Overriding: max_iters = 2000
Overriding: lr_decay_iters = 2000
Overriding: dropout = 0.0
Overriding: out_dir = C:\Users\amitc\OneDrive\Desktop\Research\NanoGpt\nanoGPT\experiments\attention_ablation_7
tokens per iteration will be: 768
found vocab_size = 65 (inside data\shakespeare_char\meta.pkl)
Initializing a new model from scratch
number of parameters: 0.31M
C:\Users\amitc\OneDrive\Desktop\Research\NanoGpt\nanoGPT\train.py:196: FutureWarning: `torch.cuda.amp.GradScaler(args...)` is deprecated. Please use `torch.amp.GradScaler('cuda', args...)` instead.
  scaler = torch.cuda.amp.GradScaler(enabled=(dtype == 'float16'))
C:\Users\amitc\AppData\Roaming\Python\Python314\site-packages\torch\cuda\amp\grad_scaler.py:31: UserWarning: torch.cuda.amp.GradScaler is enabled, but CUDA is not available.  Disabling.
  super().__init__(
num decayed parameter tensors: 10, with 315,504 parameters
num non-decayed parameter tensors: 5, with 560 parameters
using fused AdamW: False
step 0: train loss 4.2052, val loss 4.2040
iter 0: loss 4.1940, time 305.66ms, mfu -100.00%
iter 1: loss 4.1993, time 19.97ms, mfu -100.00%
iter 2: loss 4.1986, time 18.69ms, mfu -100.00%
iter 3: loss 4.1729, time 19.37ms, mfu -100.00%
iter 4: loss 4.1726, time 19.28ms, mfu -100.00%
iter 5: loss 4.1242, time 19.50ms, mfu 0.03%
iter 6: loss 4.0974, time 20.02ms, mfu 0.03%
iter 7: loss 4.0642, time 18.93ms, mfu 0.03%
iter 8: loss 4.0071, time 18.41ms, mfu 0.03%
iter 9: loss 3.9823, time 18.82ms, mfu 0.03%
iter 10: loss 3.9068, time 18.48ms, mfu 0.03%
iter 11: loss 3.8858, time 18.59ms, mfu 0.03%
iter 12: loss 3.8652, time 19.10ms, mfu 0.03%
iter 13: loss 3.8316, time 17.95ms, mfu 0.03%
iter 14: loss 3.7901, time 18.92ms, mfu 0.03%
iter 15: loss 3.8199, time 17.58ms, mfu 0.03%
iter 16: loss 3.7498, time 18.48ms, mfu 0.03%
iter 17: loss 3.7593, time 18.32ms, mfu 0.03%
iter 18: loss 3.7143, time 18.62ms, mfu 0.03%
iter 19: loss 3.7350, time 19.33ms, mfu 0.03%
iter 20: loss 3.6911, time 18.09ms, mfu 0.03%
iter 21: loss 3.6986, time 20.46ms, mfu 0.03%
iter 22: loss 3.6679, time 16.99ms, mfu 0.03%
iter 23: loss 3.6350, time 20.09ms, mfu 0.03%
iter 24: loss 3.6265, time 20.27ms, mfu 0.03%
iter 25: loss 3.5806, time 18.67ms, mfu 0.03%
iter 26: loss 3.6072, time 20.85ms, mfu 0.03%
iter 27: loss 3.6768, time 19.42ms, mfu 0.03%
iter 28: loss 3.4851, time 19.86ms, mfu 0.03%
iter 29: loss 3.4990, time 19.13ms, mfu 0.03%
iter 30: loss 3.4685, time 18.85ms, mfu 0.03%
iter 31: loss 3.4155, time 19.16ms, mfu 0.03%
iter 32: loss 3.3944, time 18.05ms, mfu 0.03%
iter 33: loss 3.3444, time 18.71ms, mfu 0.03%
iter 34: loss 3.3750, time 18.96ms, mfu 0.03%
iter 35: loss 3.3318, time 20.77ms, mfu 0.03%
iter 36: loss 3.2538, time 20.38ms, mfu 0.03%
iter 37: loss 3.2427, time 20.72ms, mfu 0.03%
iter 38: loss 3.2586, time 19.04ms, mfu 0.03%
iter 39: loss 3.2208, time 17.61ms, mfu 0.03%
iter 40: loss 3.2450, time 20.89ms, mfu 0.03%
iter 41: loss 3.1850, time 19.74ms, mfu 0.03%
iter 42: loss 3.1838, time 17.82ms, mfu 0.03%
iter 43: loss 3.2151, time 19.37ms, mfu 0.03%
iter 44: loss 3.1509, time 18.59ms, mfu 0.03%
iter 45: loss 3.1120, time 20.40ms, mfu 0.03%
iter 46: loss 3.1154, time 18.47ms, mfu 0.03%
iter 47: loss 3.0682, time 20.20ms, mfu 0.03%
iter 48: loss 3.0873, time 22.16ms, mfu 0.03%
iter 49: loss 3.0246, time 20.43ms, mfu 0.03%
iter 50: loss 3.0098, time 19.23ms, mfu 0.03%
iter 51: loss 2.9812, time 19.57ms, mfu 0.03%
iter 52: loss 3.0290, time 24.67ms, mfu 0.02%
iter 53: loss 3.0514, time 21.77ms, mfu 0.02%
iter 54: loss 2.9710, time 20.02ms, mfu 0.02%
iter 55: loss 2.9490, time 26.38ms, mfu 0.02%
iter 56: loss 2.9175, time 20.64ms, mfu 0.02%
iter 57: loss 2.9155, time 17.94ms, mfu 0.02%
iter 58: loss 2.9302, time 19.11ms, mfu 0.02%
iter 59: loss 2.8573, time 23.37ms, mfu 0.02%
iter 60: loss 2.8813, time 19.48ms, mfu 0.02%
iter 61: loss 2.8492, time 18.48ms, mfu 0.02%
iter 62: loss 2.8136, time 21.06ms, mfu 0.02%
iter 63: loss 2.8716, time 19.78ms, mfu 0.02%
iter 64: loss 2.8711, time 18.04ms, mfu 0.02%
iter 65: loss 2.8801, time 19.32ms, mfu 0.03%
iter 66: loss 2.8557, time 19.78ms, mfu 0.03%
iter 67: loss 2.7759, time 18.90ms, mfu 0.03%
iter 68: loss 2.8222, time 20.21ms, mfu 0.03%
iter 69: loss 2.7578, time 18.39ms, mfu 0.03%
iter 70: loss 2.7658, time 18.98ms, mfu 0.03%
iter 71: loss 2.7233, time 18.23ms, mfu 0.03%
iter 72: loss 2.7826, time 17.88ms, mfu 0.03%
iter 73: loss 2.7630, time 18.93ms, mfu 0.03%
iter 74: loss 2.7559, time 19.85ms, mfu 0.03%
iter 75: loss 2.7667, time 18.12ms, mfu 0.03%
iter 76: loss 2.7787, time 18.64ms, mfu 0.03%
iter 77: loss 2.7019, time 19.09ms, mfu 0.03%
iter 78: loss 2.7475, time 18.88ms, mfu 0.03%
iter 79: loss 2.6571, time 17.65ms, mfu 0.03%
iter 80: loss 2.6988, time 18.46ms, mfu 0.03%
iter 81: loss 2.7676, time 18.77ms, mfu 0.03%
iter 82: loss 2.6544, time 18.64ms, mfu 0.03%
iter 83: loss 2.6739, time 18.52ms, mfu 0.03%
iter 84: loss 2.6522, time 31.61ms, mfu 0.03%
iter 85: loss 2.6669, time 19.25ms, mfu 0.03%
iter 86: loss 2.7061, time 17.44ms, mfu 0.03%
iter 87: loss 2.6887, time 19.57ms, mfu 0.03%
iter 88: loss 2.6249, time 16.18ms, mfu 0.03%
iter 89: loss 2.6889, time 19.33ms, mfu 0.03%
iter 90: loss 2.6600, time 18.60ms, mfu 0.03%
iter 91: loss 2.5980, time 18.30ms, mfu 0.03%
iter 92: loss 2.6085, time 18.39ms, mfu 0.03%
iter 93: loss 2.7167, time 18.11ms, mfu 0.03%
iter 94: loss 2.6733, time 19.17ms, mfu 0.03%
iter 95: loss 2.6325, time 18.17ms, mfu 0.03%
iter 96: loss 2.6488, time 20.70ms, mfu 0.03%
iter 97: loss 2.6457, time 19.80ms, mfu 0.03%
iter 98: loss 2.6087, time 18.73ms, mfu 0.03%
iter 99: loss 2.6132, time 18.53ms, mfu 0.03%
iter 100: loss 2.6151, time 18.62ms, mfu 0.03%
iter 101: loss 2.5868, time 20.63ms, mfu 0.03%
iter 102: loss 2.6517, time 17.67ms, mfu 0.03%
iter 103: loss 2.5912, time 19.33ms, mfu 0.03%
iter 104: loss 2.5949, time 22.11ms, mfu 0.03%
iter 105: loss 2.5771, time 18.96ms, mfu 0.03%
iter 106: loss 2.6207, time 18.91ms, mfu 0.03%
iter 107: loss 2.6273, time 19.47ms, mfu 0.03%
iter 108: loss 2.6361, time 19.05ms, mfu 0.03%
iter 109: loss 2.6561, time 18.12ms, mfu 0.03%
iter 110: loss 2.6510, time 20.16ms, mfu 0.03%
iter 111: loss 2.6235, time 18.56ms, mfu 0.03%
iter 112: loss 2.5805, time 17.69ms, mfu 0.03%
iter 113: loss 2.5424, time 18.55ms, mfu 0.03%
iter 114: loss 2.5788, time 18.36ms, mfu 0.03%
iter 115: loss 2.6067, time 19.83ms, mfu 0.03%
iter 116: loss 2.5922, time 18.04ms, mfu 0.03%
iter 117: loss 2.4903, time 18.53ms, mfu 0.03%
iter 118: loss 2.5896, time 17.68ms, mfu 0.03%
iter 119: loss 2.5279, time 18.67ms, mfu 0.03%
iter 120: loss 2.6054, time 18.62ms, mfu 0.03%
iter 121: loss 2.5222, time 19.36ms, mfu 0.03%
iter 122: loss 2.6242, time 18.22ms, mfu 0.03%
iter 123: loss 2.5576, time 19.05ms, mfu 0.03%
iter 124: loss 2.5339, time 19.89ms, mfu 0.03%
iter 125: loss 2.5715, time 18.37ms, mfu 0.03%
iter 126: loss 2.5293, time 19.52ms, mfu 0.03%
iter 127: loss 2.6558, time 18.51ms, mfu 0.03%
iter 128: loss 2.5106, time 19.08ms, mfu 0.03%
iter 129: loss 2.5609, time 19.28ms, mfu 0.03%
iter 130: loss 2.5160, time 18.48ms, mfu 0.03%
iter 131: loss 2.6175, time 19.52ms, mfu 0.03%
iter 132: loss 2.5313, time 18.74ms, mfu 0.03%
iter 133: loss 2.5637, time 18.52ms, mfu 0.03%
iter 134: loss 2.5376, time 16.53ms, mfu 0.03%
iter 135: loss 2.5133, time 19.47ms, mfu 0.03%
iter 136: loss 2.5130, time 19.06ms, mfu 0.03%
iter 137: loss 2.5967, time 18.79ms, mfu 0.03%
iter 138: loss 2.5651, time 19.37ms, mfu 0.03%
iter 139: loss 2.5465, time 17.56ms, mfu 0.03%
iter 140: loss 2.4563, time 17.17ms, mfu 0.03%
iter 141: loss 2.5258, time 18.18ms, mfu 0.03%
iter 142: loss 2.4599, time 18.72ms, mfu 0.03%
iter 143: loss 2.5836, time 16.98ms, mfu 0.03%
iter 144: loss 2.6247, time 19.55ms, mfu 0.03%
iter 145: loss 2.5393, time 18.23ms, mfu 0.03%
iter 146: loss 2.5641, time 17.79ms, mfu 0.03%
iter 147: loss 2.4882, time 17.69ms, mfu 0.03%
iter 148: loss 2.5592, time 18.11ms, mfu 0.03%
iter 149: loss 2.5730, time 17.87ms, mfu 0.03%
iter 150: loss 2.5690, time 19.69ms, mfu 0.03%
iter 151: loss 2.4340, time 18.50ms, mfu 0.03%
iter 152: loss 2.5497, time 17.53ms, mfu 0.03%
iter 153: loss 2.5442, time 20.62ms, mfu 0.03%
iter 154: loss 2.5584, time 18.21ms, mfu 0.03%
iter 155: loss 2.6048, time 18.76ms, mfu 0.03%
iter 156: loss 2.4049, time 19.45ms, mfu 0.03%
iter 157: loss 2.5020, time 18.28ms, mfu 0.03%
iter 158: loss 2.5052, time 20.15ms, mfu 0.03%
iter 159: loss 2.6080, time 17.66ms, mfu 0.03%
iter 160: loss 2.4573, time 19.95ms, mfu 0.03%
iter 161: loss 2.4886, time 18.05ms, mfu 0.03%
iter 162: loss 2.5187, time 18.00ms, mfu 0.03%
iter 163: loss 2.5339, time 18.88ms, mfu 0.03%
iter 164: loss 2.4898, time 18.36ms, mfu 0.03%
iter 165: loss 2.5394, time 18.31ms, mfu 0.03%
iter 166: loss 2.5433, time 18.23ms, mfu 0.03%
iter 167: loss 2.4718, time 19.20ms, mfu 0.03%
iter 168: loss 2.5881, time 17.47ms, mfu 0.03%
iter 169: loss 2.5243, time 18.26ms, mfu 0.03%
iter 170: loss 2.4898, time 17.93ms, mfu 0.03%
iter 171: loss 2.5452, time 19.35ms, mfu 0.03%
iter 172: loss 2.5257, time 19.60ms, mfu 0.03%
iter 173: loss 2.4917, time 18.27ms, mfu 0.03%
iter 174: loss 2.4975, time 19.84ms, mfu 0.03%
iter 175: loss 2.4966, time 18.92ms, mfu 0.03%
iter 176: loss 2.4978, time 17.83ms, mfu 0.03%
iter 177: loss 2.4446, time 17.72ms, mfu 0.03%
iter 178: loss 2.5265, time 18.98ms, mfu 0.03%
iter 179: loss 2.5835, time 18.12ms, mfu 0.03%
iter 180: loss 2.5287, time 16.31ms, mfu 0.03%
iter 181: loss 2.5255, time 19.05ms, mfu 0.03%
iter 182: loss 2.4756, time 17.83ms, mfu 0.03%
iter 183: loss 2.4629, time 17.34ms, mfu 0.03%
iter 184: loss 2.5222, time 18.09ms, mfu 0.03%
iter 185: loss 2.5968, time 18.83ms, mfu 0.03%
iter 186: loss 2.4655, time 17.89ms, mfu 0.03%
iter 187: loss 2.5012, time 18.94ms, mfu 0.03%
iter 188: loss 2.4745, time 18.09ms, mfu 0.03%
iter 189: loss 2.4902, time 18.79ms, mfu 0.03%
iter 190: loss 2.4525, time 19.24ms, mfu 0.03%
iter 191: loss 2.4786, time 17.89ms, mfu 0.03%
iter 192: loss 2.6106, time 18.48ms, mfu 0.03%
iter 193: loss 2.4279, time 18.48ms, mfu 0.03%
iter 194: loss 2.3940, time 17.36ms, mfu 0.03%
iter 195: loss 2.4982, time 18.70ms, mfu 0.03%
iter 196: loss 2.4350, time 19.85ms, mfu 0.03%
iter 197: loss 2.3890, time 18.49ms, mfu 0.03%
iter 198: loss 2.4936, time 19.17ms, mfu 0.03%
iter 199: loss 2.4396, time 17.92ms, mfu 0.03%
iter 200: loss 2.4120, time 18.27ms, mfu 0.03%
iter 201: loss 2.4526, time 19.25ms, mfu 0.03%
iter 202: loss 2.4486, time 18.47ms, mfu 0.03%
iter 203: loss 2.5552, time 20.00ms, mfu 0.03%
iter 204: loss 2.4957, time 17.84ms, mfu 0.03%
iter 205: loss 2.5122, time 17.90ms, mfu 0.03%
iter 206: loss 2.4920, time 17.45ms, mfu 0.03%
iter 207: loss 2.5127, time 19.27ms, mfu 0.03%
iter 208: loss 2.5100, time 18.91ms, mfu 0.03%
iter 209: loss 2.4385, time 17.90ms, mfu 0.03%
iter 210: loss 2.4916, time 19.12ms, mfu 0.03%
iter 211: loss 2.4431, time 18.90ms, mfu 0.03%
iter 212: loss 2.4358, time 18.00ms, mfu 0.03%
iter 213: loss 2.4232, time 17.12ms, mfu 0.03%
iter 214: loss 2.5498, time 18.34ms, mfu 0.03%
iter 215: loss 2.4901, time 18.54ms, mfu 0.03%
iter 216: loss 2.5193, time 19.74ms, mfu 0.03%
iter 217: loss 2.4383, time 19.83ms, mfu 0.03%
iter 218: loss 2.3511, time 19.53ms, mfu 0.03%
iter 219: loss 2.4123, time 17.90ms, mfu 0.03%
iter 220: loss 2.4028, time 18.17ms, mfu 0.03%
iter 221: loss 2.4165, time 19.05ms, mfu 0.03%
iter 222: loss 2.4224, time 18.48ms, mfu 0.03%
iter 223: loss 2.4488, time 18.94ms, mfu 0.03%
iter 224: loss 2.4341, time 18.07ms, mfu 0.03%
iter 225: loss 2.4601, time 20.31ms, mfu 0.03%
iter 226: loss 2.3568, time 18.47ms, mfu 0.03%
iter 227: loss 2.4663, time 18.74ms, mfu 0.03%
iter 228: loss 2.4471, time 19.73ms, mfu 0.03%
iter 229: loss 2.4585, time 18.81ms, mfu 0.03%
iter 230: loss 2.4703, time 19.71ms, mfu 0.03%
iter 231: loss 2.4857, time 19.28ms, mfu 0.03%
iter 232: loss 2.4335, time 18.60ms, mfu 0.03%
iter 233: loss 2.4886, time 17.83ms, mfu 0.03%
iter 234: loss 2.5936, time 18.29ms, mfu 0.03%
iter 235: loss 2.4114, time 17.51ms, mfu 0.03%
iter 236: loss 2.5187, time 17.62ms, mfu 0.03%
iter 237: loss 2.4400, time 18.41ms, mfu 0.03%
iter 238: loss 2.5111, time 18.99ms, mfu 0.03%
iter 239: loss 2.4395, time 20.01ms, mfu 0.03%
iter 240: loss 2.4763, time 18.19ms, mfu 0.03%
iter 241: loss 2.5449, time 18.57ms, mfu 0.03%
iter 242: loss 2.5106, time 18.78ms, mfu 0.03%
iter 243: loss 2.5262, time 18.34ms, mfu 0.03%
iter 244: loss 2.5118, time 19.09ms, mfu 0.03%
iter 245: loss 2.3759, time 18.43ms, mfu 0.03%
iter 246: loss 2.4675, time 16.81ms, mfu 0.03%
iter 247: loss 2.4661, time 17.86ms, mfu 0.03%
iter 248: loss 2.4239, time 18.23ms, mfu 0.03%
iter 249: loss 2.4991, time 17.60ms, mfu 0.03%
step 250: train loss 2.4714, val loss 2.4779
saving checkpoint to C:\Users\amitc\OneDrive\Desktop\Research\NanoGpt\nanoGPT\experiments\attention_ablation_7
iter 250: loss 2.4202, time 284.59ms, mfu 0.02%
iter 251: loss 2.4595, time 18.94ms, mfu 0.02%
iter 252: loss 2.4670, time 18.48ms, mfu 0.03%
iter 253: loss 2.4591, time 19.29ms, mfu 0.03%
iter 254: loss 2.5245, time 18.76ms, mfu 0.03%
iter 255: loss 2.4693, time 18.02ms, mfu 0.03%
iter 256: loss 2.4780, time 18.10ms, mfu 0.03%
iter 257: loss 2.4563, time 18.20ms, mfu 0.03%
iter 258: loss 2.3750, time 18.12ms, mfu 0.03%
iter 259: loss 2.3960, time 19.34ms, mfu 0.03%
iter 260: loss 2.4200, time 18.45ms, mfu 0.03%
iter 261: loss 2.3991, time 18.12ms, mfu 0.03%
iter 262: loss 2.4811, time 18.31ms, mfu 0.03%
iter 263: loss 2.4076, time 17.77ms, mfu 0.03%
iter 264: loss 2.4461, time 18.86ms, mfu 0.03%
iter 265: loss 2.4274, time 18.39ms, mfu 0.03%
iter 266: loss 2.4788, time 18.45ms, mfu 0.03%
iter 267: loss 2.3804, time 16.51ms, mfu 0.03%
iter 268: loss 2.4026, time 19.39ms, mfu 0.03%
iter 269: loss 2.4518, time 17.72ms, mfu 0.03%
iter 270: loss 2.4835, time 19.22ms, mfu 0.03%
iter 271: loss 2.4594, time 20.33ms, mfu 0.03%
iter 272: loss 2.3871, time 18.84ms, mfu 0.03%
iter 273: loss 2.4478, time 18.83ms, mfu 0.03%
iter 274: loss 2.4811, time 17.75ms, mfu 0.03%
iter 275: loss 2.4438, time 18.46ms, mfu 0.03%
iter 276: loss 2.4304, time 17.48ms, mfu 0.03%
iter 277: loss 2.4904, time 17.46ms, mfu 0.03%
iter 278: loss 2.4562, time 15.72ms, mfu 0.03%
iter 279: loss 2.4431, time 19.04ms, mfu 0.03%
iter 280: loss 2.4087, time 16.58ms, mfu 0.03%
iter 281: loss 2.4890, time 19.75ms, mfu 0.03%
iter 282: loss 2.3946, time 19.00ms, mfu 0.03%
iter 283: loss 2.5034, time 17.99ms, mfu 0.03%
iter 284: loss 2.3985, time 17.16ms, mfu 0.03%
iter 285: loss 2.5155, time 18.12ms, mfu 0.03%
iter 286: loss 2.4738, time 18.13ms, mfu 0.03%
iter 287: loss 2.4171, time 18.08ms, mfu 0.03%
iter 288: loss 2.3502, time 19.29ms, mfu 0.03%
iter 289: loss 2.3916, time 17.81ms, mfu 0.03%
iter 290: loss 2.5276, time 19.37ms, mfu 0.03%
iter 291: loss 2.4596, time 17.96ms, mfu 0.03%
iter 292: loss 2.4124, time 18.63ms, mfu 0.03%
iter 293: loss 2.4742, time 18.60ms, mfu 0.03%
iter 294: loss 2.4086, time 18.22ms, mfu 0.03%
iter 295: loss 2.4344, time 19.00ms, mfu 0.03%
iter 296: loss 2.4451, time 18.27ms, mfu 0.03%
iter 297: loss 2.4772, time 19.83ms, mfu 0.03%
iter 298: loss 2.4000, time 18.38ms, mfu 0.03%
iter 299: loss 2.4022, time 18.67ms, mfu 0.03%
iter 300: loss 2.4588, time 18.44ms, mfu 0.03%
iter 301: loss 2.4140, time 18.34ms, mfu 0.03%
iter 302: loss 2.4087, time 18.61ms, mfu 0.03%
iter 303: loss 2.4022, time 18.16ms, mfu 0.03%
iter 304: loss 2.3921, time 18.79ms, mfu 0.03%
iter 305: loss 2.4672, time 17.53ms, mfu 0.03%
iter 306: loss 2.4384, time 18.15ms, mfu 0.03%
iter 307: loss 2.4482, time 18.77ms, mfu 0.03%
iter 308: loss 2.5167, time 19.31ms, mfu 0.03%
iter 309: loss 2.4054, time 19.74ms, mfu 0.03%
iter 310: loss 2.4095, time 18.84ms, mfu 0.03%
iter 311: loss 2.5058, time 20.38ms, mfu 0.03%
iter 312: loss 2.3797, time 17.90ms, mfu 0.03%
iter 313: loss 2.4202, time 17.23ms, mfu 0.03%
iter 314: loss 2.3428, time 17.92ms, mfu 0.03%
iter 315: loss 2.4294, time 17.53ms, mfu 0.03%
iter 316: loss 2.4698, time 18.16ms, mfu 0.03%
iter 317: loss 2.3575, time 19.67ms, mfu 0.03%
iter 318: loss 2.3892, time 18.34ms, mfu 0.03%
iter 319: loss 2.4375, time 18.28ms, mfu 0.03%
iter 320: loss 2.3928, time 19.19ms, mfu 0.03%
iter 321: loss 2.4232, time 17.96ms, mfu 0.03%
iter 322: loss 2.4662, time 19.22ms, mfu 0.03%
iter 323: loss 2.4384, time 17.41ms, mfu 0.03%
iter 324: loss 2.3955, time 19.20ms, mfu 0.03%
iter 325: loss 2.3580, time 18.10ms, mfu 0.03%
iter 326: loss 2.4676, time 18.73ms, mfu 0.03%
iter 327: loss 2.4850, time 18.68ms, mfu 0.03%
iter 328: loss 2.3648, time 18.70ms, mfu 0.03%
iter 329: loss 2.4028, time 18.94ms, mfu 0.03%
iter 330: loss 2.4067, time 18.90ms, mfu 0.03%
iter 331: loss 2.3968, time 18.76ms, mfu 0.03%
iter 332: loss 2.3306, time 18.20ms, mfu 0.03%
iter 333: loss 2.4062, time 18.55ms, mfu 0.03%
iter 334: loss 2.3752, time 19.32ms, mfu 0.03%
iter 335: loss 2.4389, time 18.08ms, mfu 0.03%
iter 336: loss 2.4067, time 18.40ms, mfu 0.03%
iter 337: loss 2.3748, time 19.07ms, mfu 0.03%
iter 338: loss 2.4406, time 19.04ms, mfu 0.03%
iter 339: loss 2.3221, time 18.27ms, mfu 0.03%
iter 340: loss 2.3550, time 19.00ms, mfu 0.03%
iter 341: loss 2.4463, time 18.66ms, mfu 0.03%
iter 342: loss 2.4508, time 19.23ms, mfu 0.03%
iter 343: loss 2.3417, time 19.07ms, mfu 0.03%
iter 344: loss 2.4013, time 19.18ms, mfu 0.03%
iter 345: loss 2.4814, time 18.76ms, mfu 0.03%
iter 346: loss 2.4496, time 18.35ms, mfu 0.03%
iter 347: loss 2.3878, time 19.82ms, mfu 0.03%
iter 348: loss 2.3875, time 17.97ms, mfu 0.03%
iter 349: loss 2.4174, time 18.26ms, mfu 0.03%
iter 350: loss 2.3393, time 17.67ms, mfu 0.03%
iter 351: loss 2.3466, time 17.97ms, mfu 0.03%
iter 352: loss 2.3327, time 17.57ms, mfu 0.03%
iter 353: loss 2.3443, time 18.39ms, mfu 0.03%
iter 354: loss 2.4449, time 19.06ms, mfu 0.03%
iter 355: loss 2.2722, time 16.54ms, mfu 0.03%
iter 356: loss 2.3220, time 19.37ms, mfu 0.03%
iter 357: loss 2.3786, time 17.87ms, mfu 0.03%
iter 358: loss 2.2733, time 18.14ms, mfu 0.03%
iter 359: loss 2.3582, time 17.15ms, mfu 0.03%
iter 360: loss 2.4007, time 17.76ms, mfu 0.03%
iter 361: loss 2.3370, time 17.82ms, mfu 0.03%
iter 362: loss 2.3149, time 18.89ms, mfu 0.03%
iter 363: loss 2.4016, time 17.70ms, mfu 0.03%
iter 364: loss 2.3705, time 19.11ms, mfu 0.03%
iter 365: loss 2.4066, time 17.69ms, mfu 0.03%
iter 366: loss 2.3629, time 18.08ms, mfu 0.03%
iter 367: loss 2.4113, time 18.53ms, mfu 0.03%
iter 368: loss 2.3668, time 18.83ms, mfu 0.03%
iter 369: loss 2.4149, time 19.53ms, mfu 0.03%
iter 370: loss 2.3676, time 17.78ms, mfu 0.03%
iter 371: loss 2.4548, time 19.57ms, mfu 0.03%
iter 372: loss 2.3314, time 18.19ms, mfu 0.03%
iter 373: loss 2.4054, time 18.49ms, mfu 0.03%
iter 374: loss 2.4374, time 17.95ms, mfu 0.03%
iter 375: loss 2.4197, time 17.98ms, mfu 0.03%
iter 376: loss 2.3227, time 19.27ms, mfu 0.03%
iter 377: loss 2.3445, time 18.18ms, mfu 0.03%
iter 378: loss 2.3690, time 18.27ms, mfu 0.03%
iter 379: loss 2.4370, time 18.50ms, mfu 0.03%
iter 380: loss 2.3742, time 18.66ms, mfu 0.03%
iter 381: loss 2.4271, time 17.81ms, mfu 0.03%
iter 382: loss 2.3441, time 18.81ms, mfu 0.03%
iter 383: loss 2.4132, time 18.33ms, mfu 0.03%
iter 384: loss 2.3878, time 18.09ms, mfu 0.03%
iter 385: loss 2.3988, time 18.78ms, mfu 0.03%
iter 386: loss 2.3695, time 18.01ms, mfu 0.03%
iter 387: loss 2.3536, time 17.97ms, mfu 0.03%
iter 388: loss 2.4478, time 18.58ms, mfu 0.03%
iter 389: loss 2.3243, time 18.46ms, mfu 0.03%
iter 390: loss 2.3540, time 17.81ms, mfu 0.03%
iter 391: loss 2.3705, time 19.15ms, mfu 0.03%
iter 392: loss 2.3454, time 18.80ms, mfu 0.03%
iter 393: loss 2.3879, time 18.81ms, mfu 0.03%
iter 394: loss 2.3596, time 17.33ms, mfu 0.03%
iter 395: loss 2.3262, time 17.90ms, mfu 0.03%
iter 396: loss 2.2989, time 18.23ms, mfu 0.03%
iter 397: loss 2.3730, time 17.87ms, mfu 0.03%
iter 398: loss 2.4255, time 19.13ms, mfu 0.03%
iter 399: loss 2.3455, time 17.57ms, mfu 0.03%
iter 400: loss 2.3671, time 19.75ms, mfu 0.03%
iter 401: loss 2.3305, time 18.54ms, mfu 0.03%
iter 402: loss 2.3713, time 18.75ms, mfu 0.03%
iter 403: loss 2.3678, time 17.94ms, mfu 0.03%
iter 404: loss 2.3026, time 18.61ms, mfu 0.03%
iter 405: loss 2.3702, time 20.38ms, mfu 0.03%
iter 406: loss 2.3682, time 18.11ms, mfu 0.03%
iter 407: loss 2.3526, time 18.24ms, mfu 0.03%
iter 408: loss 2.3330, time 18.26ms, mfu 0.03%
iter 409: loss 2.2950, time 18.40ms, mfu 0.03%
iter 410: loss 2.3411, time 15.47ms, mfu 0.03%
iter 411: loss 2.3218, time 18.81ms, mfu 0.03%
iter 412: loss 2.3537, time 18.51ms, mfu 0.03%
iter 413: loss 2.3293, time 17.91ms, mfu 0.03%
iter 414: loss 2.3155, time 17.99ms, mfu 0.03%
iter 415: loss 2.2962, time 17.50ms, mfu 0.03%
iter 416: loss 2.2981, time 18.59ms, mfu 0.03%
iter 417: loss 2.3511, time 18.05ms, mfu 0.03%
iter 418: loss 2.3201, time 20.23ms, mfu 0.03%
iter 419: loss 2.2781, time 18.43ms, mfu 0.03%
iter 420: loss 2.3706, time 19.70ms, mfu 0.03%
iter 421: loss 2.3377, time 18.55ms, mfu 0.03%
iter 422: loss 2.3769, time 17.66ms, mfu 0.03%
iter 423: loss 2.2473, time 17.31ms, mfu 0.03%
iter 424: loss 2.3509, time 18.71ms, mfu 0.03%
iter 425: loss 2.3320, time 19.00ms, mfu 0.03%
iter 426: loss 2.2333, time 18.60ms, mfu 0.03%
iter 427: loss 2.4134, time 18.96ms, mfu 0.03%
iter 428: loss 2.3426, time 17.48ms, mfu 0.03%
iter 429: loss 2.2952, time 19.62ms, mfu 0.03%
iter 430: loss 2.3661, time 17.82ms, mfu 0.03%
iter 431: loss 2.3071, time 19.50ms, mfu 0.03%
iter 432: loss 2.3374, time 17.74ms, mfu 0.03%
iter 433: loss 2.2780, time 17.55ms, mfu 0.03%
iter 434: loss 2.3675, time 18.67ms, mfu 0.03%
iter 435: loss 2.3147, time 18.22ms, mfu 0.03%
iter 436: loss 2.3340, time 18.81ms, mfu 0.03%
iter 437: loss 2.3124, time 18.77ms, mfu 0.03%
iter 438: loss 2.3059, time 18.99ms, mfu 0.03%
iter 439: loss 2.2669, time 18.34ms, mfu 0.03%
iter 440: loss 2.4098, time 19.63ms, mfu 0.03%
iter 441: loss 2.2899, time 18.56ms, mfu 0.03%
iter 442: loss 2.2469, time 18.92ms, mfu 0.03%
iter 443: loss 2.3031, time 19.77ms, mfu 0.03%
iter 444: loss 2.3104, time 17.56ms, mfu 0.03%
iter 445: loss 2.2966, time 18.82ms, mfu 0.03%
iter 446: loss 2.3811, time 18.48ms, mfu 0.03%
iter 447: loss 2.3225, time 18.75ms, mfu 0.03%
iter 448: loss 2.3643, time 19.16ms, mfu 0.03%
iter 449: loss 2.3254, time 17.82ms, mfu 0.03%
iter 450: loss 2.3428, time 17.76ms, mfu 0.03%
iter 451: loss 2.3304, time 17.89ms, mfu 0.03%
iter 452: loss 2.2544, time 17.73ms, mfu 0.03%
iter 453: loss 2.3633, time 18.82ms, mfu 0.03%
iter 454: loss 2.2842, time 17.97ms, mfu 0.03%
iter 455: loss 2.3012, time 16.99ms, mfu 0.03%
iter 456: loss 2.3420, time 19.89ms, mfu 0.03%
iter 457: loss 2.2701, time 15.51ms, mfu 0.03%
iter 458: loss 2.3775, time 19.08ms, mfu 0.03%
iter 459: loss 2.2833, time 18.48ms, mfu 0.03%
iter 460: loss 2.2961, time 17.84ms, mfu 0.03%
iter 461: loss 2.3477, time 19.03ms, mfu 0.03%
iter 462: loss 2.2639, time 19.00ms, mfu 0.03%
iter 463: loss 2.2994, time 19.19ms, mfu 0.03%
iter 464: loss 2.3249, time 18.52ms, mfu 0.03%
iter 465: loss 2.2901, time 19.29ms, mfu 0.03%
iter 466: loss 2.3744, time 18.25ms, mfu 0.03%
iter 467: loss 2.2818, time 18.73ms, mfu 0.03%
iter 468: loss 2.3438, time 18.16ms, mfu 0.03%
iter 469: loss 2.3218, time 18.79ms, mfu 0.03%
iter 470: loss 2.3401, time 18.37ms, mfu 0.03%
iter 471: loss 2.4119, time 17.99ms, mfu 0.03%
iter 472: loss 2.3139, time 19.28ms, mfu 0.03%
iter 473: loss 2.2954, time 17.02ms, mfu 0.03%
iter 474: loss 2.3606, time 18.57ms, mfu 0.03%
iter 475: loss 2.3763, time 18.12ms, mfu 0.03%
iter 476: loss 2.2966, time 18.48ms, mfu 0.03%
iter 477: loss 2.2839, time 18.64ms, mfu 0.03%
iter 478: loss 2.2363, time 17.96ms, mfu 0.03%
iter 479: loss 2.2165, time 19.10ms, mfu 0.03%
iter 480: loss 2.3354, time 17.98ms, mfu 0.03%
iter 481: loss 2.2907, time 18.93ms, mfu 0.03%
iter 482: loss 2.3072, time 18.32ms, mfu 0.03%
iter 483: loss 2.2740, time 18.48ms, mfu 0.03%
iter 484: loss 2.3212, time 17.91ms, mfu 0.03%
iter 485: loss 2.3971, time 19.26ms, mfu 0.03%
iter 486: loss 2.2900, time 20.44ms, mfu 0.03%
iter 487: loss 2.2422, time 19.00ms, mfu 0.03%
iter 488: loss 2.3570, time 19.60ms, mfu 0.03%
iter 489: loss 2.2843, time 18.45ms, mfu 0.03%
iter 490: loss 2.3546, time 18.40ms, mfu 0.03%
iter 491: loss 2.2932, time 18.90ms, mfu 0.03%
iter 492: loss 2.2660, time 19.03ms, mfu 0.03%
iter 493: loss 2.2644, time 18.20ms, mfu 0.03%
iter 494: loss 2.2795, time 16.87ms, mfu 0.03%
iter 495: loss 2.3000, time 18.42ms, mfu 0.03%
iter 496: loss 2.2872, time 18.06ms, mfu 0.03%
iter 497: loss 2.3270, time 17.66ms, mfu 0.03%
iter 498: loss 2.3537, time 18.02ms, mfu 0.03%
iter 499: loss 2.3788, time 18.14ms, mfu 0.03%
step 500: train loss 2.2828, val loss 2.2828
saving checkpoint to C:\Users\amitc\OneDrive\Desktop\Research\NanoGpt\nanoGPT\experiments\attention_ablation_7
iter 500: loss 2.2501, time 274.54ms, mfu 0.02%
iter 501: loss 2.2831, time 20.15ms, mfu 0.02%
iter 502: loss 2.4446, time 18.96ms, mfu 0.02%
iter 503: loss 2.3140, time 18.03ms, mfu 0.03%
iter 504: loss 2.2671, time 18.68ms, mfu 0.03%
iter 505: loss 2.3270, time 19.37ms, mfu 0.03%
iter 506: loss 2.2916, time 18.49ms, mfu 0.03%
iter 507: loss 2.2452, time 18.98ms, mfu 0.03%
iter 508: loss 2.3007, time 18.67ms, mfu 0.03%
iter 509: loss 2.2710, time 19.07ms, mfu 0.03%
iter 510: loss 2.2673, time 18.35ms, mfu 0.03%
iter 511: loss 2.2982, time 18.59ms, mfu 0.03%
iter 512: loss 2.2816, time 19.19ms, mfu 0.03%
iter 513: loss 2.2580, time 18.64ms, mfu 0.03%
iter 514: loss 2.2841, time 20.06ms, mfu 0.03%
iter 515: loss 2.2728, time 21.67ms, mfu 0.03%
iter 516: loss 2.3248, time 18.97ms, mfu 0.03%
iter 517: loss 2.3239, time 21.42ms, mfu 0.03%
iter 518: loss 2.2886, time 24.62ms, mfu 0.02%
iter 519: loss 2.2751, time 20.21ms, mfu 0.02%
iter 520: loss 2.3031, time 20.54ms, mfu 0.02%
iter 521: loss 2.2811, time 24.60ms, mfu 0.02%
iter 522: loss 2.2639, time 19.35ms, mfu 0.02%
iter 523: loss 2.1781, time 17.90ms, mfu 0.02%
iter 524: loss 2.2242, time 23.95ms, mfu 0.02%
iter 525: loss 2.3410, time 20.95ms, mfu 0.02%
iter 526: loss 2.3292, time 19.64ms, mfu 0.02%
iter 527: loss 2.2115, time 20.89ms, mfu 0.02%
iter 528: loss 2.2450, time 20.37ms, mfu 0.02%
iter 529: loss 2.2102, time 18.37ms, mfu 0.02%
iter 530: loss 2.3764, time 19.27ms, mfu 0.02%
iter 531: loss 2.3350, time 18.55ms, mfu 0.03%
iter 532: loss 2.2969, time 18.46ms, mfu 0.03%
iter 533: loss 2.2106, time 19.06ms, mfu 0.03%
iter 534: loss 2.2365, time 18.26ms, mfu 0.03%
iter 535: loss 2.2528, time 19.10ms, mfu 0.03%
iter 536: loss 2.2230, time 17.77ms, mfu 0.03%
iter 537: loss 2.2259, time 18.23ms, mfu 0.03%
iter 538: loss 2.2545, time 17.75ms, mfu 0.03%
iter 539: loss 2.3894, time 19.09ms, mfu 0.03%
iter 540: loss 2.2007, time 17.14ms, mfu 0.03%
iter 541: loss 2.3098, time 18.67ms, mfu 0.03%
iter 542: loss 2.2337, time 19.53ms, mfu 0.03%
iter 543: loss 2.2656, time 18.46ms, mfu 0.03%
iter 544: loss 2.2693, time 18.50ms, mfu 0.03%
iter 545: loss 2.2646, time 17.93ms, mfu 0.03%
iter 546: loss 2.2911, time 18.53ms, mfu 0.03%
iter 547: loss 2.3069, time 18.36ms, mfu 0.03%
iter 548: loss 2.2705, time 19.39ms, mfu 0.03%
iter 549: loss 2.2178, time 18.86ms, mfu 0.03%
iter 550: loss 2.2764, time 29.81ms, mfu 0.03%
iter 551: loss 2.2521, time 24.46ms, mfu 0.03%
iter 552: loss 2.2007, time 21.12ms, mfu 0.02%
iter 553: loss 2.3087, time 18.60ms, mfu 0.03%
iter 554: loss 2.3341, time 19.23ms, mfu 0.03%
iter 555: loss 2.3191, time 17.08ms, mfu 0.03%
iter 556: loss 2.2729, time 19.30ms, mfu 0.03%
iter 557: loss 2.2466, time 18.57ms, mfu 0.03%
iter 558: loss 2.2350, time 18.04ms, mfu 0.03%
iter 559: loss 2.2014, time 17.71ms, mfu 0.03%
iter 560: loss 2.2255, time 18.31ms, mfu 0.03%
iter 561: loss 2.2589, time 19.28ms, mfu 0.03%
iter 562: loss 2.3223, time 18.32ms, mfu 0.03%
iter 563: loss 2.2363, time 18.80ms, mfu 0.03%
iter 564: loss 2.2605, time 18.02ms, mfu 0.03%
iter 565: loss 2.2019, time 18.53ms, mfu 0.03%
iter 566: loss 2.3285, time 17.97ms, mfu 0.03%
iter 567: loss 2.1838, time 19.78ms, mfu 0.03%
iter 568: loss 2.2410, time 19.22ms, mfu 0.03%
iter 569: loss 2.2831, time 18.19ms, mfu 0.03%
iter 570: loss 2.3326, time 18.61ms, mfu 0.03%
iter 571: loss 2.1862, time 17.00ms, mfu 0.03%
iter 572: loss 2.2638, time 19.09ms, mfu 0.03%
iter 573: loss 2.2256, time 17.30ms, mfu 0.03%
iter 574: loss 2.1798, time 18.62ms, mfu 0.03%
iter 575: loss 2.2498, time 17.98ms, mfu 0.03%
iter 576: loss 2.1510, time 19.90ms, mfu 0.03%
iter 577: loss 2.3927, time 18.50ms, mfu 0.03%
iter 578: loss 2.2220, time 16.72ms, mfu 0.03%
iter 579: loss 2.2643, time 18.33ms, mfu 0.03%
iter 580: loss 2.2533, time 18.32ms, mfu 0.03%
iter 581: loss 2.2876, time 21.22ms, mfu 0.03%
iter 582: loss 2.1940, time 18.30ms, mfu 0.03%
iter 583: loss 2.1500, time 19.31ms, mfu 0.03%
iter 584: loss 2.2258, time 17.83ms, mfu 0.03%
iter 585: loss 2.1988, time 18.70ms, mfu 0.03%
iter 586: loss 2.2667, time 18.71ms, mfu 0.03%
iter 587: loss 2.2729, time 18.64ms, mfu 0.03%
iter 588: loss 2.2871, time 18.42ms, mfu 0.03%
iter 589: loss 2.2816, time 17.73ms, mfu 0.03%
iter 590: loss 2.2518, time 18.12ms, mfu 0.03%
iter 591: loss 2.2923, time 17.89ms, mfu 0.03%
iter 592: loss 2.2973, time 17.88ms, mfu 0.03%
iter 593: loss 2.2516, time 18.04ms, mfu 0.03%
iter 594: loss 2.2965, time 18.65ms, mfu 0.03%
iter 595: loss 2.3547, time 19.75ms, mfu 0.03%
iter 596: loss 2.1853, time 18.09ms, mfu 0.03%
iter 597: loss 2.2928, time 18.82ms, mfu 0.03%
iter 598: loss 2.2279, time 17.34ms, mfu 0.03%
iter 599: loss 2.1704, time 19.37ms, mfu 0.03%
iter 600: loss 2.2999, time 18.26ms, mfu 0.03%
iter 601: loss 2.2333, time 18.20ms, mfu 0.03%
iter 602: loss 2.1556, time 18.88ms, mfu 0.03%
iter 603: loss 2.2813, time 19.17ms, mfu 0.03%
iter 604: loss 2.2338, time 19.38ms, mfu 0.03%
iter 605: loss 2.2885, time 18.96ms, mfu 0.03%
iter 606: loss 2.2254, time 17.86ms, mfu 0.03%
iter 607: loss 2.2494, time 18.56ms, mfu 0.03%
iter 608: loss 2.2402, time 18.39ms, mfu 0.03%
iter 609: loss 2.2186, time 19.00ms, mfu 0.03%
iter 610: loss 2.2541, time 20.49ms, mfu 0.03%
iter 611: loss 2.2409, time 18.86ms, mfu 0.03%
iter 612: loss 2.2823, time 18.59ms, mfu 0.03%
iter 613: loss 2.1531, time 18.58ms, mfu 0.03%
iter 614: loss 2.2024, time 18.16ms, mfu 0.03%
iter 615: loss 2.3037, time 19.09ms, mfu 0.03%
iter 616: loss 2.2270, time 18.89ms, mfu 0.03%
iter 617: loss 2.1544, time 17.75ms, mfu 0.03%
iter 618: loss 2.2386, time 18.30ms, mfu 0.03%
iter 619: loss 2.2018, time 18.58ms, mfu 0.03%
iter 620: loss 2.1920, time 19.68ms, mfu 0.03%
iter 621: loss 2.2611, time 22.88ms, mfu 0.03%
iter 622: loss 2.1954, time 18.00ms, mfu 0.03%
iter 623: loss 2.3062, time 17.43ms, mfu 0.03%
iter 624: loss 2.2237, time 19.44ms, mfu 0.03%
iter 625: loss 2.2112, time 17.93ms, mfu 0.03%
iter 626: loss 2.2779, time 18.80ms, mfu 0.03%
iter 627: loss 2.1336, time 18.04ms, mfu 0.03%
iter 628: loss 2.2073, time 18.66ms, mfu 0.03%
iter 629: loss 2.1673, time 18.45ms, mfu 0.03%
iter 630: loss 2.2480, time 18.11ms, mfu 0.03%
iter 631: loss 2.2706, time 19.26ms, mfu 0.03%
iter 632: loss 2.2119, time 17.85ms, mfu 0.03%
iter 633: loss 2.1636, time 20.44ms, mfu 0.03%
iter 634: loss 2.2663, time 18.35ms, mfu 0.03%
iter 635: loss 2.1848, time 18.51ms, mfu 0.03%
iter 636: loss 2.2418, time 18.16ms, mfu 0.03%
iter 637: loss 2.3201, time 18.26ms, mfu 0.03%
iter 638: loss 2.2016, time 17.88ms, mfu 0.03%
iter 639: loss 2.3296, time 17.58ms, mfu 0.03%
iter 640: loss 2.1493, time 18.93ms, mfu 0.03%
iter 641: loss 2.2001, time 17.78ms, mfu 0.03%
iter 642: loss 2.1752, time 19.58ms, mfu 0.03%
iter 643: loss 2.2687, time 17.66ms, mfu 0.03%
iter 644: loss 2.2424, time 18.66ms, mfu 0.03%
iter 645: loss 2.1954, time 18.79ms, mfu 0.03%
iter 646: loss 2.2684, time 18.27ms, mfu 0.03%
iter 647: loss 2.1625, time 18.68ms, mfu 0.03%
iter 648: loss 2.2144, time 18.48ms, mfu 0.03%
iter 649: loss 2.2220, time 18.12ms, mfu 0.03%
iter 650: loss 2.1591, time 17.70ms, mfu 0.03%
iter 651: loss 2.2430, time 18.36ms, mfu 0.03%
iter 652: loss 2.2428, time 18.32ms, mfu 0.03%
iter 653: loss 2.1874, time 20.10ms, mfu 0.03%
iter 654: loss 2.2175, time 18.88ms, mfu 0.03%
iter 655: loss 2.2526, time 18.08ms, mfu 0.03%
iter 656: loss 2.1094, time 17.30ms, mfu 0.03%
iter 657: loss 2.1919, time 18.39ms, mfu 0.03%
iter 658: loss 2.2628, time 18.95ms, mfu 0.03%
iter 659: loss 2.1270, time 18.30ms, mfu 0.03%
iter 660: loss 2.1902, time 18.59ms, mfu 0.03%
iter 661: loss 2.1297, time 17.80ms, mfu 0.03%
iter 662: loss 2.2372, time 19.63ms, mfu 0.03%
iter 663: loss 2.1609, time 17.77ms, mfu 0.03%
iter 664: loss 2.1560, time 19.08ms, mfu 0.03%
iter 665: loss 2.1370, time 19.10ms, mfu 0.03%
iter 666: loss 2.2109, time 17.54ms, mfu 0.03%
iter 667: loss 2.2279, time 18.23ms, mfu 0.03%
iter 668: loss 2.1433, time 20.17ms, mfu 0.03%
iter 669: loss 2.2465, time 19.38ms, mfu 0.03%
iter 670: loss 2.1682, time 16.48ms, mfu 0.03%
iter 671: loss 2.1561, time 40.05ms, mfu 0.03%
iter 672: loss 2.1789, time 38.50ms, mfu 0.02%
iter 673: loss 2.0708, time 24.40ms, mfu 0.02%
iter 674: loss 2.2410, time 19.45ms, mfu 0.02%
iter 675: loss 2.2328, time 17.71ms, mfu 0.02%
iter 676: loss 2.1952, time 16.87ms, mfu 0.03%
iter 677: loss 2.1452, time 17.90ms, mfu 0.03%
iter 678: loss 2.1987, time 18.67ms, mfu 0.03%
iter 679: loss 2.1309, time 19.52ms, mfu 0.03%
iter 680: loss 2.1953, time 17.92ms, mfu 0.03%
iter 681: loss 2.1882, time 19.13ms, mfu 0.03%
iter 682: loss 2.2237, time 18.47ms, mfu 0.03%
iter 683: loss 2.0488, time 18.82ms, mfu 0.03%
iter 684: loss 2.1412, time 17.20ms, mfu 0.03%
iter 685: loss 2.2357, time 19.16ms, mfu 0.03%
iter 686: loss 2.1700, time 18.97ms, mfu 0.03%
iter 687: loss 2.1265, time 16.03ms, mfu 0.03%
iter 688: loss 2.2482, time 19.29ms, mfu 0.03%
iter 689: loss 2.1781, time 18.55ms, mfu 0.03%
iter 690: loss 2.2192, time 18.50ms, mfu 0.03%
iter 691: loss 2.1960, time 18.15ms, mfu 0.03%
iter 692: loss 2.2442, time 18.59ms, mfu 0.03%
iter 693: loss 2.1966, time 20.70ms, mfu 0.03%
iter 694: loss 2.1760, time 18.82ms, mfu 0.03%
iter 695: loss 2.1480, time 19.63ms, mfu 0.03%
iter 696: loss 2.2466, time 18.70ms, mfu 0.03%
iter 697: loss 2.1406, time 19.32ms, mfu 0.03%
iter 698: loss 2.2281, time 18.26ms, mfu 0.03%
iter 699: loss 2.2119, time 18.94ms, mfu 0.03%
iter 700: loss 2.3568, time 18.53ms, mfu 0.03%
iter 701: loss 2.2312, time 18.72ms, mfu 0.03%
iter 702: loss 2.1312, time 19.58ms, mfu 0.03%
iter 703: loss 2.2680, time 17.01ms, mfu 0.03%
iter 704: loss 2.1701, time 18.39ms, mfu 0.03%
iter 705: loss 2.1828, time 18.79ms, mfu 0.03%
iter 706: loss 2.2353, time 18.61ms, mfu 0.03%
iter 707: loss 2.1572, time 16.82ms, mfu 0.03%
iter 708: loss 2.1324, time 19.18ms, mfu 0.03%
iter 709: loss 2.1205, time 17.74ms, mfu 0.03%
iter 710: loss 2.1306, time 19.50ms, mfu 0.03%
iter 711: loss 2.1581, time 18.15ms, mfu 0.03%
iter 712: loss 2.1695, time 18.15ms, mfu 0.03%
iter 713: loss 2.2416, time 18.74ms, mfu 0.03%
iter 714: loss 2.2293, time 18.40ms, mfu 0.03%
iter 715: loss 2.0331, time 19.16ms, mfu 0.03%
iter 716: loss 2.1795, time 17.94ms, mfu 0.03%
iter 717: loss 2.1444, time 19.45ms, mfu 0.03%
iter 718: loss 2.2147, time 17.80ms, mfu 0.03%
iter 719: loss 2.1413, time 18.54ms, mfu 0.03%
iter 720: loss 2.2081, time 16.91ms, mfu 0.03%
iter 721: loss 2.1447, time 19.19ms, mfu 0.03%
iter 722: loss 2.1603, time 18.23ms, mfu 0.03%
iter 723: loss 2.1970, time 17.69ms, mfu 0.03%
iter 724: loss 2.1044, time 18.93ms, mfu 0.03%
iter 725: loss 2.1910, time 16.64ms, mfu 0.03%
iter 726: loss 2.0933, time 19.46ms, mfu 0.03%
iter 727: loss 2.1589, time 17.89ms, mfu 0.03%
iter 728: loss 2.1383, time 19.23ms, mfu 0.03%
iter 729: loss 2.2010, time 16.66ms, mfu 0.03%
iter 730: loss 2.1330, time 18.80ms, mfu 0.03%
iter 731: loss 2.1986, time 18.48ms, mfu 0.03%
iter 732: loss 2.1194, time 18.02ms, mfu 0.03%
iter 733: loss 2.1954, time 17.74ms, mfu 0.03%
iter 734: loss 2.1212, time 17.86ms, mfu 0.03%
iter 735: loss 2.1264, time 17.70ms, mfu 0.03%
iter 736: loss 2.3072, time 18.33ms, mfu 0.03%
iter 737: loss 2.0818, time 19.76ms, mfu 0.03%
iter 738: loss 2.1317, time 17.79ms, mfu 0.03%
iter 739: loss 2.1014, time 18.96ms, mfu 0.03%
iter 740: loss 2.2796, time 19.05ms, mfu 0.03%
iter 741: loss 2.1154, time 17.85ms, mfu 0.03%
iter 742: loss 2.2198, time 17.92ms, mfu 0.03%
iter 743: loss 2.1493, time 18.34ms, mfu 0.03%
iter 744: loss 2.1766, time 18.84ms, mfu 0.03%
iter 745: loss 2.0514, time 17.91ms, mfu 0.03%
iter 746: loss 2.1694, time 19.28ms, mfu 0.03%
iter 747: loss 2.2242, time 18.36ms, mfu 0.03%
iter 748: loss 2.1873, time 20.10ms, mfu 0.03%
iter 749: loss 2.1934, time 17.87ms, mfu 0.03%
step 750: train loss 2.1638, val loss 2.2090
saving checkpoint to C:\Users\amitc\OneDrive\Desktop\Research\NanoGpt\nanoGPT\experiments\attention_ablation_7
iter 750: loss 2.1319, time 265.36ms, mfu 0.02%
iter 751: loss 2.1518, time 19.89ms, mfu 0.02%
iter 752: loss 2.1746, time 17.63ms, mfu 0.02%
iter 753: loss 2.0974, time 18.81ms, mfu 0.03%
iter 754: loss 2.1585, time 19.79ms, mfu 0.03%
iter 755: loss 2.1565, time 17.86ms, mfu 0.03%
iter 756: loss 2.1651, time 18.45ms, mfu 0.03%
iter 757: loss 2.0846, time 17.93ms, mfu 0.03%
iter 758: loss 2.1906, time 18.79ms, mfu 0.03%
iter 759: loss 2.1560, time 19.08ms, mfu 0.03%
iter 760: loss 2.1789, time 18.03ms, mfu 0.03%
iter 761: loss 2.1238, time 18.42ms, mfu 0.03%
iter 762: loss 2.1424, time 17.81ms, mfu 0.03%
iter 763: loss 2.1228, time 17.93ms, mfu 0.03%
iter 764: loss 2.1424, time 17.98ms, mfu 0.03%
iter 765: loss 2.1473, time 17.95ms, mfu 0.03%
iter 766: loss 2.0720, time 17.17ms, mfu 0.03%
iter 767: loss 2.1259, time 18.31ms, mfu 0.03%
iter 768: loss 2.0738, time 17.96ms, mfu 0.03%
iter 769: loss 2.1078, time 18.81ms, mfu 0.03%
iter 770: loss 2.1589, time 18.08ms, mfu 0.03%
iter 771: loss 2.1433, time 15.83ms, mfu 0.03%
iter 772: loss 2.2488, time 16.60ms, mfu 0.03%
iter 773: loss 2.1444, time 19.39ms, mfu 0.03%
iter 774: loss 2.0593, time 18.59ms, mfu 0.03%
iter 775: loss 2.1853, time 17.57ms, mfu 0.03%
iter 776: loss 2.1439, time 19.30ms, mfu 0.03%
iter 777: loss 2.1666, time 18.22ms, mfu 0.03%
iter 778: loss 2.1683, time 19.24ms, mfu 0.03%
iter 779: loss 2.0794, time 17.77ms, mfu 0.03%
iter 780: loss 2.2225, time 18.46ms, mfu 0.03%
iter 781: loss 2.0977, time 19.90ms, mfu 0.03%
iter 782: loss 2.1727, time 18.22ms, mfu 0.03%
iter 783: loss 2.1870, time 17.38ms, mfu 0.03%
iter 784: loss 2.1108, time 18.87ms, mfu 0.03%
iter 785: loss 2.1489, time 18.40ms, mfu 0.03%
iter 786: loss 2.0980, time 17.90ms, mfu 0.03%
iter 787: loss 2.1524, time 18.56ms, mfu 0.03%
iter 788: loss 2.0874, time 18.18ms, mfu 0.03%
iter 789: loss 2.1304, time 20.29ms, mfu 0.03%
iter 790: loss 2.0875, time 20.04ms, mfu 0.03%
iter 791: loss 2.1935, time 18.51ms, mfu 0.03%
iter 792: loss 2.1328, time 17.40ms, mfu 0.03%
iter 793: loss 2.1043, time 17.80ms, mfu 0.03%
iter 794: loss 2.0646, time 18.48ms, mfu 0.03%
iter 795: loss 2.2287, time 17.72ms, mfu 0.03%
iter 796: loss 2.0923, time 18.68ms, mfu 0.03%
iter 797: loss 2.1309, time 17.93ms, mfu 0.03%
iter 798: loss 2.0631, time 18.76ms, mfu 0.03%
iter 799: loss 2.1964, time 18.41ms, mfu 0.03%
iter 800: loss 2.1193, time 19.87ms, mfu 0.03%
iter 801: loss 2.1078, time 18.58ms, mfu 0.03%
iter 802: loss 2.1418, time 18.69ms, mfu 0.03%
iter 803: loss 2.1153, time 18.06ms, mfu 0.03%
iter 804: loss 2.1189, time 17.42ms, mfu 0.03%
iter 805: loss 2.2010, time 19.64ms, mfu 0.03%
iter 806: loss 2.0622, time 18.43ms, mfu 0.03%
iter 807: loss 2.0555, time 18.94ms, mfu 0.03%
iter 808: loss 2.1335, time 18.96ms, mfu 0.03%
iter 809: loss 2.0450, time 19.60ms, mfu 0.03%
iter 810: loss 2.1154, time 22.50ms, mfu 0.03%
iter 811: loss 2.1346, time 20.38ms, mfu 0.03%
iter 812: loss 2.1402, time 20.57ms, mfu 0.03%
iter 813: loss 2.1021, time 20.71ms, mfu 0.03%
iter 814: loss 2.1072, time 21.08ms, mfu 0.03%
iter 815: loss 2.1939, time 20.22ms, mfu 0.03%
iter 816: loss 2.1718, time 19.73ms, mfu 0.03%
iter 817: loss 2.1177, time 21.80ms, mfu 0.03%
iter 818: loss 2.1719, time 23.22ms, mfu 0.02%
iter 819: loss 2.0854, time 20.22ms, mfu 0.02%
iter 820: loss 2.0571, time 21.26ms, mfu 0.02%
iter 821: loss 2.0877, time 21.16ms, mfu 0.02%
iter 822: loss 2.1426, time 21.32ms, mfu 0.02%
iter 823: loss 2.0452, time 20.39ms, mfu 0.02%
iter 824: loss 2.1390, time 19.78ms, mfu 0.02%
iter 825: loss 2.2070, time 20.04ms, mfu 0.02%
iter 826: loss 2.2277, time 19.92ms, mfu 0.02%
iter 827: loss 2.1538, time 19.80ms, mfu 0.02%
iter 828: loss 2.1194, time 19.84ms, mfu 0.02%
iter 829: loss 2.0424, time 20.97ms, mfu 0.02%
iter 830: loss 2.1167, time 19.76ms, mfu 0.02%
iter 831: loss 2.0725, time 20.42ms, mfu 0.02%
iter 832: loss 2.1147, time 20.64ms, mfu 0.02%
iter 833: loss 2.1152, time 22.48ms, mfu 0.02%
iter 834: loss 2.0795, time 23.33ms, mfu 0.02%
iter 835: loss 2.1162, time 20.28ms, mfu 0.02%
iter 836: loss 2.1406, time 22.09ms, mfu 0.02%
iter 837: loss 2.0825, time 19.63ms, mfu 0.02%
iter 838: loss 2.1290, time 19.28ms, mfu 0.02%
iter 839: loss 2.1116, time 20.16ms, mfu 0.02%
iter 840: loss 2.1322, time 20.61ms, mfu 0.02%
iter 841: loss 2.1388, time 21.45ms, mfu 0.02%
iter 842: loss 2.1634, time 21.85ms, mfu 0.02%
iter 843: loss 2.1234, time 18.42ms, mfu 0.02%
iter 844: loss 2.1292, time 22.89ms, mfu 0.02%
iter 845: loss 2.1080, time 19.08ms, mfu 0.02%
iter 846: loss 2.0541, time 18.83ms, mfu 0.02%
iter 847: loss 2.1858, time 19.75ms, mfu 0.02%
iter 848: loss 2.0307, time 19.07ms, mfu 0.02%
iter 849: loss 2.1569, time 20.53ms, mfu 0.02%
iter 850: loss 2.1466, time 19.26ms, mfu 0.02%
iter 851: loss 2.1454, time 20.37ms, mfu 0.02%
iter 852: loss 2.1073, time 19.79ms, mfu 0.02%
iter 853: loss 2.0882, time 19.12ms, mfu 0.02%
iter 854: loss 2.0850, time 20.85ms, mfu 0.02%
iter 855: loss 2.1376, time 22.33ms, mfu 0.02%
iter 856: loss 2.1189, time 19.21ms, mfu 0.02%
iter 857: loss 2.0162, time 20.77ms, mfu 0.02%
iter 858: loss 2.1396, time 19.53ms, mfu 0.02%
iter 859: loss 2.0780, time 19.18ms, mfu 0.02%
iter 860: loss 2.0143, time 18.15ms, mfu 0.03%
iter 861: loss 2.0308, time 20.45ms, mfu 0.03%
iter 862: loss 2.0427, time 19.86ms, mfu 0.03%
iter 863: loss 2.0288, time 19.94ms, mfu 0.03%
iter 864: loss 2.0357, time 19.58ms, mfu 0.03%
iter 865: loss 2.0701, time 18.61ms, mfu 0.03%
iter 866: loss 2.1340, time 19.57ms, mfu 0.03%
iter 867: loss 2.0691, time 18.63ms, mfu 0.03%
iter 868: loss 2.1373, time 18.75ms, mfu 0.03%
iter 869: loss 2.1383, time 19.52ms, mfu 0.03%
iter 870: loss 2.0253, time 19.93ms, mfu 0.03%
iter 871: loss 1.9731, time 21.17ms, mfu 0.03%
iter 872: loss 2.0271, time 18.46ms, mfu 0.03%
iter 873: loss 2.0712, time 20.14ms, mfu 0.03%
iter 874: loss 2.0519, time 18.35ms, mfu 0.03%
iter 875: loss 2.2036, time 18.85ms, mfu 0.03%
iter 876: loss 2.0309, time 18.78ms, mfu 0.03%
iter 877: loss 2.0558, time 17.81ms, mfu 0.03%
iter 878: loss 2.0981, time 18.16ms, mfu 0.03%
iter 879: loss 2.0468, time 18.17ms, mfu 0.03%
iter 880: loss 2.1241, time 18.55ms, mfu 0.03%
iter 881: loss 2.1354, time 20.04ms, mfu 0.03%
iter 882: loss 2.1203, time 18.64ms, mfu 0.03%
iter 883: loss 2.1122, time 19.18ms, mfu 0.03%
iter 884: loss 2.1446, time 17.93ms, mfu 0.03%
iter 885: loss 2.0787, time 20.76ms, mfu 0.03%
iter 886: loss 2.1437, time 18.80ms, mfu 0.03%
iter 887: loss 2.1005, time 19.12ms, mfu 0.03%
iter 888: loss 2.0504, time 18.40ms, mfu 0.03%
iter 889: loss 2.0281, time 18.27ms, mfu 0.03%
iter 890: loss 2.1070, time 19.41ms, mfu 0.03%
iter 891: loss 2.1729, time 18.28ms, mfu 0.03%
iter 892: loss 2.0209, time 18.74ms, mfu 0.03%
iter 893: loss 2.1020, time 18.36ms, mfu 0.03%
iter 894: loss 2.2238, time 19.39ms, mfu 0.03%
iter 895: loss 2.0548, time 19.51ms, mfu 0.03%
iter 896: loss 2.1029, time 19.65ms, mfu 0.03%
iter 897: loss 2.1057, time 21.05ms, mfu 0.03%
iter 898: loss 2.0733, time 22.12ms, mfu 0.03%
iter 899: loss 2.0685, time 25.52ms, mfu 0.03%
iter 900: loss 2.0258, time 21.15ms, mfu 0.02%
iter 901: loss 2.0953, time 17.03ms, mfu 0.03%
iter 902: loss 2.1246, time 19.37ms, mfu 0.03%
iter 903: loss 2.0234, time 20.04ms, mfu 0.03%
iter 904: loss 2.1615, time 23.52ms, mfu 0.02%
iter 905: loss 2.0515, time 21.13ms, mfu 0.02%
iter 906: loss 2.0905, time 21.45ms, mfu 0.02%
iter 907: loss 2.1666, time 22.50ms, mfu 0.02%
iter 908: loss 2.1582, time 26.96ms, mfu 0.02%
iter 909: loss 2.0817, time 25.59ms, mfu 0.02%
iter 910: loss 2.0699, time 24.87ms, mfu 0.02%
iter 911: loss 2.1360, time 23.92ms, mfu 0.02%
iter 912: loss 2.0189, time 21.91ms, mfu 0.02%
iter 913: loss 2.0933, time 17.33ms, mfu 0.02%
iter 914: loss 2.0246, time 18.88ms, mfu 0.02%
iter 915: loss 2.0695, time 24.22ms, mfu 0.02%
iter 916: loss 2.0936, time 22.23ms, mfu 0.02%
iter 917: loss 1.9834, time 20.85ms, mfu 0.02%
iter 918: loss 2.1221, time 18.55ms, mfu 0.02%
iter 919: loss 2.0701, time 20.22ms, mfu 0.02%
iter 920: loss 2.0980, time 20.61ms, mfu 0.02%
iter 921: loss 2.1627, time 17.21ms, mfu 0.02%
iter 922: loss 2.0549, time 17.37ms, mfu 0.02%
iter 923: loss 2.0422, time 16.08ms, mfu 0.03%
iter 924: loss 2.1744, time 19.07ms, mfu 0.03%
iter 925: loss 2.0061, time 17.17ms, mfu 0.03%
iter 926: loss 2.0844, time 18.12ms, mfu 0.03%
iter 927: loss 2.0532, time 17.28ms, mfu 0.03%
iter 928: loss 1.9713, time 16.86ms, mfu 0.03%
iter 929: loss 2.0662, time 16.71ms, mfu 0.03%
iter 930: loss 2.0752, time 20.56ms, mfu 0.03%
iter 931: loss 1.9941, time 19.13ms, mfu 0.03%
iter 932: loss 2.0851, time 17.19ms, mfu 0.03%
iter 933: loss 2.1121, time 18.55ms, mfu 0.03%
iter 934: loss 2.0786, time 19.21ms, mfu 0.03%
iter 935: loss 2.0716, time 19.51ms, mfu 0.03%
iter 936: loss 1.9604, time 17.59ms, mfu 0.03%
iter 937: loss 2.0078, time 19.58ms, mfu 0.03%
iter 938: loss 2.0266, time 18.53ms, mfu 0.03%
iter 939: loss 2.0708, time 19.45ms, mfu 0.03%
iter 940: loss 1.9969, time 18.02ms, mfu 0.03%
iter 941: loss 2.1620, time 17.78ms, mfu 0.03%
iter 942: loss 1.9990, time 18.02ms, mfu 0.03%
iter 943: loss 2.0364, time 16.95ms, mfu 0.03%
iter 944: loss 2.0201, time 19.18ms, mfu 0.03%
iter 945: loss 2.1345, time 16.72ms, mfu 0.03%
iter 946: loss 2.0824, time 19.63ms, mfu 0.03%
iter 947: loss 2.0788, time 15.29ms, mfu 0.03%
iter 948: loss 2.0506, time 17.40ms, mfu 0.03%
iter 949: loss 2.1342, time 16.82ms, mfu 0.03%
iter 950: loss 2.0766, time 19.25ms, mfu 0.03%
iter 951: loss 2.0431, time 17.27ms, mfu 0.03%
iter 952: loss 1.9670, time 18.18ms, mfu 0.03%
iter 953: loss 2.0323, time 15.84ms, mfu 0.03%
iter 954: loss 2.0597, time 20.60ms, mfu 0.03%
iter 955: loss 2.0674, time 16.77ms, mfu 0.03%
iter 956: loss 2.0621, time 18.17ms, mfu 0.03%
iter 957: loss 2.0664, time 22.86ms, mfu 0.03%
iter 958: loss 2.0730, time 22.80ms, mfu 0.03%
iter 959: loss 2.0934, time 23.03ms, mfu 0.03%
iter 960: loss 2.0581, time 18.94ms, mfu 0.03%
iter 961: loss 2.1121, time 19.29ms, mfu 0.03%
iter 962: loss 2.0253, time 20.43ms, mfu 0.03%
iter 963: loss 2.0415, time 17.23ms, mfu 0.03%
iter 964: loss 2.1121, time 22.02ms, mfu 0.03%
iter 965: loss 1.9730, time 19.77ms, mfu 0.03%
iter 966: loss 2.0634, time 18.25ms, mfu 0.03%
iter 967: loss 2.1463, time 19.96ms, mfu 0.03%
iter 968: loss 2.0790, time 18.75ms, mfu 0.03%
iter 969: loss 2.0971, time 18.82ms, mfu 0.03%
iter 970: loss 1.9770, time 18.98ms, mfu 0.03%
iter 971: loss 1.9729, time 19.58ms, mfu 0.03%
iter 972: loss 2.0407, time 19.64ms, mfu 0.03%
iter 973: loss 2.0680, time 19.55ms, mfu 0.03%
iter 974: loss 1.9759, time 19.60ms, mfu 0.03%
iter 975: loss 2.0358, time 17.09ms, mfu 0.03%
iter 976: loss 2.1243, time 19.38ms, mfu 0.03%
iter 977: loss 1.9827, time 20.27ms, mfu 0.03%
iter 978: loss 2.1044, time 17.02ms, mfu 0.03%
iter 979: loss 1.9965, time 17.95ms, mfu 0.03%
iter 980: loss 2.1137, time 18.30ms, mfu 0.03%
iter 981: loss 2.0374, time 19.45ms, mfu 0.03%
iter 982: loss 2.0885, time 16.51ms, mfu 0.03%
iter 983: loss 1.9858, time 18.48ms, mfu 0.03%
iter 984: loss 2.1061, time 15.27ms, mfu 0.03%
iter 985: loss 2.1532, time 19.59ms, mfu 0.03%
iter 986: loss 2.1349, time 17.79ms, mfu 0.03%
iter 987: loss 2.0126, time 19.43ms, mfu 0.03%
iter 988: loss 2.0347, time 19.60ms, mfu 0.03%
iter 989: loss 2.0760, time 18.67ms, mfu 0.03%
iter 990: loss 2.2211, time 18.25ms, mfu 0.03%
iter 991: loss 2.0200, time 17.82ms, mfu 0.03%
iter 992: loss 1.9701, time 17.72ms, mfu 0.03%
iter 993: loss 2.0161, time 18.01ms, mfu 0.03%
iter 994: loss 2.0931, time 17.99ms, mfu 0.03%
iter 995: loss 2.1204, time 15.21ms, mfu 0.03%
iter 996: loss 2.1823, time 18.99ms, mfu 0.03%
iter 997: loss 2.1164, time 15.73ms, mfu 0.03%
iter 998: loss 1.9337, time 17.82ms, mfu 0.03%
iter 999: loss 2.0786, time 18.62ms, mfu 0.03%
step 1000: train loss 2.0413, val loss 2.1167
saving checkpoint to C:\Users\amitc\OneDrive\Desktop\Research\NanoGpt\nanoGPT\experiments\attention_ablation_7
iter 1000: loss 2.0346, time 318.38ms, mfu 0.03%
iter 1001: loss 1.9883, time 20.51ms, mfu 0.03%
iter 1002: loss 2.1651, time 18.98ms, mfu 0.03%
iter 1003: loss 2.0242, time 19.49ms, mfu 0.03%
iter 1004: loss 2.0745, time 17.66ms, mfu 0.03%
iter 1005: loss 2.0289, time 18.71ms, mfu 0.03%
iter 1006: loss 2.0173, time 17.48ms, mfu 0.03%
iter 1007: loss 2.0738, time 18.73ms, mfu 0.03%
iter 1008: loss 2.0912, time 16.21ms, mfu 0.03%
iter 1009: loss 1.9424, time 19.11ms, mfu 0.03%
iter 1010: loss 2.0746, time 18.30ms, mfu 0.03%
iter 1011: loss 1.9935, time 17.48ms, mfu 0.03%
iter 1012: loss 2.0381, time 18.49ms, mfu 0.03%
iter 1013: loss 2.0206, time 17.41ms, mfu 0.03%
iter 1014: loss 2.0602, time 19.40ms, mfu 0.03%
iter 1015: loss 2.1897, time 18.82ms, mfu 0.03%
iter 1016: loss 1.9768, time 19.62ms, mfu 0.03%
iter 1017: loss 1.9331, time 18.22ms, mfu 0.03%
iter 1018: loss 1.9612, time 20.52ms, mfu 0.03%
iter 1019: loss 2.0014, time 18.64ms, mfu 0.03%
iter 1020: loss 1.9328, time 18.42ms, mfu 0.03%
iter 1021: loss 2.0126, time 18.31ms, mfu 0.03%
iter 1022: loss 2.0302, time 19.51ms, mfu 0.03%
iter 1023: loss 2.0903, time 18.21ms, mfu 0.03%
iter 1024: loss 1.9511, time 18.35ms, mfu 0.03%
iter 1025: loss 2.0436, time 16.88ms, mfu 0.03%
iter 1026: loss 2.0999, time 17.29ms, mfu 0.03%
iter 1027: loss 1.9365, time 18.84ms, mfu 0.03%
iter 1028: loss 1.9488, time 16.56ms, mfu 0.03%
iter 1029: loss 2.0672, time 20.34ms, mfu 0.03%
iter 1030: loss 1.9714, time 17.58ms, mfu 0.03%
iter 1031: loss 2.0716, time 18.90ms, mfu 0.03%
iter 1032: loss 2.0582, time 19.25ms, mfu 0.03%
iter 1033: loss 2.0625, time 18.30ms, mfu 0.03%
iter 1034: loss 1.9720, time 19.52ms, mfu 0.03%
iter 1035: loss 2.0466, time 19.05ms, mfu 0.03%
iter 1036: loss 1.9590, time 19.16ms, mfu 0.03%
iter 1037: loss 2.1011, time 16.42ms, mfu 0.03%
iter 1038: loss 2.0230, time 18.90ms, mfu 0.03%
iter 1039: loss 1.9658, time 16.76ms, mfu 0.03%
iter 1040: loss 2.0072, time 16.34ms, mfu 0.03%
iter 1041: loss 2.0563, time 16.57ms, mfu 0.03%
iter 1042: loss 2.0979, time 17.90ms, mfu 0.03%
iter 1043: loss 2.0794, time 20.11ms, mfu 0.03%
iter 1044: loss 2.0677, time 17.44ms, mfu 0.03%
iter 1045: loss 2.0317, time 20.23ms, mfu 0.03%
iter 1046: loss 1.9584, time 21.63ms, mfu 0.03%
iter 1047: loss 1.9682, time 22.28ms, mfu 0.03%
iter 1048: loss 2.0684, time 22.25ms, mfu 0.03%
iter 1049: loss 2.0627, time 20.05ms, mfu 0.03%
iter 1050: loss 2.0329, time 22.61ms, mfu 0.03%
iter 1051: loss 2.0346, time 25.11ms, mfu 0.02%
iter 1052: loss 2.0254, time 24.60ms, mfu 0.02%
iter 1053: loss 2.0427, time 21.35ms, mfu 0.02%
iter 1054: loss 2.0368, time 20.42ms, mfu 0.02%
iter 1055: loss 2.1333, time 20.22ms, mfu 0.02%
iter 1056: loss 2.0412, time 21.30ms, mfu 0.02%
iter 1057: loss 2.0632, time 21.71ms, mfu 0.02%
iter 1058: loss 2.0796, time 18.67ms, mfu 0.02%
iter 1059: loss 2.0587, time 20.32ms, mfu 0.02%
iter 1060: loss 2.0540, time 19.74ms, mfu 0.02%
iter 1061: loss 2.0018, time 20.80ms, mfu 0.02%
iter 1062: loss 2.0756, time 18.75ms, mfu 0.02%
iter 1063: loss 2.1551, time 18.92ms, mfu 0.02%
iter 1064: loss 2.0640, time 20.02ms, mfu 0.02%
iter 1065: loss 1.9687, time 24.55ms, mfu 0.02%
iter 1066: loss 2.0916, time 26.94ms, mfu 0.02%
iter 1067: loss 1.9646, time 21.70ms, mfu 0.02%
iter 1068: loss 1.9421, time 23.56ms, mfu 0.02%
iter 1069: loss 1.9889, time 31.30ms, mfu 0.02%
iter 1070: loss 1.9603, time 20.67ms, mfu 0.02%
iter 1071: loss 2.0422, time 26.86ms, mfu 0.02%
iter 1072: loss 1.9313, time 27.26ms, mfu 0.02%
iter 1073: loss 2.0194, time 20.92ms, mfu 0.02%
iter 1074: loss 2.0575, time 23.86ms, mfu 0.02%
iter 1075: loss 2.0340, time 26.37ms, mfu 0.02%
iter 1076: loss 2.0183, time 23.33ms, mfu 0.02%
iter 1077: loss 1.9681, time 20.24ms, mfu 0.02%
iter 1078: loss 2.0092, time 19.71ms, mfu 0.02%
iter 1079: loss 1.9785, time 20.84ms, mfu 0.02%
iter 1080: loss 1.9353, time 19.26ms, mfu 0.02%
iter 1081: loss 1.9830, time 20.73ms, mfu 0.02%
iter 1082: loss 2.0125, time 18.58ms, mfu 0.02%
iter 1083: loss 2.0968, time 19.31ms, mfu 0.02%
iter 1084: loss 2.0311, time 23.15ms, mfu 0.02%
iter 1085: loss 2.0119, time 19.98ms, mfu 0.02%
iter 1086: loss 2.0012, time 21.47ms, mfu 0.02%
iter 1087: loss 1.9592, time 22.36ms, mfu 0.02%
iter 1088: loss 1.9582, time 20.86ms, mfu 0.02%
iter 1089: loss 1.9664, time 20.06ms, mfu 0.02%
iter 1090: loss 2.0781, time 20.03ms, mfu 0.02%
iter 1091: loss 2.1322, time 19.74ms, mfu 0.02%
iter 1092: loss 1.9698, time 19.50ms, mfu 0.02%
iter 1093: loss 1.8891, time 19.56ms, mfu 0.02%
iter 1094: loss 2.0556, time 21.26ms, mfu 0.02%
iter 1095: loss 2.0289, time 19.19ms, mfu 0.02%
iter 1096: loss 2.0255, time 21.28ms, mfu 0.02%
iter 1097: loss 2.1153, time 20.38ms, mfu 0.02%
iter 1098: loss 2.0270, time 24.43ms, mfu 0.02%
iter 1099: loss 2.0200, time 21.69ms, mfu 0.02%
iter 1100: loss 2.0333, time 23.64ms, mfu 0.02%
iter 1101: loss 1.9780, time 22.99ms, mfu 0.02%
iter 1102: loss 2.0010, time 18.35ms, mfu 0.02%
iter 1103: loss 1.9712, time 17.70ms, mfu 0.02%
iter 1104: loss 2.0464, time 17.98ms, mfu 0.02%
iter 1105: loss 2.0006, time 18.05ms, mfu 0.02%
iter 1106: loss 2.0318, time 17.19ms, mfu 0.03%
iter 1107: loss 2.0532, time 18.19ms, mfu 0.03%
iter 1108: loss 1.9257, time 18.63ms, mfu 0.03%
iter 1109: loss 1.9935, time 17.52ms, mfu 0.03%
iter 1110: loss 1.9722, time 17.65ms, mfu 0.03%
iter 1111: loss 1.9777, time 18.36ms, mfu 0.03%
iter 1112: loss 1.8612, time 20.28ms, mfu 0.03%
iter 1113: loss 1.9974, time 16.74ms, mfu 0.03%
iter 1114: loss 2.0389, time 17.57ms, mfu 0.03%
iter 1115: loss 2.1287, time 18.42ms, mfu 0.03%
iter 1116: loss 2.0597, time 17.87ms, mfu 0.03%
iter 1117: loss 2.0546, time 15.21ms, mfu 0.03%
iter 1118: loss 2.0111, time 16.78ms, mfu 0.03%
iter 1119: loss 1.9922, time 17.80ms, mfu 0.03%
iter 1120: loss 1.9893, time 17.84ms, mfu 0.03%
iter 1121: loss 1.9634, time 18.14ms, mfu 0.03%
iter 1122: loss 1.9588, time 17.84ms, mfu 0.03%
iter 1123: loss 2.0295, time 18.02ms, mfu 0.03%
iter 1124: loss 1.9690, time 17.86ms, mfu 0.03%
iter 1125: loss 1.9703, time 18.16ms, mfu 0.03%
iter 1126: loss 2.0214, time 23.85ms, mfu 0.03%
iter 1127: loss 2.0584, time 20.59ms, mfu 0.03%
iter 1128: loss 2.0258, time 21.32ms, mfu 0.03%
iter 1129: loss 2.1179, time 19.84ms, mfu 0.03%
iter 1130: loss 2.0385, time 18.16ms, mfu 0.03%
iter 1131: loss 2.0419, time 18.54ms, mfu 0.03%
iter 1132: loss 2.0217, time 19.88ms, mfu 0.03%
iter 1133: loss 1.9788, time 20.81ms, mfu 0.03%
iter 1134: loss 1.9746, time 19.56ms, mfu 0.03%
iter 1135: loss 2.0338, time 20.27ms, mfu 0.03%
iter 1136: loss 2.0110, time 19.71ms, mfu 0.03%
iter 1137: loss 2.0348, time 19.76ms, mfu 0.03%
iter 1138: loss 2.0301, time 18.33ms, mfu 0.03%
iter 1139: loss 1.9882, time 22.08ms, mfu 0.03%
iter 1140: loss 1.9529, time 18.29ms, mfu 0.03%
iter 1141: loss 2.0946, time 18.43ms, mfu 0.03%
iter 1142: loss 1.9820, time 18.53ms, mfu 0.03%
iter 1143: loss 1.9536, time 18.19ms, mfu 0.03%
iter 1144: loss 1.8977, time 16.83ms, mfu 0.03%
iter 1145: loss 2.0402, time 17.67ms, mfu 0.03%
iter 1146: loss 2.0448, time 17.80ms, mfu 0.03%
iter 1147: loss 2.0944, time 18.83ms, mfu 0.03%
iter 1148: loss 1.9446, time 18.53ms, mfu 0.03%
iter 1149: loss 1.9964, time 19.65ms, mfu 0.03%
iter 1150: loss 1.9290, time 19.59ms, mfu 0.03%
iter 1151: loss 1.9193, time 20.04ms, mfu 0.03%
iter 1152: loss 1.9554, time 25.63ms, mfu 0.03%
iter 1153: loss 1.9372, time 20.00ms, mfu 0.03%
iter 1154: loss 2.0385, time 19.37ms, mfu 0.03%
iter 1155: loss 1.9726, time 19.82ms, mfu 0.03%
iter 1156: loss 1.9440, time 18.47ms, mfu 0.03%
iter 1157: loss 2.0257, time 19.75ms, mfu 0.03%
iter 1158: loss 1.9902, time 21.13ms, mfu 0.03%
iter 1159: loss 2.0279, time 19.00ms, mfu 0.03%
iter 1160: loss 1.8940, time 19.68ms, mfu 0.03%
iter 1161: loss 2.0251, time 19.25ms, mfu 0.03%
iter 1162: loss 1.9243, time 18.99ms, mfu 0.03%
iter 1163: loss 1.9371, time 18.95ms, mfu 0.03%
iter 1164: loss 1.9684, time 18.45ms, mfu 0.03%
iter 1165: loss 2.0365, time 21.67ms, mfu 0.03%
iter 1166: loss 2.0286, time 17.71ms, mfu 0.03%
iter 1167: loss 2.0493, time 17.30ms, mfu 0.03%
iter 1168: loss 2.0899, time 17.85ms, mfu 0.03%
iter 1169: loss 1.9892, time 18.35ms, mfu 0.03%
iter 1170: loss 1.9166, time 18.44ms, mfu 0.03%
iter 1171: loss 1.9611, time 17.85ms, mfu 0.03%
iter 1172: loss 2.0424, time 17.90ms, mfu 0.03%
iter 1173: loss 1.9807, time 18.28ms, mfu 0.03%
iter 1174: loss 1.9663, time 17.94ms, mfu 0.03%
iter 1175: loss 2.0184, time 17.63ms, mfu 0.03%
iter 1176: loss 2.0488, time 18.63ms, mfu 0.03%
iter 1177: loss 2.1100, time 19.12ms, mfu 0.03%
iter 1178: loss 1.9254, time 18.00ms, mfu 0.03%
iter 1179: loss 1.9985, time 24.26ms, mfu 0.03%
iter 1180: loss 2.0753, time 16.50ms, mfu 0.03%
iter 1181: loss 1.9447, time 17.76ms, mfu 0.03%
iter 1182: loss 1.9827, time 18.19ms, mfu 0.03%
iter 1183: loss 1.9346, time 18.38ms, mfu 0.03%
iter 1184: loss 2.0133, time 18.22ms, mfu 0.03%
iter 1185: loss 1.9660, time 17.70ms, mfu 0.03%
iter 1186: loss 1.8633, time 18.45ms, mfu 0.03%
iter 1187: loss 2.0583, time 19.20ms, mfu 0.03%
iter 1188: loss 1.9970, time 20.14ms, mfu 0.03%
iter 1189: loss 1.9375, time 21.05ms, mfu 0.03%
iter 1190: loss 1.9082, time 24.11ms, mfu 0.03%
iter 1191: loss 1.9446, time 19.55ms, mfu 0.03%
iter 1192: loss 1.9838, time 23.00ms, mfu 0.03%
iter 1193: loss 1.9554, time 18.33ms, mfu 0.03%
iter 1194: loss 2.0361, time 20.01ms, mfu 0.03%
iter 1195: loss 1.9879, time 19.81ms, mfu 0.03%
iter 1196: loss 1.9990, time 19.21ms, mfu 0.03%
iter 1197: loss 1.9831, time 19.26ms, mfu 0.03%
iter 1198: loss 2.0265, time 18.72ms, mfu 0.03%
iter 1199: loss 1.9714, time 18.13ms, mfu 0.03%
iter 1200: loss 1.9835, time 18.84ms, mfu 0.03%
iter 1201: loss 1.9556, time 18.59ms, mfu 0.03%
iter 1202: loss 1.9658, time 18.30ms, mfu 0.03%
iter 1203: loss 1.8451, time 18.37ms, mfu 0.03%
iter 1204: loss 2.0418, time 18.19ms, mfu 0.03%
iter 1205: loss 2.0436, time 23.36ms, mfu 0.03%
iter 1206: loss 2.0130, time 18.30ms, mfu 0.03%
iter 1207: loss 2.1010, time 17.95ms, mfu 0.03%
iter 1208: loss 2.0073, time 18.43ms, mfu 0.03%
iter 1209: loss 1.9209, time 18.49ms, mfu 0.03%
iter 1210: loss 1.9634, time 18.57ms, mfu 0.03%
iter 1211: loss 1.9590, time 18.31ms, mfu 0.03%
iter 1212: loss 1.9406, time 18.72ms, mfu 0.03%
iter 1213: loss 1.9489, time 18.57ms, mfu 0.03%
iter 1214: loss 1.9501, time 18.58ms, mfu 0.03%
iter 1215: loss 1.8516, time 18.11ms, mfu 0.03%
iter 1216: loss 1.9075, time 18.22ms, mfu 0.03%
iter 1217: loss 1.8682, time 18.95ms, mfu 0.03%
iter 1218: loss 2.0065, time 19.88ms, mfu 0.03%
iter 1219: loss 1.9623, time 20.28ms, mfu 0.03%
iter 1220: loss 1.9946, time 18.55ms, mfu 0.03%
iter 1221: loss 2.0131, time 18.24ms, mfu 0.03%
iter 1222: loss 1.8967, time 18.05ms, mfu 0.03%
iter 1223: loss 1.8771, time 17.91ms, mfu 0.03%
iter 1224: loss 2.0006, time 17.38ms, mfu 0.03%
iter 1225: loss 1.9867, time 17.17ms, mfu 0.03%
iter 1226: loss 1.9494, time 17.42ms, mfu 0.03%
iter 1227: loss 1.9418, time 18.23ms, mfu 0.03%
iter 1228: loss 1.9710, time 18.34ms, mfu 0.03%
iter 1229: loss 1.9595, time 18.13ms, mfu 0.03%
iter 1230: loss 1.9307, time 17.93ms, mfu 0.03%
iter 1231: loss 2.0155, time 18.57ms, mfu 0.03%
iter 1232: loss 1.7961, time 24.12ms, mfu 0.03%
iter 1233: loss 1.9205, time 18.23ms, mfu 0.03%
iter 1234: loss 1.9396, time 18.69ms, mfu 0.03%
iter 1235: loss 1.9156, time 18.28ms, mfu 0.03%
iter 1236: loss 1.9380, time 18.62ms, mfu 0.03%
iter 1237: loss 2.0026, time 18.50ms, mfu 0.03%
iter 1238: loss 1.9477, time 17.82ms, mfu 0.03%
iter 1239: loss 1.9625, time 19.29ms, mfu 0.03%
iter 1240: loss 2.0222, time 19.91ms, mfu 0.03%
iter 1241: loss 1.9332, time 19.11ms, mfu 0.03%
iter 1242: loss 1.9450, time 18.97ms, mfu 0.03%
iter 1243: loss 1.9308, time 18.88ms, mfu 0.03%
iter 1244: loss 1.9481, time 18.55ms, mfu 0.03%
iter 1245: loss 1.8498, time 18.17ms, mfu 0.03%
iter 1246: loss 2.0131, time 21.50ms, mfu 0.03%
iter 1247: loss 2.0252, time 18.10ms, mfu 0.03%
iter 1248: loss 1.9217, time 17.94ms, mfu 0.03%
iter 1249: loss 2.0104, time 19.21ms, mfu 0.03%
step 1250: train loss 1.9732, val loss 2.0426
saving checkpoint to C:\Users\amitc\OneDrive\Desktop\Research\NanoGpt\nanoGPT\experiments\attention_ablation_7
iter 1250: loss 1.9286, time 279.54ms, mfu 0.02%
iter 1251: loss 1.9798, time 20.87ms, mfu 0.02%
iter 1252: loss 1.9713, time 19.33ms, mfu 0.02%
iter 1253: loss 1.9738, time 19.24ms, mfu 0.02%
iter 1254: loss 1.8642, time 19.09ms, mfu 0.02%
iter 1255: loss 1.9545, time 19.41ms, mfu 0.02%
iter 1256: loss 1.8016, time 19.54ms, mfu 0.02%
iter 1257: loss 1.9192, time 18.84ms, mfu 0.02%
iter 1258: loss 2.0218, time 22.65ms, mfu 0.02%
iter 1259: loss 1.9086, time 18.98ms, mfu 0.02%
iter 1260: loss 1.9258, time 18.88ms, mfu 0.02%
iter 1261: loss 1.9054, time 18.95ms, mfu 0.03%
iter 1262: loss 2.0261, time 18.40ms, mfu 0.03%
iter 1263: loss 1.9327, time 18.37ms, mfu 0.03%
iter 1264: loss 1.8853, time 17.46ms, mfu 0.03%
iter 1265: loss 1.9944, time 18.51ms, mfu 0.03%
iter 1266: loss 1.9617, time 18.06ms, mfu 0.03%
iter 1267: loss 1.9373, time 17.78ms, mfu 0.03%
iter 1268: loss 1.9775, time 17.72ms, mfu 0.03%
iter 1269: loss 1.9701, time 18.35ms, mfu 0.03%
iter 1270: loss 1.9144, time 17.51ms, mfu 0.03%
iter 1271: loss 1.9837, time 17.65ms, mfu 0.03%
iter 1272: loss 1.9888, time 22.54ms, mfu 0.03%
iter 1273: loss 1.9924, time 17.84ms, mfu 0.03%
iter 1274: loss 1.8858, time 17.84ms, mfu 0.03%
iter 1275: loss 1.9111, time 18.10ms, mfu 0.03%
iter 1276: loss 1.8989, time 17.47ms, mfu 0.03%
iter 1277: loss 1.9122, time 18.26ms, mfu 0.03%
iter 1278: loss 1.9472, time 18.70ms, mfu 0.03%
iter 1279: loss 2.0433, time 18.76ms, mfu 0.03%
iter 1280: loss 1.9472, time 17.94ms, mfu 0.03%
iter 1281: loss 1.9323, time 19.35ms, mfu 0.03%
iter 1282: loss 1.8966, time 17.72ms, mfu 0.03%
iter 1283: loss 1.9937, time 20.50ms, mfu 0.03%
iter 1284: loss 1.9785, time 18.62ms, mfu 0.03%
iter 1285: loss 1.8735, time 19.07ms, mfu 0.03%
iter 1286: loss 1.9430, time 22.55ms, mfu 0.03%
iter 1287: loss 1.9811, time 19.60ms, mfu 0.03%
iter 1288: loss 1.8248, time 18.39ms, mfu 0.03%
iter 1289: loss 1.9376, time 18.32ms, mfu 0.03%
iter 1290: loss 2.1016, time 18.19ms, mfu 0.03%
iter 1291: loss 1.9418, time 17.40ms, mfu 0.03%
iter 1292: loss 2.0425, time 17.59ms, mfu 0.03%
iter 1293: loss 1.9815, time 18.21ms, mfu 0.03%
iter 1294: loss 1.9456, time 17.71ms, mfu 0.03%
iter 1295: loss 2.0360, time 17.78ms, mfu 0.03%
iter 1296: loss 1.9000, time 18.16ms, mfu 0.03%
iter 1297: loss 1.9463, time 17.69ms, mfu 0.03%
iter 1298: loss 2.0215, time 18.04ms, mfu 0.03%
iter 1299: loss 1.9107, time 23.12ms, mfu 0.03%
iter 1300: loss 1.9599, time 17.66ms, mfu 0.03%
iter 1301: loss 1.9353, time 18.06ms, mfu 0.03%
iter 1302: loss 1.9064, time 16.90ms, mfu 0.03%
iter 1303: loss 2.0022, time 17.71ms, mfu 0.03%
iter 1304: loss 1.9541, time 17.34ms, mfu 0.03%
iter 1305: loss 1.8693, time 17.98ms, mfu 0.03%
iter 1306: loss 2.0753, time 17.99ms, mfu 0.03%
iter 1307: loss 2.0166, time 18.42ms, mfu 0.03%
iter 1308: loss 1.9439, time 18.70ms, mfu 0.03%
iter 1309: loss 1.8714, time 17.72ms, mfu 0.03%
iter 1310: loss 1.9898, time 18.75ms, mfu 0.03%
iter 1311: loss 1.9145, time 19.35ms, mfu 0.03%
iter 1312: loss 2.0033, time 17.01ms, mfu 0.03%
iter 1313: loss 1.8707, time 22.39ms, mfu 0.03%
iter 1314: loss 1.9037, time 19.02ms, mfu 0.03%
iter 1315: loss 1.9597, time 17.73ms, mfu 0.03%
iter 1316: loss 1.9277, time 17.61ms, mfu 0.03%
iter 1317: loss 1.9499, time 18.21ms, mfu 0.03%
iter 1318: loss 2.0085, time 18.79ms, mfu 0.03%
iter 1319: loss 1.9303, time 19.94ms, mfu 0.03%
iter 1320: loss 1.9846, time 19.54ms, mfu 0.03%
iter 1321: loss 1.8585, time 19.17ms, mfu 0.03%
iter 1322: loss 1.9197, time 18.30ms, mfu 0.03%
iter 1323: loss 1.9174, time 19.32ms, mfu 0.03%
iter 1324: loss 2.0037, time 16.70ms, mfu 0.03%
iter 1325: loss 1.9376, time 18.53ms, mfu 0.03%
iter 1326: loss 1.9532, time 21.21ms, mfu 0.03%
iter 1327: loss 1.8524, time 18.66ms, mfu 0.03%
iter 1328: loss 1.9454, time 17.66ms, mfu 0.03%
iter 1329: loss 1.8216, time 18.47ms, mfu 0.03%
iter 1330: loss 2.0397, time 18.43ms, mfu 0.03%
iter 1331: loss 1.9627, time 17.81ms, mfu 0.03%
iter 1332: loss 1.9323, time 17.85ms, mfu 0.03%
iter 1333: loss 1.9286, time 17.46ms, mfu 0.03%
iter 1334: loss 1.9428, time 17.27ms, mfu 0.03%
iter 1335: loss 1.9162, time 18.02ms, mfu 0.03%
iter 1336: loss 1.9626, time 17.50ms, mfu 0.03%
iter 1337: loss 1.9613, time 17.90ms, mfu 0.03%
iter 1338: loss 1.9622, time 17.74ms, mfu 0.03%
iter 1339: loss 2.0560, time 17.93ms, mfu 0.03%
iter 1340: loss 1.8854, time 27.02ms, mfu 0.03%
iter 1341: loss 1.9371, time 19.24ms, mfu 0.03%
iter 1342: loss 1.9945, time 18.67ms, mfu 0.03%
iter 1343: loss 1.8973, time 16.66ms, mfu 0.03%
iter 1344: loss 1.9334, time 18.89ms, mfu 0.03%
iter 1345: loss 1.9499, time 18.42ms, mfu 0.03%
iter 1346: loss 1.9026, time 18.98ms, mfu 0.03%
iter 1347: loss 1.9357, time 18.75ms, mfu 0.03%
iter 1348: loss 1.9050, time 19.15ms, mfu 0.03%
iter 1349: loss 1.8901, time 19.19ms, mfu 0.03%
iter 1350: loss 1.9231, time 18.91ms, mfu 0.03%
iter 1351: loss 1.9616, time 17.93ms, mfu 0.03%
iter 1352: loss 1.9582, time 18.05ms, mfu 0.03%
iter 1353: loss 2.0740, time 20.04ms, mfu 0.03%
iter 1354: loss 1.9015, time 17.04ms, mfu 0.03%
iter 1355: loss 1.9855, time 17.72ms, mfu 0.03%
iter 1356: loss 1.9281, time 17.92ms, mfu 0.03%
iter 1357: loss 2.0437, time 17.76ms, mfu 0.03%
iter 1358: loss 1.8972, time 17.97ms, mfu 0.03%
iter 1359: loss 1.9828, time 16.46ms, mfu 0.03%
iter 1360: loss 1.9009, time 17.77ms, mfu 0.03%
iter 1361: loss 2.0317, time 17.50ms, mfu 0.03%
iter 1362: loss 1.9909, time 18.31ms, mfu 0.03%
iter 1363: loss 1.9876, time 19.82ms, mfu 0.03%
iter 1364: loss 1.9187, time 19.73ms, mfu 0.03%
iter 1365: loss 1.8606, time 17.94ms, mfu 0.03%
iter 1366: loss 1.9234, time 18.94ms, mfu 0.03%
iter 1367: loss 1.9651, time 27.18ms, mfu 0.03%
iter 1368: loss 1.9850, time 17.91ms, mfu 0.03%
iter 1369: loss 1.8232, time 18.68ms, mfu 0.03%
iter 1370: loss 1.9251, time 18.85ms, mfu 0.03%
iter 1371: loss 1.9751, time 18.63ms, mfu 0.03%
iter 1372: loss 2.0299, time 18.14ms, mfu 0.03%
iter 1373: loss 1.8896, time 18.47ms, mfu 0.03%
iter 1374: loss 1.9295, time 21.20ms, mfu 0.03%
iter 1375: loss 1.8417, time 18.91ms, mfu 0.03%
iter 1376: loss 2.0128, time 18.91ms, mfu 0.03%
iter 1377: loss 1.9282, time 19.58ms, mfu 0.03%
iter 1378: loss 1.8741, time 19.60ms, mfu 0.03%
iter 1379: loss 1.9305, time 19.11ms, mfu 0.03%
iter 1380: loss 2.0006, time 22.47ms, mfu 0.03%
iter 1381: loss 1.8801, time 18.37ms, mfu 0.03%
iter 1382: loss 1.8842, time 18.31ms, mfu 0.03%
iter 1383: loss 1.9065, time 17.82ms, mfu 0.03%
iter 1384: loss 1.9966, time 18.48ms, mfu 0.03%
iter 1385: loss 1.8198, time 17.76ms, mfu 0.03%
iter 1386: loss 1.9406, time 17.61ms, mfu 0.03%
iter 1387: loss 1.8437, time 17.97ms, mfu 0.03%
iter 1388: loss 2.0008, time 18.12ms, mfu 0.03%
iter 1389: loss 1.9112, time 19.34ms, mfu 0.03%
iter 1390: loss 1.9713, time 20.65ms, mfu 0.03%
iter 1391: loss 1.9697, time 19.64ms, mfu 0.03%
iter 1392: loss 1.9630, time 18.32ms, mfu 0.03%
iter 1393: loss 2.0318, time 27.90ms, mfu 0.03%
iter 1394: loss 1.9552, time 19.98ms, mfu 0.03%
iter 1395: loss 1.9387, time 19.52ms, mfu 0.03%
iter 1396: loss 1.9742, time 18.58ms, mfu 0.03%
iter 1397: loss 2.0065, time 19.51ms, mfu 0.03%
iter 1398: loss 1.9943, time 19.23ms, mfu 0.03%
iter 1399: loss 1.9395, time 19.41ms, mfu 0.03%
iter 1400: loss 1.7461, time 19.69ms, mfu 0.03%
iter 1401: loss 1.8740, time 18.82ms, mfu 0.03%
iter 1402: loss 1.8465, time 18.91ms, mfu 0.03%
iter 1403: loss 1.9874, time 20.45ms, mfu 0.03%
iter 1404: loss 1.9829, time 18.50ms, mfu 0.03%
iter 1405: loss 1.8687, time 20.27ms, mfu 0.03%
iter 1406: loss 1.8689, time 25.85ms, mfu 0.03%
iter 1407: loss 1.9802, time 19.58ms, mfu 0.03%
iter 1408: loss 1.9679, time 20.43ms, mfu 0.03%
iter 1409: loss 1.9470, time 23.98ms, mfu 0.02%
iter 1410: loss 1.9766, time 18.75ms, mfu 0.02%
iter 1411: loss 1.9216, time 18.53ms, mfu 0.02%
iter 1412: loss 1.9584, time 26.79ms, mfu 0.02%
iter 1413: loss 1.9171, time 19.69ms, mfu 0.02%
iter 1414: loss 1.8270, time 19.26ms, mfu 0.02%
iter 1415: loss 1.9265, time 22.54ms, mfu 0.02%
iter 1416: loss 1.9502, time 19.04ms, mfu 0.02%
iter 1417: loss 1.9502, time 18.41ms, mfu 0.02%
iter 1418: loss 1.9250, time 22.65ms, mfu 0.02%
iter 1419: loss 2.0190, time 18.97ms, mfu 0.02%
iter 1420: loss 1.8109, time 18.80ms, mfu 0.02%
iter 1421: loss 1.8659, time 18.73ms, mfu 0.03%
iter 1422: loss 1.8648, time 18.45ms, mfu 0.03%
iter 1423: loss 1.8709, time 18.63ms, mfu 0.03%
iter 1424: loss 1.9606, time 17.46ms, mfu 0.03%
iter 1425: loss 2.0567, time 15.46ms, mfu 0.03%
iter 1426: loss 1.9076, time 17.34ms, mfu 0.03%
iter 1427: loss 1.8790, time 17.14ms, mfu 0.03%
iter 1428: loss 1.8715, time 16.88ms, mfu 0.03%
iter 1429: loss 1.9066, time 18.08ms, mfu 0.03%
iter 1430: loss 1.8525, time 18.00ms, mfu 0.03%
iter 1431: loss 2.0184, time 18.09ms, mfu 0.03%
iter 1432: loss 1.9191, time 22.94ms, mfu 0.03%
iter 1433: loss 1.8521, time 18.12ms, mfu 0.03%
iter 1434: loss 1.8307, time 18.35ms, mfu 0.03%
iter 1435: loss 1.8845, time 18.08ms, mfu 0.03%
iter 1436: loss 1.9047, time 18.08ms, mfu 0.03%
iter 1437: loss 1.9704, time 18.83ms, mfu 0.03%
iter 1438: loss 1.9876, time 29.64ms, mfu 0.03%
iter 1439: loss 1.8944, time 18.66ms, mfu 0.03%
iter 1440: loss 1.8714, time 18.57ms, mfu 0.03%
iter 1441: loss 1.9115, time 18.26ms, mfu 0.03%
iter 1442: loss 1.8407, time 18.13ms, mfu 0.03%
iter 1443: loss 1.8303, time 18.63ms, mfu 0.03%
iter 1444: loss 1.7978, time 17.73ms, mfu 0.03%
iter 1445: loss 1.9554, time 20.11ms, mfu 0.03%
iter 1446: loss 1.8359, time 18.50ms, mfu 0.03%
iter 1447: loss 1.9471, time 17.68ms, mfu 0.03%
iter 1448: loss 1.8520, time 16.95ms, mfu 0.03%
iter 1449: loss 1.9602, time 17.88ms, mfu 0.03%
iter 1450: loss 1.9507, time 17.90ms, mfu 0.03%
iter 1451: loss 1.8294, time 17.78ms, mfu 0.03%
iter 1452: loss 1.8511, time 18.36ms, mfu 0.03%
iter 1453: loss 1.8584, time 16.48ms, mfu 0.03%
iter 1454: loss 1.9186, time 17.92ms, mfu 0.03%
iter 1455: loss 1.9043, time 17.84ms, mfu 0.03%
iter 1456: loss 2.0137, time 17.95ms, mfu 0.03%
iter 1457: loss 1.9802, time 17.37ms, mfu 0.03%
iter 1458: loss 1.9246, time 17.70ms, mfu 0.03%
iter 1459: loss 2.0106, time 22.75ms, mfu 0.03%
iter 1460: loss 1.8571, time 17.97ms, mfu 0.03%
iter 1461: loss 1.8591, time 17.74ms, mfu 0.03%
iter 1462: loss 2.0026, time 17.51ms, mfu 0.03%
iter 1463: loss 1.9153, time 17.94ms, mfu 0.03%
iter 1464: loss 1.7839, time 17.68ms, mfu 0.03%
iter 1465: loss 1.8943, time 17.75ms, mfu 0.03%
iter 1466: loss 1.9605, time 18.03ms, mfu 0.03%
iter 1467: loss 1.9377, time 15.56ms, mfu 0.03%
iter 1468: loss 1.9811, time 18.21ms, mfu 0.03%
iter 1469: loss 1.8690, time 17.44ms, mfu 0.03%
iter 1470: loss 1.9183, time 18.10ms, mfu 0.03%
iter 1471: loss 1.8834, time 15.55ms, mfu 0.03%
iter 1472: loss 1.9182, time 17.53ms, mfu 0.03%
iter 1473: loss 2.1204, time 21.10ms, mfu 0.03%
iter 1474: loss 1.8979, time 17.72ms, mfu 0.03%
iter 1475: loss 1.8877, time 18.22ms, mfu 0.03%
iter 1476: loss 1.9271, time 17.86ms, mfu 0.03%
iter 1477: loss 1.9594, time 20.74ms, mfu 0.03%
iter 1478: loss 1.9004, time 19.78ms, mfu 0.03%
iter 1479: loss 1.8262, time 18.64ms, mfu 0.03%
iter 1480: loss 1.9001, time 18.42ms, mfu 0.03%
iter 1481: loss 1.9612, time 18.25ms, mfu 0.03%
iter 1482: loss 1.9175, time 17.98ms, mfu 0.03%
iter 1483: loss 1.9002, time 18.12ms, mfu 0.03%
iter 1484: loss 1.8003, time 17.53ms, mfu 0.03%
iter 1485: loss 1.9804, time 17.44ms, mfu 0.03%
iter 1486: loss 1.8997, time 15.58ms, mfu 0.03%
iter 1487: loss 1.8938, time 21.96ms, mfu 0.03%
iter 1488: loss 1.9549, time 17.38ms, mfu 0.03%
iter 1489: loss 1.8740, time 17.92ms, mfu 0.03%
iter 1490: loss 1.9029, time 18.72ms, mfu 0.03%
iter 1491: loss 1.9018, time 17.56ms, mfu 0.03%
iter 1492: loss 1.8624, time 17.40ms, mfu 0.03%
iter 1493: loss 1.9763, time 17.66ms, mfu 0.03%
iter 1494: loss 1.8491, time 18.03ms, mfu 0.03%
iter 1495: loss 1.8843, time 18.25ms, mfu 0.03%
iter 1496: loss 1.9136, time 18.33ms, mfu 0.03%
iter 1497: loss 1.9247, time 18.08ms, mfu 0.03%
iter 1498: loss 1.8600, time 17.57ms, mfu 0.03%
iter 1499: loss 1.8042, time 18.22ms, mfu 0.03%
step 1500: train loss 1.9034, val loss 1.9883
saving checkpoint to C:\Users\amitc\OneDrive\Desktop\Research\NanoGpt\nanoGPT\experiments\attention_ablation_7
iter 1500: loss 1.9755, time 262.67ms, mfu 0.03%
iter 1501: loss 2.1128, time 18.68ms, mfu 0.03%
iter 1502: loss 1.8446, time 21.27ms, mfu 0.03%
iter 1503: loss 1.9114, time 18.27ms, mfu 0.03%
iter 1504: loss 1.8582, time 15.04ms, mfu 0.03%
iter 1505: loss 1.8034, time 16.83ms, mfu 0.03%
iter 1506: loss 1.9422, time 18.11ms, mfu 0.03%
iter 1507: loss 1.9194, time 19.14ms, mfu 0.03%
iter 1508: loss 1.8643, time 17.71ms, mfu 0.03%
iter 1509: loss 1.8844, time 17.80ms, mfu 0.03%
iter 1510: loss 1.9239, time 19.14ms, mfu 0.03%
iter 1511: loss 1.8069, time 17.46ms, mfu 0.03%
iter 1512: loss 1.9143, time 18.93ms, mfu 0.03%
iter 1513: loss 1.8197, time 17.93ms, mfu 0.03%
iter 1514: loss 1.8496, time 17.62ms, mfu 0.03%
iter 1515: loss 1.8739, time 17.92ms, mfu 0.03%
iter 1516: loss 1.7604, time 21.37ms, mfu 0.03%
iter 1517: loss 1.8849, time 17.60ms, mfu 0.03%
iter 1518: loss 1.8008, time 17.81ms, mfu 0.03%
iter 1519: loss 1.8456, time 17.25ms, mfu 0.03%
iter 1520: loss 1.8624, time 17.79ms, mfu 0.03%
iter 1521: loss 1.8944, time 17.59ms, mfu 0.03%
iter 1522: loss 1.9359, time 18.75ms, mfu 0.03%
iter 1523: loss 1.9498, time 17.45ms, mfu 0.03%
iter 1524: loss 1.8925, time 18.28ms, mfu 0.03%
iter 1525: loss 1.8038, time 18.01ms, mfu 0.03%
iter 1526: loss 1.8366, time 17.97ms, mfu 0.03%
iter 1527: loss 1.8066, time 18.57ms, mfu 0.03%
iter 1528: loss 1.8044, time 18.13ms, mfu 0.03%
iter 1529: loss 1.8188, time 17.25ms, mfu 0.03%
iter 1530: loss 1.8267, time 24.98ms, mfu 0.03%
iter 1531: loss 1.8402, time 18.24ms, mfu 0.03%
iter 1532: loss 1.8647, time 18.58ms, mfu 0.03%
iter 1533: loss 1.8928, time 19.11ms, mfu 0.03%
iter 1534: loss 1.8686, time 17.78ms, mfu 0.03%
iter 1535: loss 1.9692, time 17.55ms, mfu 0.03%
iter 1536: loss 1.9332, time 17.55ms, mfu 0.03%
iter 1537: loss 1.8968, time 18.17ms, mfu 0.03%
iter 1538: loss 1.7933, time 17.85ms, mfu 0.03%
iter 1539: loss 1.8248, time 17.86ms, mfu 0.03%
iter 1540: loss 1.8300, time 16.49ms, mfu 0.03%
iter 1541: loss 1.8266, time 17.79ms, mfu 0.03%
iter 1542: loss 1.8501, time 17.33ms, mfu 0.03%
iter 1543: loss 1.7956, time 22.09ms, mfu 0.03%
iter 1544: loss 1.8650, time 17.71ms, mfu 0.03%
iter 1545: loss 1.8847, time 17.58ms, mfu 0.03%
iter 1546: loss 1.8312, time 20.01ms, mfu 0.03%
iter 1547: loss 1.9239, time 18.42ms, mfu 0.03%
iter 1548: loss 1.9308, time 18.16ms, mfu 0.03%
iter 1549: loss 1.8999, time 17.46ms, mfu 0.03%
iter 1550: loss 1.9125, time 16.49ms, mfu 0.03%
iter 1551: loss 1.9800, time 16.83ms, mfu 0.03%
iter 1552: loss 1.8485, time 18.25ms, mfu 0.03%
iter 1553: loss 1.9825, time 17.36ms, mfu 0.03%
iter 1554: loss 1.9115, time 17.60ms, mfu 0.03%
iter 1555: loss 2.0068, time 18.41ms, mfu 0.03%
iter 1556: loss 1.8767, time 17.27ms, mfu 0.03%
iter 1557: loss 1.8829, time 22.33ms, mfu 0.03%
iter 1558: loss 1.9322, time 18.19ms, mfu 0.03%
iter 1559: loss 2.0125, time 18.15ms, mfu 0.03%
iter 1560: loss 1.8604, time 17.98ms, mfu 0.03%
iter 1561: loss 1.9074, time 16.98ms, mfu 0.03%
iter 1562: loss 1.9499, time 17.84ms, mfu 0.03%
iter 1563: loss 1.8913, time 17.83ms, mfu 0.03%
iter 1564: loss 1.8570, time 19.18ms, mfu 0.03%
iter 1565: loss 1.9075, time 18.28ms, mfu 0.03%
iter 1566: loss 1.8630, time 19.74ms, mfu 0.03%
iter 1567: loss 1.8071, time 18.33ms, mfu 0.03%
iter 1568: loss 1.8700, time 17.69ms, mfu 0.03%
iter 1569: loss 1.8816, time 17.76ms, mfu 0.03%
iter 1570: loss 1.8707, time 17.75ms, mfu 0.03%
iter 1571: loss 1.8023, time 20.82ms, mfu 0.03%
iter 1572: loss 1.8380, time 17.74ms, mfu 0.03%
iter 1573: loss 1.8176, time 17.91ms, mfu 0.03%
iter 1574: loss 1.7670, time 18.09ms, mfu 0.03%
iter 1575: loss 2.0455, time 17.82ms, mfu 0.03%
iter 1576: loss 1.8235, time 18.53ms, mfu 0.03%
iter 1577: loss 1.8131, time 17.92ms, mfu 0.03%
iter 1578: loss 1.8300, time 18.45ms, mfu 0.03%
iter 1579: loss 1.8372, time 17.57ms, mfu 0.03%
iter 1580: loss 1.7655, time 17.09ms, mfu 0.03%
iter 1581: loss 1.9043, time 16.98ms, mfu 0.03%
iter 1582: loss 1.7807, time 18.32ms, mfu 0.03%
iter 1583: loss 1.8358, time 17.86ms, mfu 0.03%
iter 1584: loss 1.7929, time 18.10ms, mfu 0.03%
iter 1585: loss 1.8083, time 18.07ms, mfu 0.03%
iter 1586: loss 1.8196, time 24.37ms, mfu 0.03%
iter 1587: loss 1.7929, time 16.55ms, mfu 0.03%
iter 1588: loss 1.9291, time 16.27ms, mfu 0.03%
iter 1589: loss 1.8958, time 17.49ms, mfu 0.03%
iter 1590: loss 1.8349, time 16.41ms, mfu 0.03%
iter 1591: loss 1.8553, time 17.74ms, mfu 0.03%
iter 1592: loss 1.8112, time 15.31ms, mfu 0.03%
iter 1593: loss 1.8995, time 18.29ms, mfu 0.03%
iter 1594: loss 1.9151, time 17.94ms, mfu 0.03%
iter 1595: loss 1.8701, time 17.78ms, mfu 0.03%
iter 1596: loss 1.9115, time 17.73ms, mfu 0.03%
iter 1597: loss 1.8738, time 18.29ms, mfu 0.03%
iter 1598: loss 1.8096, time 16.45ms, mfu 0.03%
iter 1599: loss 1.8738, time 17.58ms, mfu 0.03%
iter 1600: loss 1.7974, time 20.92ms, mfu 0.03%
iter 1601: loss 1.8986, time 18.55ms, mfu 0.03%
iter 1602: loss 1.9643, time 18.12ms, mfu 0.03%
iter 1603: loss 1.7693, time 18.15ms, mfu 0.03%
iter 1604: loss 1.9141, time 17.83ms, mfu 0.03%
iter 1605: loss 1.9557, time 17.94ms, mfu 0.03%
iter 1606: loss 1.8921, time 17.90ms, mfu 0.03%
iter 1607: loss 1.7996, time 17.55ms, mfu 0.03%
iter 1608: loss 1.9161, time 17.78ms, mfu 0.03%
iter 1609: loss 1.8478, time 17.67ms, mfu 0.03%
iter 1610: loss 1.7897, time 18.01ms, mfu 0.03%
iter 1611: loss 1.9513, time 17.60ms, mfu 0.03%
iter 1612: loss 1.8033, time 16.85ms, mfu 0.03%
iter 1613: loss 1.8580, time 17.90ms, mfu 0.03%
iter 1614: loss 1.8503, time 18.20ms, mfu 0.03%
iter 1615: loss 1.9294, time 17.60ms, mfu 0.03%
iter 1616: loss 1.9455, time 20.14ms, mfu 0.03%
iter 1617: loss 1.8604, time 19.04ms, mfu 0.03%
iter 1618: loss 1.9270, time 20.11ms, mfu 0.03%
iter 1619: loss 1.8108, time 19.84ms, mfu 0.03%
iter 1620: loss 1.8852, time 20.10ms, mfu 0.03%
iter 1621: loss 1.9357, time 18.67ms, mfu 0.03%
iter 1622: loss 1.9765, time 19.30ms, mfu 0.03%
iter 1623: loss 1.8370, time 19.21ms, mfu 0.03%
iter 1624: loss 1.8819, time 19.31ms, mfu 0.03%
iter 1625: loss 1.8578, time 19.11ms, mfu 0.03%
iter 1626: loss 1.8422, time 18.08ms, mfu 0.03%
iter 1627: loss 1.9028, time 19.22ms, mfu 0.03%
iter 1628: loss 1.7877, time 18.69ms, mfu 0.03%
iter 1629: loss 1.7758, time 19.16ms, mfu 0.03%
iter 1630: loss 1.8879, time 17.64ms, mfu 0.03%
iter 1631: loss 1.8232, time 17.23ms, mfu 0.03%
iter 1632: loss 1.8033, time 17.23ms, mfu 0.03%
iter 1633: loss 1.9240, time 17.16ms, mfu 0.03%
iter 1634: loss 1.8489, time 18.03ms, mfu 0.03%
iter 1635: loss 1.9067, time 17.93ms, mfu 0.03%
iter 1636: loss 1.8351, time 18.42ms, mfu 0.03%
iter 1637: loss 1.9232, time 16.90ms, mfu 0.03%
iter 1638: loss 1.8915, time 18.06ms, mfu 0.03%
iter 1639: loss 1.8579, time 16.75ms, mfu 0.03%
iter 1640: loss 1.8448, time 17.76ms, mfu 0.03%
iter 1641: loss 1.9416, time 18.41ms, mfu 0.03%
iter 1642: loss 1.7467, time 18.50ms, mfu 0.03%
iter 1643: loss 1.9664, time 17.73ms, mfu 0.03%
iter 1644: loss 1.8796, time 18.26ms, mfu 0.03%
iter 1645: loss 1.7975, time 16.93ms, mfu 0.03%
iter 1646: loss 1.8933, time 17.00ms, mfu 0.03%
iter 1647: loss 1.9607, time 17.26ms, mfu 0.03%
iter 1648: loss 1.9421, time 15.46ms, mfu 0.03%
iter 1649: loss 1.8132, time 16.91ms, mfu 0.03%
iter 1650: loss 1.8799, time 17.55ms, mfu 0.03%
iter 1651: loss 1.7856, time 17.00ms, mfu 0.03%
iter 1652: loss 1.8701, time 17.92ms, mfu 0.03%
iter 1653: loss 1.7999, time 18.01ms, mfu 0.03%
iter 1654: loss 1.9352, time 17.85ms, mfu 0.03%
iter 1655: loss 1.8783, time 16.82ms, mfu 0.03%
iter 1656: loss 1.9597, time 17.67ms, mfu 0.03%
iter 1657: loss 1.7938, time 18.40ms, mfu 0.03%
iter 1658: loss 1.8095, time 17.76ms, mfu 0.03%
iter 1659: loss 1.9010, time 17.91ms, mfu 0.03%
iter 1660: loss 1.8092, time 17.23ms, mfu 0.03%
iter 1661: loss 1.8151, time 17.33ms, mfu 0.03%
iter 1662: loss 1.8730, time 18.02ms, mfu 0.03%
iter 1663: loss 1.8657, time 17.73ms, mfu 0.03%
iter 1664: loss 1.7693, time 16.79ms, mfu 0.03%
iter 1665: loss 2.0237, time 18.03ms, mfu 0.03%
iter 1666: loss 1.8098, time 18.82ms, mfu 0.03%
iter 1667: loss 1.7808, time 18.84ms, mfu 0.03%
iter 1668: loss 1.7434, time 18.36ms, mfu 0.03%
iter 1669: loss 1.8826, time 17.84ms, mfu 0.03%
iter 1670: loss 1.8442, time 16.61ms, mfu 0.03%
iter 1671: loss 1.9464, time 18.47ms, mfu 0.03%
iter 1672: loss 1.8719, time 17.72ms, mfu 0.03%
iter 1673: loss 1.8432, time 17.58ms, mfu 0.03%
iter 1674: loss 1.8814, time 17.54ms, mfu 0.03%
iter 1675: loss 1.9162, time 17.57ms, mfu 0.03%
iter 1676: loss 1.9039, time 18.81ms, mfu 0.03%
iter 1677: loss 1.8966, time 17.73ms, mfu 0.03%
iter 1678: loss 1.9154, time 18.19ms, mfu 0.03%
iter 1679: loss 1.9456, time 19.86ms, mfu 0.03%
iter 1680: loss 1.8984, time 17.19ms, mfu 0.03%
iter 1681: loss 2.0221, time 16.91ms, mfu 0.03%
iter 1682: loss 1.7955, time 17.51ms, mfu 0.03%
iter 1683: loss 1.8016, time 16.95ms, mfu 0.03%
iter 1684: loss 1.9105, time 17.71ms, mfu 0.03%
iter 1685: loss 1.8613, time 18.29ms, mfu 0.03%
iter 1686: loss 1.9189, time 16.65ms, mfu 0.03%
iter 1687: loss 1.8761, time 17.52ms, mfu 0.03%
iter 1688: loss 1.8706, time 18.55ms, mfu 0.03%
iter 1689: loss 1.8506, time 17.81ms, mfu 0.03%
iter 1690: loss 1.8761, time 18.28ms, mfu 0.03%
iter 1691: loss 1.8667, time 17.76ms, mfu 0.03%
iter 1692: loss 1.9654, time 17.24ms, mfu 0.03%
iter 1693: loss 1.8232, time 17.91ms, mfu 0.03%
iter 1694: loss 1.9686, time 17.84ms, mfu 0.03%
iter 1695: loss 1.8966, time 15.64ms, mfu 0.03%
iter 1696: loss 1.9270, time 16.57ms, mfu 0.03%
iter 1697: loss 1.8524, time 17.52ms, mfu 0.03%
iter 1698: loss 1.8628, time 17.77ms, mfu 0.03%
iter 1699: loss 1.8001, time 21.14ms, mfu 0.03%
iter 1700: loss 1.8826, time 17.69ms, mfu 0.03%
iter 1701: loss 1.9624, time 18.52ms, mfu 0.03%
iter 1702: loss 1.7769, time 18.09ms, mfu 0.03%
iter 1703: loss 1.8142, time 18.42ms, mfu 0.03%
iter 1704: loss 1.8750, time 18.74ms, mfu 0.03%
iter 1705: loss 1.8494, time 19.95ms, mfu 0.03%
iter 1706: loss 1.9333, time 19.73ms, mfu 0.03%
iter 1707: loss 1.9115, time 19.24ms, mfu 0.03%
iter 1708: loss 1.8504, time 19.86ms, mfu 0.03%
iter 1709: loss 1.8330, time 19.55ms, mfu 0.03%
iter 1710: loss 1.8328, time 18.31ms, mfu 0.03%
iter 1711: loss 1.9519, time 18.46ms, mfu 0.03%
iter 1712: loss 1.8398, time 19.72ms, mfu 0.03%
iter 1713: loss 1.8344, time 18.72ms, mfu 0.03%
iter 1714: loss 1.8718, time 18.92ms, mfu 0.03%
iter 1715: loss 1.8413, time 18.49ms, mfu 0.03%
iter 1716: loss 1.9203, time 17.96ms, mfu 0.03%
iter 1717: loss 1.8359, time 17.63ms, mfu 0.03%
iter 1718: loss 1.8996, time 17.83ms, mfu 0.03%
iter 1719: loss 1.7971, time 17.59ms, mfu 0.03%
iter 1720: loss 1.7676, time 19.42ms, mfu 0.03%
iter 1721: loss 1.9262, time 17.62ms, mfu 0.03%
iter 1722: loss 1.8670, time 18.27ms, mfu 0.03%
iter 1723: loss 1.8534, time 17.27ms, mfu 0.03%
iter 1724: loss 1.8086, time 18.06ms, mfu 0.03%
iter 1725: loss 1.8924, time 17.69ms, mfu 0.03%
iter 1726: loss 1.8293, time 17.62ms, mfu 0.03%
iter 1727: loss 1.8212, time 17.81ms, mfu 0.03%
iter 1728: loss 1.7758, time 17.28ms, mfu 0.03%
iter 1729: loss 1.8818, time 17.52ms, mfu 0.03%
iter 1730: loss 1.8903, time 17.79ms, mfu 0.03%
iter 1731: loss 1.8212, time 17.09ms, mfu 0.03%
iter 1732: loss 1.8236, time 17.73ms, mfu 0.03%
iter 1733: loss 1.8973, time 17.66ms, mfu 0.03%
iter 1734: loss 1.8125, time 18.37ms, mfu 0.03%
iter 1735: loss 1.6838, time 17.55ms, mfu 0.03%
iter 1736: loss 1.9414, time 17.53ms, mfu 0.03%
iter 1737: loss 1.8052, time 17.84ms, mfu 0.03%
iter 1738: loss 1.8371, time 15.25ms, mfu 0.03%
iter 1739: loss 1.8756, time 17.84ms, mfu 0.03%
iter 1740: loss 1.8372, time 17.67ms, mfu 0.03%
iter 1741: loss 1.8206, time 17.84ms, mfu 0.03%
iter 1742: loss 1.8402, time 16.50ms, mfu 0.03%
iter 1743: loss 1.8357, time 17.84ms, mfu 0.03%
iter 1744: loss 1.8877, time 17.81ms, mfu 0.03%
iter 1745: loss 1.7501, time 17.97ms, mfu 0.03%
iter 1746: loss 1.8490, time 17.42ms, mfu 0.03%
iter 1747: loss 1.8039, time 17.76ms, mfu 0.03%
iter 1748: loss 1.8529, time 17.50ms, mfu 0.03%
iter 1749: loss 1.7843, time 16.23ms, mfu 0.03%
step 1750: train loss 1.8390, val loss 1.9758
saving checkpoint to C:\Users\amitc\OneDrive\Desktop\Research\NanoGpt\nanoGPT\experiments\attention_ablation_7
iter 1750: loss 1.8592, time 261.89ms, mfu 0.03%
iter 1751: loss 2.0153, time 17.62ms, mfu 0.03%
iter 1752: loss 1.8070, time 18.03ms, mfu 0.03%
iter 1753: loss 1.8878, time 18.37ms, mfu 0.03%
iter 1754: loss 1.8855, time 15.89ms, mfu 0.03%
iter 1755: loss 1.8377, time 18.41ms, mfu 0.03%
iter 1756: loss 1.8305, time 17.77ms, mfu 0.03%
iter 1757: loss 1.7514, time 16.88ms, mfu 0.03%
iter 1758: loss 1.8318, time 17.75ms, mfu 0.03%
iter 1759: loss 1.8445, time 17.56ms, mfu 0.03%
iter 1760: loss 1.8438, time 17.64ms, mfu 0.03%
iter 1761: loss 1.8088, time 18.03ms, mfu 0.03%
iter 1762: loss 1.7850, time 17.53ms, mfu 0.03%
iter 1763: loss 1.8395, time 18.11ms, mfu 0.03%
iter 1764: loss 1.8960, time 17.06ms, mfu 0.03%
iter 1765: loss 1.8835, time 18.30ms, mfu 0.03%
iter 1766: loss 1.8494, time 16.72ms, mfu 0.03%
iter 1767: loss 1.9067, time 17.08ms, mfu 0.03%
iter 1768: loss 1.9081, time 17.54ms, mfu 0.03%
iter 1769: loss 1.9347, time 18.20ms, mfu 0.03%
iter 1770: loss 1.8422, time 17.83ms, mfu 0.03%
iter 1771: loss 1.9421, time 16.47ms, mfu 0.03%
iter 1772: loss 1.8723, time 17.25ms, mfu 0.03%
iter 1773: loss 1.8554, time 17.82ms, mfu 0.03%
iter 1774: loss 1.7769, time 17.95ms, mfu 0.03%
iter 1775: loss 1.7176, time 18.51ms, mfu 0.03%
iter 1776: loss 1.8673, time 17.69ms, mfu 0.03%
iter 1777: loss 1.8615, time 17.70ms, mfu 0.03%
iter 1778: loss 1.7118, time 17.41ms, mfu 0.03%
iter 1779: loss 1.9019, time 18.21ms, mfu 0.03%
iter 1780: loss 1.8860, time 17.87ms, mfu 0.03%
iter 1781: loss 1.7899, time 20.08ms, mfu 0.03%
iter 1782: loss 1.8935, time 18.17ms, mfu 0.03%
iter 1783: loss 1.8623, time 19.17ms, mfu 0.03%
iter 1784: loss 1.9065, time 19.09ms, mfu 0.03%
iter 1785: loss 1.7535, time 18.44ms, mfu 0.03%
iter 1786: loss 1.7163, time 18.48ms, mfu 0.03%
iter 1787: loss 1.8684, time 19.89ms, mfu 0.03%
iter 1788: loss 1.8429, time 20.41ms, mfu 0.03%
iter 1789: loss 1.9008, time 20.10ms, mfu 0.03%
iter 1790: loss 1.8009, time 18.32ms, mfu 0.03%
iter 1791: loss 1.9408, time 18.99ms, mfu 0.03%
iter 1792: loss 1.8459, time 20.02ms, mfu 0.03%
iter 1793: loss 1.8990, time 18.83ms, mfu 0.03%
iter 1794: loss 1.8461, time 18.79ms, mfu 0.03%
iter 1795: loss 1.8083, time 71.42ms, mfu 0.02%
iter 1796: loss 1.7975, time 25.23ms, mfu 0.02%
iter 1797: loss 1.6968, time 19.10ms, mfu 0.02%
iter 1798: loss 1.8647, time 17.94ms, mfu 0.02%
iter 1799: loss 1.8457, time 16.52ms, mfu 0.03%
iter 1800: loss 1.9149, time 17.01ms, mfu 0.03%
iter 1801: loss 1.8970, time 17.62ms, mfu 0.03%
iter 1802: loss 1.8210, time 18.61ms, mfu 0.03%
iter 1803: loss 1.8752, time 18.58ms, mfu 0.03%
iter 1804: loss 1.8676, time 18.29ms, mfu 0.03%
iter 1805: loss 1.8994, time 18.35ms, mfu 0.03%
iter 1806: loss 1.7418, time 16.09ms, mfu 0.03%
iter 1807: loss 1.8657, time 18.00ms, mfu 0.03%
iter 1808: loss 1.7690, time 18.51ms, mfu 0.03%
iter 1809: loss 1.8298, time 17.95ms, mfu 0.03%
iter 1810: loss 1.8190, time 18.76ms, mfu 0.03%
iter 1811: loss 1.8723, time 17.94ms, mfu 0.03%
iter 1812: loss 1.7892, time 18.37ms, mfu 0.03%
iter 1813: loss 1.9060, time 18.13ms, mfu 0.03%
iter 1814: loss 1.8379, time 18.02ms, mfu 0.03%
iter 1815: loss 1.8343, time 18.17ms, mfu 0.03%
iter 1816: loss 1.7895, time 17.74ms, mfu 0.03%
iter 1817: loss 1.8409, time 17.81ms, mfu 0.03%
iter 1818: loss 1.7607, time 17.88ms, mfu 0.03%
iter 1819: loss 1.8941, time 17.56ms, mfu 0.03%
iter 1820: loss 1.7451, time 22.04ms, mfu 0.03%
iter 1821: loss 1.8555, time 20.32ms, mfu 0.03%
iter 1822: loss 1.9547, time 18.39ms, mfu 0.03%
iter 1823: loss 1.8307, time 18.14ms, mfu 0.03%
iter 1824: loss 1.8900, time 18.90ms, mfu 0.03%
iter 1825: loss 1.8441, time 18.79ms, mfu 0.03%
iter 1826: loss 1.8327, time 18.00ms, mfu 0.03%
iter 1827: loss 1.7346, time 18.28ms, mfu 0.03%
iter 1828: loss 1.8608, time 18.07ms, mfu 0.03%
iter 1829: loss 1.8368, time 17.94ms, mfu 0.03%
iter 1830: loss 1.8418, time 18.59ms, mfu 0.03%
iter 1831: loss 1.8705, time 17.69ms, mfu 0.03%
iter 1832: loss 1.8476, time 18.34ms, mfu 0.03%
iter 1833: loss 1.9170, time 17.81ms, mfu 0.03%
iter 1834: loss 1.8329, time 17.57ms, mfu 0.03%
iter 1835: loss 1.9116, time 17.97ms, mfu 0.03%
iter 1836: loss 1.9200, time 18.15ms, mfu 0.03%
iter 1837: loss 1.9261, time 17.46ms, mfu 0.03%
iter 1838: loss 1.8497, time 18.04ms, mfu 0.03%
iter 1839: loss 1.7752, time 18.41ms, mfu 0.03%
iter 1840: loss 1.9692, time 18.33ms, mfu 0.03%
iter 1841: loss 1.8311, time 17.82ms, mfu 0.03%
iter 1842: loss 1.7762, time 18.15ms, mfu 0.03%
iter 1843: loss 1.8637, time 17.05ms, mfu 0.03%
iter 1844: loss 1.8350, time 17.36ms, mfu 0.03%
iter 1845: loss 1.8862, time 17.83ms, mfu 0.03%
iter 1846: loss 1.8816, time 18.50ms, mfu 0.03%
iter 1847: loss 1.8125, time 18.37ms, mfu 0.03%
iter 1848: loss 1.8074, time 18.67ms, mfu 0.03%
iter 1849: loss 1.8314, time 17.76ms, mfu 0.03%
iter 1850: loss 1.8047, time 17.76ms, mfu 0.03%
iter 1851: loss 1.8665, time 19.20ms, mfu 0.03%
iter 1852: loss 1.7994, time 19.22ms, mfu 0.03%
iter 1853: loss 1.7155, time 18.02ms, mfu 0.03%
iter 1854: loss 1.9141, time 18.85ms, mfu 0.03%
iter 1855: loss 1.8701, time 18.26ms, mfu 0.03%
iter 1856: loss 1.8450, time 18.36ms, mfu 0.03%
iter 1857: loss 1.7257, time 17.91ms, mfu 0.03%
iter 1858: loss 1.8160, time 18.11ms, mfu 0.03%
iter 1859: loss 1.7895, time 17.96ms, mfu 0.03%
iter 1860: loss 1.8051, time 18.41ms, mfu 0.03%
iter 1861: loss 1.7618, time 18.55ms, mfu 0.03%
iter 1862: loss 1.8084, time 18.91ms, mfu 0.03%
iter 1863: loss 1.8585, time 19.65ms, mfu 0.03%
iter 1864: loss 1.8852, time 18.79ms, mfu 0.03%
iter 1865: loss 1.7858, time 18.38ms, mfu 0.03%
iter 1866: loss 1.8351, time 17.98ms, mfu 0.03%
iter 1867: loss 1.8284, time 17.65ms, mfu 0.03%
iter 1868: loss 1.8403, time 18.62ms, mfu 0.03%
iter 1869: loss 1.7971, time 17.79ms, mfu 0.03%
iter 1870: loss 1.8065, time 17.91ms, mfu 0.03%
iter 1871: loss 1.7037, time 18.36ms, mfu 0.03%
iter 1872: loss 1.7782, time 18.75ms, mfu 0.03%
iter 1873: loss 1.7923, time 18.08ms, mfu 0.03%
iter 1874: loss 1.8938, time 19.11ms, mfu 0.03%
iter 1875: loss 1.8480, time 18.77ms, mfu 0.03%
iter 1876: loss 1.9039, time 19.10ms, mfu 0.03%
iter 1877: loss 2.0072, time 18.71ms, mfu 0.03%
iter 1878: loss 1.7937, time 18.98ms, mfu 0.03%
iter 1879: loss 1.8047, time 18.86ms, mfu 0.03%
iter 1880: loss 1.8154, time 17.77ms, mfu 0.03%
iter 1881: loss 1.8242, time 18.17ms, mfu 0.03%
iter 1882: loss 1.7821, time 18.62ms, mfu 0.03%
iter 1883: loss 1.7770, time 18.20ms, mfu 0.03%
iter 1884: loss 1.8529, time 18.25ms, mfu 0.03%
iter 1885: loss 1.6534, time 18.07ms, mfu 0.03%
iter 1886: loss 1.8353, time 17.96ms, mfu 0.03%
iter 1887: loss 1.8130, time 17.66ms, mfu 0.03%
iter 1888: loss 1.8330, time 21.40ms, mfu 0.03%
iter 1889: loss 1.9868, time 20.84ms, mfu 0.03%
iter 1890: loss 1.8304, time 20.82ms, mfu 0.03%
iter 1891: loss 1.8123, time 20.96ms, mfu 0.03%
iter 1892: loss 1.8614, time 23.27ms, mfu 0.03%
iter 1893: loss 2.0030, time 17.79ms, mfu 0.03%
iter 1894: loss 1.8198, time 18.02ms, mfu 0.03%
iter 1895: loss 1.7670, time 19.19ms, mfu 0.03%
iter 1896: loss 1.7510, time 21.34ms, mfu 0.03%
iter 1897: loss 1.8196, time 18.15ms, mfu 0.03%
iter 1898: loss 1.8429, time 19.93ms, mfu 0.03%
iter 1899: loss 1.8541, time 19.14ms, mfu 0.03%
iter 1900: loss 1.8708, time 17.91ms, mfu 0.03%
iter 1901: loss 1.8081, time 16.80ms, mfu 0.03%
iter 1902: loss 1.8470, time 16.94ms, mfu 0.03%
iter 1903: loss 1.9107, time 17.87ms, mfu 0.03%
iter 1904: loss 1.8542, time 18.18ms, mfu 0.03%
iter 1905: loss 1.7840, time 17.70ms, mfu 0.03%
iter 1906: loss 1.8223, time 17.77ms, mfu 0.03%
iter 1907: loss 1.8464, time 17.64ms, mfu 0.03%
iter 1908: loss 1.8518, time 17.94ms, mfu 0.03%
iter 1909: loss 1.8377, time 17.45ms, mfu 0.03%
iter 1910: loss 1.8926, time 17.93ms, mfu 0.03%
iter 1911: loss 1.9244, time 17.72ms, mfu 0.03%
iter 1912: loss 1.8322, time 27.98ms, mfu 0.03%
iter 1913: loss 1.8681, time 20.59ms, mfu 0.03%
iter 1914: loss 1.8146, time 19.20ms, mfu 0.03%
iter 1915: loss 1.8561, time 19.60ms, mfu 0.03%
iter 1916: loss 1.7393, time 18.96ms, mfu 0.03%
iter 1917: loss 1.8088, time 18.09ms, mfu 0.03%
iter 1918: loss 1.9561, time 18.40ms, mfu 0.03%
iter 1919: loss 1.8295, time 18.03ms, mfu 0.03%
iter 1920: loss 2.0302, time 18.17ms, mfu 0.03%
iter 1921: loss 1.6989, time 17.68ms, mfu 0.03%
iter 1922: loss 1.8229, time 18.12ms, mfu 0.03%
iter 1923: loss 1.7840, time 17.67ms, mfu 0.03%
iter 1924: loss 1.9558, time 18.40ms, mfu 0.03%
iter 1925: loss 1.8565, time 18.22ms, mfu 0.03%
iter 1926: loss 1.8475, time 18.27ms, mfu 0.03%
iter 1927: loss 1.8254, time 18.28ms, mfu 0.03%
iter 1928: loss 1.8180, time 17.95ms, mfu 0.03%
iter 1929: loss 1.9162, time 18.19ms, mfu 0.03%
iter 1930: loss 1.8601, time 17.50ms, mfu 0.03%
iter 1931: loss 1.8714, time 16.79ms, mfu 0.03%
iter 1932: loss 1.9585, time 17.38ms, mfu 0.03%
iter 1933: loss 1.8645, time 17.77ms, mfu 0.03%
iter 1934: loss 1.9552, time 16.94ms, mfu 0.03%
iter 1935: loss 1.8520, time 17.75ms, mfu 0.03%
iter 1936: loss 1.8032, time 19.64ms, mfu 0.03%
iter 1937: loss 1.7919, time 17.79ms, mfu 0.03%
iter 1938: loss 1.8733, time 17.72ms, mfu 0.03%
iter 1939: loss 1.8164, time 16.27ms, mfu 0.03%
iter 1940: loss 1.7860, time 17.98ms, mfu 0.03%
iter 1941: loss 1.8241, time 18.50ms, mfu 0.03%
iter 1942: loss 1.9298, time 17.78ms, mfu 0.03%
iter 1943: loss 1.7249, time 17.96ms, mfu 0.03%
iter 1944: loss 1.8299, time 17.77ms, mfu 0.03%
iter 1945: loss 1.8718, time 19.31ms, mfu 0.03%
iter 1946: loss 1.9557, time 18.54ms, mfu 0.03%
iter 1947: loss 1.8940, time 18.01ms, mfu 0.03%
iter 1948: loss 1.8733, time 18.05ms, mfu 0.03%
iter 1949: loss 1.8475, time 17.60ms, mfu 0.03%
iter 1950: loss 1.8026, time 19.25ms, mfu 0.03%
iter 1951: loss 1.8374, time 18.27ms, mfu 0.03%
iter 1952: loss 1.7953, time 18.82ms, mfu 0.03%
iter 1953: loss 1.8021, time 17.93ms, mfu 0.03%
iter 1954: loss 1.8269, time 18.04ms, mfu 0.03%
iter 1955: loss 1.9168, time 16.23ms, mfu 0.03%
iter 1956: loss 1.8610, time 22.44ms, mfu 0.03%
iter 1957: loss 1.8350, time 17.82ms, mfu 0.03%
iter 1958: loss 1.7503, time 17.20ms, mfu 0.03%
iter 1959: loss 1.8387, time 17.79ms, mfu 0.03%
iter 1960: loss 1.7911, time 17.47ms, mfu 0.03%
iter 1961: loss 1.8390, time 17.69ms, mfu 0.03%
iter 1962: loss 1.9201, time 17.98ms, mfu 0.03%
iter 1963: loss 1.8079, time 16.76ms, mfu 0.03%
iter 1964: loss 1.9071, time 17.55ms, mfu 0.03%
iter 1965: loss 1.8099, time 17.41ms, mfu 0.03%
iter 1966: loss 1.9592, time 17.95ms, mfu 0.03%
iter 1967: loss 1.8257, time 17.87ms, mfu 0.03%
iter 1968: loss 1.8506, time 17.76ms, mfu 0.03%
iter 1969: loss 1.8231, time 18.31ms, mfu 0.03%
iter 1970: loss 1.9159, time 17.80ms, mfu 0.03%
iter 1971: loss 1.9055, time 15.97ms, mfu 0.03%
iter 1972: loss 1.7420, time 17.78ms, mfu 0.03%
iter 1973: loss 1.8512, time 17.66ms, mfu 0.03%
iter 1974: loss 1.7577, time 18.97ms, mfu 0.03%
iter 1975: loss 1.8715, time 18.50ms, mfu 0.03%
iter 1976: loss 1.7778, time 17.83ms, mfu 0.03%
iter 1977: loss 1.8408, time 17.19ms, mfu 0.03%
iter 1978: loss 1.9237, time 17.69ms, mfu 0.03%
iter 1979: loss 1.8421, time 17.29ms, mfu 0.03%
iter 1980: loss 1.7663, time 17.83ms, mfu 0.03%
iter 1981: loss 1.7939, time 18.04ms, mfu 0.03%
iter 1982: loss 1.8241, time 18.41ms, mfu 0.03%
iter 1983: loss 1.7254, time 18.59ms, mfu 0.03%
iter 1984: loss 1.8237, time 19.13ms, mfu 0.03%
iter 1985: loss 1.7760, time 17.59ms, mfu 0.03%
iter 1986: loss 1.8608, time 17.29ms, mfu 0.03%
iter 1987: loss 1.8947, time 17.23ms, mfu 0.03%
iter 1988: loss 1.7973, time 16.15ms, mfu 0.03%
iter 1989: loss 1.8097, time 16.12ms, mfu 0.03%
iter 1990: loss 1.8704, time 16.49ms, mfu 0.03%
iter 1991: loss 1.8856, time 17.63ms, mfu 0.03%
iter 1992: loss 1.8244, time 18.19ms, mfu 0.03%
iter 1993: loss 1.8050, time 18.29ms, mfu 0.03%
iter 1994: loss 1.7610, time 17.04ms, mfu 0.03%
iter 1995: loss 1.7244, time 18.08ms, mfu 0.03%
iter 1996: loss 1.7954, time 18.02ms, mfu 0.03%
iter 1997: loss 1.8232, time 17.94ms, mfu 0.03%
iter 1998: loss 1.9087, time 19.61ms, mfu 0.03%
iter 1999: loss 1.7636, time 19.34ms, mfu 0.03%
step 2000: train loss 1.8410, val loss 1.9561
saving checkpoint to C:\Users\amitc\OneDrive\Desktop\Research\NanoGpt\nanoGPT\experiments\attention_ablation_7
iter 2000: loss 1.7867, time 274.36ms, mfu 0.03%
